Archive member included to satisfy reference by file (symbol)

c:/program files (x86)/gnu arm embedded toolchain/10 2021.10/bin/../lib/gcc/arm-none-eabi/10.3.1/thumb/v8-m.base/nofp\libgcc.a(_muldi3.o)
                              ./ra/fsp/src/bsp/mcu/all/bsp_delay.o (__aeabi_lmul)
c:/program files (x86)/gnu arm embedded toolchain/10 2021.10/bin/../lib/gcc/arm-none-eabi/10.3.1/../../../../arm-none-eabi/lib/thumb/v8-m.base/nofp\libg_nano.a(lib_a-errno.o)
                              ./ra/fsp/src/bsp/mcu/all/bsp_sbrk.o (__errno)
c:/program files (x86)/gnu arm embedded toolchain/10 2021.10/bin/../lib/gcc/arm-none-eabi/10.3.1/../../../../arm-none-eabi/lib/thumb/v8-m.base/nofp\libg_nano.a(lib_a-exit.o)
                              c:/program files (x86)/gnu arm embedded toolchain/10 2021.10/bin/../lib/gcc/arm-none-eabi/10.3.1/../../../../arm-none-eabi/lib/thumb/v8-m.base/nofp/crt0.o (exit)
c:/program files (x86)/gnu arm embedded toolchain/10 2021.10/bin/../lib/gcc/arm-none-eabi/10.3.1/../../../../arm-none-eabi/lib/thumb/v8-m.base/nofp\libg_nano.a(lib_a-impure.o)
                              c:/program files (x86)/gnu arm embedded toolchain/10 2021.10/bin/../lib/gcc/arm-none-eabi/10.3.1/../../../../arm-none-eabi/lib/thumb/v8-m.base/nofp\libg_nano.a(lib_a-exit.o) (_global_impure_ptr)
c:/program files (x86)/gnu arm embedded toolchain/10 2021.10/bin/../lib/gcc/arm-none-eabi/10.3.1/../../../../arm-none-eabi/lib/thumb/v8-m.base/nofp\libg_nano.a(lib_a-init.o)
                              c:/program files (x86)/gnu arm embedded toolchain/10 2021.10/bin/../lib/gcc/arm-none-eabi/10.3.1/../../../../arm-none-eabi/lib/thumb/v8-m.base/nofp/crt0.o (__libc_init_array)
c:/program files (x86)/gnu arm embedded toolchain/10 2021.10/bin/../lib/gcc/arm-none-eabi/10.3.1/../../../../arm-none-eabi/lib/thumb/v8-m.base/nofp\libg_nano.a(lib_a-memcpy-stub.o)
                              ./ra/fsp/src/bsp/cmsis/Device/RENESAS/Source/system.o (memcpy)
c:/program files (x86)/gnu arm embedded toolchain/10 2021.10/bin/../lib/gcc/arm-none-eabi/10.3.1/../../../../arm-none-eabi/lib/thumb/v8-m.base/nofp\libg_nano.a(lib_a-memset.o)
                              c:/program files (x86)/gnu arm embedded toolchain/10 2021.10/bin/../lib/gcc/arm-none-eabi/10.3.1/../../../../arm-none-eabi/lib/thumb/v8-m.base/nofp/crt0.o (memset)

Discarded input sections

 .text          0x00000000        0x0 c:/program files (x86)/gnu arm embedded toolchain/10 2021.10/bin/../lib/gcc/arm-none-eabi/10.3.1/thumb/v8-m.base/nofp/crti.o
 .data          0x00000000        0x0 c:/program files (x86)/gnu arm embedded toolchain/10 2021.10/bin/../lib/gcc/arm-none-eabi/10.3.1/thumb/v8-m.base/nofp/crti.o
 .bss           0x00000000        0x0 c:/program files (x86)/gnu arm embedded toolchain/10 2021.10/bin/../lib/gcc/arm-none-eabi/10.3.1/thumb/v8-m.base/nofp/crti.o
 .data          0x00000000        0x4 c:/program files (x86)/gnu arm embedded toolchain/10 2021.10/bin/../lib/gcc/arm-none-eabi/10.3.1/thumb/v8-m.base/nofp/crtbegin.o
 .rodata        0x00000000       0x24 c:/program files (x86)/gnu arm embedded toolchain/10 2021.10/bin/../lib/gcc/arm-none-eabi/10.3.1/thumb/v8-m.base/nofp/crtbegin.o
 .text          0x00000000       0x80 c:/program files (x86)/gnu arm embedded toolchain/10 2021.10/bin/../lib/gcc/arm-none-eabi/10.3.1/../../../../arm-none-eabi/lib/thumb/v8-m.base/nofp/crt0.o
 .data          0x00000000        0x0 c:/program files (x86)/gnu arm embedded toolchain/10 2021.10/bin/../lib/gcc/arm-none-eabi/10.3.1/../../../../arm-none-eabi/lib/thumb/v8-m.base/nofp/crt0.o
 .bss           0x00000000        0x0 c:/program files (x86)/gnu arm embedded toolchain/10 2021.10/bin/../lib/gcc/arm-none-eabi/10.3.1/../../../../arm-none-eabi/lib/thumb/v8-m.base/nofp/crt0.o
 .ARM.extab     0x00000000        0x0 c:/program files (x86)/gnu arm embedded toolchain/10 2021.10/bin/../lib/gcc/arm-none-eabi/10.3.1/../../../../arm-none-eabi/lib/thumb/v8-m.base/nofp/crt0.o
 .ARM.exidx     0x00000000       0x10 c:/program files (x86)/gnu arm embedded toolchain/10 2021.10/bin/../lib/gcc/arm-none-eabi/10.3.1/../../../../arm-none-eabi/lib/thumb/v8-m.base/nofp/crt0.o
 .ARM.attributes
                0x00000000       0x20 c:/program files (x86)/gnu arm embedded toolchain/10 2021.10/bin/../lib/gcc/arm-none-eabi/10.3.1/../../../../arm-none-eabi/lib/thumb/v8-m.base/nofp/crt0.o
 .text          0x00000000        0x0 ./src/bsp/heartbit.o
 .data          0x00000000        0x0 ./src/bsp/heartbit.o
 .bss           0x00000000        0x0 ./src/bsp/heartbit.o
 .text          0x00000000        0x0 ./src/bsp/system.o
 .data          0x00000000        0x0 ./src/bsp/system.o
 .bss           0x00000000        0x0 ./src/bsp/system.o
 .text          0x00000000        0x0 ./src/hal_entry.o
 .data          0x00000000        0x0 ./src/hal_entry.o
 .bss           0x00000000        0x0 ./src/hal_entry.o
 .text          0x00000000        0x0 ./ra_gen/common_data.o
 .data          0x00000000        0x0 ./ra_gen/common_data.o
 .bss           0x00000000        0x0 ./ra_gen/common_data.o
 .text.g_common_init
                0x00000000        0x4 ./ra_gen/common_data.o
 .text          0x00000000        0x0 ./ra_gen/hal_data.o
 .data          0x00000000        0x0 ./ra_gen/hal_data.o
 .bss           0x00000000        0x0 ./ra_gen/hal_data.o
 .text.g_hal_init
                0x00000000        0x8 ./ra_gen/hal_data.o
 .debug_info    0x00000000       0xad ./ra_gen/hal_data.o
 .debug_abbrev  0x00000000       0x64 ./ra_gen/hal_data.o
 .debug_aranges
                0x00000000       0x20 ./ra_gen/hal_data.o
 .debug_ranges  0x00000000       0x10 ./ra_gen/hal_data.o
 .debug_line    0x00000000       0x62 ./ra_gen/hal_data.o
 .debug_str     0x00000000      0x1d2 ./ra_gen/hal_data.o
 .comment       0x00000000       0x4a ./ra_gen/hal_data.o
 .debug_frame   0x00000000       0x28 ./ra_gen/hal_data.o
 .ARM.attributes
                0x00000000       0x30 ./ra_gen/hal_data.o
 .text          0x00000000        0x0 ./ra_gen/main.o
 .data          0x00000000        0x0 ./ra_gen/main.o
 .bss           0x00000000        0x0 ./ra_gen/main.o
 .text          0x00000000        0x0 ./ra_gen/pin_data.o
 .data          0x00000000        0x0 ./ra_gen/pin_data.o
 .bss           0x00000000        0x0 ./ra_gen/pin_data.o
 .text          0x00000000        0x0 ./ra_gen/vector_data.o
 .data          0x00000000        0x0 ./ra_gen/vector_data.o
 .bss           0x00000000        0x0 ./ra_gen/vector_data.o
 .debug_info    0x00000000       0x79 ./ra_gen/vector_data.o
 .debug_abbrev  0x00000000       0x26 ./ra_gen/vector_data.o
 .debug_aranges
                0x00000000       0x18 ./ra_gen/vector_data.o
 .debug_line    0x00000000       0x1d ./ra_gen/vector_data.o
 .debug_str     0x00000000      0x1bc ./ra_gen/vector_data.o
 .comment       0x00000000       0x4a ./ra_gen/vector_data.o
 .ARM.attributes
                0x00000000       0x30 ./ra_gen/vector_data.o
 .text          0x00000000        0x0 ./ra/fsp/src/r_ioport/r_ioport.o
 .data          0x00000000        0x0 ./ra/fsp/src/r_ioport/r_ioport.o
 .bss           0x00000000        0x0 ./ra/fsp/src/r_ioport/r_ioport.o
 .text          0x00000000        0x0 ./ra/fsp/src/bsp/mcu/ra2l1/bsp_power.o
 .data          0x00000000        0x0 ./ra/fsp/src/bsp/mcu/ra2l1/bsp_power.o
 .bss           0x00000000        0x0 ./ra/fsp/src/bsp/mcu/ra2l1/bsp_power.o
 .debug_info    0x00000000       0x79 ./ra/fsp/src/bsp/mcu/ra2l1/bsp_power.o
 .debug_abbrev  0x00000000       0x26 ./ra/fsp/src/bsp/mcu/ra2l1/bsp_power.o
 .debug_aranges
                0x00000000       0x18 ./ra/fsp/src/bsp/mcu/ra2l1/bsp_power.o
 .debug_line    0x00000000       0x1d ./ra/fsp/src/bsp/mcu/ra2l1/bsp_power.o
 .debug_str     0x00000000      0x1cc ./ra/fsp/src/bsp/mcu/ra2l1/bsp_power.o
 .comment       0x00000000       0x4a ./ra/fsp/src/bsp/mcu/ra2l1/bsp_power.o
 .ARM.attributes
                0x00000000       0x30 ./ra/fsp/src/bsp/mcu/ra2l1/bsp_power.o
 .text          0x00000000        0x0 ./ra/fsp/src/bsp/mcu/all/bsp_clocks.o
 .data          0x00000000        0x0 ./ra/fsp/src/bsp/mcu/all/bsp_clocks.o
 .bss           0x00000000        0x0 ./ra/fsp/src/bsp/mcu/all/bsp_clocks.o
 .text.bsp_prv_operating_mode_set
                0x00000000       0x8c ./ra/fsp/src/bsp/mcu/all/bsp_clocks.o
 .text.prv_clock_dividers_set
                0x00000000        0xc ./ra/fsp/src/bsp/mcu/all/bsp_clocks.o
 .text.bsp_prv_clock_set
                0x00000000       0xe0 ./ra/fsp/src/bsp/mcu/all/bsp_clocks.o
 .text.R_BSP_OctaclkUpdate
                0x00000000        0x4 ./ra/fsp/src/bsp/mcu/all/bsp_clocks.o
 .text.R_BSP_SourceClockHzGet
                0x00000000       0x10 ./ra/fsp/src/bsp/mcu/all/bsp_clocks.o
 .text          0x00000000        0x0 ./ra/fsp/src/bsp/mcu/all/bsp_common.o
 .data          0x00000000        0x0 ./ra/fsp/src/bsp/mcu/all/bsp_common.o
 .bss           0x00000000        0x0 ./ra/fsp/src/bsp/mcu/all/bsp_common.o
 .text.R_FSP_VersionGet
                0x00000000        0xc ./ra/fsp/src/bsp/mcu/all/bsp_common.o
 .text.__assert_func
                0x00000000        0x4 ./ra/fsp/src/bsp/mcu/all/bsp_common.o
 .text          0x00000000        0x0 ./ra/fsp/src/bsp/mcu/all/bsp_delay.o
 .data          0x00000000        0x0 ./ra/fsp/src/bsp/mcu/all/bsp_delay.o
 .bss           0x00000000        0x0 ./ra/fsp/src/bsp/mcu/all/bsp_delay.o
 .text.bsp_prv_software_delay_loop
                0x00000000        0x8 ./ra/fsp/src/bsp/mcu/all/bsp_delay.o
 .text.R_BSP_SoftwareDelay
                0x00000000       0x5c ./ra/fsp/src/bsp/mcu/all/bsp_delay.o
 .debug_info    0x00000000      0x1f6 ./ra/fsp/src/bsp/mcu/all/bsp_delay.o
 .debug_abbrev  0x00000000      0x10d ./ra/fsp/src/bsp/mcu/all/bsp_delay.o
 .debug_loc     0x00000000      0x185 ./ra/fsp/src/bsp/mcu/all/bsp_delay.o
 .debug_aranges
                0x00000000       0x28 ./ra/fsp/src/bsp/mcu/all/bsp_delay.o
 .debug_ranges  0x00000000       0x18 ./ra/fsp/src/bsp/mcu/all/bsp_delay.o
 .debug_line    0x00000000      0x297 ./ra/fsp/src/bsp/mcu/all/bsp_delay.o
 .debug_str     0x00000000      0x300 ./ra/fsp/src/bsp/mcu/all/bsp_delay.o
 .comment       0x00000000       0x4a ./ra/fsp/src/bsp/mcu/all/bsp_delay.o
 .debug_frame   0x00000000       0x3c ./ra/fsp/src/bsp/mcu/all/bsp_delay.o
 .ARM.attributes
                0x00000000       0x30 ./ra/fsp/src/bsp/mcu/all/bsp_delay.o
 .text          0x00000000        0x0 ./ra/fsp/src/bsp/mcu/all/bsp_group_irq.o
 .data          0x00000000        0x0 ./ra/fsp/src/bsp/mcu/all/bsp_group_irq.o
 .bss           0x00000000        0x0 ./ra/fsp/src/bsp/mcu/all/bsp_group_irq.o
 .text.R_BSP_GroupIrqWrite
                0x00000000       0x10 ./ra/fsp/src/bsp/mcu/all/bsp_group_irq.o
 .text          0x00000000        0x0 ./ra/fsp/src/bsp/mcu/all/bsp_guard.o
 .data          0x00000000        0x0 ./ra/fsp/src/bsp/mcu/all/bsp_guard.o
 .bss           0x00000000        0x0 ./ra/fsp/src/bsp/mcu/all/bsp_guard.o
 .debug_info    0x00000000       0x79 ./ra/fsp/src/bsp/mcu/all/bsp_guard.o
 .debug_abbrev  0x00000000       0x26 ./ra/fsp/src/bsp/mcu/all/bsp_guard.o
 .debug_aranges
                0x00000000       0x18 ./ra/fsp/src/bsp/mcu/all/bsp_guard.o
 .debug_line    0x00000000       0x1d ./ra/fsp/src/bsp/mcu/all/bsp_guard.o
 .debug_str     0x00000000      0x1ca ./ra/fsp/src/bsp/mcu/all/bsp_guard.o
 .comment       0x00000000       0x4a ./ra/fsp/src/bsp/mcu/all/bsp_guard.o
 .ARM.attributes
                0x00000000       0x30 ./ra/fsp/src/bsp/mcu/all/bsp_guard.o
 .text          0x00000000        0x0 ./ra/fsp/src/bsp/mcu/all/bsp_io.o
 .data          0x00000000        0x0 ./ra/fsp/src/bsp/mcu/all/bsp_io.o
 .bss           0x00000000        0x0 ./ra/fsp/src/bsp/mcu/all/bsp_io.o
 .text          0x00000000        0x0 ./ra/fsp/src/bsp/mcu/all/bsp_irq.o
 .data          0x00000000        0x0 ./ra/fsp/src/bsp/mcu/all/bsp_irq.o
 .bss           0x00000000        0x0 ./ra/fsp/src/bsp/mcu/all/bsp_irq.o
 .text.R_BSP_IrqStatusClear
                0x00000000       0x1c ./ra/fsp/src/bsp/mcu/all/bsp_irq.o
 .text.R_BSP_IrqClearPending
                0x00000000       0x3c ./ra/fsp/src/bsp/mcu/all/bsp_irq.o
 .text.R_BSP_IrqCfg
                0x00000000       0x4c ./ra/fsp/src/bsp/mcu/all/bsp_irq.o
 .text.R_BSP_IrqEnableNoClear
                0x00000000       0x18 ./ra/fsp/src/bsp/mcu/all/bsp_irq.o
 .text.R_BSP_IrqEnable
                0x00000000       0x44 ./ra/fsp/src/bsp/mcu/all/bsp_irq.o
 .text.R_BSP_IrqDisable
                0x00000000       0x24 ./ra/fsp/src/bsp/mcu/all/bsp_irq.o
 .text.R_BSP_IrqCfgEnable
                0x00000000       0x8c ./ra/fsp/src/bsp/mcu/all/bsp_irq.o
 .bss.gp_renesas_isr_context
                0x00000000       0x80 ./ra/fsp/src/bsp/mcu/all/bsp_irq.o
 .text          0x00000000        0x0 ./ra/fsp/src/bsp/mcu/all/bsp_macl.o
 .data          0x00000000        0x0 ./ra/fsp/src/bsp/mcu/all/bsp_macl.o
 .bss           0x00000000        0x0 ./ra/fsp/src/bsp/mcu/all/bsp_macl.o
 .debug_info    0x00000000       0x79 ./ra/fsp/src/bsp/mcu/all/bsp_macl.o
 .debug_abbrev  0x00000000       0x26 ./ra/fsp/src/bsp/mcu/all/bsp_macl.o
 .debug_aranges
                0x00000000       0x18 ./ra/fsp/src/bsp/mcu/all/bsp_macl.o
 .debug_line    0x00000000       0x1d ./ra/fsp/src/bsp/mcu/all/bsp_macl.o
 .debug_str     0x00000000      0x1c9 ./ra/fsp/src/bsp/mcu/all/bsp_macl.o
 .comment       0x00000000       0x4a ./ra/fsp/src/bsp/mcu/all/bsp_macl.o
 .ARM.attributes
                0x00000000       0x30 ./ra/fsp/src/bsp/mcu/all/bsp_macl.o
 .text          0x00000000        0x0 ./ra/fsp/src/bsp/mcu/all/bsp_register_protection.o
 .data          0x00000000        0x0 ./ra/fsp/src/bsp/mcu/all/bsp_register_protection.o
 .bss           0x00000000        0x0 ./ra/fsp/src/bsp/mcu/all/bsp_register_protection.o
 .text          0x00000000        0x0 ./ra/fsp/src/bsp/mcu/all/bsp_rom_registers.o
 .data          0x00000000        0x0 ./ra/fsp/src/bsp/mcu/all/bsp_rom_registers.o
 .bss           0x00000000        0x0 ./ra/fsp/src/bsp/mcu/all/bsp_rom_registers.o
 .text          0x00000000        0x0 ./ra/fsp/src/bsp/mcu/all/bsp_sbrk.o
 .data          0x00000000        0x0 ./ra/fsp/src/bsp/mcu/all/bsp_sbrk.o
 .bss           0x00000000        0x0 ./ra/fsp/src/bsp/mcu/all/bsp_sbrk.o
 .text._sbrk    0x00000000       0x44 ./ra/fsp/src/bsp/mcu/all/bsp_sbrk.o
 .bss.current_heap_end.0
                0x00000000        0x4 ./ra/fsp/src/bsp/mcu/all/bsp_sbrk.o
 .debug_info    0x00000000      0x149 ./ra/fsp/src/bsp/mcu/all/bsp_sbrk.o
 .debug_abbrev  0x00000000       0xcc ./ra/fsp/src/bsp/mcu/all/bsp_sbrk.o
 .debug_loc     0x00000000       0xf3 ./ra/fsp/src/bsp/mcu/all/bsp_sbrk.o
 .debug_aranges
                0x00000000       0x20 ./ra/fsp/src/bsp/mcu/all/bsp_sbrk.o
 .debug_ranges  0x00000000       0x10 ./ra/fsp/src/bsp/mcu/all/bsp_sbrk.o
 .debug_line    0x00000000      0x1ad ./ra/fsp/src/bsp/mcu/all/bsp_sbrk.o
 .debug_str     0x00000000      0x254 ./ra/fsp/src/bsp/mcu/all/bsp_sbrk.o
 .comment       0x00000000       0x4a ./ra/fsp/src/bsp/mcu/all/bsp_sbrk.o
 .debug_frame   0x00000000       0x28 ./ra/fsp/src/bsp/mcu/all/bsp_sbrk.o
 .ARM.attributes
                0x00000000       0x30 ./ra/fsp/src/bsp/mcu/all/bsp_sbrk.o
 .text          0x00000000        0x0 ./ra/fsp/src/bsp/mcu/all/bsp_security.o
 .data          0x00000000        0x0 ./ra/fsp/src/bsp/mcu/all/bsp_security.o
 .bss           0x00000000        0x0 ./ra/fsp/src/bsp/mcu/all/bsp_security.o
 .debug_info    0x00000000       0x79 ./ra/fsp/src/bsp/mcu/all/bsp_security.o
 .debug_abbrev  0x00000000       0x26 ./ra/fsp/src/bsp/mcu/all/bsp_security.o
 .debug_aranges
                0x00000000       0x18 ./ra/fsp/src/bsp/mcu/all/bsp_security.o
 .debug_line    0x00000000       0x1d ./ra/fsp/src/bsp/mcu/all/bsp_security.o
 .debug_str     0x00000000      0x1cd ./ra/fsp/src/bsp/mcu/all/bsp_security.o
 .comment       0x00000000       0x4a ./ra/fsp/src/bsp/mcu/all/bsp_security.o
 .ARM.attributes
                0x00000000       0x30 ./ra/fsp/src/bsp/mcu/all/bsp_security.o
 .text          0x00000000        0x0 ./ra/fsp/src/bsp/cmsis/Device/RENESAS/Source/startup.o
 .data          0x00000000        0x0 ./ra/fsp/src/bsp/cmsis/Device/RENESAS/Source/startup.o
 .bss           0x00000000        0x0 ./ra/fsp/src/bsp/cmsis/Device/RENESAS/Source/startup.o
 .text          0x00000000        0x0 ./ra/fsp/src/bsp/cmsis/Device/RENESAS/Source/system.o
 .data          0x00000000        0x0 ./ra/fsp/src/bsp/cmsis/Device/RENESAS/Source/system.o
 .bss           0x00000000        0x0 ./ra/fsp/src/bsp/cmsis/Device/RENESAS/Source/system.o
 .text.R_BSP_WarmStart
                0x00000000        0x4 ./ra/fsp/src/bsp/cmsis/Device/RENESAS/Source/system.o
 .text          0x00000000       0x5c c:/program files (x86)/gnu arm embedded toolchain/10 2021.10/bin/../lib/gcc/arm-none-eabi/10.3.1/thumb/v8-m.base/nofp\libgcc.a(_muldi3.o)
 .data          0x00000000        0x0 c:/program files (x86)/gnu arm embedded toolchain/10 2021.10/bin/../lib/gcc/arm-none-eabi/10.3.1/thumb/v8-m.base/nofp\libgcc.a(_muldi3.o)
 .bss           0x00000000        0x0 c:/program files (x86)/gnu arm embedded toolchain/10 2021.10/bin/../lib/gcc/arm-none-eabi/10.3.1/thumb/v8-m.base/nofp\libgcc.a(_muldi3.o)
 .debug_frame   0x00000000       0x34 c:/program files (x86)/gnu arm embedded toolchain/10 2021.10/bin/../lib/gcc/arm-none-eabi/10.3.1/thumb/v8-m.base/nofp\libgcc.a(_muldi3.o)
 .ARM.attributes
                0x00000000       0x30 c:/program files (x86)/gnu arm embedded toolchain/10 2021.10/bin/../lib/gcc/arm-none-eabi/10.3.1/thumb/v8-m.base/nofp\libgcc.a(_muldi3.o)
 .text          0x00000000        0x0 c:/program files (x86)/gnu arm embedded toolchain/10 2021.10/bin/../lib/gcc/arm-none-eabi/10.3.1/../../../../arm-none-eabi/lib/thumb/v8-m.base/nofp\libg_nano.a(lib_a-errno.o)
 .data          0x00000000        0x0 c:/program files (x86)/gnu arm embedded toolchain/10 2021.10/bin/../lib/gcc/arm-none-eabi/10.3.1/../../../../arm-none-eabi/lib/thumb/v8-m.base/nofp\libg_nano.a(lib_a-errno.o)
 .bss           0x00000000        0x0 c:/program files (x86)/gnu arm embedded toolchain/10 2021.10/bin/../lib/gcc/arm-none-eabi/10.3.1/../../../../arm-none-eabi/lib/thumb/v8-m.base/nofp\libg_nano.a(lib_a-errno.o)
 .text.__errno  0x00000000        0xc c:/program files (x86)/gnu arm embedded toolchain/10 2021.10/bin/../lib/gcc/arm-none-eabi/10.3.1/../../../../arm-none-eabi/lib/thumb/v8-m.base/nofp\libg_nano.a(lib_a-errno.o)
 .debug_frame   0x00000000       0x20 c:/program files (x86)/gnu arm embedded toolchain/10 2021.10/bin/../lib/gcc/arm-none-eabi/10.3.1/../../../../arm-none-eabi/lib/thumb/v8-m.base/nofp\libg_nano.a(lib_a-errno.o)
 .ARM.attributes
                0x00000000       0x30 c:/program files (x86)/gnu arm embedded toolchain/10 2021.10/bin/../lib/gcc/arm-none-eabi/10.3.1/../../../../arm-none-eabi/lib/thumb/v8-m.base/nofp\libg_nano.a(lib_a-errno.o)
 .text          0x00000000        0x0 c:/program files (x86)/gnu arm embedded toolchain/10 2021.10/bin/../lib/gcc/arm-none-eabi/10.3.1/../../../../arm-none-eabi/lib/thumb/v8-m.base/nofp\libg_nano.a(lib_a-exit.o)
 .data          0x00000000        0x0 c:/program files (x86)/gnu arm embedded toolchain/10 2021.10/bin/../lib/gcc/arm-none-eabi/10.3.1/../../../../arm-none-eabi/lib/thumb/v8-m.base/nofp\libg_nano.a(lib_a-exit.o)
 .bss           0x00000000        0x0 c:/program files (x86)/gnu arm embedded toolchain/10 2021.10/bin/../lib/gcc/arm-none-eabi/10.3.1/../../../../arm-none-eabi/lib/thumb/v8-m.base/nofp\libg_nano.a(lib_a-exit.o)
 .text.exit     0x00000000       0x28 c:/program files (x86)/gnu arm embedded toolchain/10 2021.10/bin/../lib/gcc/arm-none-eabi/10.3.1/../../../../arm-none-eabi/lib/thumb/v8-m.base/nofp\libg_nano.a(lib_a-exit.o)
 .debug_frame   0x00000000       0x28 c:/program files (x86)/gnu arm embedded toolchain/10 2021.10/bin/../lib/gcc/arm-none-eabi/10.3.1/../../../../arm-none-eabi/lib/thumb/v8-m.base/nofp\libg_nano.a(lib_a-exit.o)
 .ARM.attributes
                0x00000000       0x30 c:/program files (x86)/gnu arm embedded toolchain/10 2021.10/bin/../lib/gcc/arm-none-eabi/10.3.1/../../../../arm-none-eabi/lib/thumb/v8-m.base/nofp\libg_nano.a(lib_a-exit.o)
 .text          0x00000000        0x0 c:/program files (x86)/gnu arm embedded toolchain/10 2021.10/bin/../lib/gcc/arm-none-eabi/10.3.1/../../../../arm-none-eabi/lib/thumb/v8-m.base/nofp\libg_nano.a(lib_a-impure.o)
 .data          0x00000000        0x0 c:/program files (x86)/gnu arm embedded toolchain/10 2021.10/bin/../lib/gcc/arm-none-eabi/10.3.1/../../../../arm-none-eabi/lib/thumb/v8-m.base/nofp\libg_nano.a(lib_a-impure.o)
 .bss           0x00000000        0x0 c:/program files (x86)/gnu arm embedded toolchain/10 2021.10/bin/../lib/gcc/arm-none-eabi/10.3.1/../../../../arm-none-eabi/lib/thumb/v8-m.base/nofp\libg_nano.a(lib_a-impure.o)
 .data._impure_ptr
                0x00000000        0x4 c:/program files (x86)/gnu arm embedded toolchain/10 2021.10/bin/../lib/gcc/arm-none-eabi/10.3.1/../../../../arm-none-eabi/lib/thumb/v8-m.base/nofp\libg_nano.a(lib_a-impure.o)
 .data.impure_data
                0x00000000       0x60 c:/program files (x86)/gnu arm embedded toolchain/10 2021.10/bin/../lib/gcc/arm-none-eabi/10.3.1/../../../../arm-none-eabi/lib/thumb/v8-m.base/nofp\libg_nano.a(lib_a-impure.o)
 .rodata._global_impure_ptr
                0x00000000        0x4 c:/program files (x86)/gnu arm embedded toolchain/10 2021.10/bin/../lib/gcc/arm-none-eabi/10.3.1/../../../../arm-none-eabi/lib/thumb/v8-m.base/nofp\libg_nano.a(lib_a-impure.o)
 .ARM.attributes
                0x00000000       0x30 c:/program files (x86)/gnu arm embedded toolchain/10 2021.10/bin/../lib/gcc/arm-none-eabi/10.3.1/../../../../arm-none-eabi/lib/thumb/v8-m.base/nofp\libg_nano.a(lib_a-impure.o)
 .text          0x00000000        0x0 c:/program files (x86)/gnu arm embedded toolchain/10 2021.10/bin/../lib/gcc/arm-none-eabi/10.3.1/../../../../arm-none-eabi/lib/thumb/v8-m.base/nofp\libg_nano.a(lib_a-init.o)
 .data          0x00000000        0x0 c:/program files (x86)/gnu arm embedded toolchain/10 2021.10/bin/../lib/gcc/arm-none-eabi/10.3.1/../../../../arm-none-eabi/lib/thumb/v8-m.base/nofp\libg_nano.a(lib_a-init.o)
 .bss           0x00000000        0x0 c:/program files (x86)/gnu arm embedded toolchain/10 2021.10/bin/../lib/gcc/arm-none-eabi/10.3.1/../../../../arm-none-eabi/lib/thumb/v8-m.base/nofp\libg_nano.a(lib_a-init.o)
 .text.__libc_init_array
                0x00000000       0x50 c:/program files (x86)/gnu arm embedded toolchain/10 2021.10/bin/../lib/gcc/arm-none-eabi/10.3.1/../../../../arm-none-eabi/lib/thumb/v8-m.base/nofp\libg_nano.a(lib_a-init.o)
 .debug_frame   0x00000000       0x2c c:/program files (x86)/gnu arm embedded toolchain/10 2021.10/bin/../lib/gcc/arm-none-eabi/10.3.1/../../../../arm-none-eabi/lib/thumb/v8-m.base/nofp\libg_nano.a(lib_a-init.o)
 .ARM.attributes
                0x00000000       0x30 c:/program files (x86)/gnu arm embedded toolchain/10 2021.10/bin/../lib/gcc/arm-none-eabi/10.3.1/../../../../arm-none-eabi/lib/thumb/v8-m.base/nofp\libg_nano.a(lib_a-init.o)
 .text          0x00000000        0x0 c:/program files (x86)/gnu arm embedded toolchain/10 2021.10/bin/../lib/gcc/arm-none-eabi/10.3.1/../../../../arm-none-eabi/lib/thumb/v8-m.base/nofp\libg_nano.a(lib_a-memcpy-stub.o)
 .data          0x00000000        0x0 c:/program files (x86)/gnu arm embedded toolchain/10 2021.10/bin/../lib/gcc/arm-none-eabi/10.3.1/../../../../arm-none-eabi/lib/thumb/v8-m.base/nofp\libg_nano.a(lib_a-memcpy-stub.o)
 .bss           0x00000000        0x0 c:/program files (x86)/gnu arm embedded toolchain/10 2021.10/bin/../lib/gcc/arm-none-eabi/10.3.1/../../../../arm-none-eabi/lib/thumb/v8-m.base/nofp\libg_nano.a(lib_a-memcpy-stub.o)
 .text          0x00000000        0x0 c:/program files (x86)/gnu arm embedded toolchain/10 2021.10/bin/../lib/gcc/arm-none-eabi/10.3.1/../../../../arm-none-eabi/lib/thumb/v8-m.base/nofp\libg_nano.a(lib_a-memset.o)
 .data          0x00000000        0x0 c:/program files (x86)/gnu arm embedded toolchain/10 2021.10/bin/../lib/gcc/arm-none-eabi/10.3.1/../../../../arm-none-eabi/lib/thumb/v8-m.base/nofp\libg_nano.a(lib_a-memset.o)
 .bss           0x00000000        0x0 c:/program files (x86)/gnu arm embedded toolchain/10 2021.10/bin/../lib/gcc/arm-none-eabi/10.3.1/../../../../arm-none-eabi/lib/thumb/v8-m.base/nofp\libg_nano.a(lib_a-memset.o)
 .text          0x00000000        0x0 c:/program files (x86)/gnu arm embedded toolchain/10 2021.10/bin/../lib/gcc/arm-none-eabi/10.3.1/thumb/v8-m.base/nofp/crtend.o
 .data          0x00000000        0x0 c:/program files (x86)/gnu arm embedded toolchain/10 2021.10/bin/../lib/gcc/arm-none-eabi/10.3.1/thumb/v8-m.base/nofp/crtend.o
 .bss           0x00000000        0x0 c:/program files (x86)/gnu arm embedded toolchain/10 2021.10/bin/../lib/gcc/arm-none-eabi/10.3.1/thumb/v8-m.base/nofp/crtend.o
 .rodata        0x00000000       0x24 c:/program files (x86)/gnu arm embedded toolchain/10 2021.10/bin/../lib/gcc/arm-none-eabi/10.3.1/thumb/v8-m.base/nofp/crtend.o
 .text          0x00000000        0x0 c:/program files (x86)/gnu arm embedded toolchain/10 2021.10/bin/../lib/gcc/arm-none-eabi/10.3.1/thumb/v8-m.base/nofp/crtn.o
 .data          0x00000000        0x0 c:/program files (x86)/gnu arm embedded toolchain/10 2021.10/bin/../lib/gcc/arm-none-eabi/10.3.1/thumb/v8-m.base/nofp/crtn.o
 .bss           0x00000000        0x0 c:/program files (x86)/gnu arm embedded toolchain/10 2021.10/bin/../lib/gcc/arm-none-eabi/10.3.1/thumb/v8-m.base/nofp/crtn.o

Memory Configuration

Name             Origin             Length             Attributes
ITCM             0x00000000         0x00000000         xr
DTCM             0x00000000         0x00000000         xrw
FLASH            0x00000000         0x00040000         xr
RAM              0x20000000         0x00008000         xrw
DATA_FLASH       0x40100000         0x00002000         xr
QSPI_FLASH       0x60000000         0x00000000         xr
OSPI_DEVICE_0    0x80020000         0x00000000         xr
OSPI_DEVICE_1    0x80030000         0x00000000         xr
OSPI_DEVICE_0_RAM 0x80020000         0x00000000         xrw
OSPI_DEVICE_1_RAM 0x80030000         0x00000000         xrw
SDRAM            0x80010000         0x00000000         xrw
OPTION_SETTING   0x00000000         0x00000000         r
OPTION_SETTING_OFS 0x00000000         0x00000018         r
OPTION_SETTING_SAS 0x00000034         0x00000000         r
OPTION_SETTING_S 0x80000000         0x00000000         r
ID_CODE          0x01010018         0x00000020         xr
*default*        0x00000000         0xffffffff

Linker script and memory map

LOAD c:/program files (x86)/gnu arm embedded toolchain/10 2021.10/bin/../lib/gcc/arm-none-eabi/10.3.1/thumb/v8-m.base/nofp/crti.o
LOAD c:/program files (x86)/gnu arm embedded toolchain/10 2021.10/bin/../lib/gcc/arm-none-eabi/10.3.1/thumb/v8-m.base/nofp/crtbegin.o
LOAD c:/program files (x86)/gnu arm embedded toolchain/10 2021.10/bin/../lib/gcc/arm-none-eabi/10.3.1/../../../../arm-none-eabi/lib/thumb/v8-m.base/nofp/crt0.o
START GROUP
LOAD ./src/bsp/heartbit.o
LOAD ./src/bsp/system.o
LOAD ./src/hal_entry.o
LOAD ./ra_gen/common_data.o
LOAD ./ra_gen/hal_data.o
LOAD ./ra_gen/main.o
LOAD ./ra_gen/pin_data.o
LOAD ./ra_gen/vector_data.o
LOAD ./ra/fsp/src/r_ioport/r_ioport.o
LOAD ./ra/fsp/src/bsp/mcu/ra2l1/bsp_power.o
LOAD ./ra/fsp/src/bsp/mcu/all/bsp_clocks.o
LOAD ./ra/fsp/src/bsp/mcu/all/bsp_common.o
LOAD ./ra/fsp/src/bsp/mcu/all/bsp_delay.o
LOAD ./ra/fsp/src/bsp/mcu/all/bsp_group_irq.o
LOAD ./ra/fsp/src/bsp/mcu/all/bsp_guard.o
LOAD ./ra/fsp/src/bsp/mcu/all/bsp_io.o
LOAD ./ra/fsp/src/bsp/mcu/all/bsp_irq.o
LOAD ./ra/fsp/src/bsp/mcu/all/bsp_macl.o
LOAD ./ra/fsp/src/bsp/mcu/all/bsp_register_protection.o
LOAD ./ra/fsp/src/bsp/mcu/all/bsp_rom_registers.o
LOAD ./ra/fsp/src/bsp/mcu/all/bsp_sbrk.o
LOAD ./ra/fsp/src/bsp/mcu/all/bsp_security.o
LOAD ./ra/fsp/src/bsp/cmsis/Device/RENESAS/Source/startup.o
LOAD ./ra/fsp/src/bsp/cmsis/Device/RENESAS/Source/system.o
END GROUP
START GROUP
LOAD c:/program files (x86)/gnu arm embedded toolchain/10 2021.10/bin/../lib/gcc/arm-none-eabi/10.3.1/thumb/v8-m.base/nofp\libgcc.a
LOAD c:/program files (x86)/gnu arm embedded toolchain/10 2021.10/bin/../lib/gcc/arm-none-eabi/10.3.1/../../../../arm-none-eabi/lib/thumb/v8-m.base/nofp\libg_nano.a
LOAD c:/program files (x86)/gnu arm embedded toolchain/10 2021.10/bin/../lib/gcc/arm-none-eabi/10.3.1/../../../../arm-none-eabi/lib/thumb/v8-m.base/nofp\libc_nano.a
END GROUP
START GROUP
LOAD c:/program files (x86)/gnu arm embedded toolchain/10 2021.10/bin/../lib/gcc/arm-none-eabi/10.3.1/thumb/v8-m.base/nofp\libgcc.a
LOAD c:/program files (x86)/gnu arm embedded toolchain/10 2021.10/bin/../lib/gcc/arm-none-eabi/10.3.1/../../../../arm-none-eabi/lib/thumb/v8-m.base/nofp\libc_nano.a
END GROUP
LOAD c:/program files (x86)/gnu arm embedded toolchain/10 2021.10/bin/../lib/gcc/arm-none-eabi/10.3.1/thumb/v8-m.base/nofp/crtend.o
LOAD c:/program files (x86)/gnu arm embedded toolchain/10 2021.10/bin/../lib/gcc/arm-none-eabi/10.3.1/thumb/v8-m.base/nofp/crtn.o
                0x20000000                RAM_START = 0x20000000
                0x00008000                RAM_LENGTH = 0x8000
                0x00000000                FLASH_START = 0x0
                0x00040000                FLASH_LENGTH = 0x40000
                0x40100000                DATA_FLASH_START = 0x40100000
                0x00002000                DATA_FLASH_LENGTH = 0x2000
                0x00000000                OPTION_SETTING_START = 0x0
                0x00000000                OPTION_SETTING_LENGTH = 0x0
                0x80000000                OPTION_SETTING_S_START = 0x80000000
                0x00000000                OPTION_SETTING_S_LENGTH = 0x0
                0x01010018                ID_CODE_START = 0x1010018
                0x00000020                ID_CODE_LENGTH = 0x20
                0x80010000                SDRAM_START = 0x80010000
                0x00000000                SDRAM_LENGTH = 0x0
                0x60000000                QSPI_FLASH_START = 0x60000000
                0x00000000                QSPI_FLASH_LENGTH = 0x0
                0x80020000                OSPI_DEVICE_0_START = 0x80020000
                0x00000000                OSPI_DEVICE_0_LENGTH = 0x0
                0x80030000                OSPI_DEVICE_1_START = 0x80030000
                0x00000000                OSPI_DEVICE_1_LENGTH = 0x0
                0x00000000                QSPI_FLASH_PRV_LENGTH = DEFINED (QSPI_FLASH_SIZE)?ABSOLUTE (QSPI_FLASH_SIZE):ABSOLUTE (QSPI_FLASH_LENGTH)
                0x00000000                OSPI_DEVICE_0_PRV_LENGTH = DEFINED (OSPI_DEVICE_0_SIZE)?ABSOLUTE (OSPI_DEVICE_0_SIZE):ABSOLUTE (OSPI_DEVICE_0_LENGTH)
                0x00000000                OSPI_DEVICE_1_PRV_LENGTH = DEFINED (OSPI_DEVICE_1_SIZE)?ABSOLUTE (OSPI_DEVICE_1_SIZE):ABSOLUTE (OSPI_DEVICE_1_LENGTH)
                0x00000000                __RESERVE_NS_RAM = ((! (DEFINED (PROJECT_NONSECURE)) && DEFINED (RAM_NS_BUFFER_LENGTH)) && (OPTION_SETTING_S_LENGTH != 0x0))
                0x00000000                ITCM_START = DEFINED (ITCM_START)?ITCM_START:0x0
                0x00000000                ITCM_LENGTH = DEFINED (ITCM_LENGTH)?ITCM_LENGTH:0x0
                0x00000000                DTCM_START = DEFINED (DTCM_START)?DTCM_START:0x0
                0x00000000                DTCM_LENGTH = DEFINED (DTCM_LENGTH)?DTCM_LENGTH:0x0
                0x00000000                RAM_NS_BUFFER_BLOCK_LENGTH = DEFINED (RAM_NS_BUFFER_LENGTH)?ALIGN (RAM_NS_BUFFER_LENGTH, 0x2000):0x0
                0x00000000                RAM_NS_BUFFER_LENGTH = DEFINED (RAM_NS_BUFFER_LENGTH)?RAM_NS_BUFFER_LENGTH:0x0
                0x20008000                RAM_NS_BUFFER_START = ((RAM_START + RAM_LENGTH) - RAM_NS_BUFFER_LENGTH)
                0x20008000                RAM_NS_BUFFER_BLOCK_START = ((RAM_START + RAM_LENGTH) - RAM_NS_BUFFER_BLOCK_LENGTH)
                0x00000080                OPTION_SETTING_START_NS = DEFINED (PROJECT_NONSECURE)?OPTION_SETTING_START:(OPTION_SETTING_START + 0x80)
                0x00000001                __bl_FSP_BOOTABLE_IMAGE = 0x1
                0x00000001                __bln_FSP_BOOTABLE_IMAGE = 0x1
                0x00000000                PROJECT_SECURE_OR_FLAT = (((! (DEFINED (PROJECT_NONSECURE)) || DEFINED (PROJECT_SECURE)) && OPTION_SETTING_LENGTH) && ! (DEFINED (FSP_BOOTABLE_IMAGE)))
                0x00000000                USE_OPTION_SETTING_NS = (DEFINED (PROJECT_NONSECURE) && ! (DEFINED (FSP_BOOTABLE_IMAGE)))
                0x00000000                __bl_FLASH_IMAGE_START = ! (DEFINED (FLASH_BOOTLOADER_LENGTH))?0x0:(FLASH_APPLICATION_IMAGE_NUMBER == 0x1)?((FLASH_START + FLASH_BOOTLOADER_LENGTH) + FLASH_BOOTLOADER_HEADER_LENGTH):DEFINED (BOOTLOADER_SECONDARY_USE_QSPI)?(((FLASH_START + FLASH_BOOTLOADER_LENGTH) + FLASH_BOOTLOADER_SCRATCH_LENGTH) + FLASH_BOOTLOADER_HEADER_LENGTH):((((FLASH_START + FLASH_BOOTLOADER_LENGTH) + FLASH_BOOTLOADER_SCRATCH_LENGTH) + FLASH_APPLICATION_S_LENGTH) + FLASH_BOOTLOADER_HEADER_LENGTH)
                0x00000000                __bl_FLASH_IMAGE_LENGTH = ! (DEFINED (FLASH_BOOTLOADER_LENGTH))?0x0:(FLASH_APPLICATION_S_LENGTH - FLASH_BOOTLOADER_HEADER_LENGTH)
                0x00000000                __bl_FLASH_IMAGE_END = (__bl_FLASH_IMAGE_START + __bl_FLASH_IMAGE_LENGTH)
                0x00000000                __bl_XIP_SECONDARY_FLASH_IMAGE_START = ! (DEFINED (FLASH_BOOTLOADER_LENGTH))?0x0:((FLASH_BOOTLOADER_LENGTH + FLASH_APPLICATION_S_LENGTH) + FLASH_BOOTLOADER_HEADER_LENGTH)
                0x00000000                __bl_XIP_SECONDARY_FLASH_IMAGE_END = (__bl_XIP_SECONDARY_FLASH_IMAGE_START + __bl_FLASH_IMAGE_LENGTH)
                0x00000000                __bl_FLASH_NS_START = ! (DEFINED (FLASH_BOOTLOADER_LENGTH))?0x0:(FLASH_APPLICATION_NS_LENGTH == 0x0)?__bl_FLASH_IMAGE_END:((__bl_FLASH_IMAGE_START - FLASH_BOOTLOADER_HEADER_LENGTH) + FLASH_APPLICATION_S_LENGTH)
                0x00000000                __bl_FLASH_NSC_START = ! (DEFINED (FLASH_BOOTLOADER_LENGTH))?0x0:(FLASH_APPLICATION_NS_LENGTH == 0x0)?__bl_FLASH_IMAGE_END:(__bl_FLASH_IMAGE_END - FLASH_APPLICATION_NSC_LENGTH)
                0x00000000                __bl_RAM_NS_START = ! (DEFINED (FLASH_BOOTLOADER_LENGTH))?0x0:(FLASH_APPLICATION_NS_LENGTH == 0x0)?(RAM_START + RAM_LENGTH):((RAM_START + RAM_LENGTH) - RAM_APPLICATION_NS_LENGTH)
                0x00000000                __bl_RAM_NSC_START = ! (DEFINED (FLASH_BOOTLOADER_LENGTH))?0x0:(FLASH_APPLICATION_NS_LENGTH == 0x0)?(RAM_START + RAM_LENGTH):(__bl_RAM_NS_START - RAM_APPLICATION_NSC_LENGTH)
                0x00000000                __bl_FLASH_NS_IMAGE_START = ! (DEFINED (FLASH_BOOTLOADER_LENGTH))?0x0:(FLASH_APPLICATION_NS_LENGTH == 0x0)?__bl_FLASH_IMAGE_END:(__bl_FLASH_NS_START + FLASH_BOOTLOADER_HEADER_LENGTH_2)
                0x00000000                __bln_FLASH_IMAGE_START = (__bl_FLASH_NS_IMAGE_START | ! (DEFINED (NS_OFFSET_START))?0x0:NS_OFFSET_START)
                0x00000000                __bln_FLASH_IMAGE_LENGTH = ! (DEFINED (FLASH_BOOTLOADER_LENGTH))?0x0:(FLASH_APPLICATION_NS_LENGTH == 0x0)?__bl_FLASH_IMAGE_END:(FLASH_APPLICATION_NS_LENGTH - FLASH_BOOTLOADER_HEADER_LENGTH_2)
                0x00000000                XIP_SECONDARY_SLOT_IMAGE = DEFINED (XIP_SECONDARY_SLOT_IMAGE)?XIP_SECONDARY_SLOT_IMAGE:0x0
                0x00000000                FLASH_ORIGIN = ! (DEFINED (FLASH_IMAGE_START))?FLASH_START:(XIP_SECONDARY_SLOT_IMAGE == 0x1)?XIP_SECONDARY_FLASH_IMAGE_START:FLASH_IMAGE_START
                0x00040000                LIMITED_FLASH_LENGTH = DEFINED (FLASH_IMAGE_LENGTH)?FLASH_IMAGE_LENGTH:DEFINED (FLASH_BOOTLOADER_LENGTH)?FLASH_BOOTLOADER_LENGTH:FLASH_LENGTH
                0x00000034                OPTION_SETTING_SAS_SIZE = 0x34
                0x00000000                OPTION_SETTING_SAS_LENGTH = ! (DEFINED (OPTION_SETTING_LENGTH))?0x0:(OPTION_SETTING_LENGTH == 0x0)?0x0:(OPTION_SETTING_LENGTH - OPTION_SETTING_SAS_SIZE)
START GROUP
LOAD c:/program files (x86)/gnu arm embedded toolchain/10 2021.10/bin/../lib/gcc/arm-none-eabi/10.3.1/thumb/v8-m.base/nofp\libgcc.a
LOAD c:/program files (x86)/gnu arm embedded toolchain/10 2021.10/bin/../lib/gcc/arm-none-eabi/10.3.1/../../../../arm-none-eabi/lib/thumb/v8-m.base/nofp\libc.a
LOAD c:/program files (x86)/gnu arm embedded toolchain/10 2021.10/bin/../lib/gcc/arm-none-eabi/10.3.1/../../../../arm-none-eabi/lib/thumb/v8-m.base/nofp\libm.a
END GROUP

.text           0x00000000      0xd9c
                0x00000000                __tz_FLASH_S = ABSOLUTE (FLASH_START)
                0x00000000                __ROM_Start = .
 *(.fixed_vectors*)
 .fixed_vectors
                0x00000000       0x40 ./ra/fsp/src/bsp/cmsis/Device/RENESAS/Source/startup.o
                0x00000000                __Vectors
 *(.application_vectors*)
                0x00000040                __Vectors_End = .
 *(.flash_gap*)
                0x00000400                . = (OPTION_SETTING_LENGTH > 0x0)?.:(__ROM_Start + 0x400)
 *fill*         0x00000040      0x3c0 ff
 *(.rom_registers*)
 .rom_registers
                0x00000400       0x3c ./ra/fsp/src/bsp/mcu/all/bsp_rom_registers.o
 *(.mcuboot_sce9_key*)
 *(.text*)
 .text          0x0000043c       0x50 c:/program files (x86)/gnu arm embedded toolchain/10 2021.10/bin/../lib/gcc/arm-none-eabi/10.3.1/thumb/v8-m.base/nofp/crtbegin.o
 .text.bsp_heartbit_manage
                0x0000048c       0x78 ./src/bsp/heartbit.o
                0x0000048c                bsp_heartbit_manage
 .text.SysTick_Handler
                0x00000504       0x10 ./src/bsp/system.o
                0x00000504                SysTick_Handler
 .text.bsp_system_init
                0x00000514       0x58 ./src/bsp/system.o
                0x00000514                bsp_system_init
 .text.bsp_system_get_millis
                0x0000056c        0xc ./src/bsp/system.o
                0x0000056c                bsp_system_get_millis
 .text.hal_entry
                0x00000578       0x10 ./src/hal_entry.o
                0x00000578                hal_entry
 .text.R_BSP_WarmStart
                0x00000588       0x30 ./src/hal_entry.o
                0x00000588                R_BSP_WarmStart
 .text.startup.main
                0x000005b8        0xc ./ra_gen/main.o
                0x000005b8                main
 .text.R_IOPORT_Close
                0x000005c4        0x8 ./ra/fsp/src/r_ioport/r_ioport.o
                0x000005c4                R_IOPORT_Close
 .text.R_IOPORT_PinRead
                0x000005cc       0x24 ./ra/fsp/src/r_ioport/r_ioport.o
                0x000005cc                R_IOPORT_PinRead
 .text.R_IOPORT_PortRead
                0x000005f0       0x18 ./ra/fsp/src/r_ioport/r_ioport.o
                0x000005f0                R_IOPORT_PortRead
 .text.R_IOPORT_PortWrite
                0x00000608       0x20 ./ra/fsp/src/r_ioport/r_ioport.o
                0x00000608                R_IOPORT_PortWrite
 .text.R_IOPORT_PinWrite
                0x00000628       0x28 ./ra/fsp/src/r_ioport/r_ioport.o
                0x00000628                R_IOPORT_PinWrite
 .text.R_IOPORT_PortDirectionSet
                0x00000650       0x24 ./ra/fsp/src/r_ioport/r_ioport.o
                0x00000650                R_IOPORT_PortDirectionSet
 .text.R_IOPORT_PortEventInputRead
                0x00000674       0x18 ./ra/fsp/src/r_ioport/r_ioport.o
                0x00000674                R_IOPORT_PortEventInputRead
 .text.R_IOPORT_PinEventInputRead
                0x0000068c       0x2c ./ra/fsp/src/r_ioport/r_ioport.o
                0x0000068c                R_IOPORT_PinEventInputRead
 .text.R_IOPORT_PortEventOutputWrite
                0x000006b8       0x20 ./ra/fsp/src/r_ioport/r_ioport.o
                0x000006b8                R_IOPORT_PortEventOutputWrite
 .text.R_IOPORT_PinEventOutputWrite
                0x000006d8       0x30 ./ra/fsp/src/r_ioport/r_ioport.o
                0x000006d8                R_IOPORT_PinEventOutputWrite
 .text.r_ioport_pins_config
                0x00000708       0xf0 ./ra/fsp/src/r_ioport/r_ioport.o
 .text.R_IOPORT_Open
                0x000007f8       0x18 ./ra/fsp/src/r_ioport/r_ioport.o
                0x000007f8                R_IOPORT_Open
 .text.R_IOPORT_PinsCfg
                0x00000810        0xc ./ra/fsp/src/r_ioport/r_ioport.o
                0x00000810                R_IOPORT_PinsCfg
 .text.R_IOPORT_PinCfg
                0x0000081c       0xa0 ./ra/fsp/src/r_ioport/r_ioport.o
                0x0000081c                R_IOPORT_PinCfg
 .text.SystemCoreClockUpdate
                0x000008bc       0x2c ./ra/fsp/src/bsp/mcu/all/bsp_clocks.o
                0x000008bc                SystemCoreClockUpdate
 .text.bsp_clock_init
                0x000008e8      0x11c ./ra/fsp/src/bsp/mcu/all/bsp_clocks.o
                0x000008e8                bsp_clock_init
 .text.R_BSP_Init_RTC
                0x00000a04       0x10 ./ra/fsp/src/bsp/mcu/all/bsp_clocks.o
                0x00000a04                R_BSP_Init_RTC
 .text.bsp_init_internal
                0x00000a14        0x4 ./ra/fsp/src/bsp/mcu/all/bsp_common.o
                0x00000a14                bsp_init_internal
                0x00000a14                bsp_init
 .text.NMI_Handler
                0x00000a18       0x4c ./ra/fsp/src/bsp/mcu/all/bsp_group_irq.o
                0x00000a18                NMI_Handler
 .text.bsp_irq_cfg
                0x00000a64       0x28 ./ra/fsp/src/bsp/mcu/all/bsp_irq.o
                0x00000a64                bsp_irq_cfg
 .text.R_BSP_RegisterProtectEnable
                0x00000a8c       0x54 ./ra/fsp/src/bsp/mcu/all/bsp_register_protection.o
                0x00000a8c                R_BSP_RegisterProtectEnable
 .text.R_BSP_RegisterProtectDisable
                0x00000ae0       0x4c ./ra/fsp/src/bsp/mcu/all/bsp_register_protection.o
                0x00000ae0                R_BSP_RegisterProtectDisable
 .text.Default_Handler
                0x00000b2c        0x4 ./ra/fsp/src/bsp/cmsis/Device/RENESAS/Source/startup.o
                0x00000b2c                DebugMon_Handler
                0x00000b2c                HardFault_Handler
                0x00000b2c                PendSV_Handler
                0x00000b2c                UsageFault_Handler
                0x00000b2c                SecureFault_Handler
                0x00000b2c                Default_Handler
                0x00000b2c                MemManage_Handler
                0x00000b2c                SVC_Handler
                0x00000b2c                BusFault_Handler
 .text.Reset_Handler
                0x00000b30        0xc ./ra/fsp/src/bsp/cmsis/Device/RENESAS/Source/startup.o
                0x00000b30                Reset_Handler
 .text.SystemInit
                0x00000b3c      0x144 ./ra/fsp/src/bsp/cmsis/Device/RENESAS/Source/system.o
                0x00000b3c                SystemInit
 .text.memcpy   0x00000c80       0x12 c:/program files (x86)/gnu arm embedded toolchain/10 2021.10/bin/../lib/gcc/arm-none-eabi/10.3.1/../../../../arm-none-eabi/lib/thumb/v8-m.base/nofp\libg_nano.a(lib_a-memcpy-stub.o)
                0x00000c80                memcpy
 .text.memset   0x00000c92       0x10 c:/program files (x86)/gnu arm embedded toolchain/10 2021.10/bin/../lib/gcc/arm-none-eabi/10.3.1/../../../../arm-none-eabi/lib/thumb/v8-m.base/nofp\libg_nano.a(lib_a-memset.o)
                0x00000c92                memset
 *(.version)
 *fill*         0x00000ca2        0x2 ff
 .version       0x00000ca4       0x50 ./ra/fsp/src/bsp/mcu/all/bsp_common.o
 *(.init)
 .init          0x00000cf4        0x4 c:/program files (x86)/gnu arm embedded toolchain/10 2021.10/bin/../lib/gcc/arm-none-eabi/10.3.1/thumb/v8-m.base/nofp/crti.o
                0x00000cf4                _init
 .init          0x00000cf8        0x8 c:/program files (x86)/gnu arm embedded toolchain/10 2021.10/bin/../lib/gcc/arm-none-eabi/10.3.1/thumb/v8-m.base/nofp/crtn.o
 *(.fini)
 .fini          0x00000d00        0x4 c:/program files (x86)/gnu arm embedded toolchain/10 2021.10/bin/../lib/gcc/arm-none-eabi/10.3.1/thumb/v8-m.base/nofp/crti.o
                0x00000d00                _fini
 .fini          0x00000d04        0x8 c:/program files (x86)/gnu arm embedded toolchain/10 2021.10/bin/../lib/gcc/arm-none-eabi/10.3.1/thumb/v8-m.base/nofp/crtn.o
 *crtbegin.o(.ctors)
 *crtbegin?.o(.ctors)
 *(EXCLUDE_FILE(*crtend.o *crtend?.o) .ctors)
 *(SORT_BY_NAME(.ctors.*))
 *(.ctors)
 *crtbegin.o(.dtors)
 *crtbegin?.o(.dtors)
 *(EXCLUDE_FILE(*crtend.o *crtend?.o) .dtors)
 *(SORT_BY_NAME(.dtors.*))
 *(.dtors)
 *(.rodata*)
 .rodata.g_ioport
                0x00000d0c        0xc ./ra_gen/common_data.o
                0x00000d0c                g_ioport
 .rodata.g_bsp_pin_cfg
                0x00000d18        0xc ./ra_gen/pin_data.o
                0x00000d18                g_bsp_pin_cfg
 .rodata.g_bsp_pin_cfg_data
                0x00000d24       0x18 ./ra_gen/pin_data.o
                0x00000d24                g_bsp_pin_cfg_data
 .rodata.g_ioport_on_ioport
                0x00000d3c       0x34 ./ra/fsp/src/r_ioport/r_ioport.o
                0x00000d3c                g_ioport_on_ioport
 .rodata.g_interrupt_event_link_select
                0x00000d70       0x20 ./ra/fsp/src/bsp/mcu/all/bsp_irq.o
                0x00000d70                g_interrupt_event_link_select
 .rodata.g_prcr_masks
                0x00000d90        0x8 ./ra/fsp/src/bsp/mcu/all/bsp_register_protection.o
                0x00000d98                __usb_dev_descriptor_start_fs = .
 *(.usb_device_desc_fs*)
                0x00000d98                __usb_cfg_descriptor_start_fs = .
 *(.usb_config_desc_fs*)
                0x00000d98                __usb_interface_descriptor_start_fs = .
 *(.usb_interface_desc_fs*)
                0x00000d98                __usb_descriptor_end_fs = .
                0x00000d98                __usb_dev_descriptor_start_hs = .
 *(.usb_device_desc_hs*)
                0x00000d98                __usb_cfg_descriptor_start_hs = .
 *(.usb_config_desc_hs*)
                0x00000d98                __usb_interface_descriptor_start_hs = .
 *(.usb_interface_desc_hs*)
                0x00000d98                __usb_descriptor_end_hs = .
 *(.eh_frame*)
 .eh_frame      0x00000d98        0x0 c:/program files (x86)/gnu arm embedded toolchain/10 2021.10/bin/../lib/gcc/arm-none-eabi/10.3.1/thumb/v8-m.base/nofp/crtbegin.o
 .eh_frame      0x00000d98        0x4 c:/program files (x86)/gnu arm embedded toolchain/10 2021.10/bin/../lib/gcc/arm-none-eabi/10.3.1/thumb/v8-m.base/nofp/crtend.o
                0x00000d9c                __ROM_End = .
                0x00000040                __Vectors_Size = (__Vectors_End - __Vectors)

.glue_7         0x00000d9c        0x0
 .glue_7        0x00000d9c        0x0 linker stubs

.glue_7t        0x00000d9c        0x0
 .glue_7t       0x00000d9c        0x0 linker stubs

.vfp11_veneer   0x00000d9c        0x0
 .vfp11_veneer  0x00000d9c        0x0 linker stubs

.v4_bx          0x00000d9c        0x0
 .v4_bx         0x00000d9c        0x0 linker stubs

.iplt           0x00000d9c        0x0
 .iplt          0x00000d9c        0x0 c:/program files (x86)/gnu arm embedded toolchain/10 2021.10/bin/../lib/gcc/arm-none-eabi/10.3.1/thumb/v8-m.base/nofp/crtbegin.o
                0x00000d9c                . = .
                0x00000d9c                __itcm_data_pre_location = .

.itcm_data      0x00000000        0x0 load address 0x00000da0
                0x00000000                __tz_ITCM_S = ABSOLUTE (ITCM_START)
                0x00000000                __itcm_data_start = .
 *(.itcm_data*)
                0x00000000                . = ALIGN (0x8)
                0x00000000                __itcm_data_end = .
                0x00000000                __tz_ITCM_N = DEFINED (ITCM_NS_START)?ABSOLUTE (ITCM_NS_START):ALIGN (__itcm_data_end, 0x2000)
                0x00000da0                __itcm_data_init_start = LOADADDR (.itcm_data)
                0x00000da0                __itcm_data_init_end = (LOADADDR (.itcm_data) + SIZEOF (.itcm_data))
                0x00000001                ASSERT (((ORIGIN (ITCM) % 0x8) == 0x0), ITCM memory region origin must be aligned to 8 bytes.)
                0x00000001                ASSERT (((LENGTH (ITCM) % 0x8) == 0x0), ITCM memory region length must be a multiple of 8 bytes.)
                0x00000001                ASSERT (((LOADADDR (.itcm_data) % 0x10) == 0x0), .itcm_data section must be aligned to 16 bytes.)
                0x00000001                ASSERT (((SIZEOF (.itcm_data) % 0x8) == 0x0), .itcm_data section size must be a multiple of 8 bytes.)
                0x00000d9c                . = (SIZEOF (.itcm_data) > 0x0)?__itcm_data_init_end:__itcm_data_pre_location
                0x00000d9c                __exidx_start = .

/DISCARD/
 *(.ARM.extab* .gnu.linkonce.armextab.*)
 *(.ARM.exidx* .gnu.linkonce.armexidx.*)
                0x00000d9c                __exidx_end = .
                0x00000d9c                __etext = .
                0x20000000                __tz_RAM_S = ORIGIN (RAM)

.fsp_dtc_vector_table
                0x20000000        0x0
                0x20000000                . = ORIGIN (RAM)
 *(.fsp_dtc_vector_table)

.data           0x20000000        0x8 load address 0x00000d9c
                0x20000000                __data_start__ = .
                0x20000000                . = ALIGN (0x4)
                0x20000000                __Code_In_RAM_Start = .
 *(.code_in_ram*)
                0x20000000                __Code_In_RAM_End = .
 *(vtable)
 *(.data.*)
 *(.data)
                0x20000000                . = ALIGN (0x4)
                0x20000000                PROVIDE (__preinit_array_start = .)
 *(.preinit_array)
                0x20000000                PROVIDE (__preinit_array_end = .)
                0x20000000                . = ALIGN (0x4)
                0x20000000                PROVIDE (__init_array_start = .)
 *(SORT_BY_NAME(.init_array.*))
 *(.init_array)
 .init_array    0x20000000        0x4 c:/program files (x86)/gnu arm embedded toolchain/10 2021.10/bin/../lib/gcc/arm-none-eabi/10.3.1/thumb/v8-m.base/nofp/crtbegin.o
                0x20000004                PROVIDE (__init_array_end = .)
                0x20000004                . = ALIGN (0x4)
                [!provide]                PROVIDE (__fini_array_start = .)
 *(SORT_BY_NAME(.fini_array.*))
 *(.fini_array)
 .fini_array    0x20000004        0x4 c:/program files (x86)/gnu arm embedded toolchain/10 2021.10/bin/../lib/gcc/arm-none-eabi/10.3.1/thumb/v8-m.base/nofp/crtbegin.o
                [!provide]                PROVIDE (__fini_array_end = .)
 *(.jcr*)
                0x20000008                . = ALIGN (0x4)
                0x20000008                __data_end__ = .

.igot.plt       0x20000008        0x0 load address 0x00000da4
 .igot.plt      0x20000008        0x0 c:/program files (x86)/gnu arm embedded toolchain/10 2021.10/bin/../lib/gcc/arm-none-eabi/10.3.1/thumb/v8-m.base/nofp/crtbegin.o
                0x20000008                . = .
                0x00000da4                __dtcm_data_pre_location = (LOADADDR (.data) + SIZEOF (.data))

.dtcm_data      0x00000000        0x0 load address 0x00000db0
                0x00000000                __tz_DTCM_S = ABSOLUTE (DTCM_START)
                0x00000000                __dtcm_data_start = .
 *(.dtcm_data*)
                0x00000000                . = ALIGN (0x8)
                0x00000000                __dtcm_data_end = .
                0x00000000                . = __dtcm_data_end

.dtcm_bss       0x00000000        0x0
                0x00000000                __dtcm_bss_start = .
 *(.dtcm_bss*)
                0x00000000                . = ALIGN (0x8)
                0x00000000                __dtcm_bss_end = .
                0x00000000                __tz_DTCM_N = DEFINED (DTCM_NS_START)?ABSOLUTE (DTCM_NS_START):ALIGN (__dtcm_bss_end, 0x2000)
                0x00000db0                __dtcm_data_init_start = LOADADDR (.dtcm_data)
                0x00000db0                __dtcm_data_init_end = (LOADADDR (.dtcm_data) + SIZEOF (.dtcm_data))
                0x00000001                ASSERT (((ORIGIN (DTCM) % 0x8) == 0x0), DTCM memory region origin must be aligned to 8 bytes.)
                0x00000001                ASSERT (((LENGTH (DTCM) % 0x8) == 0x0), DTCM memory region length must be a multiple of 8 bytes.)
                0x00000001                ASSERT ((LOADADDR (.dtcm_bss) == ADDR (.dtcm_bss)), .dtcm_bss has (VMA != LMA) but should be NOLOAD (VMA == LMA).)
                0x00000001                ASSERT (((LOADADDR (.dtcm_data) % 0x10) == 0x0), .dtcm_data section must be aligned to 16 bytes.)
                0x00000001                ASSERT (((SIZEOF (.dtcm_data) % 0x8) == 0x0), .dtcm_data section size must be a multiple of 8 bytes.)
                0x00000001                ASSERT (((LOADADDR (.dtcm_bss) % 0x8) == 0x0), .dtcm_bss section must be aligned to 8 bytes.)
                0x00000001                ASSERT (((SIZEOF (.dtcm_bss) % 0x8) == 0x0), .dtcm_bss section size must be a multiple of 8 bytes.)
                0x00000001                ASSERT ((__dtcm_bss_start == __dtcm_data_end), .dtcm_bss section is not adjacent to .dtcm_data section.)
                0x00000da4                . = (SIZEOF (.dtcm_data) > 0x0)?__dtcm_data_init_end:__dtcm_data_pre_location
                0x00000da4                sgstubs_pre_location = .
                0x00001000                SGSTUBS_LOC = (DEFINED (PROJECT_SECURE) && DEFINED (FLASH_NSC_START))?ABSOLUTE (FLASH_NSC_START):ALIGN (0x400)

.gnu.sgstubs    0x00001000        0x0
                0x00001000                __tz_FLASH_C = DEFINED (FLASH_NSC_START)?ABSOLUTE (FLASH_NSC_START):__RESERVE_NS_RAM?ABSOLUTE ((FLASH_START + FLASH_LENGTH)):ALIGN (0x400)
                0x00001000                _start_sg = .
 *(.gnu.sgstubs*)
                0x00001000                . = ALIGN (0x20)
                0x00001000                _end_sg = .
                0x00008000                __tz_FLASH_N = DEFINED (FLASH_NS_START)?ABSOLUTE (FLASH_NS_START):__RESERVE_NS_RAM?ABSOLUTE ((FLASH_START + FLASH_LENGTH)):(FLASH_LENGTH < 0x8000)?FLASH_LENGTH:ALIGN (0x8000)
                0x00008000                FLASH_NS_IMAGE_START = DEFINED (FLASH_NS_IMAGE_START)?FLASH_NS_IMAGE_START:__tz_FLASH_N
                0x60000000                __tz_QSPI_FLASH_S = ORIGIN (QSPI_FLASH)

.qspi_flash     0x60000000        0x0
                0x60000000                __qspi_flash_start__ = .
 *(.qspi_flash*)
 *(.code_in_qspi*)
                0x60000000                __qspi_flash_end__ = .
                0x00000000                __qspi_flash_code_size__ = (__qspi_flash_end__ - __qspi_flash_start__)
                0x00000da4                __qspi_flash_code_addr__ = sgstubs_pre_location

.qspi_non_retentive
                0x60000000        0x0 load address 0x00000da4
                0x60000000                __qspi_non_retentive_start__ = .
 *(.qspi_non_retentive*)
                0x60000000                __qspi_non_retentive_end__ = .
                0x00000000                __qspi_non_retentive_size__ = (__qspi_non_retentive_end__ - __qspi_non_retentive_start__)
                0x04000000                __qspi_region_max_size__ = 0x4000000
                0x60000000                __qspi_region_start_address__ = __qspi_flash_start__
                0x64000000                __qspi_region_end_address__ = (__qspi_flash_start__ + __qspi_region_max_size__)
                0x60000000                __tz_QSPI_FLASH_N = __qspi_non_retentive_end__

.OSPI_DEVICE_0_NO_LOAD
                0x80020000        0x0
                0x80020000                . = ALIGN (0x4)
                0x80020000                __ospi_device_0_start__ = .
 *(.ospi_device_0_no_load*)
                0x80020000                . = ALIGN (0x4)
                0x80020000                __ospi_device_0_end__ = .

.OSPI_DEVICE_1_NO_LOAD
                0x80030000        0x0
                0x80030000                . = ALIGN (0x4)
                0x80030000                __ospi_device_1_start__ = .
 *(.ospi_device_1_no_load*)
                0x80030000                . = ALIGN (0x4)
                0x80030000                __ospi_device_1_end__ = .
                0x80020000                __tz_OSPI_DEVICE_0_S = ORIGIN (OSPI_DEVICE_0)

.OSPI_DEVICE_0  0x80020000        0x0
                0x80020000                __ospi_device_0_start__ = .
 *(.ospi_device_0*)
 *(.code_in_ospi_device_0*)
                0x80020000                __ospi_device_0_end__ = .
                0x00000000                __ospi_device_0_code_size__ = (__ospi_device_0_end__ - __ospi_device_0_start__)
                0x00000da4                __ospi_device_0_code_addr__ = (sgstubs_pre_location + SIZEOF (.qspi_non_retentive))

.ospi_device_0_non_retentive
                0x80020000        0x0 load address 0x00000da4
                0x80020000                __ospi_device_0_non_retentive_start__ = .
 *(.ospi_device_0_non_retentive*)
                0x80020000                __ospi_device_0_non_retentive_end__ = .
                0x00000000                __ospi_device_0_non_retentive_size__ = (__ospi_device_0_non_retentive_end__ - __ospi_device_0_non_retentive_start__)
                0x08000000                __ospi_device_0_region_max_size__ = 0x8000000
                0x80020000                __ospi_device_0_region_start_address__ = __ospi_device_0_start__
                0x88020000                __ospi_device_0_region_end_address__ = (__ospi_device_0_start__ + __ospi_device_0_region_max_size__)
                0x80020000                __tz_OSPI_DEVICE_0_N = __ospi_device_0_non_retentive_end__
                0x80030000                __tz_OSPI_DEVICE_1_S = ORIGIN (OSPI_DEVICE_1)

.OSPI_DEVICE_1  0x80030000        0x0
                0x80030000                __ospi_device_1_start__ = .
 *(.ospi_device_1*)
 *(.code_in_ospi_device_1*)
                0x80030000                __ospi_device_1_end__ = .
                0x00000000                __ospi_device_1_code_size__ = (__ospi_device_1_end__ - __ospi_device_1_start__)
                0x00000da4                __ospi_device_1_code_addr__ = (sgstubs_pre_location + (SIZEOF (.qspi_non_retentive) + SIZEOF (.ospi_device_0_non_retentive)))

.ospi_device_1_non_retentive
                0x80030000        0x0 load address 0x00000da4
                0x80030000                __ospi_device_1_non_retentive_start__ = .
 *(.ospi_device_1_non_retentive*)
                0x80030000                __ospi_device_1_non_retentive_end__ = .
                0x00000000                __ospi_device_1_non_retentive_size__ = (__ospi_device_1_non_retentive_end__ - __ospi_device_1_non_retentive_start__)
                0x10000000                __ospi_device_1_region_max_size__ = 0x10000000
                0x80030000                __ospi_device_1_region_start_address__ = __ospi_device_1_start__
                0x90030000                __ospi_device_1_region_end_address__ = (__ospi_device_1_start__ + __ospi_device_1_region_max_size__)
                0x80030000                __tz_OSPI_DEVICE_1_N = __ospi_device_1_non_retentive_end__

.noinit         0x20000008       0x18
                0x20000008                . = ALIGN (0x4)
                0x20000008                __noinit_start = .
 *(.noinit*)
 .noinit        0x20000008       0x14 ./ra/fsp/src/bsp/mcu/all/bsp_clocks.o
                0x20000020                . = ALIGN (0x8)
 *fill*         0x2000001c        0x4 
 *(.heap.*)
                0x20000020                __noinit_end = .

.bss            0x20000020       0x80
                0x20000020                . = ALIGN (0x4)
                0x20000020                __bss_start__ = .
 *(.bss*)
 .bss           0x20000020       0x1c c:/program files (x86)/gnu arm embedded toolchain/10 2021.10/bin/../lib/gcc/arm-none-eabi/10.3.1/thumb/v8-m.base/nofp/crtbegin.o
 .bss.blink.1   0x2000003c        0x1 ./src/bsp/heartbit.o
 *fill*         0x2000003d        0x3 
 .bss.timestamp.0
                0x20000040        0x4 ./src/bsp/heartbit.o
 .bss.millis    0x20000044        0x4 ./src/bsp/system.o
 .bss.g_ioport_ctrl
                0x20000048        0x8 ./ra_gen/common_data.o
                0x20000048                g_ioport_ctrl
 .bss.g_bsp_group_irq_sources
                0x20000050       0x40 ./ra/fsp/src/bsp/mcu/all/bsp_group_irq.o
                0x20000050                g_bsp_group_irq_sources
 .bss.g_protect_pfswe_counter
                0x20000090        0x4 ./ra/fsp/src/bsp/mcu/all/bsp_io.o
                0x20000090                g_protect_pfswe_counter
 .bss.g_protect_counters
                0x20000094        0x8 ./ra/fsp/src/bsp/mcu/all/bsp_register_protection.o
                0x20000094                g_protect_counters
 .bss.SystemCoreClock
                0x2000009c        0x4 ./ra/fsp/src/bsp/cmsis/Device/RENESAS/Source/system.o
                0x2000009c                SystemCoreClock
 *(COMMON)
                0x200000a0                . = ALIGN (0x4)
                0x200000a0                __bss_end__ = .

.heap           0x200000a0        0x0
                0x200000a0                . = ALIGN (0x8)
                0x200000a0                __HeapBase = .
 *(.heap)
                0x200000a0                __HeapLimit = .

.stack_dummy    0x200000a0      0x400
                0x200000a0                . = ALIGN (0x8)
                0x200000a0                __StackLimit = .
 *(.stack)
 .stack         0x200000a0      0x400 ./ra/fsp/src/bsp/cmsis/Device/RENESAS/Source/startup.o
                0x200004a0                __StackTop = .
 *(.stack*)
                0x200004a0                __StackTopAll = .
                0x200004a0                PROVIDE (__stack = __StackTopAll)
                0x200004a0                __RAM_segment_used_end__ = ALIGN (__StackTopAll, 0x4)
                0x20000800                __tz_RAM_C = DEFINED (RAM_NSC_START)?ABSOLUTE ((RAM_NSC_START - RAM_NS_BUFFER_BLOCK_LENGTH)):__RESERVE_NS_RAM?ABSOLUTE (RAM_NS_BUFFER_BLOCK_START):ALIGN (__RAM_segment_used_end__, 0x400)
                0x20002000                __tz_RAM_N = DEFINED (RAM_NS_START)?ABSOLUTE ((RAM_NS_START - RAM_NS_BUFFER_BLOCK_LENGTH)):__RESERVE_NS_RAM?ABSOLUTE (RAM_NS_BUFFER_BLOCK_START):ALIGN (__tz_RAM_C, 0x2000)

.ns_buffer      0x200004a0        0x0
                0x200004a0                . = __RESERVE_NS_RAM?ABSOLUTE ((RAM_NS_BUFFER_START & 0xffffffe0)):.
 *(.ns_buffer*)

.data_flash     0x40100000        0x0
                0x40100000                . = ORIGIN (DATA_FLASH)
                0x40100000                __tz_DATA_FLASH_S = .
                0x40100000                __Data_Flash_Start = .
 *(.data_flash*)
                0x40100000                __Data_Flash_End = .
                0x40100000                __tz_DATA_FLASH_N = DEFINED (DATA_FLASH_NS_START)?ABSOLUTE (DATA_FLASH_NS_START):__RESERVE_NS_RAM?ABSOLUTE ((DATA_FLASH_START + DATA_FLASH_LENGTH)):ALIGN (0x400)
                0x80010000                __tz_SDRAM_S = ORIGIN (SDRAM)

.sdram          0x80010000        0x0
                0x80010000                __SDRAM_Start = .
 *(.sdram*)
 *(.frame*)
                0x80010000                __SDRAM_End = .
                0x80010000                __tz_SDRAM_N = __SDRAM_End
                0x01010018                __tz_ID_CODE_S = ORIGIN (ID_CODE)
                0x01010018                __tz_ID_CODE_N = __tz_ID_CODE_S

.id_code        0x01010018       0x1c
                0x01010018                __ID_Code_Start = .
 *(.id_code*)
 .id_code       0x01010018       0x1c ./ra/fsp/src/bsp/mcu/all/bsp_rom_registers.o
                0x01010034                __ID_Code_End = .
                0x00000000                __tz_OPTION_SETTING_S = ORIGIN (OPTION_SETTING_OFS)

.rel.dyn        0x01010034        0x0
 .rel.iplt      0x01010034        0x0 c:/program files (x86)/gnu arm embedded toolchain/10 2021.10/bin/../lib/gcc/arm-none-eabi/10.3.1/thumb/v8-m.base/nofp/crtbegin.o

.option_setting_ofs
                0x00000000        0x0
                0x00000000                __OPTION_SETTING_OFS_Start = .
 *(.option_setting_ofs0)
                0x00000000                . = PROJECT_SECURE_OR_FLAT?(__OPTION_SETTING_OFS_Start + 0x4):__OPTION_SETTING_OFS_Start
 *(.option_setting_ofs2)
                0x00000000                . = PROJECT_SECURE_OR_FLAT?(__OPTION_SETTING_OFS_Start + 0x10):__OPTION_SETTING_OFS_Start
 *(.option_setting_dualsel)
                0x00000000                __OPTION_SETTING_OFS_End = .

.option_setting_sas
                0x00000034        0x0
                0x00000034                __OPTION_SETTING_SAS_Start = .
 *(.option_setting_sas)
                0x00000034                __OPTION_SETTING_SAS_End = .
                0x00000080                __tz_OPTION_SETTING_N = ABSOLUTE (OPTION_SETTING_START_NS)

.option_setting_ns
                0x00000000        0x0
                0x00000000                __OPTION_SETTING_NS_Start = .
 *(.option_setting_ofs1)
                0x00000000                . = USE_OPTION_SETTING_NS?(__OPTION_SETTING_NS_Start + 0x4):__OPTION_SETTING_NS_Start
 *(.option_setting_ofs3)
                0x00000000                . = USE_OPTION_SETTING_NS?(__OPTION_SETTING_NS_Start + 0x10):__OPTION_SETTING_NS_Start
 *(.option_setting_banksel)
                0x00000000                . = USE_OPTION_SETTING_NS?(__OPTION_SETTING_NS_Start + 0x40):__OPTION_SETTING_NS_Start
 *(.option_setting_bps0)
                0x00000000                . = USE_OPTION_SETTING_NS?(__OPTION_SETTING_NS_Start + 0x44):__OPTION_SETTING_NS_Start
 *(.option_setting_bps1)
                0x00000000                . = USE_OPTION_SETTING_NS?(__OPTION_SETTING_NS_Start + 0x48):__OPTION_SETTING_NS_Start
 *(.option_setting_bps2)
                0x00000000                . = USE_OPTION_SETTING_NS?(__OPTION_SETTING_NS_Start + 0x4c):__OPTION_SETTING_NS_Start
 *(.option_setting_bps3)
                0x00000000                . = USE_OPTION_SETTING_NS?(__OPTION_SETTING_NS_Start + 0x60):__OPTION_SETTING_NS_Start
 *(.option_setting_pbps0)
                0x00000000                . = USE_OPTION_SETTING_NS?(__OPTION_SETTING_NS_Start + 0x64):__OPTION_SETTING_NS_Start
 *(.option_setting_pbps1)
                0x00000000                . = USE_OPTION_SETTING_NS?(__OPTION_SETTING_NS_Start + 0x68):__OPTION_SETTING_NS_Start
 *(.option_setting_pbps2)
                0x00000000                . = USE_OPTION_SETTING_NS?(__OPTION_SETTING_NS_Start + 0x6c):__OPTION_SETTING_NS_Start
 *(.option_setting_pbps3)
                0x00000000                __OPTION_SETTING_NS_End = .
                0x80000000                __tz_OPTION_SETTING_S_S = ORIGIN (OPTION_SETTING_S)

.option_setting_s
                0x80000000        0x0
                0x80000000                __OPTION_SETTING_S_Start = .
 *(.option_setting_ofs1_sec)
                0x80000000                . = PROJECT_SECURE_OR_FLAT?(__OPTION_SETTING_S_Start + 0x4):__OPTION_SETTING_S_Start
 *(.option_setting_ofs3_sec)
                0x80000000                . = PROJECT_SECURE_OR_FLAT?(__OPTION_SETTING_S_Start + 0x10):__OPTION_SETTING_S_Start
 *(.option_setting_banksel_sec)
                0x80000000                . = PROJECT_SECURE_OR_FLAT?(__OPTION_SETTING_S_Start + 0x40):__OPTION_SETTING_S_Start
 *(.option_setting_bps_sec0)
                0x80000000                . = PROJECT_SECURE_OR_FLAT?(__OPTION_SETTING_S_Start + 0x44):__OPTION_SETTING_S_Start
 *(.option_setting_bps_sec1)
                0x80000000                . = PROJECT_SECURE_OR_FLAT?(__OPTION_SETTING_S_Start + 0x48):__OPTION_SETTING_S_Start
 *(.option_setting_bps_sec2)
                0x80000000                . = PROJECT_SECURE_OR_FLAT?(__OPTION_SETTING_S_Start + 0x4c):__OPTION_SETTING_S_Start
 *(.option_setting_bps_sec3)
                0x80000000                . = PROJECT_SECURE_OR_FLAT?(__OPTION_SETTING_S_Start + 0x60):__OPTION_SETTING_S_Start
 *(.option_setting_pbps_sec0)
                0x80000000                . = PROJECT_SECURE_OR_FLAT?(__OPTION_SETTING_S_Start + 0x64):__OPTION_SETTING_S_Start
 *(.option_setting_pbps_sec1)
                0x80000000                . = PROJECT_SECURE_OR_FLAT?(__OPTION_SETTING_S_Start + 0x68):__OPTION_SETTING_S_Start
 *(.option_setting_pbps_sec2)
                0x80000000                . = PROJECT_SECURE_OR_FLAT?(__OPTION_SETTING_S_Start + 0x6c):__OPTION_SETTING_S_Start
 *(.option_setting_pbps_sec3)
                0x80000000                . = PROJECT_SECURE_OR_FLAT?(__OPTION_SETTING_S_Start + 0x80):__OPTION_SETTING_S_Start
 *(.option_setting_ofs1_sel)
                0x80000000                . = PROJECT_SECURE_OR_FLAT?(__OPTION_SETTING_S_Start + 0x84):__OPTION_SETTING_S_Start
 *(.option_setting_ofs3_sel)
                0x80000000                . = PROJECT_SECURE_OR_FLAT?(__OPTION_SETTING_S_Start + 0x90):__OPTION_SETTING_S_Start
 *(.option_setting_banksel_sel)
                0x80000000                . = PROJECT_SECURE_OR_FLAT?(__OPTION_SETTING_S_Start + 0xc0):__OPTION_SETTING_S_Start
 *(.option_setting_bps_sel0)
                0x80000000                . = PROJECT_SECURE_OR_FLAT?(__OPTION_SETTING_S_Start + 0xc4):__OPTION_SETTING_S_Start
 *(.option_setting_bps_sel1)
                0x80000000                . = PROJECT_SECURE_OR_FLAT?(__OPTION_SETTING_S_Start + 0xc8):__OPTION_SETTING_S_Start
 *(.option_setting_bps_sel2)
                0x80000000                . = PROJECT_SECURE_OR_FLAT?(__OPTION_SETTING_S_Start + 0xcc):__OPTION_SETTING_S_Start
 *(.option_setting_bps_sel3)
                0x80000000                __OPTION_SETTING_S_End = .
                0x80000000                __tz_OPTION_SETTING_S_N = __OPTION_SETTING_S_End
OUTPUT(minieco_paperoga_b_rotondi.elf elf32-littlearm)
LOAD linker stubs

.ARM.attributes
                0x00000000       0x2c
 .ARM.attributes
                0x00000000       0x22 c:/program files (x86)/gnu arm embedded toolchain/10 2021.10/bin/../lib/gcc/arm-none-eabi/10.3.1/thumb/v8-m.base/nofp/crti.o
 .ARM.attributes
                0x00000022       0x30 c:/program files (x86)/gnu arm embedded toolchain/10 2021.10/bin/../lib/gcc/arm-none-eabi/10.3.1/thumb/v8-m.base/nofp/crtbegin.o
 .ARM.attributes
                0x00000052       0x30 ./src/bsp/heartbit.o
 .ARM.attributes
                0x00000082       0x30 ./src/bsp/system.o
 .ARM.attributes
                0x000000b2       0x30 ./src/hal_entry.o
 .ARM.attributes
                0x000000e2       0x30 ./ra_gen/common_data.o
 .ARM.attributes
                0x00000112       0x30 ./ra_gen/main.o
 .ARM.attributes
                0x00000142       0x30 ./ra_gen/pin_data.o
 .ARM.attributes
                0x00000172       0x30 ./ra/fsp/src/r_ioport/r_ioport.o
 .ARM.attributes
                0x000001a2       0x30 ./ra/fsp/src/bsp/mcu/all/bsp_clocks.o
 .ARM.attributes
                0x000001d2       0x30 ./ra/fsp/src/bsp/mcu/all/bsp_common.o
 .ARM.attributes
                0x00000202       0x30 ./ra/fsp/src/bsp/mcu/all/bsp_group_irq.o
 .ARM.attributes
                0x00000232       0x30 ./ra/fsp/src/bsp/mcu/all/bsp_io.o
 .ARM.attributes
                0x00000262       0x30 ./ra/fsp/src/bsp/mcu/all/bsp_irq.o
 .ARM.attributes
                0x00000292       0x30 ./ra/fsp/src/bsp/mcu/all/bsp_register_protection.o
 .ARM.attributes
                0x000002c2       0x30 ./ra/fsp/src/bsp/mcu/all/bsp_rom_registers.o
 .ARM.attributes
                0x000002f2       0x30 ./ra/fsp/src/bsp/cmsis/Device/RENESAS/Source/startup.o
 .ARM.attributes
                0x00000322       0x30 ./ra/fsp/src/bsp/cmsis/Device/RENESAS/Source/system.o
 .ARM.attributes
                0x00000352       0x30 c:/program files (x86)/gnu arm embedded toolchain/10 2021.10/bin/../lib/gcc/arm-none-eabi/10.3.1/../../../../arm-none-eabi/lib/thumb/v8-m.base/nofp\libg_nano.a(lib_a-memcpy-stub.o)
 .ARM.attributes
                0x00000382       0x30 c:/program files (x86)/gnu arm embedded toolchain/10 2021.10/bin/../lib/gcc/arm-none-eabi/10.3.1/../../../../arm-none-eabi/lib/thumb/v8-m.base/nofp\libg_nano.a(lib_a-memset.o)
 .ARM.attributes
                0x000003b2       0x30 c:/program files (x86)/gnu arm embedded toolchain/10 2021.10/bin/../lib/gcc/arm-none-eabi/10.3.1/thumb/v8-m.base/nofp/crtend.o
 .ARM.attributes
                0x000003e2       0x22 c:/program files (x86)/gnu arm embedded toolchain/10 2021.10/bin/../lib/gcc/arm-none-eabi/10.3.1/thumb/v8-m.base/nofp/crtn.o

.comment        0x00000000       0x49
 .comment       0x00000000       0x49 ./src/bsp/heartbit.o
                                 0x4a (size before relaxing)
 .comment       0x00000049       0x4a ./src/bsp/system.o
 .comment       0x00000049       0x4a ./src/hal_entry.o
 .comment       0x00000049       0x4a ./ra_gen/common_data.o
 .comment       0x00000049       0x4a ./ra_gen/main.o
 .comment       0x00000049       0x4a ./ra_gen/pin_data.o
 .comment       0x00000049       0x4a ./ra/fsp/src/r_ioport/r_ioport.o
 .comment       0x00000049       0x4a ./ra/fsp/src/bsp/mcu/all/bsp_clocks.o
 .comment       0x00000049       0x4a ./ra/fsp/src/bsp/mcu/all/bsp_common.o
 .comment       0x00000049       0x4a ./ra/fsp/src/bsp/mcu/all/bsp_group_irq.o
 .comment       0x00000049       0x4a ./ra/fsp/src/bsp/mcu/all/bsp_io.o
 .comment       0x00000049       0x4a ./ra/fsp/src/bsp/mcu/all/bsp_irq.o
 .comment       0x00000049       0x4a ./ra/fsp/src/bsp/mcu/all/bsp_register_protection.o
 .comment       0x00000049       0x4a ./ra/fsp/src/bsp/mcu/all/bsp_rom_registers.o
 .comment       0x00000049       0x4a ./ra/fsp/src/bsp/cmsis/Device/RENESAS/Source/startup.o
 .comment       0x00000049       0x4a ./ra/fsp/src/bsp/cmsis/Device/RENESAS/Source/system.o

.debug_info     0x00000000    0x181fd
 .debug_info    0x00000000     0x1345 ./src/bsp/heartbit.o
 .debug_info    0x00001345      0x499 ./src/bsp/system.o
 .debug_info    0x000017de     0x1892 ./src/hal_entry.o
 .debug_info    0x00003070     0x123d ./ra_gen/common_data.o
 .debug_info    0x000042ad       0xb1 ./ra_gen/main.o
 .debug_info    0x0000435e      0xa2b ./ra_gen/pin_data.o
 .debug_info    0x00004d89     0x2fa7 ./ra/fsp/src/r_ioport/r_ioport.o
 .debug_info    0x00007d30     0x662e ./ra/fsp/src/bsp/mcu/all/bsp_clocks.o
 .debug_info    0x0000e35e      0x955 ./ra/fsp/src/bsp/mcu/all/bsp_common.o
 .debug_info    0x0000ecb3     0x142b ./ra/fsp/src/bsp/mcu/all/bsp_group_irq.o
 .debug_info    0x000100de       0xb1 ./ra/fsp/src/bsp/mcu/all/bsp_io.o
 .debug_info    0x0001018f     0x1bab ./ra/fsp/src/bsp/mcu/all/bsp_irq.o
 .debug_info    0x00011d3a     0x3f57 ./ra/fsp/src/bsp/mcu/all/bsp_register_protection.o
 .debug_info    0x00015c91       0xe4 ./ra/fsp/src/bsp/mcu/all/bsp_rom_registers.o
 .debug_info    0x00015d75      0x14f ./ra/fsp/src/bsp/cmsis/Device/RENESAS/Source/startup.o
 .debug_info    0x00015ec4     0x2339 ./ra/fsp/src/bsp/cmsis/Device/RENESAS/Source/system.o

.debug_abbrev   0x00000000     0x1e36
 .debug_abbrev  0x00000000      0x1ed ./src/bsp/heartbit.o
 .debug_abbrev  0x000001ed      0x1e4 ./src/bsp/system.o
 .debug_abbrev  0x000003d1      0x206 ./src/hal_entry.o
 .debug_abbrev  0x000005d7      0x12e ./ra_gen/common_data.o
 .debug_abbrev  0x00000705       0x66 ./ra_gen/main.o
 .debug_abbrev  0x0000076b       0xf6 ./ra_gen/pin_data.o
 .debug_abbrev  0x00000861      0x3f8 ./ra/fsp/src/r_ioport/r_ioport.o
 .debug_abbrev  0x00000c59      0x3a8 ./ra/fsp/src/bsp/mcu/all/bsp_clocks.o
 .debug_abbrev  0x00001001      0x183 ./ra/fsp/src/bsp/mcu/all/bsp_common.o
 .debug_abbrev  0x00001184      0x256 ./ra/fsp/src/bsp/mcu/all/bsp_group_irq.o
 .debug_abbrev  0x000013da       0x5e ./ra/fsp/src/bsp/mcu/all/bsp_io.o
 .debug_abbrev  0x00001438      0x321 ./ra/fsp/src/bsp/mcu/all/bsp_irq.o
 .debug_abbrev  0x00001759      0x252 ./ra/fsp/src/bsp/mcu/all/bsp_register_protection.o
 .debug_abbrev  0x000019ab       0x5f ./ra/fsp/src/bsp/mcu/all/bsp_rom_registers.o
 .debug_abbrev  0x00001a0a       0xe6 ./ra/fsp/src/bsp/cmsis/Device/RENESAS/Source/startup.o
 .debug_abbrev  0x00001af0      0x346 ./ra/fsp/src/bsp/cmsis/Device/RENESAS/Source/system.o

.debug_loc      0x00000000     0x1957
 .debug_loc     0x00000000       0x6c ./src/bsp/heartbit.o
 .debug_loc     0x0000006c       0xb4 ./src/bsp/system.o
 .debug_loc     0x00000120       0x42 ./src/hal_entry.o
 .debug_loc     0x00000162      0xcbb ./ra/fsp/src/r_ioport/r_ioport.o
 .debug_loc     0x00000e1d      0x423 ./ra/fsp/src/bsp/mcu/all/bsp_clocks.o
 .debug_loc     0x00001240       0x25 ./ra/fsp/src/bsp/mcu/all/bsp_common.o
 .debug_loc     0x00001265       0xc1 ./ra/fsp/src/bsp/mcu/all/bsp_group_irq.o
 .debug_loc     0x00001326      0x407 ./ra/fsp/src/bsp/mcu/all/bsp_irq.o
 .debug_loc     0x0000172d      0x110 ./ra/fsp/src/bsp/mcu/all/bsp_register_protection.o
 .debug_loc     0x0000183d      0x11a ./ra/fsp/src/bsp/cmsis/Device/RENESAS/Source/system.o

.debug_aranges  0x00000000      0x308
 .debug_aranges
                0x00000000       0x20 ./src/bsp/heartbit.o
 .debug_aranges
                0x00000020       0x30 ./src/bsp/system.o
 .debug_aranges
                0x00000050       0x28 ./src/hal_entry.o
 .debug_aranges
                0x00000078       0x20 ./ra_gen/common_data.o
 .debug_aranges
                0x00000098       0x20 ./ra_gen/main.o
 .debug_aranges
                0x000000b8       0x18 ./ra_gen/pin_data.o
 .debug_aranges
                0x000000d0       0x88 ./ra/fsp/src/r_ioport/r_ioport.o
 .debug_aranges
                0x00000158       0x58 ./ra/fsp/src/bsp/mcu/all/bsp_clocks.o
 .debug_aranges
                0x000001b0       0x30 ./ra/fsp/src/bsp/mcu/all/bsp_common.o
 .debug_aranges
                0x000001e0       0x28 ./ra/fsp/src/bsp/mcu/all/bsp_group_irq.o
 .debug_aranges
                0x00000208       0x18 ./ra/fsp/src/bsp/mcu/all/bsp_io.o
 .debug_aranges
                0x00000220       0x58 ./ra/fsp/src/bsp/mcu/all/bsp_irq.o
 .debug_aranges
                0x00000278       0x28 ./ra/fsp/src/bsp/mcu/all/bsp_register_protection.o
 .debug_aranges
                0x000002a0       0x18 ./ra/fsp/src/bsp/mcu/all/bsp_rom_registers.o
 .debug_aranges
                0x000002b8       0x28 ./ra/fsp/src/bsp/cmsis/Device/RENESAS/Source/startup.o
 .debug_aranges
                0x000002e0       0x28 ./ra/fsp/src/bsp/cmsis/Device/RENESAS/Source/system.o

.debug_ranges   0x00000000      0x558
 .debug_ranges  0x00000000       0x40 ./src/bsp/heartbit.o
 .debug_ranges  0x00000040       0x98 ./src/bsp/system.o
 .debug_ranges  0x000000d8       0x18 ./src/hal_entry.o
 .debug_ranges  0x000000f0       0x10 ./ra_gen/common_data.o
 .debug_ranges  0x00000100       0x10 ./ra_gen/main.o
 .debug_ranges  0x00000110      0x150 ./ra/fsp/src/r_ioport/r_ioport.o
 .debug_ranges  0x00000260      0x130 ./ra/fsp/src/bsp/mcu/all/bsp_clocks.o
 .debug_ranges  0x00000390       0x20 ./ra/fsp/src/bsp/mcu/all/bsp_common.o
 .debug_ranges  0x000003b0       0x30 ./ra/fsp/src/bsp/mcu/all/bsp_group_irq.o
 .debug_ranges  0x000003e0      0x100 ./ra/fsp/src/bsp/mcu/all/bsp_irq.o
 .debug_ranges  0x000004e0       0x48 ./ra/fsp/src/bsp/mcu/all/bsp_register_protection.o
 .debug_ranges  0x00000528       0x18 ./ra/fsp/src/bsp/cmsis/Device/RENESAS/Source/startup.o
 .debug_ranges  0x00000540       0x18 ./ra/fsp/src/bsp/cmsis/Device/RENESAS/Source/system.o

.debug_line     0x00000000     0x3ba0
 .debug_line    0x00000000      0x39e ./src/bsp/heartbit.o
 .debug_line    0x0000039e      0x362 ./src/bsp/system.o
 .debug_line    0x00000700      0x3ff ./src/hal_entry.o
 .debug_line    0x00000aff      0x2c5 ./ra_gen/common_data.o
 .debug_line    0x00000dc4       0x5e ./ra_gen/main.o
 .debug_line    0x00000e22      0x229 ./ra_gen/pin_data.o
 .debug_line    0x0000104b      0xa79 ./ra/fsp/src/r_ioport/r_ioport.o
 .debug_line    0x00001ac4      0x700 ./ra/fsp/src/bsp/mcu/all/bsp_clocks.o
 .debug_line    0x000021c4      0x2b2 ./ra/fsp/src/bsp/mcu/all/bsp_common.o
 .debug_line    0x00002476      0x31a ./ra/fsp/src/bsp/mcu/all/bsp_group_irq.o
 .debug_line    0x00002790      0x177 ./ra/fsp/src/bsp/mcu/all/bsp_io.o
 .debug_line    0x00002907      0x679 ./ra/fsp/src/bsp/mcu/all/bsp_irq.o
 .debug_line    0x00002f80      0x3c4 ./ra/fsp/src/bsp/mcu/all/bsp_register_protection.o
 .debug_line    0x00003344      0x121 ./ra/fsp/src/bsp/mcu/all/bsp_rom_registers.o
 .debug_line    0x00003465      0x1fb ./ra/fsp/src/bsp/cmsis/Device/RENESAS/Source/startup.o
 .debug_line    0x00003660      0x540 ./ra/fsp/src/bsp/cmsis/Device/RENESAS/Source/system.o

.debug_str      0x00000000     0xa307
 .debug_str     0x00000000     0x32a6 ./src/bsp/heartbit.o
                               0x3330 (size before relaxing)
 .debug_str     0x000032a6      0x1dd ./src/bsp/system.o
                                0x3c9 (size before relaxing)
 .debug_str     0x00003483      0x61a ./src/hal_entry.o
                               0x1d9e (size before relaxing)
 .debug_str     0x00003a9d       0x39 ./ra_gen/common_data.o
                               0x330c (size before relaxing)
 .debug_str     0x00003ad6       0x16 ./ra_gen/main.o
                                0x1c4 (size before relaxing)
 .debug_str     0x00003aec      0x648 ./ra_gen/pin_data.o
                               0x1d55 (size before relaxing)
 .debug_str     0x00004134      0x7de ./ra/fsp/src/r_ioport/r_ioport.o
                               0x3b0f (size before relaxing)
 .debug_str     0x00004912     0x1ee8 ./ra/fsp/src/bsp/mcu/all/bsp_clocks.o
                               0x26ce (size before relaxing)
 .debug_str     0x000067fa      0x112 ./ra/fsp/src/bsp/mcu/all/bsp_common.o
                               0x1c17 (size before relaxing)
 .debug_str     0x0000690c      0x540 ./ra/fsp/src/bsp/mcu/all/bsp_group_irq.o
                               0x2128 (size before relaxing)
 .debug_str     0x00006e4c       0x23 ./ra/fsp/src/bsp/mcu/all/bsp_io.o
                                0x1f3 (size before relaxing)
 .debug_str     0x00006e6f     0x2d09 ./ra/fsp/src/bsp/mcu/all/bsp_irq.o
                               0x3434 (size before relaxing)
 .debug_str     0x00009b78      0x12b ./ra/fsp/src/bsp/mcu/all/bsp_register_protection.o
                               0x1ad5 (size before relaxing)
 .debug_str     0x00009ca3       0x51 ./ra/fsp/src/bsp/mcu/all/bsp_rom_registers.o
                                0x209 (size before relaxing)
 .debug_str     0x00009cf4       0x82 ./ra/fsp/src/bsp/cmsis/Device/RENESAS/Source/startup.o
                                0x23d (size before relaxing)
 .debug_str     0x00009d76      0x591 ./ra/fsp/src/bsp/cmsis/Device/RENESAS/Source/system.o
                                0xfa5 (size before relaxing)

.debug_frame    0x00000000      0x53c
 .debug_frame   0x00000000       0x30 ./src/bsp/heartbit.o
 .debug_frame   0x00000030       0x40 ./src/bsp/system.o
 .debug_frame   0x00000070       0x40 ./src/hal_entry.o
 .debug_frame   0x000000b0       0x20 ./ra_gen/common_data.o
 .debug_frame   0x000000d0       0x28 ./ra_gen/main.o
 .debug_frame   0x000000f8      0x13c ./ra/fsp/src/r_ioport/r_ioport.o
 .debug_frame   0x00000234       0xb8 ./ra/fsp/src/bsp/mcu/all/bsp_clocks.o
 .debug_frame   0x000002ec       0x40 ./ra/fsp/src/bsp/mcu/all/bsp_common.o
 .debug_frame   0x0000032c       0x40 ./ra/fsp/src/bsp/mcu/all/bsp_group_irq.o
 .debug_frame   0x0000036c       0xc8 ./ra/fsp/src/bsp/mcu/all/bsp_irq.o
 .debug_frame   0x00000434       0x48 ./ra/fsp/src/bsp/mcu/all/bsp_register_protection.o
 .debug_frame   0x0000047c       0x38 ./ra/fsp/src/bsp/cmsis/Device/RENESAS/Source/startup.o
 .debug_frame   0x000004b4       0x40 ./ra/fsp/src/bsp/cmsis/Device/RENESAS/Source/system.o
 .debug_frame   0x000004f4       0x28 c:/program files (x86)/gnu arm embedded toolchain/10 2021.10/bin/../lib/gcc/arm-none-eabi/10.3.1/../../../../arm-none-eabi/lib/thumb/v8-m.base/nofp\libg_nano.a(lib_a-memcpy-stub.o)
 .debug_frame   0x0000051c       0x20 c:/program files (x86)/gnu arm embedded toolchain/10 2021.10/bin/../lib/gcc/arm-none-eabi/10.3.1/../../../../arm-none-eabi/lib/thumb/v8-m.base/nofp\libg_nano.a(lib_a-memset.o)
