Archive member included to satisfy reference by file (symbol)

/home/maldus/Local/renesas/e2_studio/toolchains/gcc_arm/10_3_2021_10/gcc-arm-none-eabi-10.3-2021.10/bin/../lib/gcc/arm-none-eabi/10.3.1/thumb/v8-m.base/nofp/libgcc.a(_clzsi2.o)
                              ./ra/fsp/src/r_adc/r_adc.o (__clzsi2)
/home/maldus/Local/renesas/e2_studio/toolchains/gcc_arm/10_3_2021_10/gcc-arm-none-eabi-10.3-2021.10/bin/../lib/gcc/arm-none-eabi/10.3.1/thumb/v8-m.base/nofp/libgcc.a(_aeabi_ldivmod.o)
                              ./ra/fsp/src/r_sci_uart/r_sci_uart.o (__aeabi_ldivmod)
/home/maldus/Local/renesas/e2_studio/toolchains/gcc_arm/10_3_2021_10/gcc-arm-none-eabi-10.3-2021.10/bin/../lib/gcc/arm-none-eabi/10.3.1/thumb/v8-m.base/nofp/libgcc.a(_muldi3.o)
                              ./ra/fsp/src/r_sci_uart/r_sci_uart.o (__aeabi_lmul)
/home/maldus/Local/renesas/e2_studio/toolchains/gcc_arm/10_3_2021_10/gcc-arm-none-eabi-10.3-2021.10/bin/../lib/gcc/arm-none-eabi/10.3.1/thumb/v8-m.base/nofp/libgcc.a(bpabi.o)
                              /home/maldus/Local/renesas/e2_studio/toolchains/gcc_arm/10_3_2021_10/gcc-arm-none-eabi-10.3-2021.10/bin/../lib/gcc/arm-none-eabi/10.3.1/thumb/v8-m.base/nofp/libgcc.a(_aeabi_ldivmod.o) (__gnu_ldivmod_helper)
/home/maldus/Local/renesas/e2_studio/toolchains/gcc_arm/10_3_2021_10/gcc-arm-none-eabi-10.3-2021.10/bin/../lib/gcc/arm-none-eabi/10.3.1/thumb/v8-m.base/nofp/libgcc.a(_dvmd_tls.o)
                              /home/maldus/Local/renesas/e2_studio/toolchains/gcc_arm/10_3_2021_10/gcc-arm-none-eabi-10.3-2021.10/bin/../lib/gcc/arm-none-eabi/10.3.1/thumb/v8-m.base/nofp/libgcc.a(_aeabi_ldivmod.o) (__aeabi_ldiv0)
/home/maldus/Local/renesas/e2_studio/toolchains/gcc_arm/10_3_2021_10/gcc-arm-none-eabi-10.3-2021.10/bin/../lib/gcc/arm-none-eabi/10.3.1/thumb/v8-m.base/nofp/libgcc.a(_divdi3.o)
                              /home/maldus/Local/renesas/e2_studio/toolchains/gcc_arm/10_3_2021_10/gcc-arm-none-eabi-10.3-2021.10/bin/../lib/gcc/arm-none-eabi/10.3.1/thumb/v8-m.base/nofp/libgcc.a(bpabi.o) (__divdi3)
/home/maldus/Local/renesas/e2_studio/toolchains/gcc_arm/10_3_2021_10/gcc-arm-none-eabi-10.3-2021.10/bin/../lib/gcc/arm-none-eabi/10.3.1/../../../../arm-none-eabi/lib/thumb/v8-m.base/nofp/libg_nano.a(lib_a-errno.o)
                              ./ra/fsp/src/bsp/mcu/all/bsp_sbrk.o (__errno)
/home/maldus/Local/renesas/e2_studio/toolchains/gcc_arm/10_3_2021_10/gcc-arm-none-eabi-10.3-2021.10/bin/../lib/gcc/arm-none-eabi/10.3.1/../../../../arm-none-eabi/lib/thumb/v8-m.base/nofp/libg_nano.a(lib_a-exit.o)
                              /home/maldus/Local/renesas/e2_studio/toolchains/gcc_arm/10_3_2021_10/gcc-arm-none-eabi-10.3-2021.10/bin/../lib/gcc/arm-none-eabi/10.3.1/../../../../arm-none-eabi/lib/thumb/v8-m.base/nofp/crt0.o (exit)
/home/maldus/Local/renesas/e2_studio/toolchains/gcc_arm/10_3_2021_10/gcc-arm-none-eabi-10.3-2021.10/bin/../lib/gcc/arm-none-eabi/10.3.1/../../../../arm-none-eabi/lib/thumb/v8-m.base/nofp/libg_nano.a(lib_a-impure.o)
                              /home/maldus/Local/renesas/e2_studio/toolchains/gcc_arm/10_3_2021_10/gcc-arm-none-eabi-10.3-2021.10/bin/../lib/gcc/arm-none-eabi/10.3.1/../../../../arm-none-eabi/lib/thumb/v8-m.base/nofp/libg_nano.a(lib_a-exit.o) (_global_impure_ptr)
/home/maldus/Local/renesas/e2_studio/toolchains/gcc_arm/10_3_2021_10/gcc-arm-none-eabi-10.3-2021.10/bin/../lib/gcc/arm-none-eabi/10.3.1/../../../../arm-none-eabi/lib/thumb/v8-m.base/nofp/libg_nano.a(lib_a-init.o)
                              /home/maldus/Local/renesas/e2_studio/toolchains/gcc_arm/10_3_2021_10/gcc-arm-none-eabi-10.3-2021.10/bin/../lib/gcc/arm-none-eabi/10.3.1/../../../../arm-none-eabi/lib/thumb/v8-m.base/nofp/crt0.o (__libc_init_array)
/home/maldus/Local/renesas/e2_studio/toolchains/gcc_arm/10_3_2021_10/gcc-arm-none-eabi-10.3-2021.10/bin/../lib/gcc/arm-none-eabi/10.3.1/../../../../arm-none-eabi/lib/thumb/v8-m.base/nofp/libg_nano.a(lib_a-malloc.o)
                              ./src/controller/observer.o (free)
/home/maldus/Local/renesas/e2_studio/toolchains/gcc_arm/10_3_2021_10/gcc-arm-none-eabi-10.3-2021.10/bin/../lib/gcc/arm-none-eabi/10.3.1/../../../../arm-none-eabi/lib/thumb/v8-m.base/nofp/libg_nano.a(lib_a-memcmp.o)
                              ./libs/c-watcher/src/watcher.o (memcmp)
/home/maldus/Local/renesas/e2_studio/toolchains/gcc_arm/10_3_2021_10/gcc-arm-none-eabi-10.3-2021.10/bin/../lib/gcc/arm-none-eabi/10.3.1/../../../../arm-none-eabi/lib/thumb/v8-m.base/nofp/libg_nano.a(lib_a-memcpy-stub.o)
                              ./src/bsp/rs232.o (memcpy)
/home/maldus/Local/renesas/e2_studio/toolchains/gcc_arm/10_3_2021_10/gcc-arm-none-eabi-10.3-2021.10/bin/../lib/gcc/arm-none-eabi/10.3.1/../../../../arm-none-eabi/lib/thumb/v8-m.base/nofp/libg_nano.a(lib_a-memset.o)
[...]
Memory Configuration

Name             Origin             Length             Attributes
ITCM             0x0000000000000000 0x0000000000000000 xr
DTCM             0x0000000000000000 0x0000000000000000 xrw
FLASH            0x0000000000000000 0x0000000000040000 xr
RAM              0x0000000020000000 0x0000000000008000 xrw
DATA_FLASH       0x0000000040100000 0x0000000000002000 xr
QSPI_FLASH       0x0000000060000000 0x0000000000000000 xr
OSPI_DEVICE_0    0x0000000080020000 0x0000000000000000 xr
OSPI_DEVICE_1    0x0000000080030000 0x0000000000000000 xr
OSPI_DEVICE_0_RAM 0x0000000080020000 0x0000000000000000 xrw
OSPI_DEVICE_1_RAM 0x0000000080030000 0x0000000000000000 xrw
SDRAM            0x0000000080010000 0x0000000000000000 xrw
OPTION_SETTING   0x0000000000000000 0x0000000000000000 r
OPTION_SETTING_OFS 0x0000000000000000 0x0000000000000018 r
OPTION_SETTING_SAS 0x0000000000000034 0x0000000000000000 r
OPTION_SETTING_S 0x0000000080000000 0x0000000000000000 r
ID_CODE          0x0000000001010018 0x0000000000000020 xr
*default*        0x0000000000000000 0xffffffffffffffff

Linker script and memory map

LOAD /home/maldus/Local/renesas/e2_studio/toolchains/gcc_arm/10_3_2021_10/gcc-arm-none-eabi-10.3-2021.10/bin/../lib/gcc/arm-none-eabi/10.3.1/thumb/v8-m.base/nofp/crti.o
LOAD /home/maldus/Local/renesas/e2_studio/toolchains/gcc_arm/10_3_2021_10/gcc-arm-none-eabi-10.3-2021.10/bin/../lib/gcc/arm-none-eabi/10.3.1/thumb/v8-m.base/nofp/crtbegin.o
LOAD /home/maldus/Local/renesas/e2_studio/toolchains/gcc_arm/10_3_2021_10/gcc-arm-none-eabi-10.3-2021.10/bin/../lib/gcc/arm-none-eabi/10.3.1/../../../../arm-none-eabi/lib/thumb/v8-m.base/nofp/crt0.o
START GROUP
LOAD ./src/services/crc16-ccitt.o
LOAD ./src/model/cycle.o
LOAD ./src/model/heating.o
LOAD ./src/model/model.o
LOAD ./src/controller/controller.o
LOAD ./src/controller/drum.o
LOAD ./src/controller/fan.o
LOAD ./src/controller/observer.o
LOAD ./src/bsp/adc.o
LOAD ./src/bsp/coin_reader.o
LOAD ./src/bsp/digin.o
LOAD ./src/bsp/heartbit.o
LOAD ./src/bsp/pwm.o
LOAD ./src/bsp/relay.o
LOAD ./src/bsp/rs232.o
LOAD ./src/bsp/system.o
LOAD ./src/adapters/modbus_server.o
LOAD ./src/hal_entry.o
LOAD ./ra_gen/common_data.o
LOAD ./ra_gen/hal_data.o
LOAD ./ra_gen/main.o
LOAD ./ra_gen/pin_data.o
LOAD ./ra_gen/vector_data.o
LOAD ./ra/fsp/src/r_sci_uart/r_sci_uart.o
LOAD ./ra/fsp/src/r_ioport/r_ioport.o
LOAD ./ra/fsp/src/r_agt/r_agt.o
LOAD ./ra/fsp/src/r_adc/r_adc.o
LOAD ./ra/fsp/src/bsp/mcu/ra2l1/bsp_power.o
LOAD ./ra/fsp/src/bsp/mcu/all/bsp_clocks.o
LOAD ./ra/fsp/src/bsp/mcu/all/bsp_common.o
LOAD ./ra/fsp/src/bsp/mcu/all/bsp_delay.o
LOAD ./ra/fsp/src/bsp/mcu/all/bsp_group_irq.o
LOAD ./ra/fsp/src/bsp/mcu/all/bsp_guard.o
LOAD ./ra/fsp/src/bsp/mcu/all/bsp_io.o
LOAD ./ra/fsp/src/bsp/mcu/all/bsp_irq.o
LOAD ./ra/fsp/src/bsp/mcu/all/bsp_macl.o
LOAD ./ra/fsp/src/bsp/mcu/all/bsp_register_protection.o
LOAD ./ra/fsp/src/bsp/mcu/all/bsp_rom_registers.o
LOAD ./ra/fsp/src/bsp/mcu/all/bsp_sbrk.o
LOAD ./ra/fsp/src/bsp/mcu/all/bsp_sdram.o
LOAD ./ra/fsp/src/bsp/mcu/all/bsp_security.o
LOAD ./ra/fsp/src/bsp/cmsis/Device/RENESAS/Source/startup.o
LOAD ./ra/fsp/src/bsp/cmsis/Device/RENESAS/Source/system.o
LOAD ./libs/c-watcher/src/watcher.o
LOAD ./libs/c-stopwatch/src/stopwatch.o
LOAD ./libs/c-stopwatch/src/stopwatch_timer.o
LOAD ./libs/c-debounce/src/debounce.o
LOAD ./libs/c-debounce/src/keypad.o
LOAD ./libs/c-debounce/src/pulsecounter.o
END GROUP
START GROUP
LOAD /home/maldus/Local/renesas/e2_studio/toolchains/gcc_arm/10_3_2021_10/gcc-arm-none-eabi-10.3-2021.10/bin/../lib/gcc/arm-none-eabi/10.3.1/thumb/v8-m.base/nofp/libgcc.a
LOAD /home/maldus/Local/renesas/e2_studio/toolchains/gcc_arm/10_3_2021_10/gcc-arm-none-eabi-10.3-2021.10/bin/../lib/gcc/arm-none-eabi/10.3.1/../../../../arm-none-eabi/lib/thumb/v8-m.base/nofp/libg_nano.a
LOAD /home/maldus/Local/renesas/e2_studio/toolchains/gcc_arm/10_3_2021_10/gcc-arm-none-eabi-10.3-2021.10/bin/../lib/gcc/arm-none-eabi/10.3.1/../../../../arm-none-eabi/lib/thumb/v8-m.base/nofp/libc_nano.a
END GROUP
START GROUP
LOAD /home/maldus/Local/renesas/e2_studio/toolchains/gcc_arm/10_3_2021_10/gcc-arm-none-eabi-10.3-2021.10/bin/../lib/gcc/arm-none-eabi/10.3.1/thumb/v8-m.base/nofp/libgcc.a
LOAD /home/maldus/Local/renesas/e2_studio/toolchains/gcc_arm/10_3_2021_10/gcc-arm-none-eabi-10.3-2021.10/bin/../lib/gcc/arm-none-eabi/10.3.1/../../../../arm-none-eabi/lib/thumb/v8-m.base/nofp/libc_nano.a
END GROUP
LOAD /home/maldus/Local/renesas/e2_studio/toolchains/gcc_arm/10_3_2021_10/gcc-arm-none-eabi-10.3-2021.10/bin/../lib/gcc/arm-none-eabi/10.3.1/thumb/v8-m.base/nofp/crtend.o
LOAD /home/maldus/Local/renesas/e2_studio/toolchains/gcc_arm/10_3_2021_10/gcc-arm-none-eabi-10.3-2021.10/bin/../lib/gcc/arm-none-eabi/10.3.1/thumb/v8-m.base/nofp/crtn.o
                0x0000000020000000                RAM_START = 0x20000000
                0x0000000000008000                RAM_LENGTH = 0x8000
                0x0000000000000000                FLASH_START = 0x0
                0x0000000000040000                FLASH_LENGTH = 0x40000
                0x0000000040100000                DATA_FLASH_START = 0x40100000
                0x0000000000002000                DATA_FLASH_LENGTH = 0x2000
                0x0000000000000000                OPTION_SETTING_START = 0x0
                0x0000000000000000                OPTION_SETTING_LENGTH = 0x0
                0x0000000080000000                OPTION_SETTING_S_START = 0x80000000
                0x0000000000000000                OPTION_SETTING_S_LENGTH = 0x0
                0x0000000001010018                ID_CODE_START = 0x1010018
                0x0000000000000020                ID_CODE_LENGTH = 0x20
                0x0000000080010000                SDRAM_START = 0x80010000
                0x0000000000000000                SDRAM_LENGTH = 0x0
                0x0000000060000000                QSPI_FLASH_START = 0x60000000
                0x0000000000000000                QSPI_FLASH_LENGTH = 0x0
                0x0000000080020000                OSPI_DEVICE_0_START = 0x80020000
                0x0000000000000000                OSPI_DEVICE_0_LENGTH = 0x0
                0x0000000080030000                OSPI_DEVICE_1_START = 0x80030000
                0x0000000000000000                OSPI_DEVICE_1_LENGTH = 0x0
                0x0000000000000000                QSPI_FLASH_PRV_LENGTH = DEFINED (QSPI_FLASH_SIZE)?ABSOLUTE (QSPI_FLASH_SIZE):ABSOLUTE (QSPI_FLASH_LENGTH)
                0x0000000000000000                OSPI_DEVICE_0_PRV_LENGTH = DEFINED (OSPI_DEVICE_0_SIZE)?ABSOLUTE (OSPI_DEVICE_0_SIZE):ABSOLUTE (OSPI_DEVICE_0_LENGTH)
                0x0000000000000000                OSPI_DEVICE_1_PRV_LENGTH = DEFINED (OSPI_DEVICE_1_SIZE)?ABSOLUTE (OSPI_DEVICE_1_SIZE):ABSOLUTE (OSPI_DEVICE_1_LENGTH)
                0x0000000000000000                __RESERVE_NS_RAM = ((! (DEFINED (PROJECT_NONSECURE)) && DEFINED (RAM_NS_BUFFER_LENGTH)) && (OPTION_SETTING_S_LENGTH != 0x0))
                0x0000000000000000                ITCM_START = DEFINED (ITCM_START)?ITCM_START:0x0
                0x0000000000000000                ITCM_LENGTH = DEFINED (ITCM_LENGTH)?ITCM_LENGTH:0x0
                0x0000000000000000                DTCM_START = DEFINED (DTCM_START)?DTCM_START:0x0
                0x0000000000000000                DTCM_LENGTH = DEFINED (DTCM_LENGTH)?DTCM_LENGTH:0x0
                0x0000000000000000                RAM_NS_BUFFER_BLOCK_LENGTH = DEFINED (RAM_NS_BUFFER_LENGTH)?ALIGN (RAM_NS_BUFFER_LENGTH, 0x2000):0x0
                0x0000000000000000                RAM_NS_BUFFER_LENGTH = DEFINED (RAM_NS_BUFFER_LENGTH)?RAM_NS_BUFFER_LENGTH:0x0
                0x0000000020008000                RAM_NS_BUFFER_START = ((RAM_START + RAM_LENGTH) - RAM_NS_BUFFER_LENGTH)
                0x0000000020008000                RAM_NS_BUFFER_BLOCK_START = ((RAM_START + RAM_LENGTH) - RAM_NS_BUFFER_BLOCK_LENGTH)
                0x0000000000000080                OPTION_SETTING_START_NS = DEFINED (PROJECT_NONSECURE)?OPTION_SETTING_START:(OPTION_SETTING_START + 0x80)
                0x0000000000000001                __bl_FSP_BOOTABLE_IMAGE = 0x1
                0x0000000000000001                __bln_FSP_BOOTABLE_IMAGE = 0x1
                0x0000000000000000                PROJECT_SECURE_OR_FLAT = (((! (DEFINED (PROJECT_NONSECURE)) || DEFINED (PROJECT_SECURE)) && OPTION_SETTING_LENGTH) && ! (DEFINED (FSP_BOOTABLE_IMAGE)))
                0x0000000000000000                USE_OPTION_SETTING_NS = (DEFINED (PROJECT_NONSECURE) && ! (DEFINED (FSP_BOOTABLE_IMAGE)))
                0x0000000000000000                __bl_FLASH_IMAGE_START = ! (DEFINED (FLASH_BOOTLOADER_LENGTH))?0x0:(FLASH_APPLICATION_IMAGE_NUMBER == 0x1)?((FLASH_START + FLASH_BOOTLOADER_LENGTH) + FLASH_BOOTLOADER_HEADER_LENGTH):(DEFINED (BOOTLOADER_SECONDARY_USE_QSPI) || DEFINED (BOOTLOADER_SECONDARY_USE_OSPI_B))?(((FLASH_START + FLASH_BOOTLOADER_LENGTH) + FLASH_BOOTLOADER_SCRATCH_LENGTH) + FLASH_BOOTLOADER_HEADER_LENGTH):((((FLASH_START + FLASH_BOOTLOADER_LENGTH) + FLASH_BOOTLOADER_SCRATCH_LENGTH) + FLASH_APPLICATION_S_LENGTH) + FLASH_BOOTLOADER_HEADER_LENGTH)
                0x0000000000000000                __bl_FLASH_IMAGE_LENGTH = ! (DEFINED (FLASH_BOOTLOADER_LENGTH))?0x0:(FLASH_APPLICATION_S_LENGTH - FLASH_BOOTLOADER_HEADER_LENGTH)
                0x0000000000000000                __bl_FLASH_IMAGE_END = (__bl_FLASH_IMAGE_START + __bl_FLASH_IMAGE_LENGTH)
                0x0000000000000000                __bl_XIP_SECONDARY_FLASH_IMAGE_START = ! (DEFINED (FLASH_BOOTLOADER_LENGTH))?0x0:((FLASH_BOOTLOADER_LENGTH + FLASH_APPLICATION_S_LENGTH) + FLASH_BOOTLOADER_HEADER_LENGTH)
                0x0000000000000000                __bl_XIP_SECONDARY_FLASH_IMAGE_END = (__bl_XIP_SECONDARY_FLASH_IMAGE_START + __bl_FLASH_IMAGE_LENGTH)
                0x0000000000000000                __bl_FLASH_NS_START = ! (DEFINED (FLASH_BOOTLOADER_LENGTH))?0x0:(FLASH_APPLICATION_NS_LENGTH == 0x0)?__bl_FLASH_IMAGE_END:((__bl_FLASH_IMAGE_START - FLASH_BOOTLOADER_HEADER_LENGTH) + FLASH_APPLICATION_S_LENGTH)
                0x0000000000000000                __bl_FLASH_NSC_START = ! (DEFINED (FLASH_BOOTLOADER_LENGTH))?0x0:(FLASH_APPLICATION_NS_LENGTH == 0x0)?__bl_FLASH_IMAGE_END:(__bl_FLASH_IMAGE_END - FLASH_APPLICATION_NSC_LENGTH)
                0x0000000000000000                __bl_RAM_NS_START = ! (DEFINED (FLASH_BOOTLOADER_LENGTH))?0x0:(FLASH_APPLICATION_NS_LENGTH == 0x0)?(RAM_START + RAM_LENGTH):((RAM_START + RAM_LENGTH) - RAM_APPLICATION_NS_LENGTH)
                0x0000000000000000                __bl_RAM_NSC_START = ! (DEFINED (FLASH_BOOTLOADER_LENGTH))?0x0:(FLASH_APPLICATION_NS_LENGTH == 0x0)?(RAM_START + RAM_LENGTH):(__bl_RAM_NS_START - RAM_APPLICATION_NSC_LENGTH)
                0x0000000000000000                __bl_FLASH_NS_IMAGE_START = ! (DEFINED (FLASH_BOOTLOADER_LENGTH))?0x0:(FLASH_APPLICATION_NS_LENGTH == 0x0)?__bl_FLASH_IMAGE_END:(__bl_FLASH_NS_START + FLASH_BOOTLOADER_HEADER_LENGTH_2)
                0x0000000000000000                __bln_FLASH_IMAGE_START = (__bl_FLASH_NS_IMAGE_START | ! (DEFINED (NS_OFFSET_START))?0x0:NS_OFFSET_START)
                0x0000000000000000                __bln_FLASH_IMAGE_LENGTH = ! (DEFINED (FLASH_BOOTLOADER_LENGTH))?0x0:(FLASH_APPLICATION_NS_LENGTH == 0x0)?__bl_FLASH_IMAGE_END:(FLASH_APPLICATION_NS_LENGTH - FLASH_BOOTLOADER_HEADER_LENGTH_2)
                0x0000000000000000                XIP_SECONDARY_SLOT_IMAGE = DEFINED (XIP_SECONDARY_SLOT_IMAGE)?XIP_SECONDARY_SLOT_IMAGE:0x0
                0x0000000000000000                FLASH_ORIGIN = ! (DEFINED (FLASH_IMAGE_START))?FLASH_START:(XIP_SECONDARY_SLOT_IMAGE == 0x1)?XIP_SECONDARY_FLASH_IMAGE_START:FLASH_IMAGE_START
                0x0000000000040000                LIMITED_FLASH_LENGTH = DEFINED (FLASH_IMAGE_LENGTH)?FLASH_IMAGE_LENGTH:DEFINED (FLASH_BOOTLOADER_LENGTH)?FLASH_BOOTLOADER_LENGTH:FLASH_LENGTH
                0x0000000000000034                OPTION_SETTING_SAS_SIZE = 0x34
                0x0000000000000000                OPTION_SETTING_SAS_LENGTH = ! (DEFINED (OPTION_SETTING_LENGTH))?0x0:(OPTION_SETTING_LENGTH == 0x0)?0x0:(OPTION_SETTING_LENGTH - OPTION_SETTING_SAS_SIZE)
START GROUP
LOAD /home/maldus/Local/renesas/e2_studio/toolchains/gcc_arm/10_3_2021_10/gcc-arm-none-eabi-10.3-2021.10/bin/../lib/gcc/arm-none-eabi/10.3.1/thumb/v8-m.base/nofp/libgcc.a
LOAD /home/maldus/Local/renesas/e2_studio/toolchains/gcc_arm/10_3_2021_10/gcc-arm-none-eabi-10.3-2021.10/bin/../lib/gcc/arm-none-eabi/10.3.1/../../../../arm-none-eabi/lib/thumb/v8-m.base/nofp/libc.a
LOAD /home/maldus/Local/renesas/e2_studio/toolchains/gcc_arm/10_3_2021_10/gcc-arm-none-eabi-10.3-2021.10/bin/../lib/gcc/arm-none-eabi/10.3.1/../../../../arm-none-eabi/lib/thumb/v8-m.base/nofp/libm.a
END GROUP

.text           0x0000000000000000     0x4378
                0x0000000000000000                __tz_FLASH_S = ABSOLUTE (FLASH_START)
                0x0000000000000000                __ROM_Start = .
 *(.fixed_vectors*)
 .fixed_vectors
                0x0000000000000000       0x40 ./ra/fsp/src/bsp/cmsis/Device/RENESAS/Source/startup.o
                0x0000000000000000                __Vectors
 *(.application_vectors*)
 .application_vectors
                0x0000000000000040       0x80 ./ra_gen/vector_data.o
                0x0000000000000040                g_vector_table
                0x00000000000000c0                __Vectors_End = .
 *(.flash_gap*)
                0x0000000000000400                . = (OPTION_SETTING_LENGTH > 0x0)?.:(__ROM_Start + 0x400)
 *fill*         0x00000000000000c0      0x340 ff
 *(.rom_registers*)
 .rom_registers
                0x0000000000000400       0x3c ./ra/fsp/src/bsp/mcu/all/bsp_rom_registers.o
 *(.mcuboot_sce9_key*)
 *(.text*)
 .text          0x000000000000043c       0x50 /home/maldus/Local/renesas/e2_studio/toolchains/gcc_arm/10_3_2021_10/gcc-arm-none-eabi-10.3-2021.10/bin/../lib/gcc/arm-none-eabi/10.3.1/thumb/v8-m.base/nofp/crtbegin.o
 .text.fix_timer
                0x000000000000048c       0x2c ./src/model/cycle.o
 .text.start_everything
                0x00000000000004b8       0x56 ./src/model/cycle.o
 .text.pause_everything
                0x000000000000050e       0x38 ./src/model/cycle.o
 .text.stop_everything
                0x0000000000000546       0x5c ./src/model/cycle.o
 .text.paused_event_manager
                0x00000000000005a2       0x50 ./src/model/cycle.o
 *fill*         0x00000000000005f2        0x2 ff
 .text.running_event_manager
                0x00000000000005f4       0xe0 ./src/model/cycle.o
 .text.wait_start_event_manager
                0x00000000000006d4       0x66 ./src/model/cycle.o
 .text.active_event_manager
                0x000000000000073a       0x8c ./src/model/cycle.o
 .text.stopped_event_manager
                0x00000000000007c6       0xa0 ./src/model/cycle.o
 .text.cycle_send_event
                0x0000000000000866       0x4c ./src/model/cycle.o
                0x0000000000000866                cycle_send_event
 .text.timer_event_callback
                0x00000000000008b2        0xe ./src/model/cycle.o
 .text.cycle_init
                0x00000000000008c0       0x3a ./src/model/cycle.o
                0x00000000000008c0                cycle_init
 .text.cycle_manage
                0x00000000000008fa       0x28 ./src/model/cycle.o
                0x00000000000008fa                cycle_manage
 .text.ptc_temperature_from_adc_value
                0x0000000000000922       0x2e ./src/model/model.o
 .text.set_drum_timestamp
                0x0000000000000950       0x14 ./src/model/model.o
 .text.model_init
                0x0000000000000964       0x34 ./src/model/model.o
                0x0000000000000964                model_init
 .text.model_manage
                0x0000000000000998       0x28 ./src/model/model.o
                0x0000000000000998                model_manage
 .text.model_get_alarms
                0x00000000000009c0        0x4 ./src/model/model.o
                0x00000000000009c0                model_get_alarms
 .text.model_cycle_resume
                0x00000000000009c4        0xe ./src/model/model.o
                0x00000000000009c4                model_cycle_resume
 .text.model_cycle_pause
                0x00000000000009d2        0xe ./src/model/model.o
                0x00000000000009d2                model_cycle_pause
 .text.model_cycle_stop
                0x00000000000009e0        0xe ./src/model/model.o
                0x00000000000009e0                model_cycle_stop
 .text.model_get_step_duration_seconds
                0x00000000000009ee       0x3c ./src/model/model.o
                0x00000000000009ee                model_get_step_duration_seconds
 .text.model_get_relay_map
                0x0000000000000a2a       0x44 ./src/model/model.o
                0x0000000000000a2a                model_get_relay_map
 .text.model_get_pwm1_percentage
                0x0000000000000a6e       0x3c ./src/model/model.o
                0x0000000000000a6e                model_get_pwm1_percentage
 .text.model_get_pwm2_percentage
                0x0000000000000aaa       0x30 ./src/model/model.o
                0x0000000000000aaa                model_get_pwm2_percentage
 .text.model_update_temperature
                0x0000000000000ada       0x4a ./src/model/model.o
                0x0000000000000ada                model_update_temperature
 .text.model_heating_enabled
                0x0000000000000b24       0x2c ./src/model/model.o
                0x0000000000000b24                model_heating_enabled
 .text.model_is_step_unfolding
                0x0000000000000b50       0x30 ./src/model/model.o
                0x0000000000000b50                model_is_step_unfolding
 .text.model_ciclo_continuo
                0x0000000000000b80       0x3c ./src/model/model.o
                0x0000000000000b80                model_ciclo_continuo
 .text.model_ciclo_fermo
                0x0000000000000bbc       0x2e ./src/model/model.o
                0x0000000000000bbc                model_ciclo_fermo
 .text.model_get_remaining_seconds
                0x0000000000000bea       0x4a ./src/model/model.o
                0x0000000000000bea                model_get_remaining_seconds
 .text.model_get_default_temperature
                0x0000000000000c34       0x3c ./src/model/model.o
                0x0000000000000c34                model_get_default_temperature
 .text.model_add_work_time_ms
                0x0000000000000c70       0x36 ./src/model/model.o
                0x0000000000000c70                model_add_work_time_ms
 .text.model_add_rotation_time_ms
                0x0000000000000ca6       0x36 ./src/model/model.o
                0x0000000000000ca6                model_add_rotation_time_ms
 .text.model_add_ventilation_time_ms
                0x0000000000000cdc       0x36 ./src/model/model.o
                0x0000000000000cdc                model_add_ventilation_time_ms
 .text.model_drum_forward
                0x0000000000000d12       0x3a ./src/model/model.o
                0x0000000000000d12                model_drum_forward
 .text.model_drum_backward
                0x0000000000000d4c       0x3a ./src/model/model.o
                0x0000000000000d4c                model_drum_backward
 .text.model_drum_stop
                0x0000000000000d86       0x4c ./src/model/model.o
                0x0000000000000d86                model_drum_stop
 .text.model_is_drum_running_forward
                0x0000000000000dd2       0x32 ./src/model/model.o
                0x0000000000000dd2                model_is_drum_running_forward
 .text.model_fan_on
                0x0000000000000e04       0x3c ./src/model/model.o
                0x0000000000000e04                model_fan_on
 .text.model_fan_off
                0x0000000000000e40       0x44 ./src/model/model.o
                0x0000000000000e40                model_fan_off
 .text.controller_init
                0x0000000000000e84       0x14 ./src/controller/controller.o
                0x0000000000000e84                controller_init
 .text.controller_manage
                0x0000000000000e98       0x66 ./src/controller/controller.o
                0x0000000000000e98                controller_manage
 .text.update_alarms
                0x0000000000000efe       0x18 ./src/controller/observer.o
 .text.refresh_relays
                0x0000000000000f16       0x22 ./src/controller/observer.o
 .text.update_relays
                0x0000000000000f38       0x12 ./src/controller/observer.o
 .text.update_pwm
                0x0000000000000f4a       0x1c ./src/controller/observer.o
 .text.observer_init
                0x0000000000000f66       0x7e ./src/controller/observer.o
                0x0000000000000f66                observer_init
 .text.observer_manage
                0x0000000000000fe4       0x3e ./src/controller/observer.o
                0x0000000000000fe4                observer_manage
 .text.bsp_adc_init
                0x0000000000001022       0x7e ./src/bsp/adc.o
                0x0000000000001022                bsp_adc_init
 .text.bsp_adc_manage
                0x00000000000010a0       0xa2 ./src/bsp/adc.o
                0x00000000000010a0                bsp_adc_manage
 .text.bsp_adc_get
                0x0000000000001142       0x38 ./src/bsp/adc.o
                0x0000000000001142                bsp_adc_get
 .text.bsp_adc_callback
                0x000000000000117a        0x2 ./src/bsp/adc.o
                0x000000000000117a                bsp_adc_callback
 .text.bsp_digin_init
                0x000000000000117c       0x10 ./src/bsp/digin.o
                0x000000000000117c                bsp_digin_init
 .text.bsp_digin_manage
                0x000000000000118c       0x8a ./src/bsp/digin.o
                0x000000000000118c                bsp_digin_manage
 .text.bsp_digin_get_bitmap
                0x0000000000001216        0xc ./src/bsp/digin.o
                0x0000000000001216                bsp_digin_get_bitmap
 .text.bsp_heartbit_manage
                0x0000000000001222       0xac ./src/bsp/heartbit.o
                0x0000000000001222                bsp_heartbit_manage
 .text.bsp_pwm_init
                0x00000000000012ce       0x20 ./src/bsp/pwm.o
                0x00000000000012ce                bsp_pwm_init
 .text.bsp_pwm_update
                0x00000000000012ee       0x2e ./src/bsp/pwm.o
                0x00000000000012ee                bsp_pwm_update
 .text.bsp_pwm_interrupt_callback
                0x000000000000131c       0x60 ./src/bsp/pwm.o
                0x000000000000131c                bsp_pwm_interrupt_callback
 .text.bsp_relay_update
                0x000000000000137c       0x32 ./src/bsp/relay.o
                0x000000000000137c                bsp_relay_update
 .text.bsp_rs232_init
                0x00000000000013ae       0x16 ./src/bsp/rs232.o
                0x00000000000013ae                bsp_rs232_init
 .text.bsp_rs232_write
                0x00000000000013c4       0x1a ./src/bsp/rs232.o
                0x00000000000013c4                bsp_rs232_write
 .text.bsp_rs232_read
                0x00000000000013de       0x26 ./src/bsp/rs232.o
                0x00000000000013de                bsp_rs232_read
 .text.bsp_rs232_flush
                0x0000000000001404        0xe ./src/bsp/rs232.o
                0x0000000000001404                bsp_rs232_flush
 .text.rs232_callback
                0x0000000000001412       0x50 ./src/bsp/rs232.o
                0x0000000000001412                rs232_callback
 .text.bsp_rs232_timed_out
                0x0000000000001462       0x1c ./src/bsp/rs232.o
                0x0000000000001462                bsp_rs232_timed_out
 .text.SysTick_Handler
                0x000000000000147e       0x10 ./src/bsp/system.o
                0x000000000000147e                SysTick_Handler
 .text.bsp_system_init
                0x000000000000148e       0x56 ./src/bsp/system.o
                0x000000000000148e                bsp_system_init
 .text.bsp_system_get_millis
                0x00000000000014e4        0xc ./src/bsp/system.o
                0x00000000000014e4                bsp_system_get_millis
 .text.static_allocator
                0x00000000000014f0       0x28 ./src/adapters/modbus_server.o
 .text.exception_callback
                0x0000000000001518        0x4 ./src/adapters/modbus_server.o
 .text.register_callback
                0x000000000000151c      0x1e0 ./src/adapters/modbus_server.o
 .text.modbusBufferInit
                0x00000000000016fc       0x12 ./src/adapters/modbus_server.o
                0x00000000000016fc                modbusBufferInit
 .text.modbusBufferAllocateADU
                0x000000000000170e       0x34 ./src/adapters/modbus_server.o
                0x000000000000170e                modbusBufferAllocateADU
 .text.modbusBufferFree
                0x0000000000001742        0xc ./src/adapters/modbus_server.o
                0x0000000000001742                modbusBufferFree
 *fill*         0x000000000000174e        0x2 ff
 .text.modbusCRC
                0x0000000000001750       0x3c ./src/adapters/modbus_server.o
                0x0000000000001750                modbusCRC
 .text.modbusSlaveInit
                0x000000000000178c       0x1e ./src/adapters/modbus_server.o
                0x000000000000178c                modbusSlaveInit
 .text.modbusBuildException
                0x00000000000017aa       0x32 ./src/adapters/modbus_server.o
                0x00000000000017aa                modbusBuildException
 .text.modbusParseRequest01020304
                0x00000000000017dc      0x1a2 ./src/adapters/modbus_server.o
                0x00000000000017dc                modbusParseRequest01020304
 .text.modbusParseRequest1516
                0x000000000000197e      0x1b2 ./src/adapters/modbus_server.o
                0x000000000000197e                modbusParseRequest1516
 .text.modbusParseRequest
                0x0000000000001b30       0x34 ./src/adapters/modbus_server.o
                0x0000000000001b30                modbusParseRequest
 .text.modbusParseRequestRTU
                0x0000000000001b64       0xe0 ./src/adapters/modbus_server.o
                0x0000000000001b64                modbusParseRequestRTU
 .text.modbus_server_init
                0x0000000000001c44       0x6e ./src/adapters/modbus_server.o
                0x0000000000001c44                modbus_server_init
 .text.modbus_server_manage
                0x0000000000001cb2       0x74 ./src/adapters/modbus_server.o
                0x0000000000001cb2                modbus_server_manage
 .text.hal_entry
                0x0000000000001d26       0x3e ./src/hal_entry.o
                0x0000000000001d26                hal_entry
 .text.R_BSP_WarmStart
                0x0000000000001d64       0x2e ./src/hal_entry.o
                0x0000000000001d64                R_BSP_WarmStart
 .text.main     0x0000000000001d92        0xa ./ra_gen/main.o
                0x0000000000001d92                main
 .text.R_SCI_UART_Read
                0x0000000000001d9c        0x8 ./ra/fsp/src/r_sci_uart/r_sci_uart.o
                0x0000000000001d9c                R_SCI_UART_Read
 .text.R_SCI_UART_Write
                0x0000000000001da4       0x50 ./ra/fsp/src/r_sci_uart/r_sci_uart.o
                0x0000000000001da4                R_SCI_UART_Write
 .text.R_SCI_UART_CallbackSet
                0x0000000000001df4        0xa ./ra/fsp/src/r_sci_uart/r_sci_uart.o
                0x0000000000001df4                R_SCI_UART_CallbackSet
 .text.R_SCI_UART_InfoGet
                0x0000000000001dfe        0xc ./ra/fsp/src/r_sci_uart/r_sci_uart.o
                0x0000000000001dfe                R_SCI_UART_InfoGet
 .text.R_SCI_UART_Abort
                0x0000000000001e0a       0x28 ./ra/fsp/src/r_sci_uart/r_sci_uart.o
                0x0000000000001e0a                R_SCI_UART_Abort
 .text.R_SCI_UART_ReadStop
                0x0000000000001e32        0xc ./ra/fsp/src/r_sci_uart/r_sci_uart.o
                0x0000000000001e32                R_SCI_UART_ReadStop
 .text.r_sci_uart_baud_set
                0x0000000000001e3e       0x2a ./ra/fsp/src/r_sci_uart/r_sci_uart.o
 .text.r_sci_uart_config_set
                0x0000000000001e68       0x98 ./ra/fsp/src/r_sci_uart/r_sci_uart.o
 .text.R_SCI_UART_BaudSet
                0x0000000000001f00       0x24 ./ra/fsp/src/r_sci_uart/r_sci_uart.o
                0x0000000000001f00                R_SCI_UART_BaudSet
 .text.r_sci_uart_call_callback
                0x0000000000001f24       0x44 ./ra/fsp/src/r_sci_uart/r_sci_uart.o
 .text.R_SCI_UART_Close
                0x0000000000001f68       0x60 ./ra/fsp/src/r_sci_uart/r_sci_uart.o
                0x0000000000001f68                R_SCI_UART_Close
 .text.r_sci_irq_cfg
                0x0000000000001fc8       0x20 ./ra/fsp/src/r_sci_uart/r_sci_uart.o
 .text.r_sci_irqs_cfg
                0x0000000000001fe8       0x36 ./ra/fsp/src/r_sci_uart/r_sci_uart.o
 .text.R_SCI_UART_Open
                0x000000000000201e      0x100 ./ra/fsp/src/r_sci_uart/r_sci_uart.o
                0x000000000000201e                R_SCI_UART_Open
 *fill*         0x000000000000211e        0x2 ff
 .text.sci_uart_txi_isr
                0x0000000000002120       0x90 ./ra/fsp/src/r_sci_uart/r_sci_uart.o
                0x0000000000002120                sci_uart_txi_isr
 .text.sci_uart_rxi_isr
                0x00000000000021b0       0x8c ./ra/fsp/src/r_sci_uart/r_sci_uart.o
                0x00000000000021b0                sci_uart_rxi_isr
 .text.sci_uart_tei_isr
                0x000000000000223c       0x38 ./ra/fsp/src/r_sci_uart/r_sci_uart.o
                0x000000000000223c                sci_uart_tei_isr
 .text.sci_uart_eri_isr
                0x0000000000002274       0x66 ./ra/fsp/src/r_sci_uart/r_sci_uart.o
                0x0000000000002274                sci_uart_eri_isr
 .text.R_IOPORT_Close
                0x00000000000022da        0x8 ./ra/fsp/src/r_ioport/r_ioport.o
                0x00000000000022da                R_IOPORT_Close
 .text.R_IOPORT_PinRead
                0x00000000000022e2       0x22 ./ra/fsp/src/r_ioport/r_ioport.o
                0x00000000000022e2                R_IOPORT_PinRead
 .text.R_IOPORT_PortRead
                0x0000000000002304       0x16 ./ra/fsp/src/r_ioport/r_ioport.o
                0x0000000000002304                R_IOPORT_PortRead
 .text.R_IOPORT_PortWrite
                0x000000000000231a       0x1e ./ra/fsp/src/r_ioport/r_ioport.o
                0x000000000000231a                R_IOPORT_PortWrite
 .text.R_IOPORT_PinWrite
                0x0000000000002338       0x2c ./ra/fsp/src/r_ioport/r_ioport.o
                0x0000000000002338                R_IOPORT_PinWrite
 .text.R_IOPORT_PortDirectionSet
                0x0000000000002364       0x24 ./ra/fsp/src/r_ioport/r_ioport.o
                0x0000000000002364                R_IOPORT_PortDirectionSet
 .text.R_IOPORT_PortEventInputRead
                0x0000000000002388       0x18 ./ra/fsp/src/r_ioport/r_ioport.o
                0x0000000000002388                R_IOPORT_PortEventInputRead
 .text.R_IOPORT_PinEventInputRead
                0x00000000000023a0       0x30 ./ra/fsp/src/r_ioport/r_ioport.o
                0x00000000000023a0                R_IOPORT_PinEventInputRead
 .text.R_IOPORT_PortEventOutputWrite
                0x00000000000023d0       0x1e ./ra/fsp/src/r_ioport/r_ioport.o
                0x00000000000023d0                R_IOPORT_PortEventOutputWrite
 .text.r_ioport_hw_pin_event_output_data_write
                0x00000000000023ee       0x2a ./ra/fsp/src/r_ioport/r_ioport.o
 .text.R_IOPORT_PinEventOutputWrite
                0x0000000000002418       0x12 ./ra/fsp/src/r_ioport/r_ioport.o
                0x0000000000002418                R_IOPORT_PinEventOutputWrite
 *fill*         0x000000000000242a        0x2 ff
 .text.r_ioport_pfs_write
                0x000000000000242c       0x44 ./ra/fsp/src/r_ioport/r_ioport.o
 .text.r_ioport_pins_config
                0x0000000000002470       0xa0 ./ra/fsp/src/r_ioport/r_ioport.o
 .text.R_IOPORT_Open
                0x0000000000002510       0x16 ./ra/fsp/src/r_ioport/r_ioport.o
                0x0000000000002510                R_IOPORT_Open
 .text.R_IOPORT_PinsCfg
                0x0000000000002526        0xc ./ra/fsp/src/r_ioport/r_ioport.o
                0x0000000000002526                R_IOPORT_PinsCfg
 .text.R_IOPORT_PinCfg
                0x0000000000002532       0x7a ./ra/fsp/src/r_ioport/r_ioport.o
                0x0000000000002532                R_IOPORT_PinCfg
 .text.r_agt_common_preamble
                0x00000000000025ac       0x22 ./ra/fsp/src/r_agt/r_agt.o
 .text.r_agt_hardware_cfg
                0x00000000000025ce       0x50 ./ra/fsp/src/r_agt/r_agt.o
 .text.r_agt_period_register_set
                0x000000000000261e       0x26 ./ra/fsp/src/r_agt/r_agt.o
 .text.R_AGT_Start
                0x0000000000002644       0x34 ./ra/fsp/src/r_agt/r_agt.o
                0x0000000000002644                R_AGT_Start
 .text.R_AGT_Open
                0x0000000000002678       0xa8 ./ra/fsp/src/r_agt/r_agt.o
                0x0000000000002678                R_AGT_Open
 .text.agt_int_isr
                0x0000000000002720       0x92 ./ra/fsp/src/r_agt/r_agt.o
                0x0000000000002720                agt_int_isr
 .text.R_ADC_ScanStart
                0x00000000000027b2        0xa ./ra/fsp/src/r_adc/r_adc.o
                0x00000000000027b2                R_ADC_ScanStart
 .text.R_ADC_Read
                0x00000000000027bc        0xe ./ra/fsp/src/r_adc/r_adc.o
                0x00000000000027bc                R_ADC_Read
 .text.r_adc_sensor_sample_state_calculation
                0x00000000000027ca       0x48 ./ra/fsp/src/r_adc/r_adc.o
 .text.r_adc_sensor_cfg
                0x0000000000002812       0x6c ./ra/fsp/src/r_adc/r_adc.o
 .text.r_adc_call_callback
                0x000000000000287e       0x3a ./ra/fsp/src/r_adc/r_adc.o
 .text.r_adc_open_sub
                0x00000000000028b8       0xfc ./ra/fsp/src/r_adc/r_adc.o
 .text.r_adc_irq_enable
                0x00000000000029b4        0xe ./ra/fsp/src/r_adc/r_adc.o
 .text.R_ADC_Open
                0x00000000000029c2       0x6a ./ra/fsp/src/r_adc/r_adc.o
                0x00000000000029c2                R_ADC_Open
 .text.r_adc_scan_cfg
                0x0000000000002a2c      0x15c ./ra/fsp/src/r_adc/r_adc.o
 .text.R_ADC_ScanCfg
                0x0000000000002b88       0x12 ./ra/fsp/src/r_adc/r_adc.o
                0x0000000000002b88                R_ADC_ScanCfg
 .text.r_adc_scan_end_common_isr
                0x0000000000002b9a       0x52 ./ra/fsp/src/r_adc/r_adc.o
 .text.adc_scan_end_isr
                0x0000000000002bec        0xa ./ra/fsp/src/r_adc/r_adc.o
                0x0000000000002bec                adc_scan_end_isr
 .text.bsp_prv_operating_mode_opccr_set
                0x0000000000002bf6       0x5c ./ra/fsp/src/bsp/mcu/all/bsp_clocks.o
 .text.bsp_prv_sosc_init
                0x0000000000002c52       0x12 ./ra/fsp/src/bsp/mcu/all/bsp_clocks.o
 .text.SystemCoreClockUpdate
                0x0000000000002c64       0x2e ./ra/fsp/src/bsp/mcu/all/bsp_clocks.o
                0x0000000000002c64                SystemCoreClockUpdate
 .text.bsp_clock_freq_var_init
                0x0000000000002c92       0x38 ./ra/fsp/src/bsp/mcu/all/bsp_clocks.o
 .text.bsp_prv_clock_set_hard_reset
                0x0000000000002cca       0x20 ./ra/fsp/src/bsp/mcu/all/bsp_clocks.o
 *fill*         0x0000000000002cea        0x2 ff
 .text.bsp_clock_init
                0x0000000000002cec       0x80 ./ra/fsp/src/bsp/mcu/all/bsp_clocks.o
                0x0000000000002cec                bsp_clock_init
 .text.R_BSP_Init_RTC
                0x0000000000002d6c       0x10 ./ra/fsp/src/bsp/mcu/all/bsp_clocks.o
                0x0000000000002d6c                R_BSP_Init_RTC
 .text.bsp_init_internal
                0x0000000000002d7c        0x2 ./ra/fsp/src/bsp/mcu/all/bsp_common.o
                0x0000000000002d7c                bsp_init
                0x0000000000002d7c                bsp_init_internal
 .text.__assert_func
                0x0000000000002d7e        0x4 ./ra/fsp/src/bsp/mcu/all/bsp_common.o
                0x0000000000002d7e                __assert_func
 .text.bsp_prv_software_delay_loop
                0x0000000000002d82        0x8 ./ra/fsp/src/bsp/mcu/all/bsp_delay.o
                0x0000000000002d82                bsp_prv_software_delay_loop
 .text.R_BSP_SoftwareDelay
                0x0000000000002d8a       0x56 ./ra/fsp/src/bsp/mcu/all/bsp_delay.o
                0x0000000000002d8a                R_BSP_SoftwareDelay
 .text.bsp_group_irq_call
                0x0000000000002de0       0x14 ./ra/fsp/src/bsp/mcu/all/bsp_group_irq.o
 .text.NMI_Handler
                0x0000000000002df4       0x44 ./ra/fsp/src/bsp/mcu/all/bsp_group_irq.o
                0x0000000000002df4                NMI_Handler
 .text.R_BSP_IrqStatusClear
                0x0000000000002e38       0x1c ./ra/fsp/src/bsp/mcu/all/bsp_irq.o
                0x0000000000002e38                R_BSP_IrqStatusClear
 .text.R_BSP_IrqClearPending
                0x0000000000002e54       0x26 ./ra/fsp/src/bsp/mcu/all/bsp_irq.o
                0x0000000000002e54                R_BSP_IrqClearPending
 .text.R_BSP_IrqCfg
                0x0000000000002e7a       0x44 ./ra/fsp/src/bsp/mcu/all/bsp_irq.o
                0x0000000000002e7a                R_BSP_IrqCfg
 .text.R_BSP_IrqEnableNoClear
                0x0000000000002ebe       0x18 ./ra/fsp/src/bsp/mcu/all/bsp_irq.o
                0x0000000000002ebe                R_BSP_IrqEnableNoClear
 .text.R_BSP_IrqEnable
                0x0000000000002ed6       0x10 ./ra/fsp/src/bsp/mcu/all/bsp_irq.o
                0x0000000000002ed6                R_BSP_IrqEnable
 .text.R_BSP_IrqDisable
                0x0000000000002ee6       0x22 ./ra/fsp/src/bsp/mcu/all/bsp_irq.o
                0x0000000000002ee6                R_BSP_IrqDisable
 .text.R_BSP_IrqCfgEnable
                0x0000000000002f08       0x10 ./ra/fsp/src/bsp/mcu/all/bsp_irq.o
                0x0000000000002f08                R_BSP_IrqCfgEnable
 .text.bsp_irq_cfg
                0x0000000000002f18       0x2c ./ra/fsp/src/bsp/mcu/all/bsp_irq.o
                0x0000000000002f18                bsp_irq_cfg
 .text.R_BSP_RegisterProtectEnable
                0x0000000000002f44       0x70 ./ra/fsp/src/bsp/mcu/all/bsp_register_protection.o
                0x0000000000002f44                R_BSP_RegisterProtectEnable
 .text.R_BSP_RegisterProtectDisable
                0x0000000000002fb4       0x5c ./ra/fsp/src/bsp/mcu/all/bsp_register_protection.o
                0x0000000000002fb4                R_BSP_RegisterProtectDisable
 .text._sbrk    0x0000000000003010       0x5c ./ra/fsp/src/bsp/mcu/all/bsp_sbrk.o
                0x0000000000003010                _sbrk
 .text.Default_Handler
                0x000000000000306c        0x4 ./ra/fsp/src/bsp/cmsis/Device/RENESAS/Source/startup.o
                0x000000000000306c                DebugMon_Handler
                0x000000000000306c                HardFault_Handler
                0x000000000000306c                PendSV_Handler
                0x000000000000306c                UsageFault_Handler
                0x000000000000306c                SecureFault_Handler
                0x000000000000306c                Default_Handler
                0x000000000000306c                MemManage_Handler
                0x000000000000306c                SVC_Handler
                0x000000000000306c                BusFault_Handler
 .text.Reset_Handler
                0x0000000000003070        0xc ./ra/fsp/src/bsp/cmsis/Device/RENESAS/Source/startup.o
                0x0000000000003070                Reset_Handler
 .text.bsp_reset_trng_circuit
                0x000000000000307c       0x7c ./ra/fsp/src/bsp/cmsis/Device/RENESAS/Source/system.o
 .text.SystemInit
                0x00000000000030f8       0xdc ./ra/fsp/src/bsp/cmsis/Device/RENESAS/Source/system.o
                0x00000000000030f8                SystemInit
 .text.add_callback
                0x00000000000031d4       0x76 ./libs/c-watcher/src/watcher.o
 .text.add_arg  0x000000000000324a       0x76 ./libs/c-watcher/src/watcher.o
 .text.debouncer_callback
                0x00000000000032c0       0x12 ./libs/c-watcher/src/watcher.o
 .text.is_debounced
                0x00000000000032d2       0x20 ./libs/c-watcher/src/watcher.o
 .text.trigger_debouncer_entry
                0x00000000000032f2       0x3c ./libs/c-watcher/src/watcher.o
 .text.add_entry_static
                0x000000000000332e      0x258 ./libs/c-watcher/src/watcher.o
 .text.watcher_init
                0x0000000000003586       0x36 ./libs/c-watcher/src/watcher.o
                0x0000000000003586                watcher_init
 .text.watcher_add_entry
                0x00000000000035bc       0x3c ./libs/c-watcher/src/watcher.o
                0x00000000000035bc                watcher_add_entry
 .text.watcher_trigger_entry
                0x00000000000035f8       0x92 ./libs/c-watcher/src/watcher.o
                0x00000000000035f8                watcher_trigger_entry
 .text.watcher_watch
                0x000000000000368a       0xe8 ./libs/c-watcher/src/watcher.o
                0x000000000000368a                watcher_watch
 .text.stopwatch_init
                0x0000000000003772        0xe ./libs/c-stopwatch/src/stopwatch.o
                0x0000000000003772                stopwatch_init
 .text.stopwatch_resume
                0x0000000000003780        0xc ./libs/c-stopwatch/src/stopwatch.o
                0x0000000000003780                stopwatch_resume
 .text.stopwatch_pause
                0x000000000000378c       0x1c ./libs/c-stopwatch/src/stopwatch.o
                0x000000000000378c                stopwatch_pause
 .text.stopwatch_reset
                0x00000000000037a8        0x8 ./libs/c-stopwatch/src/stopwatch.o
                0x00000000000037a8                stopwatch_reset
 .text.stopwatch_set
                0x00000000000037b0        0x4 ./libs/c-stopwatch/src/stopwatch.o
                0x00000000000037b0                stopwatch_set
 .text.stopwatch_get_elapsed
                0x00000000000037b4       0x18 ./libs/c-stopwatch/src/stopwatch.o
                0x00000000000037b4                stopwatch_get_elapsed
 .text.stopwatch_get_remaining
                0x00000000000037cc       0x16 ./libs/c-stopwatch/src/stopwatch.o
                0x00000000000037cc                stopwatch_get_remaining
 .text.stopwatch_is_done
                0x00000000000037e2       0x30 ./libs/c-stopwatch/src/stopwatch.o
                0x00000000000037e2                stopwatch_is_done
 .text.stopwatch_timer_init
                0x0000000000003812       0x28 ./libs/c-stopwatch/src/stopwatch_timer.o
                0x0000000000003812                stopwatch_timer_init
 .text.stopwatch_timer_set_period
                0x000000000000383a        0x8 ./libs/c-stopwatch/src/stopwatch_timer.o
                0x000000000000383a                stopwatch_timer_set_period
 .text.stopwatch_timer_resume
                0x0000000000003842        0x8 ./libs/c-stopwatch/src/stopwatch_timer.o
                0x0000000000003842                stopwatch_timer_resume
 .text.stopwatch_timer_reset
                0x000000000000384a       0x10 ./libs/c-stopwatch/src/stopwatch_timer.o
                0x000000000000384a                stopwatch_timer_reset
 .text.stopwatch_timer_pause
                0x000000000000385a        0x8 ./libs/c-stopwatch/src/stopwatch_timer.o
                0x000000000000385a                stopwatch_timer_pause
 .text.stopwatch_timer_manage
                0x0000000000003862       0x46 ./libs/c-stopwatch/src/stopwatch_timer.o
                0x0000000000003862                stopwatch_timer_manage
 .text.stopwatch_timer_set_arg
                0x00000000000038a8        0x4 ./libs/c-stopwatch/src/stopwatch_timer.o
                0x00000000000038a8                stopwatch_timer_set_arg
 .text.debounce_filter_init
                0x00000000000038ac       0x1a ./libs/c-debounce/src/debounce.o
                0x00000000000038ac                debounce_filter_init
 .text.debounce_filter_single
                0x00000000000038c6       0x68 ./libs/c-debounce/src/debounce.o
                0x00000000000038c6                debounce_filter_single
 .text.debounce_filter
                0x000000000000392e       0x34 ./libs/c-debounce/src/debounce.o
                0x000000000000392e                debounce_filter
 *fill*         0x0000000000003962        0x2 ff
 .text          0x0000000000003964       0x3c /home/maldus/Local/renesas/e2_studio/toolchains/gcc_arm/10_3_2021_10/gcc-arm-none-eabi-10.3-2021.10/bin/../lib/gcc/arm-none-eabi/10.3.1/thumb/v8-m.base/nofp/libgcc.a(_clzsi2.o)
                0x0000000000003964                __clzsi2
 .text          0x00000000000039a0       0x5c /home/maldus/Local/renesas/e2_studio/toolchains/gcc_arm/10_3_2021_10/gcc-arm-none-eabi-10.3-2021.10/bin/../lib/gcc/arm-none-eabi/10.3.1/thumb/v8-m.base/nofp/libgcc.a(_muldi3.o)
                0x00000000000039a0                __aeabi_lmul
                0x00000000000039a0                __muldi3
 .text.__errno  0x00000000000039fc        0xc /home/maldus/Local/renesas/e2_studio/toolchains/gcc_arm/10_3_2021_10/gcc-arm-none-eabi-10.3-2021.10/bin/../lib/gcc/arm-none-eabi/10.3.1/../../../../arm-none-eabi/lib/thumb/v8-m.base/nofp/libg_nano.a(lib_a-errno.o)
                0x00000000000039fc                __errno
 .text.free     0x0000000000003a08       0x14 /home/maldus/Local/renesas/e2_studio/toolchains/gcc_arm/10_3_2021_10/gcc-arm-none-eabi-10.3-2021.10/bin/../lib/gcc/arm-none-eabi/10.3.1/../../../../arm-none-eabi/lib/thumb/v8-m.base/nofp/libg_nano.a(lib_a-malloc.o)
                0x0000000000003a08                free
 .text.memcmp   0x0000000000003a1c       0x1c /home/maldus/Local/renesas/e2_studio/toolchains/gcc_arm/10_3_2021_10/gcc-arm-none-eabi-10.3-2021.10/bin/../lib/gcc/arm-none-eabi/10.3.1/../../../../arm-none-eabi/lib/thumb/v8-m.base/nofp/libg_nano.a(lib_a-memcmp.o)
                0x0000000000003a1c                memcmp
 .text.memcpy   0x0000000000003a38       0x12 /home/maldus/Local/renesas/e2_studio/toolchains/gcc_arm/10_3_2021_10/gcc-arm-none-eabi-10.3-2021.10/bin/../lib/gcc/arm-none-eabi/10.3.1/../../../../arm-none-eabi/lib/thumb/v8-m.base/nofp/libg_nano.a(lib_a-memcpy-stub.o)
                0x0000000000003a38                memcpy
 .text.memset   0x0000000000003a4a       0x10 /home/maldus/Local/renesas/e2_studio/toolchains/gcc_arm/10_3_2021_10/gcc-arm-none-eabi-10.3-2021.10/bin/../lib/gcc/arm-none-eabi/10.3.1/../../../../arm-none-eabi/lib/thumb/v8-m.base/nofp/libg_nano.a(lib_a-memset.o)
                0x0000000000003a4a                memset
 *fill*         0x0000000000003a5a        0x2 ff
 .text._free_r  0x0000000000003a5c       0x8c /home/maldus/Local/renesas/e2_studio/toolchains/gcc_arm/10_3_2021_10/gcc-arm-none-eabi-10.3-2021.10/bin/../lib/gcc/arm-none-eabi/10.3.1/../../../../arm-none-eabi/lib/thumb/v8-m.base/nofp/libg_nano.a(lib_a-nano-freer.o)
                0x0000000000003a5c                _free_r
 .text.sbrk_aligned
                0x0000000000003ae8       0x40 /home/maldus/Local/renesas/e2_studio/toolchains/gcc_arm/10_3_2021_10/gcc-arm-none-eabi-10.3-2021.10/bin/../lib/gcc/arm-none-eabi/10.3.1/../../../../arm-none-eabi/lib/thumb/v8-m.base/nofp/libg_nano.a(lib_a-nano-mallocr.o)
 .text._malloc_r
                0x0000000000003b28       0xec /home/maldus/Local/renesas/e2_studio/toolchains/gcc_arm/10_3_2021_10/gcc-arm-none-eabi-10.3-2021.10/bin/../lib/gcc/arm-none-eabi/10.3.1/../../../../arm-none-eabi/lib/thumb/v8-m.base/nofp/libg_nano.a(lib_a-nano-mallocr.o)
                0x0000000000003b28                _malloc_r
 .text.realloc  0x0000000000003c14       0x14 /home/maldus/Local/renesas/e2_studio/toolchains/gcc_arm/10_3_2021_10/gcc-arm-none-eabi-10.3-2021.10/bin/../lib/gcc/arm-none-eabi/10.3.1/../../../../arm-none-eabi/lib/thumb/v8-m.base/nofp/libg_nano.a(lib_a-realloc.o)
                0x0000000000003c14                realloc
 .text._sbrk_r  0x0000000000003c28       0x20 /home/maldus/Local/renesas/e2_studio/toolchains/gcc_arm/10_3_2021_10/gcc-arm-none-eabi-10.3-2021.10/bin/../lib/gcc/arm-none-eabi/10.3.1/../../../../arm-none-eabi/lib/thumb/v8-m.base/nofp/libg_nano.a(lib_a-sbrkr.o)
                0x0000000000003c28                _sbrk_r
 .text.__malloc_lock
                0x0000000000003c48       0x10 /home/maldus/Local/renesas/e2_studio/toolchains/gcc_arm/10_3_2021_10/gcc-arm-none-eabi-10.3-2021.10/bin/../lib/gcc/arm-none-eabi/10.3.1/../../../../arm-none-eabi/lib/thumb/v8-m.base/nofp/libg_nano.a(lib_a-mlock.o)
                0x0000000000003c48                __malloc_lock
 .text.__malloc_unlock
                0x0000000000003c58       0x10 /home/maldus/Local/renesas/e2_studio/toolchains/gcc_arm/10_3_2021_10/gcc-arm-none-eabi-10.3-2021.10/bin/../lib/gcc/arm-none-eabi/10.3.1/../../../../arm-none-eabi/lib/thumb/v8-m.base/nofp/libg_nano.a(lib_a-mlock.o)
                0x0000000000003c58                __malloc_unlock
 .text._realloc_r
                0x0000000000003c68       0x5c /home/maldus/Local/renesas/e2_studio/toolchains/gcc_arm/10_3_2021_10/gcc-arm-none-eabi-10.3-2021.10/bin/../lib/gcc/arm-none-eabi/10.3.1/../../../../arm-none-eabi/lib/thumb/v8-m.base/nofp/libg_nano.a(lib_a-nano-reallocr.o)
                0x0000000000003c68                _realloc_r
 .text.__retarget_lock_acquire_recursive
                0x0000000000003cc4        0x2 /home/maldus/Local/renesas/e2_studio/toolchains/gcc_arm/10_3_2021_10/gcc-arm-none-eabi-10.3-2021.10/bin/../lib/gcc/arm-none-eabi/10.3.1/../../../../arm-none-eabi/lib/thumb/v8-m.base/nofp/libg_nano.a(lib_a-lock.o)
                0x0000000000003cc4                __retarget_lock_acquire_recursive
 .text.__retarget_lock_release_recursive
                0x0000000000003cc6        0x2 /home/maldus/Local/renesas/e2_studio/toolchains/gcc_arm/10_3_2021_10/gcc-arm-none-eabi-10.3-2021.10/bin/../lib/gcc/arm-none-eabi/10.3.1/../../../../arm-none-eabi/lib/thumb/v8-m.base/nofp/libg_nano.a(lib_a-lock.o)
                0x0000000000003cc6                __retarget_lock_release_recursive
 .text._malloc_usable_size_r
                0x0000000000003cc8       0x10 /home/maldus/Local/renesas/e2_studio/toolchains/gcc_arm/10_3_2021_10/gcc-arm-none-eabi-10.3-2021.10/bin/../lib/gcc/arm-none-eabi/10.3.1/../../../../arm-none-eabi/lib/thumb/v8-m.base/nofp/libg_nano.a(lib_a-nano-msizer.o)
                0x0000000000003cc8                _malloc_usable_size_r
 *(.version)
 .version       0x0000000000003cd8       0x50 ./ra/fsp/src/bsp/mcu/all/bsp_common.o
 *(.init)
 .init          0x0000000000003d28        0x4 /home/maldus/Local/renesas/e2_studio/toolchains/gcc_arm/10_3_2021_10/gcc-arm-none-eabi-10.3-2021.10/bin/../lib/gcc/arm-none-eabi/10.3.1/thumb/v8-m.base/nofp/crti.o
                0x0000000000003d28                _init
 .init          0x0000000000003d2c        0x8 /home/maldus/Local/renesas/e2_studio/toolchains/gcc_arm/10_3_2021_10/gcc-arm-none-eabi-10.3-2021.10/bin/../lib/gcc/arm-none-eabi/10.3.1/thumb/v8-m.base/nofp/crtn.o
 *(.fini)
 .fini          0x0000000000003d34        0x4 /home/maldus/Local/renesas/e2_studio/toolchains/gcc_arm/10_3_2021_10/gcc-arm-none-eabi-10.3-2021.10/bin/../lib/gcc/arm-none-eabi/10.3.1/thumb/v8-m.base/nofp/crti.o
                0x0000000000003d34                _fini
 .fini          0x0000000000003d38        0x8 /home/maldus/Local/renesas/e2_studio/toolchains/gcc_arm/10_3_2021_10/gcc-arm-none-eabi-10.3-2021.10/bin/../lib/gcc/arm-none-eabi/10.3.1/thumb/v8-m.base/nofp/crtn.o
 *crtbegin.o(.ctors)
 *crtbegin?.o(.ctors)
 *(EXCLUDE_FILE(*crtend.o *crtend?.o) .ctors)
 *(SORT_BY_NAME(.ctors.*))
 *(.ctors)
 *crtbegin.o(.dtors)
 *crtbegin?.o(.dtors)
 *(EXCLUDE_FILE(*crtend.o *crtend?.o) .dtors)
 *(SORT_BY_NAME(.dtors.*))
 *(.dtors)
 *(.rodata*)
 .rodata.running_event_manager
                0x0000000000003d40       0x24 ./src/model/cycle.o
 .rodata.managers
                0x0000000000003d64       0x3c ./src/model/cycle.o
 .rodata.model_init.str1.4
                0x0000000000003da0       0x25 ./src/model/model.o
 *fill*         0x0000000000003dc5        0x3 ff
 .rodata.model_pwoff_serialize.str1.4
                0x0000000000003dc8       0x2b ./src/model/model.o
 *fill*         0x0000000000003df3        0x1 ff
 .rodata.__func__.13
                0x0000000000003df4       0x1e ./src/model/model.o
 *fill*         0x0000000000003e12        0x2 ff
 .rodata.__func__.14
                0x0000000000003e14       0x1b ./src/model/model.o
 *fill*         0x0000000000003e2f        0x1 ff
 .rodata.__func__.15
                0x0000000000003e30       0x17 ./src/model/model.o
 *fill*         0x0000000000003e47        0x1 ff
 .rodata.__func__.19
                0x0000000000003e48       0x1e ./src/model/model.o
 *fill*         0x0000000000003e66        0x2 ff
 .rodata.__func__.21
                0x0000000000003e68       0x1c ./src/model/model.o
 .rodata.__func__.22
                0x0000000000003e84       0x12 ./src/model/model.o
 *fill*         0x0000000000003e96        0x2 ff
 .rodata.__func__.23
                0x0000000000003e98       0x15 ./src/model/model.o
 *fill*         0x0000000000003ead        0x3 ff
 .rodata.__func__.24
                0x0000000000003eb0       0x18 ./src/model/model.o
 .rodata.__func__.25
                0x0000000000003ec8       0x16 ./src/model/model.o
 *fill*         0x0000000000003ede        0x2 ff
 .rodata.__func__.3
                0x0000000000003ee0        0xe ./src/model/model.o
 *fill*         0x0000000000003eee        0x2 ff
 .rodata.__func__.32
                0x0000000000003ef0       0x19 ./src/model/model.o
 *fill*         0x0000000000003f09        0x3 ff
 .rodata.__func__.33
                0x0000000000003f0c       0x1a ./src/model/model.o
 *fill*         0x0000000000003f26        0x2 ff
 .rodata.__func__.34
                0x0000000000003f28       0x1a ./src/model/model.o
 *fill*         0x0000000000003f42        0x2 ff
 .rodata.__func__.35
                0x0000000000003f44       0x14 ./src/model/model.o
 .rodata.__func__.36
                0x0000000000003f58       0x20 ./src/model/model.o
 .rodata.__func__.4
                0x0000000000003f78        0xd ./src/model/model.o
 *fill*         0x0000000000003f85        0x3 ff
 .rodata.__func__.40
                0x0000000000003f88        0xd ./src/model/model.o
 *fill*         0x0000000000003f95        0x3 ff
 .rodata.__func__.41
                0x0000000000003f98        0xb ./src/model/model.o
 *fill*         0x0000000000003fa3        0x1 ff
 .rodata.__func__.5
                0x0000000000003fa4       0x1e ./src/model/model.o
 *fill*         0x0000000000003fc2        0x2 ff
 .rodata.__func__.6
                0x0000000000003fc4       0x10 ./src/model/model.o
 .rodata.__func__.7
                0x0000000000003fd4       0x14 ./src/model/model.o
 .rodata.__func__.8
                0x0000000000003fe8       0x13 ./src/model/model.o
 *fill*         0x0000000000003ffb        0x1 ff
 .rodata.bsp_adc_init.str1.4
                0x0000000000003ffc       0x25 ./src/bsp/adc.o
 *fill*         0x0000000000004021        0x3 ff
 .rodata        0x0000000000004024       0x10 ./src/bsp/adc.o
 .rodata.__func__.1
                0x0000000000004034        0xd ./src/bsp/adc.o
 *fill*         0x0000000000004041        0x3 ff
 .rodata        0x0000000000004044        0xe ./src/bsp/digin.o
 *fill*         0x0000000000004052        0x2 ff
 .rodata        0x0000000000004054        0xc ./src/bsp/relay.o
 .rodata.register_callback
                0x0000000000004060       0x90 ./src/adapters/modbus_server.o
 .rodata.modbus_server_init.str1.4
                0x00000000000040f0       0x50 ./src/adapters/modbus_server.o
 .rodata.__func__.1
                0x0000000000004140       0x13 ./src/adapters/modbus_server.o
 *fill*         0x0000000000004153        0x1 ff
 .rodata.g_ioport
                0x0000000000004154        0xc ./ra_gen/common_data.o
                0x0000000000004154                g_ioport
 .rodata.g_adc0_cfg
                0x0000000000004160       0x18 ./ra_gen/hal_data.o
                0x0000000000004160                g_adc0_cfg
 .rodata.g_adc0_cfg_extend
                0x0000000000004178        0xb ./ra_gen/hal_data.o
                0x0000000000004178                g_adc0_cfg_extend
 *fill*         0x0000000000004183        0x1 ff
 .rodata.g_adc0_channel_cfg
                0x0000000000004184       0x14 ./ra_gen/hal_data.o
                0x0000000000004184                g_adc0_channel_cfg
 .rodata.g_timer0_cfg
                0x0000000000004198       0x20 ./ra_gen/hal_data.o
                0x0000000000004198                g_timer0_cfg
 .rodata.g_timer0_extend
                0x00000000000041b8        0x8 ./ra_gen/hal_data.o
                0x00000000000041b8                g_timer0_extend
 .rodata.g_uart0
                0x00000000000041c0        0xc ./ra_gen/hal_data.o
                0x00000000000041c0                g_uart0
 .rodata.g_uart0_cfg
                0x00000000000041cc       0x20 ./ra_gen/hal_data.o
                0x00000000000041cc                g_uart0_cfg
 .rodata.g_uart0_cfg_extend
                0x00000000000041ec       0x14 ./ra_gen/hal_data.o
                0x00000000000041ec                g_uart0_cfg_extend
 .rodata.g_bsp_pin_cfg
                0x0000000000004200        0xc ./ra_gen/pin_data.o
                0x0000000000004200                g_bsp_pin_cfg
 .rodata.g_bsp_pin_cfg_data
                0x000000000000420c       0xe8 ./ra_gen/pin_data.o
                0x000000000000420c                g_bsp_pin_cfg_data
 .rodata.g_interrupt_event_link_select
                0x00000000000042f4       0x20 ./ra_gen/vector_data.o
                0x00000000000042f4                g_interrupt_event_link_select
 .rodata.g_uart_on_sci
                0x0000000000004314       0x24 ./ra/fsp/src/r_sci_uart/r_sci_uart.o
                0x0000000000004314                g_uart_on_sci
 .rodata.g_ioport_on_ioport
                0x0000000000004338       0x34 ./ra/fsp/src/r_ioport/r_ioport.o
                0x0000000000004338                g_ioport_on_ioport
 .rodata.g_prcr_masks
                0x000000000000436c        0x8 ./ra/fsp/src/bsp/mcu/all/bsp_register_protection.o
                0x0000000000004374                __usb_dev_descriptor_start_fs = .
 *(.usb_device_desc_fs*)
                0x0000000000004374                __usb_cfg_descriptor_start_fs = .
 *(.usb_config_desc_fs*)
                0x0000000000004374                __usb_interface_descriptor_start_fs = .
 *(.usb_interface_desc_fs*)
                0x0000000000004374                __usb_descriptor_end_fs = .
                0x0000000000004374                __usb_dev_descriptor_start_hs = .
 *(.usb_device_desc_hs*)
                0x0000000000004374                __usb_cfg_descriptor_start_hs = .
 *(.usb_config_desc_hs*)
                0x0000000000004374                __usb_interface_descriptor_start_hs = .
 *(.usb_interface_desc_hs*)
                0x0000000000004374                __usb_descriptor_end_hs = .
 *(.eh_frame*)
 .eh_frame      0x0000000000004374        0x0 /home/maldus/Local/renesas/e2_studio/toolchains/gcc_arm/10_3_2021_10/gcc-arm-none-eabi-10.3-2021.10/bin/../lib/gcc/arm-none-eabi/10.3.1/thumb/v8-m.base/nofp/crtbegin.o
 .eh_frame      0x0000000000004374        0x4 /home/maldus/Local/renesas/e2_studio/toolchains/gcc_arm/10_3_2021_10/gcc-arm-none-eabi-10.3-2021.10/bin/../lib/gcc/arm-none-eabi/10.3.1/thumb/v8-m.base/nofp/crtend.o
                0x0000000000004378                __ROM_End = .
                0x00000000000000c0                __Vectors_Size = (__Vectors_End - __Vectors)

.glue_7         0x0000000000004378        0x0
 .glue_7        0x0000000000004378        0x0 linker stubs

.glue_7t        0x0000000000004378        0x0
 .glue_7t       0x0000000000004378        0x0 linker stubs

.vfp11_veneer   0x0000000000004378        0x0
 .vfp11_veneer  0x0000000000004378        0x0 linker stubs

.v4_bx          0x0000000000004378        0x0
 .v4_bx         0x0000000000004378        0x0 linker stubs

.iplt           0x0000000000004378        0x0
 .iplt          0x0000000000004378        0x0 /home/maldus/Local/renesas/e2_studio/toolchains/gcc_arm/10_3_2021_10/gcc-arm-none-eabi-10.3-2021.10/bin/../lib/gcc/arm-none-eabi/10.3.1/thumb/v8-m.base/nofp/crtbegin.o
                0x0000000000004378                . = .
                0x0000000000004378                __itcm_data_pre_location = .

.itcm_data      0x0000000000000000        0x0 load address 0x0000000000004380
                0x0000000000000000                __tz_ITCM_S = ABSOLUTE (ITCM_START)
                0x0000000000000000                __itcm_data_start = .
 *(.itcm_data*)
                0x0000000000000000                . = ALIGN (0x8)
                0x0000000000000000                __itcm_data_end = .
                0x0000000000000000                __tz_ITCM_N = DEFINED (ITCM_NS_START)?ABSOLUTE (ITCM_NS_START):ALIGN (__itcm_data_end, 0x2000)
                0x0000000000004380                __itcm_data_init_start = LOADADDR (.itcm_data)
                0x0000000000004380                __itcm_data_init_end = (LOADADDR (.itcm_data) + SIZEOF (.itcm_data))
                0x0000000000000001                ASSERT (((ORIGIN (ITCM) % 0x8) == 0x0), ITCM memory region origin must be aligned to 8 bytes.)
                0x0000000000000001                ASSERT (((LENGTH (ITCM) % 0x8) == 0x0), ITCM memory region length must be a multiple of 8 bytes.)
                0x0000000000000001                ASSERT (((LOADADDR (.itcm_data) % 0x10) == 0x0), .itcm_data section must be aligned to 16 bytes.)
                0x0000000000000001                ASSERT (((SIZEOF (.itcm_data) % 0x8) == 0x0), .itcm_data section size must be a multiple of 8 bytes.)
                0x0000000000004378                . = (SIZEOF (.itcm_data) > 0x0)?__itcm_data_init_end:__itcm_data_pre_location
                0x0000000000004378                __exidx_start = .

/DISCARD/
 *(.ARM.extab* .gnu.linkonce.armextab.*)
 *(.ARM.exidx* .gnu.linkonce.armexidx.*)
                0x0000000000004378                __exidx_end = .
                0x0000000000004378                __etext = .
                0x0000000020000000                __tz_RAM_S = ORIGIN (RAM)

.fsp_dtc_vector_table
                0x0000000020000000        0x0
                0x0000000020000000                . = ORIGIN (RAM)
 *(.fsp_dtc_vector_table)

.data           0x0000000020000000       0x90 load address 0x0000000000004378
                0x0000000020000000                __data_start__ = .
                0x0000000020000000                . = ALIGN (0x4)
                0x0000000020000000                __Code_In_RAM_Start = .
 *(.code_in_ram*)
                0x0000000020000000                __Code_In_RAM_End = .
 *(vtable)
 *(.data.*)
 .data.modbusSlaveDefaultFunctions
                0x0000000020000000       0x20 ./src/adapters/modbus_server.o
                0x0000000020000000                modbusSlaveDefaultFunctions
 .data.g_uart0_baud_setting
                0x0000000020000020        0x4 ./ra_gen/hal_data.o
                0x0000000020000020                g_uart0_baud_setting
 .data._impure_ptr
                0x0000000020000024        0x4 /home/maldus/Local/renesas/e2_studio/toolchains/gcc_arm/10_3_2021_10/gcc-arm-none-eabi-10.3-2021.10/bin/../lib/gcc/arm-none-eabi/10.3.1/../../../../arm-none-eabi/lib/thumb/v8-m.base/nofp/libg_nano.a(lib_a-impure.o)
                0x0000000020000024                _impure_ptr
 .data.impure_data
                0x0000000020000028       0x60 /home/maldus/Local/renesas/e2_studio/toolchains/gcc_arm/10_3_2021_10/gcc-arm-none-eabi-10.3-2021.10/bin/../lib/gcc/arm-none-eabi/10.3.1/../../../../arm-none-eabi/lib/thumb/v8-m.base/nofp/libg_nano.a(lib_a-impure.o)
 *(.data)
                0x0000000020000088                . = ALIGN (0x4)
                0x0000000020000088                PROVIDE (__preinit_array_start = .)
 *(.preinit_array)
                0x0000000020000088                PROVIDE (__preinit_array_end = .)
                0x0000000020000088                . = ALIGN (0x4)
                0x0000000020000088                PROVIDE (__init_array_start = .)
 *(SORT_BY_NAME(.init_array.*))
 *(.init_array)
 .init_array    0x0000000020000088        0x4 /home/maldus/Local/renesas/e2_studio/toolchains/gcc_arm/10_3_2021_10/gcc-arm-none-eabi-10.3-2021.10/bin/../lib/gcc/arm-none-eabi/10.3.1/thumb/v8-m.base/nofp/crtbegin.o
                0x000000002000008c                PROVIDE (__init_array_end = .)
                0x000000002000008c                . = ALIGN (0x4)
                [!provide]                        PROVIDE (__fini_array_start = .)
 *(SORT_BY_NAME(.fini_array.*))
 *(.fini_array)
 .fini_array    0x000000002000008c        0x4 /home/maldus/Local/renesas/e2_studio/toolchains/gcc_arm/10_3_2021_10/gcc-arm-none-eabi-10.3-2021.10/bin/../lib/gcc/arm-none-eabi/10.3.1/thumb/v8-m.base/nofp/crtbegin.o
                [!provide]                        PROVIDE (__fini_array_end = .)
 *(.jcr*)
                0x0000000020000090                . = ALIGN (0x4)
                0x0000000020000090                __data_end__ = .

.igot.plt       0x0000000020000090        0x0 load address 0x0000000000004408
 .igot.plt      0x0000000020000090        0x0 /home/maldus/Local/renesas/e2_studio/toolchains/gcc_arm/10_3_2021_10/gcc-arm-none-eabi-10.3-2021.10/bin/../lib/gcc/arm-none-eabi/10.3.1/thumb/v8-m.base/nofp/crtbegin.o
                0x0000000020000090                . = .
                0x0000000000004408                __dtcm_data_pre_location = (LOADADDR (.data) + SIZEOF (.data))

.dtcm_data      0x0000000000000000        0x0 load address 0x0000000000004410
                0x0000000000000000                __tz_DTCM_S = ABSOLUTE (DTCM_START)
                0x0000000000000000                __dtcm_data_start = .
 *(.dtcm_data*)
                0x0000000000000000                . = ALIGN (0x8)
                0x0000000000000000                __dtcm_data_end = .
                0x0000000000000000                . = __dtcm_data_end

.dtcm_bss       0x0000000000000000        0x0
                0x0000000000000000                __dtcm_bss_start = .
 *(.dtcm_bss*)
                0x0000000000000000                . = ALIGN (0x8)
                0x0000000000000000                __dtcm_bss_end = .
                0x0000000000000000                __tz_DTCM_N = DEFINED (DTCM_NS_START)?ABSOLUTE (DTCM_NS_START):ALIGN (__dtcm_bss_end, 0x2000)
                0x0000000000004410                __dtcm_data_init_start = LOADADDR (.dtcm_data)
                0x0000000000004410                __dtcm_data_init_end = (LOADADDR (.dtcm_data) + SIZEOF (.dtcm_data))
                0x0000000000000001                ASSERT (((ORIGIN (DTCM) % 0x8) == 0x0), DTCM memory region origin must be aligned to 8 bytes.)
                0x0000000000000001                ASSERT (((LENGTH (DTCM) % 0x8) == 0x0), DTCM memory region length must be a multiple of 8 bytes.)
                0x0000000000000001                ASSERT ((LOADADDR (.dtcm_bss) == ADDR (.dtcm_bss)), .dtcm_bss has (VMA != LMA) but should be NOLOAD (VMA == LMA).)
                0x0000000000000001                ASSERT (((LOADADDR (.dtcm_data) % 0x10) == 0x0), .dtcm_data section must be aligned to 16 bytes.)
                0x0000000000000001                ASSERT (((SIZEOF (.dtcm_data) % 0x8) == 0x0), .dtcm_data section size must be a multiple of 8 bytes.)
                0x0000000000000001                ASSERT (((LOADADDR (.dtcm_bss) % 0x8) == 0x0), .dtcm_bss section must be aligned to 8 bytes.)
                0x0000000000000001                ASSERT (((SIZEOF (.dtcm_bss) % 0x8) == 0x0), .dtcm_bss section size must be a multiple of 8 bytes.)
                0x0000000000000001                ASSERT ((__dtcm_bss_start == __dtcm_data_end), .dtcm_bss section is not adjacent to .dtcm_data section.)
                0x0000000000004408                . = (SIZEOF (.dtcm_data) > 0x0)?__dtcm_data_init_end:__dtcm_data_pre_location
                0x0000000000004408                sgstubs_pre_location = .
                0x0000000000004800                SGSTUBS_LOC = (DEFINED (PROJECT_SECURE) && DEFINED (FLASH_NSC_START))?ABSOLUTE (FLASH_NSC_START):ALIGN (0x400)

.gnu.sgstubs    0x0000000000004800        0x0
                0x0000000000004800                __tz_FLASH_C = DEFINED (FLASH_NSC_START)?ABSOLUTE (FLASH_NSC_START):__RESERVE_NS_RAM?ABSOLUTE ((FLASH_START + FLASH_LENGTH)):ALIGN (0x400)
                0x0000000000004800                _start_sg = .
 *(.gnu.sgstubs*)
                0x0000000000004800                . = ALIGN (0x20)
                0x0000000000004800                _end_sg = .
                0x0000000000008000                __tz_FLASH_N = DEFINED (FLASH_NS_START)?ABSOLUTE (FLASH_NS_START):__RESERVE_NS_RAM?ABSOLUTE ((FLASH_START + FLASH_LENGTH)):(FLASH_LENGTH < 0x8000)?FLASH_LENGTH:ALIGN (0x8000)
                0x0000000000008000                FLASH_NS_IMAGE_START = DEFINED (FLASH_NS_IMAGE_START)?FLASH_NS_IMAGE_START:__tz_FLASH_N
                0x0000000060000000                __tz_QSPI_FLASH_S = ORIGIN (QSPI_FLASH)

.qspi_flash     0x0000000060000000        0x0
                0x0000000060000000                __qspi_flash_start__ = .
 *(.qspi_flash*)
 *(.code_in_qspi*)
                0x0000000060000000                __qspi_flash_end__ = .
                0x0000000000000000                __qspi_flash_code_size__ = (__qspi_flash_end__ - __qspi_flash_start__)
                0x0000000000004408                __qspi_flash_code_addr__ = sgstubs_pre_location

.qspi_non_retentive
                0x0000000060000000        0x0 load address 0x0000000000004408
                0x0000000060000000                __qspi_non_retentive_start__ = .
 *(.qspi_non_retentive*)
                0x0000000060000000                __qspi_non_retentive_end__ = .
                0x0000000000000000                __qspi_non_retentive_size__ = (__qspi_non_retentive_end__ - __qspi_non_retentive_start__)
                0x0000000004000000                __qspi_region_max_size__ = 0x4000000
                0x0000000060000000                __qspi_region_start_address__ = __qspi_flash_start__
                0x0000000064000000                __qspi_region_end_address__ = (__qspi_flash_start__ + __qspi_region_max_size__)
                0x0000000060000000                __tz_QSPI_FLASH_N = __qspi_non_retentive_end__

.OSPI_DEVICE_0_NO_LOAD
                0x0000000080020000        0x0
                0x0000000080020000                . = ALIGN (0x4)
                0x0000000080020000                __ospi_device_0_start__ = .
 *(.ospi_device_0_no_load*)
                0x0000000080020000                . = ALIGN (0x4)
                0x0000000080020000                __ospi_device_0_end__ = .

.OSPI_DEVICE_1_NO_LOAD
                0x0000000080030000        0x0
                0x0000000080030000                . = ALIGN (0x4)
                0x0000000080030000                __ospi_device_1_start__ = .
 *(.ospi_device_1_no_load*)
                0x0000000080030000                . = ALIGN (0x4)
                0x0000000080030000                __ospi_device_1_end__ = .
                0x0000000080020000                __tz_OSPI_DEVICE_0_S = ORIGIN (OSPI_DEVICE_0)

.OSPI_DEVICE_0  0x0000000080020000        0x0
                0x0000000080020000                __ospi_device_0_start__ = .
 *(.ospi_device_0*)
 *(.code_in_ospi_device_0*)
                0x0000000080020000                __ospi_device_0_end__ = .
                0x0000000000000000                __ospi_device_0_code_size__ = (__ospi_device_0_end__ - __ospi_device_0_start__)
                0x0000000000004408                __ospi_device_0_code_addr__ = (sgstubs_pre_location + SIZEOF (.qspi_non_retentive))

.ospi_device_0_non_retentive
                0x0000000080020000        0x0 load address 0x0000000000004408
                0x0000000080020000                __ospi_device_0_non_retentive_start__ = .
 *(.ospi_device_0_non_retentive*)
                0x0000000080020000                __ospi_device_0_non_retentive_end__ = .
                0x0000000000000000                __ospi_device_0_non_retentive_size__ = (__ospi_device_0_non_retentive_end__ - __ospi_device_0_non_retentive_start__)
                0x0000000008000000                __ospi_device_0_region_max_size__ = 0x8000000
                0x0000000080020000                __ospi_device_0_region_start_address__ = __ospi_device_0_start__
                0x0000000088020000                __ospi_device_0_region_end_address__ = (__ospi_device_0_start__ + __ospi_device_0_region_max_size__)
                0x0000000080020000                __tz_OSPI_DEVICE_0_N = __ospi_device_0_non_retentive_end__
                0x0000000080030000                __tz_OSPI_DEVICE_1_S = ORIGIN (OSPI_DEVICE_1)

.OSPI_DEVICE_1  0x0000000080030000        0x0
                0x0000000080030000                __ospi_device_1_start__ = .
 *(.ospi_device_1*)
 *(.code_in_ospi_device_1*)
                0x0000000080030000                __ospi_device_1_end__ = .
                0x0000000000000000                __ospi_device_1_code_size__ = (__ospi_device_1_end__ - __ospi_device_1_start__)
                0x0000000000004408                __ospi_device_1_code_addr__ = (sgstubs_pre_location + (SIZEOF (.qspi_non_retentive) + SIZEOF (.ospi_device_0_non_retentive)))

.ospi_device_1_non_retentive
                0x0000000080030000        0x0 load address 0x0000000000004408
                0x0000000080030000                __ospi_device_1_non_retentive_start__ = .
 *(.ospi_device_1_non_retentive*)
                0x0000000080030000                __ospi_device_1_non_retentive_end__ = .
                0x0000000000000000                __ospi_device_1_non_retentive_size__ = (__ospi_device_1_non_retentive_end__ - __ospi_device_1_non_retentive_start__)
                0x0000000010000000                __ospi_device_1_region_max_size__ = 0x10000000
                0x0000000080030000                __ospi_device_1_region_start_address__ = __ospi_device_1_start__
                0x0000000090030000                __ospi_device_1_region_end_address__ = (__ospi_device_1_start__ + __ospi_device_1_region_max_size__)
                0x0000000080030000                __tz_OSPI_DEVICE_1_N = __ospi_device_1_non_retentive_end__

.noinit         0x0000000020000090       0x18
                0x0000000020000090                . = ALIGN (0x4)
                0x0000000020000090                __noinit_start = .
 *(.noinit*)
 .noinit        0x0000000020000090       0x14 ./ra/fsp/src/bsp/mcu/all/bsp_clocks.o
                0x00000000200000a8                . = ALIGN (0x8)
 *fill*         0x00000000200000a4        0x4 
 *(.heap.*)
                0x00000000200000a8                __noinit_end = .

.bss            0x00000000200000a8      0x590
                0x00000000200000a8                . = ALIGN (0x4)
                0x00000000200000a8                __bss_start__ = .
 *(.bss*)
 .bss           0x00000000200000a8       0x1c /home/maldus/Local/renesas/e2_studio/toolchains/gcc_arm/10_3_2021_10/gcc-arm-none-eabi-10.3-2021.10/bin/../lib/gcc/arm-none-eabi/10.3.1/thumb/v8-m.base/nofp/crtbegin.o
 .bss.ts.0      0x00000000200000c4        0x4 ./src/controller/controller.o
 .bss.state     0x00000000200000c8        0x6 ./src/controller/observer.o
 *fill*         0x00000000200000ce        0x2 
 .bss.watcher   0x00000000200000d0       0x38 ./src/controller/observer.o
 .bss.press1_samples
                0x0000000020000108       0x14 ./src/bsp/adc.o
 .bss.samples_index
                0x000000002000011c        0x2 ./src/bsp/adc.o
 *fill*         0x000000002000011e        0x2 
 .bss.temp1_samples
                0x0000000020000120       0x14 ./src/bsp/adc.o
 .bss.temp_samples
                0x0000000020000134       0x14 ./src/bsp/adc.o
 .bss.ts.0      0x0000000020000148        0x4 ./src/bsp/adc.o
 .bss.filter    0x000000002000014c       0x88 ./src/bsp/digin.o
 .bss.ts.0      0x00000000200001d4        0x4 ./src/bsp/digin.o
 .bss.blink.1   0x00000000200001d8        0x1 ./src/bsp/heartbit.o
 *fill*         0x00000000200001d9        0x3 
 .bss.timestamp.0
                0x00000000200001dc        0x4 ./src/bsp/heartbit.o
 .bss.duty_cycle_1_start
                0x00000000200001e0        0x2 ./src/bsp/pwm.o
 .bss.duty_cycle_2_start
                0x00000000200001e2        0x2 ./src/bsp/pwm.o
 .bss.period_counter
                0x00000000200001e4        0x2 ./src/bsp/pwm.o
 *fill*         0x00000000200001e6        0x2 
 .bss.last_reception_timestamp
                0x00000000200001e8        0x4 ./src/bsp/rs232.o
 .bss.receive_buffer
                0x00000000200001ec       0xff ./src/bsp/rs232.o
 *fill*         0x00000000200002eb        0x1 
 .bss.receive_index
                0x00000000200002ec        0x4 ./src/bsp/rs232.o
 .bss.millis    0x00000000200002f0        0x4 ./src/bsp/system.o
 .bss.modbus_minion
                0x00000000200002f4       0x24 ./src/adapters/modbus_server.o
 .bss.response.0
                0x0000000020000318      0x100 ./src/adapters/modbus_server.o
 .bss.model.0   0x0000000020000418       0xc4 ./src/hal_entry.o
 .bss.g_ioport_ctrl
                0x00000000200004dc        0x8 ./ra_gen/common_data.o
                0x00000000200004dc                g_ioport_ctrl
 .bss.g_adc0_ctrl
                0x00000000200004e4       0x24 ./ra_gen/hal_data.o
                0x00000000200004e4                g_adc0_ctrl
 .bss.g_timer0_ctrl
                0x0000000020000508       0x20 ./ra_gen/hal_data.o
                0x0000000020000508                g_timer0_ctrl
 .bss.g_uart0_ctrl
                0x0000000020000528       0x30 ./ra_gen/hal_data.o
                0x0000000020000528                g_uart0_ctrl
 .bss.gp_prv_agt_periods
                0x0000000020000558        0x8 ./ra/fsp/src/r_agt/r_agt.o
 .bss.g_bsp_group_irq_sources
                0x0000000020000560       0x34 ./ra/fsp/src/bsp/mcu/all/bsp_group_irq.o
                0x0000000020000560                g_bsp_group_irq_sources
 .bss.g_protect_pfswe_counter
                0x0000000020000594        0x4 ./ra/fsp/src/bsp/mcu/all/bsp_io.o
                0x0000000020000594                g_protect_pfswe_counter
 .bss.gp_renesas_isr_context
                0x0000000020000598       0x80 ./ra/fsp/src/bsp/mcu/all/bsp_irq.o
                0x0000000020000598                gp_renesas_isr_context
 .bss.g_protect_counters
                0x0000000020000618        0x8 ./ra/fsp/src/bsp/mcu/all/bsp_register_protection.o
                0x0000000020000618                g_protect_counters
 .bss.current_heap_end.0
                0x0000000020000620        0x4 ./ra/fsp/src/bsp/mcu/all/bsp_sbrk.o
 .bss.SystemCoreClock
                0x0000000020000624        0x4 ./ra/fsp/src/bsp/cmsis/Device/RENESAS/Source/system.o
                0x0000000020000624                SystemCoreClock
 .bss.__malloc_free_list
                0x0000000020000628        0x4 /home/maldus/Local/renesas/e2_studio/toolchains/gcc_arm/10_3_2021_10/gcc-arm-none-eabi-10.3-2021.10/bin/../lib/gcc/arm-none-eabi/10.3.1/../../../../arm-none-eabi/lib/thumb/v8-m.base/nofp/libg_nano.a(lib_a-nano-mallocr.o)
                0x0000000020000628                __malloc_free_list
 .bss.__malloc_sbrk_start
                0x000000002000062c        0x4 /home/maldus/Local/renesas/e2_studio/toolchains/gcc_arm/10_3_2021_10/gcc-arm-none-eabi-10.3-2021.10/bin/../lib/gcc/arm-none-eabi/10.3.1/../../../../arm-none-eabi/lib/thumb/v8-m.base/nofp/libg_nano.a(lib_a-nano-mallocr.o)
                0x000000002000062c                __malloc_sbrk_start
 .bss.errno     0x0000000020000630        0x4 /home/maldus/Local/renesas/e2_studio/toolchains/gcc_arm/10_3_2021_10/gcc-arm-none-eabi-10.3-2021.10/bin/../lib/gcc/arm-none-eabi/10.3.1/../../../../arm-none-eabi/lib/thumb/v8-m.base/nofp/libg_nano.a(lib_a-reent.o)
                0x0000000020000630                errno
 .bss.__lock___malloc_recursive_mutex
                0x0000000020000634        0x1 /home/maldus/Local/renesas/e2_studio/toolchains/gcc_arm/10_3_2021_10/gcc-arm-none-eabi-10.3-2021.10/bin/../lib/gcc/arm-none-eabi/10.3.1/../../../../arm-none-eabi/lib/thumb/v8-m.base/nofp/libg_nano.a(lib_a-lock.o)
                0x0000000020000634                __lock___malloc_recursive_mutex
 *(COMMON)
                0x0000000020000638                . = ALIGN (0x4)
 *fill*         0x0000000020000635        0x3 
                0x0000000020000638                __bss_end__ = .

.heap           0x0000000020000638      0x3e8
                0x0000000020000638                . = ALIGN (0x8)
                0x0000000020000638                __HeapBase = .
 *(.heap)
 .heap          0x0000000020000638      0x3e8 ./ra/fsp/src/bsp/cmsis/Device/RENESAS/Source/startup.o
                0x0000000020000a20                __HeapLimit = .

.stack_dummy    0x0000000020000a20      0x400
                0x0000000020000a20                . = ALIGN (0x8)
                0x0000000020000a20                __StackLimit = .
 *(.stack)
 .stack         0x0000000020000a20      0x400 ./ra/fsp/src/bsp/cmsis/Device/RENESAS/Source/startup.o
                0x0000000020000e20                __StackTop = .
 *(.stack*)
                0x0000000020000e20                __StackTopAll = .
                0x0000000020000e20                PROVIDE (__stack = __StackTopAll)
                0x0000000020000e20                __RAM_segment_used_end__ = ALIGN (__StackTopAll, 0x4)
                0x0000000020001000                __tz_RAM_C = DEFINED (RAM_NSC_START)?ABSOLUTE ((RAM_NSC_START - RAM_NS_BUFFER_BLOCK_LENGTH)):__RESERVE_NS_RAM?ABSOLUTE (RAM_NS_BUFFER_BLOCK_START):ALIGN (__RAM_segment_used_end__, 0x400)
                0x0000000020002000                __tz_RAM_N = DEFINED (RAM_NS_START)?ABSOLUTE ((RAM_NS_START - RAM_NS_BUFFER_BLOCK_LENGTH)):__RESERVE_NS_RAM?ABSOLUTE (RAM_NS_BUFFER_BLOCK_START):ALIGN (__tz_RAM_C, 0x2000)

.ns_buffer      0x0000000020000e20        0x0
                0x0000000020000e20                . = __RESERVE_NS_RAM?ABSOLUTE ((RAM_NS_BUFFER_START & 0xffffffe0)):.
 *(.ns_buffer*)

.data_flash     0x0000000040100000        0x0
                0x0000000040100000                . = ORIGIN (DATA_FLASH)
                0x0000000040100000                __tz_DATA_FLASH_S = .
                0x0000000040100000                __Data_Flash_Start = .
 *(.data_flash*)
                0x0000000040100000                __Data_Flash_End = .
                0x0000000040100000                __tz_DATA_FLASH_N = DEFINED (DATA_FLASH_NS_START)?ABSOLUTE (DATA_FLASH_NS_START):__RESERVE_NS_RAM?ABSOLUTE ((DATA_FLASH_START + DATA_FLASH_LENGTH)):ALIGN (0x400)
                0x0000000080010000                __tz_SDRAM_S = ORIGIN (SDRAM)

.sdram          0x0000000080010000        0x0
                0x0000000080010000                __SDRAM_Start = .
 *(.sdram*)
 *(.frame*)
                0x0000000080010000                __SDRAM_End = .
                0x0000000080010000                __tz_SDRAM_N = __SDRAM_End
                0x0000000001010018                __tz_ID_CODE_S = ORIGIN (ID_CODE)
                0x0000000001010018                __tz_ID_CODE_N = __tz_ID_CODE_S

.id_code        0x0000000001010018       0x1c
                0x0000000001010018                __ID_Code_Start = .
 *(.id_code*)
 .id_code       0x0000000001010018       0x1c ./ra/fsp/src/bsp/mcu/all/bsp_rom_registers.o
                0x0000000001010034                __ID_Code_End = .
                0x0000000000000000                __tz_OPTION_SETTING_S = ORIGIN (OPTION_SETTING_OFS)

.rel.dyn        0x0000000001010034        0x0
 .rel.iplt      0x0000000001010034        0x0 /home/maldus/Local/renesas/e2_studio/toolchains/gcc_arm/10_3_2021_10/gcc-arm-none-eabi-10.3-2021.10/bin/../lib/gcc/arm-none-eabi/10.3.1/thumb/v8-m.base/nofp/crtbegin.o

.option_setting_ofs
                0x0000000000000000        0x0
                0x0000000000000000                __OPTION_SETTING_OFS_Start = .
 *(.option_setting_ofs0)
                0x0000000000000000                . = PROJECT_SECURE_OR_FLAT?(__OPTION_SETTING_OFS_Start + 0x4):__OPTION_SETTING_OFS_Start
 *(.option_setting_ofs2)
                0x0000000000000000                . = PROJECT_SECURE_OR_FLAT?(__OPTION_SETTING_OFS_Start + 0x10):__OPTION_SETTING_OFS_Start
 *(.option_setting_dualsel)
                0x0000000000000000                __OPTION_SETTING_OFS_End = .

.option_setting_sas
                0x0000000000000034        0x0
                0x0000000000000034                __OPTION_SETTING_SAS_Start = .
 *(.option_setting_sas)
                0x0000000000000034                __OPTION_SETTING_SAS_End = .
                0x0000000000000080                __tz_OPTION_SETTING_N = ABSOLUTE (OPTION_SETTING_START_NS)

.option_setting_ns
                0x0000000000000000        0x0
                0x0000000000000000                __OPTION_SETTING_NS_Start = .
 *(.option_setting_ofs1)
                0x0000000000000000                . = USE_OPTION_SETTING_NS?(__OPTION_SETTING_NS_Start + 0x4):__OPTION_SETTING_NS_Start
 *(.option_setting_ofs3)
                0x0000000000000000                . = USE_OPTION_SETTING_NS?(__OPTION_SETTING_NS_Start + 0x10):__OPTION_SETTING_NS_Start
 *(.option_setting_banksel)
                0x0000000000000000                . = USE_OPTION_SETTING_NS?(__OPTION_SETTING_NS_Start + 0x40):__OPTION_SETTING_NS_Start
 *(.option_setting_bps0)
                0x0000000000000000                . = USE_OPTION_SETTING_NS?(__OPTION_SETTING_NS_Start + 0x44):__OPTION_SETTING_NS_Start
 *(.option_setting_bps1)
                0x0000000000000000                . = USE_OPTION_SETTING_NS?(__OPTION_SETTING_NS_Start + 0x48):__OPTION_SETTING_NS_Start
 *(.option_setting_bps2)
                0x0000000000000000                . = USE_OPTION_SETTING_NS?(__OPTION_SETTING_NS_Start + 0x4c):__OPTION_SETTING_NS_Start
 *(.option_setting_bps3)
                0x0000000000000000                . = USE_OPTION_SETTING_NS?(__OPTION_SETTING_NS_Start + 0x60):__OPTION_SETTING_NS_Start
 *(.option_setting_pbps0)
                0x0000000000000000                . = USE_OPTION_SETTING_NS?(__OPTION_SETTING_NS_Start + 0x64):__OPTION_SETTING_NS_Start
 *(.option_setting_pbps1)
                0x0000000000000000                . = USE_OPTION_SETTING_NS?(__OPTION_SETTING_NS_Start + 0x68):__OPTION_SETTING_NS_Start
 *(.option_setting_pbps2)
                0x0000000000000000                . = USE_OPTION_SETTING_NS?(__OPTION_SETTING_NS_Start + 0x6c):__OPTION_SETTING_NS_Start
 *(.option_setting_pbps3)
                0x0000000000000000                __OPTION_SETTING_NS_End = .
                0x0000000080000000                __tz_OPTION_SETTING_S_S = ORIGIN (OPTION_SETTING_S)

.option_setting_s
                0x0000000080000000        0x0
                0x0000000080000000                __OPTION_SETTING_S_Start = .
 *(.option_setting_ofs1_sec)
                0x0000000080000000                . = PROJECT_SECURE_OR_FLAT?(__OPTION_SETTING_S_Start + 0x4):__OPTION_SETTING_S_Start
 *(.option_setting_ofs3_sec)
                0x0000000080000000                . = PROJECT_SECURE_OR_FLAT?(__OPTION_SETTING_S_Start + 0x10):__OPTION_SETTING_S_Start
 *(.option_setting_banksel_sec)
                0x0000000080000000                . = PROJECT_SECURE_OR_FLAT?(__OPTION_SETTING_S_Start + 0x40):__OPTION_SETTING_S_Start
 *(.option_setting_bps_sec0)
                0x0000000080000000                . = PROJECT_SECURE_OR_FLAT?(__OPTION_SETTING_S_Start + 0x44):__OPTION_SETTING_S_Start
 *(.option_setting_bps_sec1)
                0x0000000080000000                . = PROJECT_SECURE_OR_FLAT?(__OPTION_SETTING_S_Start + 0x48):__OPTION_SETTING_S_Start
 *(.option_setting_bps_sec2)
                0x0000000080000000                . = PROJECT_SECURE_OR_FLAT?(__OPTION_SETTING_S_Start + 0x4c):__OPTION_SETTING_S_Start
 *(.option_setting_bps_sec3)
                0x0000000080000000                . = PROJECT_SECURE_OR_FLAT?(__OPTION_SETTING_S_Start + 0x60):__OPTION_SETTING_S_Start
 *(.option_setting_pbps_sec0)
                0x0000000080000000                . = PROJECT_SECURE_OR_FLAT?(__OPTION_SETTING_S_Start + 0x64):__OPTION_SETTING_S_Start
 *(.option_setting_pbps_sec1)
                0x0000000080000000                . = PROJECT_SECURE_OR_FLAT?(__OPTION_SETTING_S_Start + 0x68):__OPTION_SETTING_S_Start
 *(.option_setting_pbps_sec2)
                0x0000000080000000                . = PROJECT_SECURE_OR_FLAT?(__OPTION_SETTING_S_Start + 0x6c):__OPTION_SETTING_S_Start
 *(.option_setting_pbps_sec3)
                0x0000000080000000                . = PROJECT_SECURE_OR_FLAT?(__OPTION_SETTING_S_Start + 0x80):__OPTION_SETTING_S_Start
 *(.option_setting_ofs1_sel)
                0x0000000080000000                . = PROJECT_SECURE_OR_FLAT?(__OPTION_SETTING_S_Start + 0x84):__OPTION_SETTING_S_Start
 *(.option_setting_ofs3_sel)
                0x0000000080000000                . = PROJECT_SECURE_OR_FLAT?(__OPTION_SETTING_S_Start + 0x90):__OPTION_SETTING_S_Start
 *(.option_setting_banksel_sel)
                0x0000000080000000                . = PROJECT_SECURE_OR_FLAT?(__OPTION_SETTING_S_Start + 0xc0):__OPTION_SETTING_S_Start
 *(.option_setting_bps_sel0)
                0x0000000080000000                . = PROJECT_SECURE_OR_FLAT?(__OPTION_SETTING_S_Start + 0xc4):__OPTION_SETTING_S_Start
 *(.option_setting_bps_sel1)
                0x0000000080000000                . = PROJECT_SECURE_OR_FLAT?(__OPTION_SETTING_S_Start + 0xc8):__OPTION_SETTING_S_Start
 *(.option_setting_bps_sel2)
                0x0000000080000000                . = PROJECT_SECURE_OR_FLAT?(__OPTION_SETTING_S_Start + 0xcc):__OPTION_SETTING_S_Start
 *(.option_setting_bps_sel3)
                0x0000000080000000                __OPTION_SETTING_S_End = .
                0x0000000080000000                __tz_OPTION_SETTING_S_N = __OPTION_SETTING_S_End
OUTPUT(minieco_paperoga_b_rotondi.elf elf32-littlearm)
LOAD linker stubs

.ARM.attributes
                0x0000000000000000       0x2c
 .ARM.attributes
                0x0000000000000000       0x22 /home/maldus/Local/renesas/e2_studio/toolchains/gcc_arm/10_3_2021_10/gcc-arm-none-eabi-10.3-2021.10/bin/../lib/gcc/arm-none-eabi/10.3.1/thumb/v8-m.base/nofp/crti.o
 .ARM.attributes
                0x0000000000000022       0x30 /home/maldus/Local/renesas/e2_studio/toolchains/gcc_arm/10_3_2021_10/gcc-arm-none-eabi-10.3-2021.10/bin/../lib/gcc/arm-none-eabi/10.3.1/thumb/v8-m.base/nofp/crtbegin.o
 .ARM.attributes
                0x0000000000000052       0x30 ./src/model/cycle.o
 .ARM.attributes
                0x0000000000000082       0x30 ./src/model/model.o
 .ARM.attributes
                0x00000000000000b2       0x30 ./src/controller/controller.o
 .ARM.attributes
                0x00000000000000e2       0x30 ./src/controller/observer.o
 .ARM.attributes
                0x0000000000000112       0x30 ./src/bsp/adc.o
 .ARM.attributes
                0x0000000000000142       0x30 ./src/bsp/digin.o
 .ARM.attributes
                0x0000000000000172       0x30 ./src/bsp/heartbit.o
 .ARM.attributes
                0x00000000000001a2       0x30 ./src/bsp/pwm.o
 .ARM.attributes
                0x00000000000001d2       0x30 ./src/bsp/relay.o
 .ARM.attributes
                0x0000000000000202       0x30 ./src/bsp/rs232.o
 .ARM.attributes
                0x0000000000000232       0x30 ./src/bsp/system.o
 .ARM.attributes
                0x0000000000000262       0x30 ./src/adapters/modbus_server.o
 .ARM.attributes
                0x0000000000000292       0x30 ./src/hal_entry.o
 .ARM.attributes
                0x00000000000002c2       0x30 ./ra_gen/common_data.o
 .ARM.attributes
                0x00000000000002f2       0x30 ./ra_gen/hal_data.o
 .ARM.attributes
                0x0000000000000322       0x30 ./ra_gen/main.o
 .ARM.attributes
                0x0000000000000352       0x30 ./ra_gen/pin_data.o
 .ARM.attributes
                0x0000000000000382       0x30 ./ra_gen/vector_data.o
 .ARM.attributes
                0x00000000000003b2       0x30 ./ra/fsp/src/r_sci_uart/r_sci_uart.o
 .ARM.attributes
                0x00000000000003e2       0x30 ./ra/fsp/src/r_ioport/r_ioport.o
 .ARM.attributes
                0x0000000000000412       0x30 ./ra/fsp/src/r_agt/r_agt.o
 .ARM.attributes
                0x0000000000000442       0x30 ./ra/fsp/src/r_adc/r_adc.o
 .ARM.attributes
                0x0000000000000472       0x30 ./ra/fsp/src/bsp/mcu/all/bsp_clocks.o
 .ARM.attributes
                0x00000000000004a2       0x30 ./ra/fsp/src/bsp/mcu/all/bsp_common.o
 .ARM.attributes
                0x00000000000004d2       0x30 ./ra/fsp/src/bsp/mcu/all/bsp_delay.o
 .ARM.attributes
                0x0000000000000502       0x30 ./ra/fsp/src/bsp/mcu/all/bsp_group_irq.o
 .ARM.attributes
                0x0000000000000532       0x30 ./ra/fsp/src/bsp/mcu/all/bsp_io.o
 .ARM.attributes
                0x0000000000000562       0x30 ./ra/fsp/src/bsp/mcu/all/bsp_irq.o
 .ARM.attributes
                0x0000000000000592       0x30 ./ra/fsp/src/bsp/mcu/all/bsp_register_protection.o
 .ARM.attributes
                0x00000000000005c2       0x30 ./ra/fsp/src/bsp/mcu/all/bsp_rom_registers.o
 .ARM.attributes
                0x00000000000005f2       0x30 ./ra/fsp/src/bsp/mcu/all/bsp_sbrk.o
 .ARM.attributes
                0x0000000000000622       0x30 ./ra/fsp/src/bsp/cmsis/Device/RENESAS/Source/startup.o
 .ARM.attributes
                0x0000000000000652       0x30 ./ra/fsp/src/bsp/cmsis/Device/RENESAS/Source/system.o
 .ARM.attributes
                0x0000000000000682       0x30 ./libs/c-watcher/src/watcher.o
 .ARM.attributes
                0x00000000000006b2       0x30 ./libs/c-stopwatch/src/stopwatch.o
 .ARM.attributes
                0x00000000000006e2       0x30 ./libs/c-stopwatch/src/stopwatch_timer.o
 .ARM.attributes
                0x0000000000000712       0x30 ./libs/c-debounce/src/debounce.o
 .ARM.attributes
                0x0000000000000742       0x22 /home/maldus/Local/renesas/e2_studio/toolchains/gcc_arm/10_3_2021_10/gcc-arm-none-eabi-10.3-2021.10/bin/../lib/gcc/arm-none-eabi/10.3.1/thumb/v8-m.base/nofp/libgcc.a(_clzsi2.o)
 .ARM.attributes
                0x0000000000000764       0x30 /home/maldus/Local/renesas/e2_studio/toolchains/gcc_arm/10_3_2021_10/gcc-arm-none-eabi-10.3-2021.10/bin/../lib/gcc/arm-none-eabi/10.3.1/thumb/v8-m.base/nofp/libgcc.a(_muldi3.o)
 .ARM.attributes