Archive member included to satisfy reference by file (symbol)

/home/maldus/Local/renesas/e2_studio/toolchains/gcc_arm/13_2-Rel1/arm-gnu-toolchain-13.2.Rel1-x86_64-arm-none-eabi/bin/../lib/gcc/arm-none-eabi/13.2.1/thumb/v8-m.base/nofp/libgcc.a(_clzsi2.o)
                              ./ra/fsp/src/r_adc/r_adc.o (__clzsi2)
/home/maldus/Local/renesas/e2_studio/toolchains/gcc_arm/13_2-Rel1/arm-gnu-toolchain-13.2.Rel1-x86_64-arm-none-eabi/bin/../lib/gcc/arm-none-eabi/13.2.1/thumb/v8-m.base/nofp/libgcc.a(_aeabi_ldivmod.o)
                              ./ra/fsp/src/r_sci_uart/r_sci_uart.o (__aeabi_ldivmod)
/home/maldus/Local/renesas/e2_studio/toolchains/gcc_arm/13_2-Rel1/arm-gnu-toolchain-13.2.Rel1-x86_64-arm-none-eabi/bin/../lib/gcc/arm-none-eabi/13.2.1/thumb/v8-m.base/nofp/libgcc.a(_aeabi_uldivmod.o)
                              ./src/bsp/pwm.o (__aeabi_uldivmod)
/home/maldus/Local/renesas/e2_studio/toolchains/gcc_arm/13_2-Rel1/arm-gnu-toolchain-13.2.Rel1-x86_64-arm-none-eabi/bin/../lib/gcc/arm-none-eabi/13.2.1/thumb/v8-m.base/nofp/libgcc.a(_muldi3.o)
                              ./src/bsp/pwm.o (__aeabi_lmul)
/home/maldus/Local/renesas/e2_studio/toolchains/gcc_arm/13_2-Rel1/arm-gnu-toolchain-13.2.Rel1-x86_64-arm-none-eabi/bin/../lib/gcc/arm-none-eabi/13.2.1/thumb/v8-m.base/nofp/libgcc.a(_udivmoddi4.o)
                              /home/maldus/Local/renesas/e2_studio/toolchains/gcc_arm/13_2-Rel1/arm-gnu-toolchain-13.2.Rel1-x86_64-arm-none-eabi/bin/../lib/gcc/arm-none-eabi/13.2.1/thumb/v8-m.base/nofp/libgcc.a(_aeabi_uldivmod.o) (__udivmoddi4)
/home/maldus/Local/renesas/e2_studio/toolchains/gcc_arm/13_2-Rel1/arm-gnu-toolchain-13.2.Rel1-x86_64-arm-none-eabi/bin/../lib/gcc/arm-none-eabi/13.2.1/thumb/v8-m.base/nofp/libgcc.a(bpabi.o)
                              /home/maldus/Local/renesas/e2_studio/toolchains/gcc_arm/13_2-Rel1/arm-gnu-toolchain-13.2.Rel1-x86_64-arm-none-eabi/bin/../lib/gcc/arm-none-eabi/13.2.1/thumb/v8-m.base/nofp/libgcc.a(_aeabi_ldivmod.o) (__gnu_ldivmod_helper)
/home/maldus/Local/renesas/e2_studio/toolchains/gcc_arm/13_2-Rel1/arm-gnu-toolchain-13.2.Rel1-x86_64-arm-none-eabi/bin/../lib/gcc/arm-none-eabi/13.2.1/thumb/v8-m.base/nofp/libgcc.a(_dvmd_tls.o)
                              /home/maldus/Local/renesas/e2_studio/toolchains/gcc_arm/13_2-Rel1/arm-gnu-toolchain-13.2.Rel1-x86_64-arm-none-eabi/bin/../lib/gcc/arm-none-eabi/13.2.1/thumb/v8-m.base/nofp/libgcc.a(_aeabi_ldivmod.o) (__aeabi_ldiv0)
/home/maldus/Local/renesas/e2_studio/toolchains/gcc_arm/13_2-Rel1/arm-gnu-toolchain-13.2.Rel1-x86_64-arm-none-eabi/bin/../lib/gcc/arm-none-eabi/13.2.1/thumb/v8-m.base/nofp/libgcc.a(_divdi3.o)
                              /home/maldus/Local/renesas/e2_studio/toolchains/gcc_arm/13_2-Rel1/arm-gnu-toolchain-13.2.Rel1-x86_64-arm-none-eabi/bin/../lib/gcc/arm-none-eabi/13.2.1/thumb/v8-m.base/nofp/libgcc.a(bpabi.o) (__divdi3)
/home/maldus/Local/renesas/e2_studio/toolchains/gcc_arm/13_2-Rel1/arm-gnu-toolchain-13.2.Rel1-x86_64-arm-none-eabi/bin/../lib/gcc/arm-none-eabi/13.2.1/../../../../arm-none-eabi/lib/thumb/v8-m.base/nofp/libg_nano.a(libc_a-exit.o)
                              /home/maldus/Local/renesas/e2_studio/toolchains/gcc_arm/13_2-Rel1/arm-gnu-toolchain-13.2.Rel1-x86_64-arm-none-eabi/bin/../lib/gcc/arm-none-eabi/13.2.1/../../../../arm-none-eabi/lib/thumb/v8-m.base/nofp/crt0.o (exit)
/home/maldus/Local/renesas/e2_studio/toolchains/gcc_arm/13_2-Rel1/arm-gnu-toolchain-13.2.Rel1-x86_64-arm-none-eabi/bin/../lib/gcc/arm-none-eabi/13.2.1/../../../../arm-none-eabi/lib/thumb/v8-m.base/nofp/libg_nano.a(libc_a-init.o)
                              /home/maldus/Local/renesas/e2_studio/toolchains/gcc_arm/13_2-Rel1/arm-gnu-toolchain-13.2.Rel1-x86_64-arm-none-eabi/bin/../lib/gcc/arm-none-eabi/13.2.1/../../../../arm-none-eabi/lib/thumb/v8-m.base/nofp/crt0.o (__libc_init_array)
/home/maldus/Local/renesas/e2_studio/toolchains/gcc_arm/13_2-Rel1/arm-gnu-toolchain-13.2.Rel1-x86_64-arm-none-eabi/bin/../lib/gcc/arm-none-eabi/13.2.1/../../../../arm-none-eabi/lib/thumb/v8-m.base/nofp/libg_nano.a(libc_a-memcpy-stub.o)
                              ./src/bsp/power_off.o (memcpy)
/home/maldus/Local/renesas/e2_studio/toolchains/gcc_arm/13_2-Rel1/arm-gnu-toolchain-13.2.Rel1-x86_64-arm-none-eabi/bin/../lib/gcc/arm-none-eabi/13.2.1/../../../../arm-none-eabi/lib/thumb/v8-m.base/nofp/libg_nano.a(libc_a-malloc.o)
                              ./src/controller/observer.o (free)
/home/maldus/Local/renesas/e2_studio/toolchains/gcc_arm/13_2-Rel1/arm-gnu-toolchain-13.2.Rel1-x86_64-arm-none-eabi/bin/../lib/gcc/arm-none-eabi/13.2.1/../../../../arm-none-eabi/lib/thumb/v8-m.base/nofp/libg_nano.a(libc_a-mallocr.o)
                              /home/maldus/Local/renesas/e2_studio/toolchains/gcc_arm/13_2-Rel1/arm-gnu-toolchain-13.2.Rel1-x86_64-arm-none-eabi/bin/../lib/gcc/arm-none-eabi/13.2.1/../../../../arm-none-eabi/lib/thumb/v8-m.base/nofp/libg_nano.a(libc_a-malloc.o) (_malloc_r)
[...]
Memory Configuration

Name             Origin             Length             Attributes
ITCM             0x00000000         0x00000000         xr
DTCM             0x00000000         0x00000000         xrw
FLASH            0x00000000         0x00040000         xr
RAM              0x20000000         0x00008000         xrw
DATA_FLASH       0x40100000         0x00002000         xr
QSPI_FLASH       0x60000000         0x00000000         xr
OSPI_DEVICE_0    0x80020000         0x00000000         xr
OSPI_DEVICE_1    0x80030000         0x00000000         xr
OSPI_DEVICE_0_RAM 0x80020000         0x00000000         xrw
OSPI_DEVICE_1_RAM 0x80030000         0x00000000         xrw
SDRAM            0x80010000         0x00000000         xrw
OPTION_SETTING   0x00000000         0x00000000         r
OPTION_SETTING_OFS 0x00000000         0x00000018         r
OPTION_SETTING_SAS 0x00000034         0x00000000         r
OPTION_SETTING_S 0x80000000         0x00000000         r
ID_CODE          0x01010018         0x00000020         xr
*default*        0x00000000         0xffffffff

Linker script and memory map

LOAD /home/maldus/Local/renesas/e2_studio/toolchains/gcc_arm/13_2-Rel1/arm-gnu-toolchain-13.2.Rel1-x86_64-arm-none-eabi/bin/../lib/gcc/arm-none-eabi/13.2.1/thumb/v8-m.base/nofp/crti.o
LOAD /home/maldus/Local/renesas/e2_studio/toolchains/gcc_arm/13_2-Rel1/arm-gnu-toolchain-13.2.Rel1-x86_64-arm-none-eabi/bin/../lib/gcc/arm-none-eabi/13.2.1/thumb/v8-m.base/nofp/crtbegin.o
LOAD /home/maldus/Local/renesas/e2_studio/toolchains/gcc_arm/13_2-Rel1/arm-gnu-toolchain-13.2.Rel1-x86_64-arm-none-eabi/bin/../lib/gcc/arm-none-eabi/13.2.1/../../../../arm-none-eabi/lib/thumb/v8-m.base/nofp/crt0.o
START GROUP
LOAD ./src/services/crc16-ccitt.o
LOAD ./src/model/cycle.o
LOAD ./src/model/heating.o
LOAD ./src/model/model.o
LOAD ./src/controller/controller.o
LOAD ./src/controller/observer.o
LOAD ./src/bsp/adc.o
LOAD ./src/bsp/coin_reader.o
LOAD ./src/bsp/digin.o
LOAD ./src/bsp/heartbit.o
LOAD ./src/bsp/power_off.o
LOAD ./src/bsp/pwm.o
LOAD ./src/bsp/relay.o
LOAD ./src/bsp/rs232.o
LOAD ./src/bsp/spi.o
LOAD ./src/bsp/system.o
LOAD ./src/bsp/temperature_humidity_probe.o
LOAD ./src/adapters/modbus_server.o
LOAD ./src/hal_entry.o
LOAD ./ra_gen/common_data.o
LOAD ./ra_gen/hal_data.o
LOAD ./ra_gen/main.o
LOAD ./ra_gen/pin_data.o
LOAD ./ra_gen/vector_data.o
LOAD ./ra/fsp/src/r_sci_uart/r_sci_uart.o
LOAD ./ra/fsp/src/r_ioport/r_ioport.o
LOAD ./ra/fsp/src/r_icu/r_icu.o
LOAD ./ra/fsp/src/r_gpt/r_gpt.o
LOAD ./ra/fsp/src/r_flash_lp/r_flash_lp.o
LOAD ./ra/fsp/src/r_adc/r_adc.o
LOAD ./ra/fsp/src/bsp/mcu/ra2l1/bsp_power.o
LOAD ./ra/fsp/src/bsp/mcu/all/bsp_clocks.o
LOAD ./ra/fsp/src/bsp/mcu/all/bsp_common.o
LOAD ./ra/fsp/src/bsp/mcu/all/bsp_delay.o
LOAD ./ra/fsp/src/bsp/mcu/all/bsp_group_irq.o
LOAD ./ra/fsp/src/bsp/mcu/all/bsp_guard.o
LOAD ./ra/fsp/src/bsp/mcu/all/bsp_io.o
LOAD ./ra/fsp/src/bsp/mcu/all/bsp_irq.o
LOAD ./ra/fsp/src/bsp/mcu/all/bsp_macl.o
LOAD ./ra/fsp/src/bsp/mcu/all/bsp_register_protection.o
LOAD ./ra/fsp/src/bsp/mcu/all/bsp_rom_registers.o
LOAD ./ra/fsp/src/bsp/mcu/all/bsp_sbrk.o
LOAD ./ra/fsp/src/bsp/mcu/all/bsp_sdram.o
LOAD ./ra/fsp/src/bsp/mcu/all/bsp_security.o
LOAD ./ra/fsp/src/bsp/cmsis/Device/RENESAS/Source/startup.o
LOAD ./ra/fsp/src/bsp/cmsis/Device/RENESAS/Source/system.o
LOAD ./libs/c-watcher/src/watcher.o
LOAD ./libs/c-stopwatch/src/stopwatch.o
LOAD ./libs/c-stopwatch/src/stopwatch_timer.o
LOAD ./libs/c-debounce/src/debounce.o
LOAD ./libs/c-debounce/src/keypad.o
LOAD ./libs/c-debounce/src/pulsecounter.o
END GROUP
START GROUP
LOAD /home/maldus/Local/renesas/e2_studio/toolchains/gcc_arm/13_2-Rel1/arm-gnu-toolchain-13.2.Rel1-x86_64-arm-none-eabi/bin/../lib/gcc/arm-none-eabi/13.2.1/thumb/v8-m.base/nofp/libgcc.a
LOAD /home/maldus/Local/renesas/e2_studio/toolchains/gcc_arm/13_2-Rel1/arm-gnu-toolchain-13.2.Rel1-x86_64-arm-none-eabi/bin/../lib/gcc/arm-none-eabi/13.2.1/../../../../arm-none-eabi/lib/thumb/v8-m.base/nofp/libg_nano.a
LOAD /home/maldus/Local/renesas/e2_studio/toolchains/gcc_arm/13_2-Rel1/arm-gnu-toolchain-13.2.Rel1-x86_64-arm-none-eabi/bin/../lib/gcc/arm-none-eabi/13.2.1/../../../../arm-none-eabi/lib/thumb/v8-m.base/nofp/libc_nano.a
END GROUP
START GROUP
LOAD /home/maldus/Local/renesas/e2_studio/toolchains/gcc_arm/13_2-Rel1/arm-gnu-toolchain-13.2.Rel1-x86_64-arm-none-eabi/bin/../lib/gcc/arm-none-eabi/13.2.1/thumb/v8-m.base/nofp/libgcc.a
LOAD /home/maldus/Local/renesas/e2_studio/toolchains/gcc_arm/13_2-Rel1/arm-gnu-toolchain-13.2.Rel1-x86_64-arm-none-eabi/bin/../lib/gcc/arm-none-eabi/13.2.1/../../../../arm-none-eabi/lib/thumb/v8-m.base/nofp/libc_nano.a
END GROUP
LOAD /home/maldus/Local/renesas/e2_studio/toolchains/gcc_arm/13_2-Rel1/arm-gnu-toolchain-13.2.Rel1-x86_64-arm-none-eabi/bin/../lib/gcc/arm-none-eabi/13.2.1/thumb/v8-m.base/nofp/crtend.o
LOAD /home/maldus/Local/renesas/e2_studio/toolchains/gcc_arm/13_2-Rel1/arm-gnu-toolchain-13.2.Rel1-x86_64-arm-none-eabi/bin/../lib/gcc/arm-none-eabi/13.2.1/thumb/v8-m.base/nofp/crtn.o
                0x20000000                        RAM_START = 0x20000000
                0x00008000                        RAM_LENGTH = 0x8000
                0x00000000                        FLASH_START = 0x0
                0x00040000                        FLASH_LENGTH = 0x40000
                0x40100000                        DATA_FLASH_START = 0x40100000
                0x00002000                        DATA_FLASH_LENGTH = 0x2000
                0x00000000                        OPTION_SETTING_START = 0x0
                0x00000000                        OPTION_SETTING_LENGTH = 0x0
                0x80000000                        OPTION_SETTING_S_START = 0x80000000
                0x00000000                        OPTION_SETTING_S_LENGTH = 0x0
                0x01010018                        ID_CODE_START = 0x1010018
                0x00000020                        ID_CODE_LENGTH = 0x20
                0x80010000                        SDRAM_START = 0x80010000
                0x00000000                        SDRAM_LENGTH = 0x0
                0x60000000                        QSPI_FLASH_START = 0x60000000
                0x00000000                        QSPI_FLASH_LENGTH = 0x0
                0x80020000                        OSPI_DEVICE_0_START = 0x80020000
                0x00000000                        OSPI_DEVICE_0_LENGTH = 0x0
                0x80030000                        OSPI_DEVICE_1_START = 0x80030000
                0x00000000                        OSPI_DEVICE_1_LENGTH = 0x0
                0x00000000                        QSPI_FLASH_PRV_LENGTH = DEFINED (QSPI_FLASH_SIZE)?ABSOLUTE (QSPI_FLASH_SIZE):ABSOLUTE (QSPI_FLASH_LENGTH)
                0x00000000                        OSPI_DEVICE_0_PRV_LENGTH = DEFINED (OSPI_DEVICE_0_SIZE)?ABSOLUTE (OSPI_DEVICE_0_SIZE):ABSOLUTE (OSPI_DEVICE_0_LENGTH)
                0x00000000                        OSPI_DEVICE_1_PRV_LENGTH = DEFINED (OSPI_DEVICE_1_SIZE)?ABSOLUTE (OSPI_DEVICE_1_SIZE):ABSOLUTE (OSPI_DEVICE_1_LENGTH)
                0x00000000                        __RESERVE_NS_RAM = ((! (DEFINED (PROJECT_NONSECURE)) && DEFINED (RAM_NS_BUFFER_LENGTH)) && (OPTION_SETTING_S_LENGTH != 0x0))
                0x00000000                        ITCM_START = DEFINED (ITCM_START)?ITCM_START:0x0
                0x00000000                        ITCM_LENGTH = DEFINED (ITCM_LENGTH)?ITCM_LENGTH:0x0
                0x00000000                        DTCM_START = DEFINED (DTCM_START)?DTCM_START:0x0
                0x00000000                        DTCM_LENGTH = DEFINED (DTCM_LENGTH)?DTCM_LENGTH:0x0
                0x00000000                        RAM_NS_BUFFER_BLOCK_LENGTH = DEFINED (RAM_NS_BUFFER_LENGTH)?ALIGN (RAM_NS_BUFFER_LENGTH, 0x2000):0x0
                0x00000000                        RAM_NS_BUFFER_LENGTH = DEFINED (RAM_NS_BUFFER_LENGTH)?RAM_NS_BUFFER_LENGTH:0x0
                0x20008000                        RAM_NS_BUFFER_START = ((RAM_START + RAM_LENGTH) - RAM_NS_BUFFER_LENGTH)
                0x20008000                        RAM_NS_BUFFER_BLOCK_START = ((RAM_START + RAM_LENGTH) - RAM_NS_BUFFER_BLOCK_LENGTH)
                0x00000080                        OPTION_SETTING_START_NS = DEFINED (PROJECT_NONSECURE)?OPTION_SETTING_START:(OPTION_SETTING_START + 0x80)
                0x00000001                        __bl_FSP_BOOTABLE_IMAGE = 0x1
                0x00000001                        __bln_FSP_BOOTABLE_IMAGE = 0x1
                0x00000000                        PROJECT_SECURE_OR_FLAT = (((! (DEFINED (PROJECT_NONSECURE)) || DEFINED (PROJECT_SECURE)) && OPTION_SETTING_LENGTH) && ! (DEFINED (FSP_BOOTABLE_IMAGE)))
                0x00000000                        USE_OPTION_SETTING_NS = (DEFINED (PROJECT_NONSECURE) && ! (DEFINED (FSP_BOOTABLE_IMAGE)))
                0x00000000                        __bl_FLASH_IMAGE_START = ! (DEFINED (FLASH_BOOTLOADER_LENGTH))?0x0:(FLASH_APPLICATION_IMAGE_NUMBER == 0x1)?((FLASH_START + FLASH_BOOTLOADER_LENGTH) + FLASH_BOOTLOADER_HEADER_LENGTH):(DEFINED (BOOTLOADER_SECONDARY_USE_QSPI) || DEFINED (BOOTLOADER_SECONDARY_USE_OSPI_B))?(((FLASH_START + FLASH_BOOTLOADER_LENGTH) + FLASH_BOOTLOADER_SCRATCH_LENGTH) + FLASH_BOOTLOADER_HEADER_LENGTH):((((FLASH_START + FLASH_BOOTLOADER_LENGTH) + FLASH_BOOTLOADER_SCRATCH_LENGTH) + FLASH_APPLICATION_S_LENGTH) + FLASH_BOOTLOADER_HEADER_LENGTH)
                0x00000000                        __bl_FLASH_IMAGE_LENGTH = ! (DEFINED (FLASH_BOOTLOADER_LENGTH))?0x0:(FLASH_APPLICATION_S_LENGTH - FLASH_BOOTLOADER_HEADER_LENGTH)
                0x00000000                        __bl_FLASH_IMAGE_END = (__bl_FLASH_IMAGE_START + __bl_FLASH_IMAGE_LENGTH)
                0x00000000                        __bl_XIP_SECONDARY_FLASH_IMAGE_START = ! (DEFINED (FLASH_BOOTLOADER_LENGTH))?0x0:((FLASH_BOOTLOADER_LENGTH + FLASH_APPLICATION_S_LENGTH) + FLASH_BOOTLOADER_HEADER_LENGTH)
                0x00000000                        __bl_XIP_SECONDARY_FLASH_IMAGE_END = (__bl_XIP_SECONDARY_FLASH_IMAGE_START + __bl_FLASH_IMAGE_LENGTH)
                0x00000000                        __bl_FLASH_NS_START = ! (DEFINED (FLASH_BOOTLOADER_LENGTH))?0x0:(FLASH_APPLICATION_NS_LENGTH == 0x0)?__bl_FLASH_IMAGE_END:((__bl_FLASH_IMAGE_START - FLASH_BOOTLOADER_HEADER_LENGTH) + FLASH_APPLICATION_S_LENGTH)
                0x00000000                        __bl_FLASH_NSC_START = ! (DEFINED (FLASH_BOOTLOADER_LENGTH))?0x0:(FLASH_APPLICATION_NS_LENGTH == 0x0)?__bl_FLASH_IMAGE_END:(__bl_FLASH_IMAGE_END - FLASH_APPLICATION_NSC_LENGTH)
                0x00000000                        __bl_RAM_NS_START = ! (DEFINED (FLASH_BOOTLOADER_LENGTH))?0x0:(FLASH_APPLICATION_NS_LENGTH == 0x0)?(RAM_START + RAM_LENGTH):((RAM_START + RAM_LENGTH) - RAM_APPLICATION_NS_LENGTH)
                0x00000000                        __bl_RAM_NSC_START = ! (DEFINED (FLASH_BOOTLOADER_LENGTH))?0x0:(FLASH_APPLICATION_NS_LENGTH == 0x0)?(RAM_START + RAM_LENGTH):(__bl_RAM_NS_START - RAM_APPLICATION_NSC_LENGTH)
                0x00000000                        __bl_FLASH_NS_IMAGE_START = ! (DEFINED (FLASH_BOOTLOADER_LENGTH))?0x0:(FLASH_APPLICATION_NS_LENGTH == 0x0)?__bl_FLASH_IMAGE_END:(__bl_FLASH_NS_START + FLASH_BOOTLOADER_HEADER_LENGTH_2)
                0x00000000                        __bln_FLASH_IMAGE_START = (__bl_FLASH_NS_IMAGE_START | ! (DEFINED (NS_OFFSET_START))?0x0:NS_OFFSET_START)
                0x00000000                        __bln_FLASH_IMAGE_LENGTH = ! (DEFINED (FLASH_BOOTLOADER_LENGTH))?0x0:(FLASH_APPLICATION_NS_LENGTH == 0x0)?__bl_FLASH_IMAGE_END:(FLASH_APPLICATION_NS_LENGTH - FLASH_BOOTLOADER_HEADER_LENGTH_2)
                0x00000000                        XIP_SECONDARY_SLOT_IMAGE = DEFINED (XIP_SECONDARY_SLOT_IMAGE)?XIP_SECONDARY_SLOT_IMAGE:0x0
                0x00000000                        FLASH_ORIGIN = ! (DEFINED (FLASH_IMAGE_START))?FLASH_START:(XIP_SECONDARY_SLOT_IMAGE == 0x1)?XIP_SECONDARY_FLASH_IMAGE_START:FLASH_IMAGE_START
                0x00040000                        LIMITED_FLASH_LENGTH = DEFINED (FLASH_IMAGE_LENGTH)?FLASH_IMAGE_LENGTH:DEFINED (FLASH_BOOTLOADER_LENGTH)?FLASH_BOOTLOADER_LENGTH:FLASH_LENGTH
                0x00000034                        OPTION_SETTING_SAS_SIZE = 0x34
                0x00000000                        OPTION_SETTING_SAS_LENGTH = ! (DEFINED (OPTION_SETTING_LENGTH))?0x0:(OPTION_SETTING_LENGTH == 0x0)?0x0:(OPTION_SETTING_LENGTH - OPTION_SETTING_SAS_SIZE)
START GROUP
LOAD /home/maldus/Local/renesas/e2_studio/toolchains/gcc_arm/13_2-Rel1/arm-gnu-toolchain-13.2.Rel1-x86_64-arm-none-eabi/bin/../lib/gcc/arm-none-eabi/13.2.1/thumb/v8-m.base/nofp/libgcc.a
LOAD /home/maldus/Local/renesas/e2_studio/toolchains/gcc_arm/13_2-Rel1/arm-gnu-toolchain-13.2.Rel1-x86_64-arm-none-eabi/bin/../lib/gcc/arm-none-eabi/13.2.1/../../../../arm-none-eabi/lib/thumb/v8-m.base/nofp/libc.a
LOAD /home/maldus/Local/renesas/e2_studio/toolchains/gcc_arm/13_2-Rel1/arm-gnu-toolchain-13.2.Rel1-x86_64-arm-none-eabi/bin/../lib/gcc/arm-none-eabi/13.2.1/../../../../arm-none-eabi/lib/thumb/v8-m.base/nofp/libm.a
END GROUP

.text           0x00000000     0x6e10
                0x00000000                        __tz_FLASH_S = ABSOLUTE (FLASH_START)
                0x00000000                        __ROM_Start = .
 *(.fixed_vectors*)
 .fixed_vectors
                0x00000000       0x40 ./ra/fsp/src/bsp/cmsis/Device/RENESAS/Source/startup.o
                0x00000000                __Vectors
 *(.application_vectors*)
 .application_vectors
                0x00000040       0x80 ./ra_gen/vector_data.o
                0x00000040                g_vector_table
                0x000000c0                        __Vectors_End = .
 *(.flash_gap*)
                0x00000400                        . = (OPTION_SETTING_LENGTH > 0x0)?.:(__ROM_Start + 0x400)
 *fill*         0x000000c0      0x340 ff
 *(.rom_registers*)
 .rom_registers
                0x00000400       0x3c ./ra/fsp/src/bsp/mcu/all/bsp_rom_registers.o
 *(.mcuboot_sce9_key*)
 *(.text*)
 .text.deregister_tm_clones
                0x0000043c       0x24 /home/maldus/Local/renesas/e2_studio/toolchains/gcc_arm/13_2-Rel1/arm-gnu-toolchain-13.2.Rel1-x86_64-arm-none-eabi/bin/../lib/gcc/arm-none-eabi/13.2.1/thumb/v8-m.base/nofp/crtbegin.o
 .text.register_tm_clones
                0x00000460       0x2c /home/maldus/Local/renesas/e2_studio/toolchains/gcc_arm/13_2-Rel1/arm-gnu-toolchain-13.2.Rel1-x86_64-arm-none-eabi/bin/../lib/gcc/arm-none-eabi/13.2.1/thumb/v8-m.base/nofp/crtbegin.o
 .text.__do_global_dtors_aux
                0x0000048c       0x30 /home/maldus/Local/renesas/e2_studio/toolchains/gcc_arm/13_2-Rel1/arm-gnu-toolchain-13.2.Rel1-x86_64-arm-none-eabi/bin/../lib/gcc/arm-none-eabi/13.2.1/thumb/v8-m.base/nofp/crtbegin.o
 .text.frame_dummy
                0x000004bc       0x28 /home/maldus/Local/renesas/e2_studio/toolchains/gcc_arm/13_2-Rel1/arm-gnu-toolchain-13.2.Rel1-x86_64-arm-none-eabi/bin/../lib/gcc/arm-none-eabi/13.2.1/thumb/v8-m.base/nofp/crtbegin.o
 .text.crc16_ccitt
                0x000004e4       0x2a ./src/services/crc16-ccitt.o
                0x000004e4                crc16_ccitt
 .text.paused_exit
                0x0000050e       0x14 ./src/model/cycle.o
 .text.fix_timer
                0x00000522       0x26 ./src/model/cycle.o
 .text.paused_entry
                0x00000548       0x72 ./src/model/cycle.o
 .text.configure_temperature_timer
                0x000005ba       0x26 ./src/model/cycle.o
 .text.start_everything
                0x000005e0       0x74 ./src/model/cycle.o
 .text.paused_event_manager
                0x00000654       0x50 ./src/model/cycle.o
 .text.running_event_manager
                0x000006a4      0x13c ./src/model/cycle.o
 .text.standby_event_manager
                0x000007e0      0x11c ./src/model/cycle.o
 .text.wait_start_event_manager
                0x000008fc       0x98 ./src/model/cycle.o
 .text.stop_everything
                0x00000994       0x84 ./src/model/cycle.o
 .text.stopped_entry
                0x00000a18        0x8 ./src/model/cycle.o
 .text.stopped_event_manager
                0x00000a20       0xb4 ./src/model/cycle.o
 .text.cycle_send_event
                0x00000ad4       0x4c ./src/model/cycle.o
                0x00000ad4                cycle_send_event
 .text.timer_event_callback
                0x00000b20       0x10 ./src/model/cycle.o
 .text.cycle_init
                0x00000b30       0x66 ./src/model/cycle.o
                0x00000b30                cycle_init
 .text.cycle_manage
                0x00000b96       0x4a ./src/model/cycle.o
                0x00000b96                cycle_manage
 .text.cycle_change_remaining_time
                0x00000be0       0x44 ./src/model/cycle.o
                0x00000be0                cycle_change_remaining_time
 .text.cycle_cold_start
                0x00000c24       0x18 ./src/model/cycle.o
                0x00000c24                cycle_cold_start
 .text.cycle_check
                0x00000c3c       0x10 ./src/model/cycle.o
                0x00000c3c                cycle_check
 .text.cycle_increase_duration
                0x00000c4c       0x2e ./src/model/cycle.o
                0x00000c4c                cycle_increase_duration
 .text.on_entry
                0x00000c7a        0xe ./src/model/heating.o
 .text.setpoint_reached_entry
                0x00000c88        0xe ./src/model/heating.o
 .text.setpoint_reached_event_manager
                0x00000c96       0x38 ./src/model/heating.o
 .text.on_event_manager
                0x00000cce       0x38 ./src/model/heating.o
 .text.off_event_manager
                0x00000d06       0x2c ./src/model/heating.o
 .text.on_exit  0x00000d32       0x1c ./src/model/heating.o
 .text.heating_send_event
                0x00000d4e       0x4c ./src/model/heating.o
                0x00000d4e                heating_send_event
 .text.heating_init
                0x00000d9a       0x14 ./src/model/heating.o
                0x00000d9a                heating_init
 .text.heating_manage
                0x00000dae        0xe ./src/model/heating.o
                0x00000dae                heating_manage
 .text.heating_on
                0x00000dbc        0xe ./src/model/heating.o
                0x00000dbc                heating_on
 .text.heating_off
                0x00000dca        0xe ./src/model/heating.o
                0x00000dca                heating_off
 .text.ptc_temperature_from_adc_value
                0x00000dd8       0x2e ./src/model/model.o
 .text.is_input_active
                0x00000e06       0x1a ./src/model/model.o
 .text.get_pwm_drum_percentage
                0x00000e20       0x3e ./src/model/model.o
 .text.set_drum_timestamp
                0x00000e5e       0x16 ./src/model/model.o
 .text.communication_is_missing
                0x00000e74       0x18 ./src/model/model.o
 .text.model_init
                0x00000e8c       0x48 ./src/model/model.o
                0x00000e8c                model_init
 .text.model_is_porthole_open
                0x00000ed4       0x2e ./src/model/model.o
                0x00000ed4                model_is_porthole_open
 .text.model_cycle_resume
                0x00000f02       0x10 ./src/model/model.o
                0x00000f02                model_cycle_resume
 .text.model_cycle_pause
                0x00000f12       0x10 ./src/model/model.o
                0x00000f12                model_cycle_pause
 .text.model_cycle_stop
                0x00000f22       0x10 ./src/model/model.o
                0x00000f22                model_cycle_stop
 .text.model_get_step_duration_seconds
                0x00000f32       0x32 ./src/model/model.o
                0x00000f32                model_get_step_duration_seconds
 .text.model_is_step_endless
                0x00000f64       0x38 ./src/model/model.o
                0x00000f64                model_is_step_endless
 .text.model_get_cycle_remaining_time
                0x00000f9c       0x2a ./src/model/model.o
                0x00000f9c                model_get_cycle_remaining_time
 .text.model_is_cycle_on
                0x00000fc6       0x30 ./src/model/model.o
                0x00000fc6                model_is_cycle_on
 .text.model_update_sensors
                0x00000ff6       0xca ./src/model/model.o
                0x00000ff6                model_update_sensors
 .text.model_pwoff_deserialize
                0x000010c0      0x176 ./src/model/model.o
                0x000010c0                model_pwoff_deserialize
 .text.model_clear_coins
                0x00001236       0x30 ./src/model/model.o
                0x00001236                model_clear_coins
 .text.model_heating_enabled
                0x00001266       0x2e ./src/model/model.o
                0x00001266                model_heating_enabled
 .text.model_ciclo_continuo
                0x00001294       0x3c ./src/model/model.o
                0x00001294                model_ciclo_continuo
 .text.model_ciclo_fermo
                0x000012d0       0x2e ./src/model/model.o
                0x000012d0                model_ciclo_fermo
 .text.model_get_elapsed_seconds
                0x000012fe       0x5a ./src/model/model.o
                0x000012fe                model_get_elapsed_seconds
 .text.model_get_remaining_seconds
                0x00001358       0x5a ./src/model/model.o
                0x00001358                model_get_remaining_seconds
 .text.model_get_setpoint
                0x000013b2       0x2a ./src/model/model.o
                0x000013b2                model_get_setpoint
 .text.model_get_default_temperature
                0x000013dc       0x70 ./src/model/model.o
                0x000013dc                model_get_default_temperature
 .text.model_add_work_time_ms
                0x0000144c       0x34 ./src/model/model.o
                0x0000144c                model_add_work_time_ms
 .text.model_add_rotation_time_ms
                0x00001480       0x34 ./src/model/model.o
                0x00001480                model_add_rotation_time_ms
 .text.model_add_ventilation_time_ms
                0x000014b4       0x34 ./src/model/model.o
                0x000014b4                model_add_ventilation_time_ms
 .text.model_add_heating_time_ms
                0x000014e8       0x34 ./src/model/model.o
                0x000014e8                model_add_heating_time_ms
 .text.model_drum_forward
                0x0000151c       0x3a ./src/model/model.o
                0x0000151c                model_drum_forward
 .text.model_drum_backward
                0x00001556       0x3a ./src/model/model.o
                0x00001556                model_drum_backward
 .text.model_drum_stop
                0x00001590       0x4e ./src/model/model.o
                0x00001590                model_drum_stop
 .text.model_is_drum_running_forward
                0x000015de       0x32 ./src/model/model.o
                0x000015de                model_is_drum_running_forward
 .text.model_is_cycle_active
                0x00001610       0x40 ./src/model/model.o
                0x00001610                model_is_cycle_active
 .text.model_pwoff_serialize
                0x00001650      0x152 ./src/model/model.o
                0x00001650                model_pwoff_serialize
 .text.model_is_fan_on
                0x000017a2       0x6a ./src/model/model.o
                0x000017a2                model_is_fan_on
 .text.model_get_active_alarms
                0x0000180c       0x5a ./src/model/model.o
                0x0000180c                model_get_active_alarms
 .text.model_fix_alarms
                0x00001866       0x52 ./src/model/model.o
                0x00001866                model_fix_alarms
 .text.model_clear_alarms
                0x000018b8       0x36 ./src/model/model.o
                0x000018b8                model_clear_alarms
 .text.model_get_relay_map
                0x000018ee       0xce ./src/model/model.o
                0x000018ee                model_get_relay_map
 .text.get_pwm_fan_percentage
                0x000019bc       0x3c ./src/model/model.o
 .text.model_get_pwm_drum_percentage
                0x000019f8       0x46 ./src/model/model.o
                0x000019f8                model_get_pwm_drum_percentage
 .text.model_get_pwm_fan_percentage
                0x00001a3e       0x46 ./src/model/model.o
                0x00001a3e                model_get_pwm_fan_percentage
 .text.model_manage
                0x00001a84      0x15a ./src/model/model.o
                0x00001a84                model_manage
 .text.model_reset_burner
                0x00001bde       0x3e ./src/model/model.o
                0x00001bde                model_reset_burner
 .text.model_cycles_exceeded
                0x00001c1c       0x42 ./src/model/model.o
                0x00001c1c                model_cycles_exceeded
 .text.model_cycle_over
                0x00001c5e       0x5e ./src/model/model.o
                0x00001c5e                model_cycle_over
 .text.controller_init
                0x00001cbc       0x36 ./src/controller/controller.o
                0x00001cbc                controller_init
 .text.controller_manage
                0x00001cf2       0xb6 ./src/controller/controller.o
                0x00001cf2                controller_manage
 .text.controller_power_off
                0x00001da8       0x36 ./src/controller/controller.o
                0x00001da8                controller_power_off
 .text.update_coin_reader_inhibit
                0x00001dde        0xa ./src/controller/observer.o
 .text.update_alarms
                0x00001de8       0x18 ./src/controller/observer.o
 .text.update_pwm
                0x00001e00       0x1c ./src/controller/observer.o
 .text.refresh_relays
                0x00001e1c       0x22 ./src/controller/observer.o
 .text.update_relays
                0x00001e3e       0x12 ./src/controller/observer.o
 .text.observer_manage
                0x00001e50       0x3a ./src/controller/observer.o
                0x00001e50                observer_manage
 .text.observer_init
                0x00001e8a       0xaa ./src/controller/observer.o
                0x00001e8a                observer_init
 .text.bsp_adc_init
                0x00001f34       0x7e ./src/bsp/adc.o
                0x00001f34                bsp_adc_init
 .text.bsp_adc_manage
                0x00001fb2       0xa2 ./src/bsp/adc.o
                0x00001fb2                bsp_adc_manage
 .text.bsp_adc_get
                0x00002054       0x38 ./src/bsp/adc.o
                0x00002054                bsp_adc_get
 .text.bsp_adc_callback
                0x0000208c        0x2 ./src/bsp/adc.o
                0x0000208c                bsp_adc_callback
 .text.bsp_coin_reader_enable
                0x0000208e       0x2e ./src/bsp/coin_reader.o
                0x0000208e                bsp_coin_reader_enable
 .text.bsp_coin_reader_init
                0x000020bc       0x1a ./src/bsp/coin_reader.o
                0x000020bc                bsp_coin_reader_init
 .text.bsp_coin_reader_manage
                0x000020d6       0x86 ./src/bsp/coin_reader.o
                0x000020d6                bsp_coin_reader_manage
 .text.bsp_coin_reader_read
                0x0000215c       0x1c ./src/bsp/coin_reader.o
                0x0000215c                bsp_coin_reader_read
 .text.bsp_coin_reader_clear
                0x00002178       0x20 ./src/bsp/coin_reader.o
                0x00002178                bsp_coin_reader_clear
 .text.bsp_digin_init
                0x00002198       0x10 ./src/bsp/digin.o
                0x00002198                bsp_digin_init
 .text.bsp_digin_is_ready
                0x000021a8       0x14 ./src/bsp/digin.o
                0x000021a8                bsp_digin_is_ready
 .text.bsp_digin_manage
                0x000021bc       0xa6 ./src/bsp/digin.o
                0x000021bc                bsp_digin_manage
 .text.bsp_digin_get_bitmap
                0x00002262        0xc ./src/bsp/digin.o
                0x00002262                bsp_digin_get_bitmap
 .text.bsp_heartbit_manage
                0x0000226e       0xac ./src/bsp/heartbit.o
                0x0000226e                bsp_heartbit_manage
 .text.erase_block
                0x0000231a       0x3e ./src/bsp/power_off.o
 .text.find_last_sub_block_index
                0x00002358       0x82 ./src/bsp/power_off.o
 .text.power_off_callback
                0x000023da       0x1c ./src/bsp/power_off.o
                0x000023da                power_off_callback
 .text.bsp_power_off_init
                0x000023f6      0x10e ./src/bsp/power_off.o
                0x000023f6                bsp_power_off_init
 .text.bsp_power_off_save
                0x00002504       0xa2 ./src/bsp/power_off.o
                0x00002504                bsp_power_off_save
 .text.bsp_power_off_load
                0x000025a6       0x4e ./src/bsp/power_off.o
                0x000025a6                bsp_power_off_load
 .text.bsp_pwm_init
                0x000025f4       0x5e ./src/bsp/pwm.o
                0x000025f4                bsp_pwm_init
 .text.bsp_pwm_update
                0x00002652       0x5e ./src/bsp/pwm.o
                0x00002652                bsp_pwm_update
 .text.bsp_relay_update
                0x000026b0       0x3a ./src/bsp/relay.o
                0x000026b0                bsp_relay_update
 .text.bsp_rs232_init
                0x000026ea       0x16 ./src/bsp/rs232.o
                0x000026ea                bsp_rs232_init
 .text.bsp_rs232_write
                0x00002700       0x1a ./src/bsp/rs232.o
                0x00002700                bsp_rs232_write
 .text.bsp_rs232_read
                0x0000271a       0x26 ./src/bsp/rs232.o
                0x0000271a                bsp_rs232_read
 .text.bsp_rs232_flush
                0x00002740        0xe ./src/bsp/rs232.o
                0x00002740                bsp_rs232_flush
 .text.rs232_callback
                0x0000274e       0x4e ./src/bsp/rs232.o
                0x0000274e                rs232_callback
 .text.bsp_rs232_timed_out
                0x0000279c       0x1c ./src/bsp/rs232.o
                0x0000279c                bsp_rs232_timed_out
 .text.spi_master_exchange
                0x000027b8       0xb2 ./src/bsp/spi.o
                0x000027b8                spi_master_exchange
 .text.SysTick_Config
                0x0000286a       0x3a ./src/bsp/system.o
 .text.SysTick_Handler
                0x000028a4       0x10 ./src/bsp/system.o
                0x000028a4                SysTick_Handler
 .text.bsp_system_init
                0x000028b4       0x2a ./src/bsp/system.o
                0x000028b4                bsp_system_init
 .text.bsp_system_get_millis
                0x000028de        0xc ./src/bsp/system.o
                0x000028de                bsp_system_get_millis
 .text.crc8_ccitt
                0x000028ea       0x1e ./src/bsp/temperature_humidity_probe.o
 .text.temperature_humidity_probe_read
                0x00002908       0x88 ./src/bsp/temperature_humidity_probe.o
                0x00002908                temperature_humidity_probe_read
 .text.modbusMaskWrite
                0x00002990       0x2c ./src/adapters/modbus_server.o
 .text.modbusIsOk
                0x000029bc       0x18 ./src/adapters/modbus_server.o
 .text.static_allocator
                0x000029d4       0x28 ./src/adapters/modbus_server.o
 .text.exception_callback
                0x000029fc        0x4 ./src/adapters/modbus_server.o
 .text.register_callback
                0x00002a00      0x418 ./src/adapters/modbus_server.o
 .text.modbusBufferInit
                0x00002e18       0x12 ./src/adapters/modbus_server.o
                0x00002e18                modbusBufferInit
 .text.modbusBufferAllocateADU
                0x00002e2a       0x32 ./src/adapters/modbus_server.o
                0x00002e2a                modbusBufferAllocateADU
 .text.modbusBufferFree
                0x00002e5c        0xc ./src/adapters/modbus_server.o
                0x00002e5c                modbusBufferFree
 .text.modbusCRC
                0x00002e68       0x38 ./src/adapters/modbus_server.o
                0x00002e68                modbusCRC
 .text.modbusSlaveInit
                0x00002ea0       0x1e ./src/adapters/modbus_server.o
                0x00002ea0                modbusSlaveInit
 .text.modbusBuildException
                0x00002ebe       0x32 ./src/adapters/modbus_server.o
                0x00002ebe                modbusBuildException
 .text.modbusParseRequest01020304
                0x00002ef0      0x180 ./src/adapters/modbus_server.o
                0x00002ef0                modbusParseRequest01020304
 .text.modbusParseRequest1516
                0x00003070      0x1b6 ./src/adapters/modbus_server.o
                0x00003070                modbusParseRequest1516
 .text.modbusParseRequest
                0x00003226       0x32 ./src/adapters/modbus_server.o
                0x00003226                modbusParseRequest
 .text.modbusParseRequestRTU
                0x00003258       0xd4 ./src/adapters/modbus_server.o
                0x00003258                modbusParseRequestRTU
 .text.modbus_server_init
                0x0000332c       0x5e ./src/adapters/modbus_server.o
                0x0000332c                modbus_server_init
 .text.modbus_server_manage
                0x0000338a       0x66 ./src/adapters/modbus_server.o
                0x0000338a                modbus_server_manage
 .text.hal_entry
                0x000033f0       0x86 ./src/hal_entry.o
                0x000033f0                hal_entry
 .text.R_BSP_WarmStart
                0x00003476       0x2e ./src/hal_entry.o
                0x00003476                R_BSP_WarmStart
 .text.main     0x000034a4        0xa ./ra_gen/main.o
                0x000034a4                main
 .text.R_SCI_UART_Read
                0x000034ae        0x8 ./ra/fsp/src/r_sci_uart/r_sci_uart.o
                0x000034ae                R_SCI_UART_Read
 *fill*         0x000034b6        0x2 ff
 .text.R_SCI_UART_Write
                0x000034b8       0x50 ./ra/fsp/src/r_sci_uart/r_sci_uart.o
                0x000034b8                R_SCI_UART_Write
 .text.R_SCI_UART_CallbackSet
                0x00003508        0xa ./ra/fsp/src/r_sci_uart/r_sci_uart.o
                0x00003508                R_SCI_UART_CallbackSet
 .text.R_SCI_UART_InfoGet
                0x00003512        0xc ./ra/fsp/src/r_sci_uart/r_sci_uart.o
                0x00003512                R_SCI_UART_InfoGet
 .text.R_SCI_UART_Abort
                0x0000351e       0x28 ./ra/fsp/src/r_sci_uart/r_sci_uart.o
                0x0000351e                R_SCI_UART_Abort
 .text.R_SCI_UART_ReadStop
                0x00003546        0xc ./ra/fsp/src/r_sci_uart/r_sci_uart.o
                0x00003546                R_SCI_UART_ReadStop
 .text.r_sci_uart_baud_set
                0x00003552       0x2a ./ra/fsp/src/r_sci_uart/r_sci_uart.o
 .text.r_sci_uart_config_set
                0x0000357c       0x98 ./ra/fsp/src/r_sci_uart/r_sci_uart.o
 .text.R_SCI_UART_BaudSet
                0x00003614       0x24 ./ra/fsp/src/r_sci_uart/r_sci_uart.o
                0x00003614                R_SCI_UART_BaudSet
 .text.r_sci_uart_call_callback
                0x00003638       0x4c ./ra/fsp/src/r_sci_uart/r_sci_uart.o
 .text.R_SCI_UART_Close
                0x00003684       0x60 ./ra/fsp/src/r_sci_uart/r_sci_uart.o
                0x00003684                R_SCI_UART_Close
 .text.r_sci_irq_cfg
                0x000036e4       0x20 ./ra/fsp/src/r_sci_uart/r_sci_uart.o
 .text.r_sci_irqs_cfg
                0x00003704       0x36 ./ra/fsp/src/r_sci_uart/r_sci_uart.o
 .text.R_SCI_UART_Open
                0x0000373a      0x100 ./ra/fsp/src/r_sci_uart/r_sci_uart.o
                0x0000373a                R_SCI_UART_Open
 *fill*         0x0000383a        0x2 ff
 .text.sci_uart_txi_isr
                0x0000383c       0x8c ./ra/fsp/src/r_sci_uart/r_sci_uart.o
                0x0000383c                sci_uart_txi_isr
 .text.sci_uart_rxi_isr
                0x000038c8       0x8c ./ra/fsp/src/r_sci_uart/r_sci_uart.o
                0x000038c8                sci_uart_rxi_isr
 .text.sci_uart_tei_isr
                0x00003954       0x38 ./ra/fsp/src/r_sci_uart/r_sci_uart.o
                0x00003954                sci_uart_tei_isr
 .text.sci_uart_eri_isr
                0x0000398c       0x66 ./ra/fsp/src/r_sci_uart/r_sci_uart.o
                0x0000398c                sci_uart_eri_isr
 .text.R_BSP_PinAccessEnable
                0x000039f2       0x3a ./ra/fsp/src/r_ioport/r_ioport.o
 .text.R_BSP_PinAccessDisable
                0x00003a2c       0x46 ./ra/fsp/src/r_ioport/r_ioport.o
 .text.R_IOPORT_Close
                0x00003a72        0x8 ./ra/fsp/src/r_ioport/r_ioport.o
                0x00003a72                R_IOPORT_Close
 .text.R_IOPORT_PinRead
                0x00003a7a       0x22 ./ra/fsp/src/r_ioport/r_ioport.o
                0x00003a7a                R_IOPORT_PinRead
 .text.R_IOPORT_PortRead
                0x00003a9c       0x16 ./ra/fsp/src/r_ioport/r_ioport.o
                0x00003a9c                R_IOPORT_PortRead
 .text.R_IOPORT_PortWrite
                0x00003ab2       0x22 ./ra/fsp/src/r_ioport/r_ioport.o
                0x00003ab2                R_IOPORT_PortWrite
 .text.R_IOPORT_PinWrite
                0x00003ad4       0x2c ./ra/fsp/src/r_ioport/r_ioport.o
                0x00003ad4                R_IOPORT_PinWrite
 .text.R_IOPORT_PortDirectionSet
                0x00003b00       0x24 ./ra/fsp/src/r_ioport/r_ioport.o
                0x00003b00                R_IOPORT_PortDirectionSet
 .text.R_IOPORT_PortEventInputRead
                0x00003b24       0x18 ./ra/fsp/src/r_ioport/r_ioport.o
                0x00003b24                R_IOPORT_PortEventInputRead
 .text.R_IOPORT_PinEventInputRead
                0x00003b3c       0x30 ./ra/fsp/src/r_ioport/r_ioport.o
                0x00003b3c                R_IOPORT_PinEventInputRead
 .text.R_IOPORT_PortEventOutputWrite
                0x00003b6c       0x22 ./ra/fsp/src/r_ioport/r_ioport.o
                0x00003b6c                R_IOPORT_PortEventOutputWrite
 .text.r_ioport_hw_pin_event_output_data_write
                0x00003b8e       0x2a ./ra/fsp/src/r_ioport/r_ioport.o
 .text.R_IOPORT_PinEventOutputWrite
                0x00003bb8       0x12 ./ra/fsp/src/r_ioport/r_ioport.o
                0x00003bb8                R_IOPORT_PinEventOutputWrite
 *fill*         0x00003bca        0x2 ff
 .text.r_ioport_pfs_write
                0x00003bcc       0x44 ./ra/fsp/src/r_ioport/r_ioport.o
 .text.r_ioport_pins_config
                0x00003c10       0x2a ./ra/fsp/src/r_ioport/r_ioport.o
 .text.R_IOPORT_Open
                0x00003c3a       0x16 ./ra/fsp/src/r_ioport/r_ioport.o
                0x00003c3a                R_IOPORT_Open
 .text.R_IOPORT_PinsCfg
                0x00003c50        0xc ./ra/fsp/src/r_ioport/r_ioport.o
                0x00003c50                R_IOPORT_PinsCfg
 .text.R_IOPORT_PinCfg
                0x00003c5c       0x1a ./ra/fsp/src/r_ioport/r_ioport.o
                0x00003c5c                R_IOPORT_PinCfg
 .text.R_ICU_ExternalIrqOpen
                0x00003c76       0x68 ./ra/fsp/src/r_icu/r_icu.o
                0x00003c76                R_ICU_ExternalIrqOpen
 .text.R_ICU_ExternalIrqEnable
                0x00003cde        0xe ./ra/fsp/src/r_icu/r_icu.o
                0x00003cde                R_ICU_ExternalIrqEnable
 .text.r_icu_isr
                0x00003cec       0x60 ./ra/fsp/src/r_icu/r_icu.o
                0x00003cec                r_icu_isr
 .text.R_GPT_Start
                0x00003d4c        0xa ./ra/fsp/src/r_gpt/r_gpt.o
                0x00003d4c                R_GPT_Start
 .text.gpt_common_open
                0x00003d56       0x2e ./ra/fsp/src/r_gpt/r_gpt.o
 .text.gpt_hardware_events_disable
                0x00003d84       0x1c ./ra/fsp/src/r_gpt/r_gpt.o
 .text.gpt_calculate_duty_cycle
                0x00003da0       0x64 ./ra/fsp/src/r_gpt/r_gpt.o
 .text.R_GPT_DutyCycleSet
                0x00003e04       0xbc ./ra/fsp/src/r_gpt/r_gpt.o
                0x00003e04                R_GPT_DutyCycleSet
 .text.gpt_clock_frequency_get
                0x00003ec0       0x34 ./ra/fsp/src/r_gpt/r_gpt.o
 .text.R_GPT_InfoGet
                0x00003ef4       0x1a ./ra/fsp/src/r_gpt/r_gpt.o
                0x00003ef4                R_GPT_InfoGet
 .text.gpt_gtior_calculate
                0x00003f0e       0x2a ./ra/fsp/src/r_gpt/r_gpt.o
 .text.r_gpt_init_compare_match_channel
                0x00003f38       0x26 ./ra/fsp/src/r_gpt/r_gpt.o
 .text.r_gpt_enable_irq
                0x00003f5e        0xe ./ra/fsp/src/r_gpt/r_gpt.o
 .text.gpt_hardware_initialize
                0x00003f6c      0x1ac ./ra/fsp/src/r_gpt/r_gpt.o
 .text.R_GPT_Open
                0x00004118       0x28 ./ra/fsp/src/r_gpt/r_gpt.o
                0x00004118                R_GPT_Open
 .text.r_flash_lp_init
                0x00004140       0xb4 ./ra/fsp/src/r_flash_lp/r_flash_lp.o
 .text.r_flash_lp_df_write_operation
                0x000041f4       0x30 ./ra/fsp/src/r_flash_lp/r_flash_lp.o
 .text.r_flash_lp_process_command
                0x00004224       0x3a ./ra/fsp/src/r_flash_lp/r_flash_lp.o
 .text.r_flash_lp_delay_us
                0x0000425e       0x10 ./ra/fsp/src/r_flash_lp/r_flash_lp.o
 .text.r_flash_lp_setup
                0x0000426e       0xa4 ./ra/fsp/src/r_flash_lp/r_flash_lp.o
 .text.r_flash_lp_write_fpmcr
                0x00004312       0x2a ./ra/fsp/src/r_flash_lp/r_flash_lp.o
 .text.r_flash_lp_df_enter_pe_mode
                0x0000433c       0x30 ./ra/fsp/src/r_flash_lp/r_flash_lp.o
 .text.r_flash_lp_pe_mode_exit
                0x0000436c       0x58 ./ra/fsp/src/r_flash_lp/r_flash_lp.o
 .text.r_flash_lp_reset
                0x000043c4       0x3e ./ra/fsp/src/r_flash_lp/r_flash_lp.o
 .text.r_flash_lp_command_finish
                0x00004402       0x6a ./ra/fsp/src/r_flash_lp/r_flash_lp.o
 .text.r_flash_lp_wait_for_ready
                0x0000446c       0x40 ./ra/fsp/src/r_flash_lp/r_flash_lp.o
 .text.r_flash_lp_df_write_monitor
                0x000044ac       0x30 ./ra/fsp/src/r_flash_lp/r_flash_lp.o
 .text.r_flash_lp_df_write
                0x000044dc       0x40 ./ra/fsp/src/r_flash_lp/r_flash_lp.o
 .text.R_FLASH_LP_Write
                0x0000451c        0xe ./ra/fsp/src/r_flash_lp/r_flash_lp.o
                0x0000451c                R_FLASH_LP_Write
 .text.r_flash_lp_df_erase
                0x0000452a       0x4c ./ra/fsp/src/r_flash_lp/r_flash_lp.o
 .text.R_FLASH_LP_Erase
                0x00004576       0x16 ./ra/fsp/src/r_flash_lp/r_flash_lp.o
                0x00004576                R_FLASH_LP_Erase
 .text.r_flash_lp_set_fisr
                0x0000458c       0x54 ./ra/fsp/src/r_flash_lp/r_flash_lp.o
 .text.R_FLASH_LP_Open
                0x000045e0       0x2a ./ra/fsp/src/r_flash_lp/r_flash_lp.o
                0x000045e0                R_FLASH_LP_Open
 .text.R_ADC_ScanStart
                0x0000460a        0xa ./ra/fsp/src/r_adc/r_adc.o
                0x0000460a                R_ADC_ScanStart
 .text.R_ADC_Read
                0x00004614        0xe ./ra/fsp/src/r_adc/r_adc.o
                0x00004614                R_ADC_Read
 .text.r_adc_sensor_sample_state_calculation
                0x00004622       0x48 ./ra/fsp/src/r_adc/r_adc.o
 .text.r_adc_sensor_cfg
                0x0000466a       0x6c ./ra/fsp/src/r_adc/r_adc.o
 .text.r_adc_call_callback
                0x000046d6       0x3a ./ra/fsp/src/r_adc/r_adc.o
 .text.r_adc_open_sub
                0x00004710       0xfc ./ra/fsp/src/r_adc/r_adc.o
 .text.r_adc_irq_enable
                0x0000480c        0xe ./ra/fsp/src/r_adc/r_adc.o
 .text.R_ADC_Open
                0x0000481a       0x6a ./ra/fsp/src/r_adc/r_adc.o
                0x0000481a                R_ADC_Open
 .text.r_adc_scan_cfg
                0x00004884      0x188 ./ra/fsp/src/r_adc/r_adc.o
 .text.R_ADC_ScanCfg
                0x00004a0c       0x12 ./ra/fsp/src/r_adc/r_adc.o
                0x00004a0c                R_ADC_ScanCfg
 .text.r_adc_scan_end_common_isr
                0x00004a1e       0x52 ./ra/fsp/src/r_adc/r_adc.o
 .text.adc_scan_end_isr
                0x00004a70        0xa ./ra/fsp/src/r_adc/r_adc.o
                0x00004a70                adc_scan_end_isr
 .text.bsp_prv_operating_mode_opccr_set
                0x00004a7a       0x5c ./ra/fsp/src/bsp/mcu/all/bsp_clocks.o
 .text.bsp_prv_sosc_init
                0x00004ad6       0x12 ./ra/fsp/src/bsp/mcu/all/bsp_clocks.o
 .text.SystemCoreClockUpdate
                0x00004ae8       0x2e ./ra/fsp/src/bsp/mcu/all/bsp_clocks.o
                0x00004ae8                SystemCoreClockUpdate
 .text.bsp_clock_freq_var_init
                0x00004b16       0x38 ./ra/fsp/src/bsp/mcu/all/bsp_clocks.o
 .text.bsp_prv_clock_set_hard_reset
                0x00004b4e       0x20 ./ra/fsp/src/bsp/mcu/all/bsp_clocks.o
 *fill*         0x00004b6e        0x2 ff
 .text.bsp_clock_init
                0x00004b70       0x80 ./ra/fsp/src/bsp/mcu/all/bsp_clocks.o
                0x00004b70                bsp_clock_init
 .text.R_BSP_Init_RTC
                0x00004bf0       0x10 ./ra/fsp/src/bsp/mcu/all/bsp_clocks.o
                0x00004bf0                R_BSP_Init_RTC
 .text.bsp_init_internal
                0x00004c00        0x2 ./ra/fsp/src/bsp/mcu/all/bsp_common.o
                0x00004c00                bsp_init
                0x00004c00                bsp_init_internal
 .text.__assert_func
                0x00004c02        0x4 ./ra/fsp/src/bsp/mcu/all/bsp_common.o
                0x00004c02                __assert_func
 .text.bsp_prv_software_delay_loop
                0x00004c06        0x8 ./ra/fsp/src/bsp/mcu/all/bsp_delay.o
                0x00004c06                bsp_prv_software_delay_loop
 .text.R_BSP_SoftwareDelay
                0x00004c0e       0x56 ./ra/fsp/src/bsp/mcu/all/bsp_delay.o
                0x00004c0e                R_BSP_SoftwareDelay
 .text.bsp_group_irq_call
                0x00004c64       0x14 ./ra/fsp/src/bsp/mcu/all/bsp_group_irq.o
 .text.NMI_Handler
                0x00004c78       0x44 ./ra/fsp/src/bsp/mcu/all/bsp_group_irq.o
                0x00004c78                NMI_Handler
 .text.R_BSP_IrqStatusClear
                0x00004cbc       0x1c ./ra/fsp/src/bsp/mcu/all/bsp_irq.o
                0x00004cbc                R_BSP_IrqStatusClear
 .text.R_BSP_IrqClearPending
                0x00004cd8       0x26 ./ra/fsp/src/bsp/mcu/all/bsp_irq.o
                0x00004cd8                R_BSP_IrqClearPending
 .text.R_BSP_IrqCfg
                0x00004cfe       0x44 ./ra/fsp/src/bsp/mcu/all/bsp_irq.o
                0x00004cfe                R_BSP_IrqCfg
 .text.R_BSP_IrqEnableNoClear
                0x00004d42       0x18 ./ra/fsp/src/bsp/mcu/all/bsp_irq.o
                0x00004d42                R_BSP_IrqEnableNoClear
 .text.R_BSP_IrqEnable
                0x00004d5a       0x10 ./ra/fsp/src/bsp/mcu/all/bsp_irq.o
                0x00004d5a                R_BSP_IrqEnable
 .text.R_BSP_IrqDisable
                0x00004d6a       0x22 ./ra/fsp/src/bsp/mcu/all/bsp_irq.o
                0x00004d6a                R_BSP_IrqDisable
 .text.R_BSP_IrqCfgEnable
                0x00004d8c       0x10 ./ra/fsp/src/bsp/mcu/all/bsp_irq.o
                0x00004d8c                R_BSP_IrqCfgEnable
 .text.bsp_irq_cfg
                0x00004d9c       0x2c ./ra/fsp/src/bsp/mcu/all/bsp_irq.o
                0x00004d9c                bsp_irq_cfg
 .text.R_BSP_RegisterProtectEnable
                0x00004dc8       0x70 ./ra/fsp/src/bsp/mcu/all/bsp_register_protection.o
                0x00004dc8                R_BSP_RegisterProtectEnable
 .text.R_BSP_RegisterProtectDisable
                0x00004e38       0x5c ./ra/fsp/src/bsp/mcu/all/bsp_register_protection.o
                0x00004e38                R_BSP_RegisterProtectDisable
 .text._sbrk    0x00004e94       0x5c ./ra/fsp/src/bsp/mcu/all/bsp_sbrk.o
                0x00004e94                _sbrk
 .text.Default_Handler
                0x00004ef0        0x4 ./ra/fsp/src/bsp/cmsis/Device/RENESAS/Source/startup.o
                0x00004ef0                DebugMon_Handler
                0x00004ef0                HardFault_Handler
                0x00004ef0                PendSV_Handler
                0x00004ef0                UsageFault_Handler
                0x00004ef0                SecureFault_Handler
                0x00004ef0                Default_Handler
                0x00004ef0                MemManage_Handler
                0x00004ef0                SVC_Handler
                0x00004ef0                BusFault_Handler
 .text.Reset_Handler
                0x00004ef4        0xc ./ra/fsp/src/bsp/cmsis/Device/RENESAS/Source/startup.o
                0x00004ef4                Reset_Handler
 .text.bsp_reset_trng_circuit
                0x00004f00       0x7c ./ra/fsp/src/bsp/cmsis/Device/RENESAS/Source/system.o
 .text.SystemInit
                0x00004f7c       0xdc ./ra/fsp/src/bsp/cmsis/Device/RENESAS/Source/system.o
                0x00004f7c                SystemInit
 .text.add_callback
                0x00005058       0x76 ./libs/c-watcher/src/watcher.o
 .text.add_arg  0x000050ce       0x76 ./libs/c-watcher/src/watcher.o
 .text.debouncer_callback
                0x00005144       0x12 ./libs/c-watcher/src/watcher.o
 .text.is_debounced
                0x00005156       0x20 ./libs/c-watcher/src/watcher.o
 .text.trigger_debouncer_entry
                0x00005176       0x3a ./libs/c-watcher/src/watcher.o
 .text.add_entry_static
                0x000051b0      0x25e ./libs/c-watcher/src/watcher.o
 .text.watcher_init
                0x0000540e       0x36 ./libs/c-watcher/src/watcher.o
                0x0000540e                watcher_init
 .text.watcher_add_entry
                0x00005444       0x3c ./libs/c-watcher/src/watcher.o
                0x00005444                watcher_add_entry
 .text.watcher_trigger_entry
                0x00005480       0x92 ./libs/c-watcher/src/watcher.o
                0x00005480                watcher_trigger_entry
 .text.watcher_watch
                0x00005512       0xe2 ./libs/c-watcher/src/watcher.o
                0x00005512                watcher_watch
 .text.stopwatch_init
                0x000055f4        0xe ./libs/c-stopwatch/src/stopwatch.o
                0x000055f4                stopwatch_init
 .text.stopwatch_resume
                0x00005602        0xc ./libs/c-stopwatch/src/stopwatch.o
                0x00005602                stopwatch_resume
 .text.stopwatch_pause
                0x0000560e       0x1a ./libs/c-stopwatch/src/stopwatch.o
                0x0000560e                stopwatch_pause
 .text.stopwatch_reset
                0x00005628        0x8 ./libs/c-stopwatch/src/stopwatch.o
                0x00005628                stopwatch_reset
 .text.stopwatch_set
                0x00005630        0x4 ./libs/c-stopwatch/src/stopwatch.o
                0x00005630                stopwatch_set
 .text.stopwatch_is_paused
                0x00005634        0x4 ./libs/c-stopwatch/src/stopwatch.o
                0x00005634                stopwatch_is_paused
 .text.stopwatch_get_elapsed
                0x00005638       0x18 ./libs/c-stopwatch/src/stopwatch.o
                0x00005638                stopwatch_get_elapsed
 .text.stopwatch_get_remaining
                0x00005650       0x16 ./libs/c-stopwatch/src/stopwatch.o
                0x00005650                stopwatch_get_remaining
 .text.stopwatch_get_total_time
                0x00005666        0x4 ./libs/c-stopwatch/src/stopwatch.o
                0x00005666                stopwatch_get_total_time
 .text.stopwatch_is_done
                0x0000566a       0x2e ./libs/c-stopwatch/src/stopwatch.o
                0x0000566a                stopwatch_is_done
 .text.stopwatch_timer_init
                0x00005698       0x28 ./libs/c-stopwatch/src/stopwatch_timer.o
                0x00005698                stopwatch_timer_init
 .text.stopwatch_timer_set_period
                0x000056c0        0x8 ./libs/c-stopwatch/src/stopwatch_timer.o
                0x000056c0                stopwatch_timer_set_period
 .text.stopwatch_timer_set_autoreload
                0x000056c8       0x12 ./libs/c-stopwatch/src/stopwatch_timer.o
                0x000056c8                stopwatch_timer_set_autoreload
 .text.stopwatch_timer_resume
                0x000056da        0x8 ./libs/c-stopwatch/src/stopwatch_timer.o
                0x000056da                stopwatch_timer_resume
 .text.stopwatch_timer_reset
                0x000056e2       0x10 ./libs/c-stopwatch/src/stopwatch_timer.o
                0x000056e2                stopwatch_timer_reset
 .text.stopwatch_timer_pause
                0x000056f2        0x8 ./libs/c-stopwatch/src/stopwatch_timer.o
                0x000056f2                stopwatch_timer_pause
 .text.stopwatch_timer_manage
                0x000056fa       0x52 ./libs/c-stopwatch/src/stopwatch_timer.o
                0x000056fa                stopwatch_timer_manage
 .text.debounce_filter_init
                0x0000574c       0x1a ./libs/c-debounce/src/debounce.o
                0x0000574c                debounce_filter_init
 .text.debounce_filter_single
                0x00005766       0x68 ./libs/c-debounce/src/debounce.o
                0x00005766                debounce_filter_single
 .text.debounce_filter
                0x000057ce       0x34 ./libs/c-debounce/src/debounce.o
                0x000057ce                debounce_filter
 .text.pulse_filter_init
                0x00005802       0x1e ./libs/c-debounce/src/pulsecounter.o
                0x00005802                pulse_filter_init
 .text.pulse_filter
                0x00005820       0xaa ./libs/c-debounce/src/pulsecounter.o
                0x00005820                pulse_filter
 *fill*         0x000058ca        0x2 ff
 .text          0x000058cc       0x3c /home/maldus/Local/renesas/e2_studio/toolchains/gcc_arm/13_2-Rel1/arm-gnu-toolchain-13.2.Rel1-x86_64-arm-none-eabi/bin/../lib/gcc/arm-none-eabi/13.2.1/thumb/v8-m.base/nofp/libgcc.a(_clzsi2.o)
                0x000058cc                __clzsi2
 .text          0x00005908       0x40 /home/maldus/Local/renesas/e2_studio/toolchains/gcc_arm/13_2-Rel1/arm-gnu-toolchain-13.2.Rel1-x86_64-arm-none-eabi/bin/../lib/gcc/arm-none-eabi/13.2.1/thumb/v8-m.base/nofp/libgcc.a(_aeabi_uldivmod.o)
                0x00005908                __aeabi_uldivmod
 .text.__muldi3
                0x00005948       0x5c /home/maldus/Local/renesas/e2_studio/toolchains/gcc_arm/13_2-Rel1/arm-gnu-toolchain-13.2.Rel1-x86_64-arm-none-eabi/bin/../lib/gcc/arm-none-eabi/13.2.1/thumb/v8-m.base/nofp/libgcc.a(_muldi3.o)
                0x00005948                __aeabi_lmul
                0x00005948                __muldi3
 .text.__udivmoddi4
                0x000059a4      0x390 /home/maldus/Local/renesas/e2_studio/toolchains/gcc_arm/13_2-Rel1/arm-gnu-toolchain-13.2.Rel1-x86_64-arm-none-eabi/bin/../lib/gcc/arm-none-eabi/13.2.1/thumb/v8-m.base/nofp/libgcc.a(_udivmoddi4.o)
                0x000059a4                __udivmoddi4
 .text          0x00005d34        0x4 /home/maldus/Local/renesas/e2_studio/toolchains/gcc_arm/13_2-Rel1/arm-gnu-toolchain-13.2.Rel1-x86_64-arm-none-eabi/bin/../lib/gcc/arm-none-eabi/13.2.1/thumb/v8-m.base/nofp/libgcc.a(_dvmd_tls.o)
                0x00005d34                __aeabi_ldiv0
                0x00005d34                __aeabi_idiv0
 .text.memcpy   0x00005d38       0x12 /home/maldus/Local/renesas/e2_studio/toolchains/gcc_arm/13_2-Rel1/arm-gnu-toolchain-13.2.Rel1-x86_64-arm-none-eabi/bin/../lib/gcc/arm-none-eabi/13.2.1/../../../../arm-none-eabi/lib/thumb/v8-m.base/nofp/libg_nano.a(libc_a-memcpy-stub.o)
                0x00005d38                memcpy
 *fill*         0x00005d4a        0x2 ff
 .text.free     0x00005d4c       0x14 /home/maldus/Local/renesas/e2_studio/toolchains/gcc_arm/13_2-Rel1/arm-gnu-toolchain-13.2.Rel1-x86_64-arm-none-eabi/bin/../lib/gcc/arm-none-eabi/13.2.1/../../../../arm-none-eabi/lib/thumb/v8-m.base/nofp/libg_nano.a(libc_a-malloc.o)
                0x00005d4c                free
 .text.sbrk_aligned
                0x00005d60       0x44 /home/maldus/Local/renesas/e2_studio/toolchains/gcc_arm/13_2-Rel1/arm-gnu-toolchain-13.2.Rel1-x86_64-arm-none-eabi/bin/../lib/gcc/arm-none-eabi/13.2.1/../../../../arm-none-eabi/lib/thumb/v8-m.base/nofp/libg_nano.a(libc_a-mallocr.o)
 .text._malloc_r
                0x00005da4      0x100 /home/maldus/Local/renesas/e2_studio/toolchains/gcc_arm/13_2-Rel1/arm-gnu-toolchain-13.2.Rel1-x86_64-arm-none-eabi/bin/../lib/gcc/arm-none-eabi/13.2.1/../../../../arm-none-eabi/lib/thumb/v8-m.base/nofp/libg_nano.a(libc_a-mallocr.o)
                0x00005da4                _malloc_r
 .text.__malloc_lock
                0x00005ea4       0x10 /home/maldus/Local/renesas/e2_studio/toolchains/gcc_arm/13_2-Rel1/arm-gnu-toolchain-13.2.Rel1-x86_64-arm-none-eabi/bin/../lib/gcc/arm-none-eabi/13.2.1/../../../../arm-none-eabi/lib/thumb/v8-m.base/nofp/libg_nano.a(libc_a-mlock.o)
                0x00005ea4                __malloc_lock
 .text.__malloc_unlock
                0x00005eb4       0x10 /home/maldus/Local/renesas/e2_studio/toolchains/gcc_arm/13_2-Rel1/arm-gnu-toolchain-13.2.Rel1-x86_64-arm-none-eabi/bin/../lib/gcc/arm-none-eabi/13.2.1/../../../../arm-none-eabi/lib/thumb/v8-m.base/nofp/libg_nano.a(libc_a-mlock.o)
                0x00005eb4                __malloc_unlock
 .text.realloc  0x00005ec4       0x14 /home/maldus/Local/renesas/e2_studio/toolchains/gcc_arm/13_2-Rel1/arm-gnu-toolchain-13.2.Rel1-x86_64-arm-none-eabi/bin/../lib/gcc/arm-none-eabi/13.2.1/../../../../arm-none-eabi/lib/thumb/v8-m.base/nofp/libg_nano.a(libc_a-realloc.o)
                0x00005ec4                realloc
 .text._sbrk_r  0x00005ed8       0x20 /home/maldus/Local/renesas/e2_studio/toolchains/gcc_arm/13_2-Rel1/arm-gnu-toolchain-13.2.Rel1-x86_64-arm-none-eabi/bin/../lib/gcc/arm-none-eabi/13.2.1/../../../../arm-none-eabi/lib/thumb/v8-m.base/nofp/libg_nano.a(libc_a-sbrkr.o)
                0x00005ed8                _sbrk_r
 .text.__errno  0x00005ef8        0xc /home/maldus/Local/renesas/e2_studio/toolchains/gcc_arm/13_2-Rel1/arm-gnu-toolchain-13.2.Rel1-x86_64-arm-none-eabi/bin/../lib/gcc/arm-none-eabi/13.2.1/../../../../arm-none-eabi/lib/thumb/v8-m.base/nofp/libg_nano.a(libc_a-errno.o)
                0x00005ef8                __errno
 .text.memcmp   0x00005f04       0x1c /home/maldus/Local/renesas/e2_studio/toolchains/gcc_arm/13_2-Rel1/arm-gnu-toolchain-13.2.Rel1-x86_64-arm-none-eabi/bin/../lib/gcc/arm-none-eabi/13.2.1/../../../../arm-none-eabi/lib/thumb/v8-m.base/nofp/libg_nano.a(libc_a-memcmp.o)
                0x00005f04                memcmp
 .text.memset   0x00005f20       0x10 /home/maldus/Local/renesas/e2_studio/toolchains/gcc_arm/13_2-Rel1/arm-gnu-toolchain-13.2.Rel1-x86_64-arm-none-eabi/bin/../lib/gcc/arm-none-eabi/13.2.1/../../../../arm-none-eabi/lib/thumb/v8-m.base/nofp/libg_nano.a(libc_a-memset.o)
                0x00005f20                memset
 .text._realloc_r
                0x00005f30       0x5a /home/maldus/Local/renesas/e2_studio/toolchains/gcc_arm/13_2-Rel1/arm-gnu-toolchain-13.2.Rel1-x86_64-arm-none-eabi/bin/../lib/gcc/arm-none-eabi/13.2.1/../../../../arm-none-eabi/lib/thumb/v8-m.base/nofp/libg_nano.a(libc_a-reallocr.o)
                0x00005f30                _realloc_r
 *fill*         0x00005f8a        0x2 ff
 .text._free_r  0x00005f8c       0x90 /home/maldus/Local/renesas/e2_studio/toolchains/gcc_arm/13_2-Rel1/arm-gnu-toolchain-13.2.Rel1-x86_64-arm-none-eabi/bin/../lib/gcc/arm-none-eabi/13.2.1/../../../../arm-none-eabi/lib/thumb/v8-m.base/nofp/libg_nano.a(libc_a-freer.o)
                0x00005f8c                _free_r
 .text.__retarget_lock_acquire_recursive
                0x0000601c        0x2 /home/maldus/Local/renesas/e2_studio/toolchains/gcc_arm/13_2-Rel1/arm-gnu-toolchain-13.2.Rel1-x86_64-arm-none-eabi/bin/../lib/gcc/arm-none-eabi/13.2.1/../../../../arm-none-eabi/lib/thumb/v8-m.base/nofp/libg_nano.a(libc_a-lock.o)
                0x0000601c                __retarget_lock_acquire_recursive
 .text.__retarget_lock_release_recursive
                0x0000601e        0x2 /home/maldus/Local/renesas/e2_studio/toolchains/gcc_arm/13_2-Rel1/arm-gnu-toolchain-13.2.Rel1-x86_64-arm-none-eabi/bin/../lib/gcc/arm-none-eabi/13.2.1/../../../../arm-none-eabi/lib/thumb/v8-m.base/nofp/libg_nano.a(libc_a-lock.o)
                0x0000601e                __retarget_lock_release_recursive
 .text._malloc_usable_size_r
                0x00006020       0x10 /home/maldus/Local/renesas/e2_studio/toolchains/gcc_arm/13_2-Rel1/arm-gnu-toolchain-13.2.Rel1-x86_64-arm-none-eabi/bin/../lib/gcc/arm-none-eabi/13.2.1/../../../../arm-none-eabi/lib/thumb/v8-m.base/nofp/libg_nano.a(libc_a-msizer.o)
                0x00006020                _malloc_usable_size_r
 *(.version)
 .version       0x00006030       0x50 ./ra/fsp/src/bsp/mcu/all/bsp_common.o
 *(.init)
 .init          0x00006080        0x4 /home/maldus/Local/renesas/e2_studio/toolchains/gcc_arm/13_2-Rel1/arm-gnu-toolchain-13.2.Rel1-x86_64-arm-none-eabi/bin/../lib/gcc/arm-none-eabi/13.2.1/thumb/v8-m.base/nofp/crti.o
                0x00006080                _init
 .init          0x00006084        0x8 /home/maldus/Local/renesas/e2_studio/toolchains/gcc_arm/13_2-Rel1/arm-gnu-toolchain-13.2.Rel1-x86_64-arm-none-eabi/bin/../lib/gcc/arm-none-eabi/13.2.1/thumb/v8-m.base/nofp/crtn.o
 *(.fini)
 .fini          0x0000608c        0x4 /home/maldus/Local/renesas/e2_studio/toolchains/gcc_arm/13_2-Rel1/arm-gnu-toolchain-13.2.Rel1-x86_64-arm-none-eabi/bin/../lib/gcc/arm-none-eabi/13.2.1/thumb/v8-m.base/nofp/crti.o
                0x0000608c                _fini
 .fini          0x00006090        0x8 /home/maldus/Local/renesas/e2_studio/toolchains/gcc_arm/13_2-Rel1/arm-gnu-toolchain-13.2.Rel1-x86_64-arm-none-eabi/bin/../lib/gcc/arm-none-eabi/13.2.1/thumb/v8-m.base/nofp/crtn.o
 *crtbegin.o(.ctors)
 *crtbegin?.o(.ctors)
 *(EXCLUDE_FILE(*crtend.o *crtend?.o) .ctors)
 *(SORT_BY_NAME(.ctors.*))
 *(.ctors)
 *crtbegin.o(.dtors)
 *crtbegin?.o(.dtors)
 *(EXCLUDE_FILE(*crtend.o *crtend?.o) .dtors)
 *(SORT_BY_NAME(.dtors.*))
 *(.dtors)
 *(.rodata*)
 .rodata.crc16_ccitt_table
                0x00006098      0x200 ./src/services/crc16-ccitt.o
 .rodata.running_event_manager
                0x00006298       0x2c ./src/model/cycle.o
 .rodata.standby_event_manager
                0x000062c4       0x2c ./src/model/cycle.o
 .rodata.wait_start_event_manager
                0x000062f0       0x2c ./src/model/cycle.o
 .rodata.managers
                0x0000631c       0x3c ./src/model/cycle.o
 .rodata.managers
                0x00006358       0x24 ./src/model/heating.o
 .rodata.get_pwm_drum_percentage.str1.4
                0x0000637c      0x118 ./src/model/model.o
                                 0x25 (size before relaxing)
 .rodata.model_pwoff_deserialize.str1.4
                0x00006494       0x1b ./src/model/model.o
 .rodata.__func__.0
                0x00006494       0x11 ./src/model/model.o
 *fill*         0x000064a5        0x3 ff
 .rodata.__func__.1
                0x000064a8       0x16 ./src/model/model.o
 *fill*         0x000064be        0x2 ff
 .rodata.__func__.2
                0x000064c0       0x13 ./src/model/model.o
 *fill*         0x000064d3        0x1 ff
 .rodata.__func__.3
                0x000064d4       0x16 ./src/model/model.o
 *fill*         0x000064ea        0x2 ff
 .rodata.__func__.5
                0x000064ec       0x1e ./src/model/model.o
 *fill*         0x0000650a        0x2 ff
 .rodata.__func__.6
                0x0000650c       0x10 ./src/model/model.o
 .rodata.__func__.7
                0x0000651c       0x14 ./src/model/model.o
 .rodata.__func__.8
                0x00006530       0x13 ./src/model/model.o
 *fill*         0x00006543        0x1 ff
 .rodata.__func__.12
                0x00006544       0x1a ./src/model/model.o
 *fill*         0x0000655e        0x2 ff
 .rodata.__func__.13
                0x00006560       0x1e ./src/model/model.o
 *fill*         0x0000657e        0x2 ff
 .rodata.__func__.14
                0x00006580       0x1b ./src/model/model.o
 *fill*         0x0000659b        0x1 ff
 .rodata.__func__.15
                0x0000659c       0x17 ./src/model/model.o
 *fill*         0x000065b3        0x1 ff
 .rodata.__func__.17
                0x000065b4       0x1e ./src/model/model.o
 *fill*         0x000065d2        0x2 ff
 .rodata.__func__.18
                0x000065d4       0x13 ./src/model/model.o
 *fill*         0x000065e7        0x1 ff
 .rodata.__func__.19
                0x000065e8       0x1c ./src/model/model.o
 .rodata.__func__.20
                0x00006604       0x1a ./src/model/model.o
 *fill*         0x0000661e        0x2 ff
 .rodata.__func__.21
                0x00006620       0x12 ./src/model/model.o
 *fill*         0x00006632        0x2 ff
 .rodata.__func__.22
                0x00006634       0x15 ./src/model/model.o
 *fill*         0x00006649        0x3 ff
 .rodata.__func__.24
                0x0000664c       0x16 ./src/model/model.o
 *fill*         0x00006662        0x2 ff
 .rodata.__func__.25
                0x00006664       0x12 ./src/model/model.o
 *fill*         0x00006676        0x2 ff
 .rodata.__func__.26
                0x00006678       0x18 ./src/model/model.o
 .rodata.__func__.27
                0x00006690       0x16 ./src/model/model.o
 *fill*         0x000066a6        0x2 ff
 .rodata.__func__.28
                0x000066a8       0x15 ./src/model/model.o
 *fill*         0x000066bd        0x3 ff
 .rodata.__func__.29
                0x000066c0       0x1d ./src/model/model.o
 *fill*         0x000066dd        0x3 ff
 .rodata.__func__.30
                0x000066e0       0x18 ./src/model/model.o
 .rodata.__func__.31
                0x000066f8       0x17 ./src/model/model.o
 *fill*         0x0000670f        0x1 ff
 .rodata.__func__.32
                0x00006710       0x1e ./src/model/model.o
 *fill*         0x0000672e        0x2 ff
 .rodata.__func__.33
                0x00006730       0x14 ./src/model/model.o
 .rodata.__func__.34
                0x00006744       0x12 ./src/model/model.o
 *fill*         0x00006756        0x2 ff
 .rodata.__func__.35
                0x00006758       0x16 ./src/model/model.o
 *fill*         0x0000676e        0x2 ff
 .rodata.__func__.36
                0x00006770       0x20 ./src/model/model.o
 .rodata.__func__.37
                0x00006790       0x18 ./src/model/model.o
 .rodata.__func__.38
                0x000067a8       0x17 ./src/model/model.o
 *fill*         0x000067bf        0x1 ff
 .rodata.__func__.42
                0x000067c0       0x11 ./src/model/model.o
 *fill*         0x000067d1        0x3 ff
 .rodata.__func__.43
                0x000067d4       0x13 ./src/model/model.o
 *fill*         0x000067e7        0x1 ff
 .rodata.__func__.44
                0x000067e8        0xd ./src/model/model.o
 *fill*         0x000067f5        0x3 ff
 .rodata.__func__.45
                0x000067f8        0xb ./src/model/model.o
 .rodata.bsp_adc_init.str1.4
                0x00006803       0x25 ./src/bsp/adc.o
 *fill*         0x00006803        0x1 ff
 .rodata.__func__.1
                0x00006804        0xd ./src/bsp/adc.o
 *fill*         0x00006811        0x3 ff
 .rodata        0x00006814       0x10 ./src/bsp/adc.o
 .rodata        0x00006824        0xc ./src/bsp/coin_reader.o
 .rodata        0x00006830       0x10 ./src/bsp/digin.o
 .rodata.erase_block.str1.4
                0x00006840       0x2b ./src/bsp/power_off.o
 .rodata.bsp_power_off_save.str1.4
                0x00006840       0x19 ./src/bsp/power_off.o
 .rodata.__func__.0
                0x00006840       0x13 ./src/bsp/power_off.o
 *fill*         0x00006853        0x1 ff
 .rodata.__func__.1
                0x00006854       0x13 ./src/bsp/power_off.o
 *fill*         0x00006867        0x1 ff
 .rodata.__func__.2
                0x00006868        0xc ./src/bsp/power_off.o
 .rodata.__func__.3
                0x00006874       0x13 ./src/bsp/power_off.o
 .rodata.bsp_pwm_init.str1.4
                0x00006887       0x25 ./src/bsp/pwm.o
 *fill*         0x00006887        0x1 ff
 .rodata.__func__.0
                0x00006888        0xf ./src/bsp/pwm.o
 *fill*         0x00006897        0x1 ff
 .rodata.__func__.1
                0x00006898        0xd ./src/bsp/pwm.o
 *fill*         0x000068a5        0x3 ff
 .rodata        0x000068a8        0xe ./src/bsp/relay.o
 *fill*         0x000068b6        0x2 ff
 .rodata.CRC_TABLE
                0x000068b8      0x100 ./src/bsp/temperature_humidity_probe.o
 .rodata.register_callback
                0x000069b8      0x164 ./src/adapters/modbus_server.o
 .rodata.modbus_server_init.str1.4
                0x00006b1c       0x50 ./src/adapters/modbus_server.o
 .rodata.__func__.1
                0x00006b1c       0x13 ./src/adapters/modbus_server.o
 *fill*         0x00006b2f        0x1 ff
 .rodata.g_ioport
                0x00006b30        0xc ./ra_gen/common_data.o
                0x00006b30                g_ioport
 .rodata.g_external_irq0_cfg
                0x00006b3c       0x14 ./ra_gen/common_data.o
                0x00006b3c                g_external_irq0_cfg
 .rodata.g_uart0
                0x00006b50        0xc ./ra_gen/hal_data.o
                0x00006b50                g_uart0
 .rodata.g_uart0_cfg
                0x00006b5c       0x20 ./ra_gen/hal_data.o
                0x00006b5c                g_uart0_cfg
 .rodata.g_uart0_cfg_extend
                0x00006b7c       0x14 ./ra_gen/hal_data.o
                0x00006b7c                g_uart0_cfg_extend
 .rodata.g_adc0_channel_cfg
                0x00006b90       0x14 ./ra_gen/hal_data.o
                0x00006b90                g_adc0_channel_cfg
 .rodata.g_adc0_cfg
                0x00006ba4       0x18 ./ra_gen/hal_data.o
                0x00006ba4                g_adc0_cfg
 .rodata.g_adc0_cfg_extend
                0x00006bbc        0xb ./ra_gen/hal_data.o
                0x00006bbc                g_adc0_cfg_extend
 *fill*         0x00006bc7        0x1 ff
 .rodata.g_timer_pwm_cfg
                0x00006bc8       0x20 ./ra_gen/hal_data.o
                0x00006bc8                g_timer_pwm_cfg
 .rodata.g_timer_pwm_extend
                0x00006be8       0x3c ./ra_gen/hal_data.o
                0x00006be8                g_timer_pwm_extend
 .rodata.g_flash_cfg
                0x00006c24       0x14 ./ra_gen/hal_data.o
                0x00006c24                g_flash_cfg
 .rodata.g_bsp_pin_cfg
                0x00006c38        0xc ./ra_gen/pin_data.o
                0x00006c38                g_bsp_pin_cfg
 .rodata.g_bsp_pin_cfg_data
                0x00006c44      0x148 ./ra_gen/pin_data.o
                0x00006c44                g_bsp_pin_cfg_data
 .rodata.g_interrupt_event_link_select
                0x00006d8c       0x20 ./ra_gen/vector_data.o
                0x00006d8c                g_interrupt_event_link_select
 .rodata.g_uart_on_sci
                0x00006dac       0x24 ./ra/fsp/src/r_sci_uart/r_sci_uart.o
                0x00006dac                g_uart_on_sci
 .rodata.g_ioport_on_ioport
                0x00006dd0       0x34 ./ra/fsp/src/r_ioport/r_ioport.o
                0x00006dd0                g_ioport_on_ioport
 .rodata.g_prcr_masks
                0x00006e04        0x8 ./ra/fsp/src/bsp/mcu/all/bsp_register_protection.o
                0x00006e0c                        __usb_dev_descriptor_start_fs = .
 *(.usb_device_desc_fs*)
                0x00006e0c                        __usb_cfg_descriptor_start_fs = .
 *(.usb_config_desc_fs*)
                0x00006e0c                        __usb_interface_descriptor_start_fs = .
 *(.usb_interface_desc_fs*)
                0x00006e0c                        __usb_descriptor_end_fs = .
                0x00006e0c                        __usb_dev_descriptor_start_hs = .
 *(.usb_device_desc_hs*)
                0x00006e0c                        __usb_cfg_descriptor_start_hs = .
 *(.usb_config_desc_hs*)
                0x00006e0c                        __usb_interface_descriptor_start_hs = .
 *(.usb_interface_desc_hs*)
                0x00006e0c                        __usb_descriptor_end_hs = .
 *(.eh_frame*)
 .eh_frame      0x00006e0c        0x0 /home/maldus/Local/renesas/e2_studio/toolchains/gcc_arm/13_2-Rel1/arm-gnu-toolchain-13.2.Rel1-x86_64-arm-none-eabi/bin/../lib/gcc/arm-none-eabi/13.2.1/thumb/v8-m.base/nofp/crtbegin.o
 .eh_frame      0x00006e0c        0x4 /home/maldus/Local/renesas/e2_studio/toolchains/gcc_arm/13_2-Rel1/arm-gnu-toolchain-13.2.Rel1-x86_64-arm-none-eabi/bin/../lib/gcc/arm-none-eabi/13.2.1/thumb/v8-m.base/nofp/crtend.o
                0x00006e10                        __ROM_End = .
                0x000000c0                        __Vectors_Size = (__Vectors_End - __Vectors)

.glue_7         0x00006e10        0x0
 .glue_7        0x00006e10        0x0 linker stubs

.glue_7t        0x00006e10        0x0
 .glue_7t       0x00006e10        0x0 linker stubs

.vfp11_veneer   0x00006e10        0x0
 .vfp11_veneer  0x00006e10        0x0 linker stubs

.v4_bx          0x00006e10        0x0
 .v4_bx         0x00006e10        0x0 linker stubs

.iplt           0x00006e10        0x0
 .iplt          0x00006e10        0x0 /home/maldus/Local/renesas/e2_studio/toolchains/gcc_arm/13_2-Rel1/arm-gnu-toolchain-13.2.Rel1-x86_64-arm-none-eabi/bin/../lib/gcc/arm-none-eabi/13.2.1/thumb/v8-m.base/nofp/crtbegin.o
                0x00006e10                        . = .
                0x00006e10                        __itcm_data_pre_location = .

.itcm_data      0x00000000        0x0 load address 0x00006e10
                0x00000000                        __tz_ITCM_S = ABSOLUTE (ITCM_START)
                0x00000000                        __itcm_data_start = .
 *(.itcm_data*)
                0x00000000                        . = ALIGN (0x8)
                0x00000000                        __itcm_data_end = .
                0x00000000                        __tz_ITCM_N = DEFINED (ITCM_NS_START)?ABSOLUTE (ITCM_NS_START):ALIGN (__itcm_data_end, 0x2000)
                0x00006e10                        __itcm_data_init_start = LOADADDR (.itcm_data)
                0x00006e10                        __itcm_data_init_end = (LOADADDR (.itcm_data) + SIZEOF (.itcm_data))
                0x00000001                        ASSERT (((ORIGIN (ITCM) % 0x8) == 0x0), ITCM memory region origin must be aligned to 8 bytes.)
                0x00000001                        ASSERT (((LENGTH (ITCM) % 0x8) == 0x0), ITCM memory region length must be a multiple of 8 bytes.)
                0x00000001                        ASSERT (((LOADADDR (.itcm_data) % 0x10) == 0x0), .itcm_data section must be aligned to 16 bytes.)
                0x00000001                        ASSERT (((SIZEOF (.itcm_data) % 0x8) == 0x0), .itcm_data section size must be a multiple of 8 bytes.)
                0x00006e10                        . = (SIZEOF (.itcm_data) > 0x0)?__itcm_data_init_end:__itcm_data_pre_location
                0x00006e10                        __exidx_start = .

/DISCARD/
 *(.ARM.extab* .gnu.linkonce.armextab.*)
 *(.ARM.exidx* .gnu.linkonce.armexidx.*)
                0x00006e10                        __exidx_end = .
                0x00006e10                        __etext = .
                0x20000000                        __tz_RAM_S = ORIGIN (RAM)

.fsp_dtc_vector_table
                0x20000000        0x0
                0x20000000                        . = ORIGIN (RAM)
 *(.fsp_dtc_vector_table)

.data           0x20000000       0x7c load address 0x00006e10
                0x20000000                        __data_start__ = .
                0x20000000                        . = ALIGN (0x4)
                0x20000000                        __Code_In_RAM_Start = .
 *(.code_in_ram*)
                0x20000000                        __Code_In_RAM_End = .
 *(vtable)
 *(.data.*)
 .data.modbusSlaveDefaultFunctions
                0x20000000       0x20 ./src/adapters/modbus_server.o
                0x20000000                modbusSlaveDefaultFunctions
 .data.g_uart0_baud_setting
                0x20000020        0x4 ./ra_gen/hal_data.o
                0x20000020                g_uart0_baud_setting
 .data._impure_ptr
                0x20000024        0x4 /home/maldus/Local/renesas/e2_studio/toolchains/gcc_arm/13_2-Rel1/arm-gnu-toolchain-13.2.Rel1-x86_64-arm-none-eabi/bin/../lib/gcc/arm-none-eabi/13.2.1/../../../../arm-none-eabi/lib/thumb/v8-m.base/nofp/libg_nano.a(libc_a-impure.o)
                0x20000024                _impure_ptr
 .data._impure_data
                0x20000028       0x4c /home/maldus/Local/renesas/e2_studio/toolchains/gcc_arm/13_2-Rel1/arm-gnu-toolchain-13.2.Rel1-x86_64-arm-none-eabi/bin/../lib/gcc/arm-none-eabi/13.2.1/../../../../arm-none-eabi/lib/thumb/v8-m.base/nofp/libg_nano.a(libc_a-impure.o)
                0x20000028                _impure_data
 *(.data)
                0x20000074                        . = ALIGN (0x4)
                0x20000074                        PROVIDE (__preinit_array_start = .)
 *(.preinit_array)
                0x20000074                        PROVIDE (__preinit_array_end = .)
                0x20000074                        . = ALIGN (0x4)
                0x20000074                        PROVIDE (__init_array_start = .)
 *(SORT_BY_NAME(.init_array.*))
 *(.init_array)
 .init_array    0x20000074        0x4 /home/maldus/Local/renesas/e2_studio/toolchains/gcc_arm/13_2-Rel1/arm-gnu-toolchain-13.2.Rel1-x86_64-arm-none-eabi/bin/../lib/gcc/arm-none-eabi/13.2.1/thumb/v8-m.base/nofp/crtbegin.o
                0x20000078                        PROVIDE (__init_array_end = .)
                0x20000078                        . = ALIGN (0x4)
                [!provide]                        PROVIDE (__fini_array_start = .)
 *(SORT_BY_NAME(.fini_array.*))
 *(.fini_array)
 .fini_array    0x20000078        0x4 /home/maldus/Local/renesas/e2_studio/toolchains/gcc_arm/13_2-Rel1/arm-gnu-toolchain-13.2.Rel1-x86_64-arm-none-eabi/bin/../lib/gcc/arm-none-eabi/13.2.1/thumb/v8-m.base/nofp/crtbegin.o
                [!provide]                        PROVIDE (__fini_array_end = .)
 *(.jcr*)
                0x2000007c                        . = ALIGN (0x4)
                0x2000007c                        __data_end__ = .

.tm_clone_table
                0x2000007c        0x0 load address 0x00006e8c
 .tm_clone_table
                0x2000007c        0x0 /home/maldus/Local/renesas/e2_studio/toolchains/gcc_arm/13_2-Rel1/arm-gnu-toolchain-13.2.Rel1-x86_64-arm-none-eabi/bin/../lib/gcc/arm-none-eabi/13.2.1/thumb/v8-m.base/nofp/crtbegin.o
 .tm_clone_table
                0x2000007c        0x0 /home/maldus/Local/renesas/e2_studio/toolchains/gcc_arm/13_2-Rel1/arm-gnu-toolchain-13.2.Rel1-x86_64-arm-none-eabi/bin/../lib/gcc/arm-none-eabi/13.2.1/thumb/v8-m.base/nofp/crtend.o

.igot.plt       0x2000007c        0x0 load address 0x00006e8c
 .igot.plt      0x2000007c        0x0 /home/maldus/Local/renesas/e2_studio/toolchains/gcc_arm/13_2-Rel1/arm-gnu-toolchain-13.2.Rel1-x86_64-arm-none-eabi/bin/../lib/gcc/arm-none-eabi/13.2.1/thumb/v8-m.base/nofp/crtbegin.o
                0x2000007c                        . = .
                0x00006e8c                        __dtcm_data_pre_location = (LOADADDR (.data) + SIZEOF (.data))

.dtcm_data      0x00000000        0x0 load address 0x00006e90
                0x00000000                        __tz_DTCM_S = ABSOLUTE (DTCM_START)
                0x00000000                        __dtcm_data_start = .
 *(.dtcm_data*)
                0x00000000                        . = ALIGN (0x8)
                0x00000000                        __dtcm_data_end = .
                0x00000000                        . = __dtcm_data_end

.dtcm_bss       0x00000000        0x0
                0x00000000                        __dtcm_bss_start = .
 *(.dtcm_bss*)
                0x00000000                        . = ALIGN (0x8)
                0x00000000                        __dtcm_bss_end = .
                0x00000000                        __tz_DTCM_N = DEFINED (DTCM_NS_START)?ABSOLUTE (DTCM_NS_START):ALIGN (__dtcm_bss_end, 0x2000)
                0x00006e90                        __dtcm_data_init_start = LOADADDR (.dtcm_data)
                0x00006e90                        __dtcm_data_init_end = (LOADADDR (.dtcm_data) + SIZEOF (.dtcm_data))
                0x00000001                        ASSERT (((ORIGIN (DTCM) % 0x8) == 0x0), DTCM memory region origin must be aligned to 8 bytes.)
                0x00000001                        ASSERT (((LENGTH (DTCM) % 0x8) == 0x0), DTCM memory region length must be a multiple of 8 bytes.)
                0x00000001                        ASSERT ((LOADADDR (.dtcm_bss) == ADDR (.dtcm_bss)), .dtcm_bss has (VMA != LMA) but should be NOLOAD (VMA == LMA).)
                0x00000001                        ASSERT (((LOADADDR (.dtcm_data) % 0x10) == 0x0), .dtcm_data section must be aligned to 16 bytes.)
                0x00000001                        ASSERT (((SIZEOF (.dtcm_data) % 0x8) == 0x0), .dtcm_data section size must be a multiple of 8 bytes.)
                0x00000001                        ASSERT (((LOADADDR (.dtcm_bss) % 0x8) == 0x0), .dtcm_bss section must be aligned to 8 bytes.)
                0x00000001                        ASSERT (((SIZEOF (.dtcm_bss) % 0x8) == 0x0), .dtcm_bss section size must be a multiple of 8 bytes.)
                0x00000001                        ASSERT ((__dtcm_bss_start == __dtcm_data_end), .dtcm_bss section is not adjacent to .dtcm_data section.)
                0x00006e8c                        . = (SIZEOF (.dtcm_data) > 0x0)?__dtcm_data_init_end:__dtcm_data_pre_location
                0x00006e8c                        sgstubs_pre_location = .
                0x00007000                        SGSTUBS_LOC = (DEFINED (PROJECT_SECURE) && DEFINED (FLASH_NSC_START))?ABSOLUTE (FLASH_NSC_START):ALIGN (0x400)

.gnu.sgstubs    0x00007000        0x0
                0x00007000                        __tz_FLASH_C = DEFINED (FLASH_NSC_START)?ABSOLUTE (FLASH_NSC_START):__RESERVE_NS_RAM?ABSOLUTE ((FLASH_START + FLASH_LENGTH)):ALIGN (0x400)
                0x00007000                        _start_sg = .
 *(.gnu.sgstubs*)
                0x00007000                        . = ALIGN (0x20)
                0x00007000                        _end_sg = .
                0x00008000                        __tz_FLASH_N = DEFINED (FLASH_NS_START)?ABSOLUTE (FLASH_NS_START):__RESERVE_NS_RAM?ABSOLUTE ((FLASH_START + FLASH_LENGTH)):(FLASH_LENGTH < 0x8000)?FLASH_LENGTH:ALIGN (0x8000)
                0x00008000                        FLASH_NS_IMAGE_START = DEFINED (FLASH_NS_IMAGE_START)?FLASH_NS_IMAGE_START:__tz_FLASH_N
                0x60000000                        __tz_QSPI_FLASH_S = ORIGIN (QSPI_FLASH)

.qspi_flash     0x60000000        0x0
                0x60000000                        __qspi_flash_start__ = .
 *(.qspi_flash*)
 *(.code_in_qspi*)
                0x60000000                        __qspi_flash_end__ = .
                0x00000000                        __qspi_flash_code_size__ = (__qspi_flash_end__ - __qspi_flash_start__)
                0x00006e8c                        __qspi_flash_code_addr__ = sgstubs_pre_location

.qspi_non_retentive
                0x60000000        0x0 load address 0x00006e8c
                0x60000000                        __qspi_non_retentive_start__ = .
 *(.qspi_non_retentive*)
                0x60000000                        __qspi_non_retentive_end__ = .
                0x00000000                        __qspi_non_retentive_size__ = (__qspi_non_retentive_end__ - __qspi_non_retentive_start__)
                0x04000000                        __qspi_region_max_size__ = 0x4000000
                0x60000000                        __qspi_region_start_address__ = __qspi_flash_start__
                0x64000000                        __qspi_region_end_address__ = (__qspi_flash_start__ + __qspi_region_max_size__)
                0x60000000                        __tz_QSPI_FLASH_N = __qspi_non_retentive_end__

.OSPI_DEVICE_0_NO_LOAD
                0x80020000        0x0
                0x80020000                        . = ALIGN (0x4)
                0x80020000                        __ospi_device_0_start__ = .
 *(.ospi_device_0_no_load*)
                0x80020000                        . = ALIGN (0x4)
                0x80020000                        __ospi_device_0_end__ = .

.OSPI_DEVICE_1_NO_LOAD
                0x80030000        0x0
                0x80030000                        . = ALIGN (0x4)
                0x80030000                        __ospi_device_1_start__ = .
 *(.ospi_device_1_no_load*)
                0x80030000                        . = ALIGN (0x4)
                0x80030000                        __ospi_device_1_end__ = .
                0x80020000                        __tz_OSPI_DEVICE_0_S = ORIGIN (OSPI_DEVICE_0)

.OSPI_DEVICE_0  0x80020000        0x0
                0x80020000                        __ospi_device_0_start__ = .
 *(.ospi_device_0*)
 *(.code_in_ospi_device_0*)
                0x80020000                        __ospi_device_0_end__ = .
                0x00000000                        __ospi_device_0_code_size__ = (__ospi_device_0_end__ - __ospi_device_0_start__)
                0x00006e8c                        __ospi_device_0_code_addr__ = (sgstubs_pre_location + SIZEOF (.qspi_non_retentive))

.ospi_device_0_non_retentive
                0x80020000        0x0 load address 0x00006e8c
                0x80020000                        __ospi_device_0_non_retentive_start__ = .
 *(.ospi_device_0_non_retentive*)
                0x80020000                        __ospi_device_0_non_retentive_end__ = .
                0x00000000                        __ospi_device_0_non_retentive_size__ = (__ospi_device_0_non_retentive_end__ - __ospi_device_0_non_retentive_start__)
                0x08000000                        __ospi_device_0_region_max_size__ = 0x8000000
                0x80020000                        __ospi_device_0_region_start_address__ = __ospi_device_0_start__
                0x88020000                        __ospi_device_0_region_end_address__ = (__ospi_device_0_start__ + __ospi_device_0_region_max_size__)
                0x80020000                        __tz_OSPI_DEVICE_0_N = __ospi_device_0_non_retentive_end__
                0x80030000                        __tz_OSPI_DEVICE_1_S = ORIGIN (OSPI_DEVICE_1)

.OSPI_DEVICE_1  0x80030000        0x0
                0x80030000                        __ospi_device_1_start__ = .
 *(.ospi_device_1*)
 *(.code_in_ospi_device_1*)
                0x80030000                        __ospi_device_1_end__ = .
                0x00000000                        __ospi_device_1_code_size__ = (__ospi_device_1_end__ - __ospi_device_1_start__)
                0x00006e8c                        __ospi_device_1_code_addr__ = (sgstubs_pre_location + (SIZEOF (.qspi_non_retentive) + SIZEOF (.ospi_device_0_non_retentive)))

.ospi_device_1_non_retentive
                0x80030000        0x0 load address 0x00006e8c
                0x80030000                        __ospi_device_1_non_retentive_start__ = .
 *(.ospi_device_1_non_retentive*)
                0x80030000                        __ospi_device_1_non_retentive_end__ = .
                0x00000000                        __ospi_device_1_non_retentive_size__ = (__ospi_device_1_non_retentive_end__ - __ospi_device_1_non_retentive_start__)
                0x10000000                        __ospi_device_1_region_max_size__ = 0x10000000
                0x80030000                        __ospi_device_1_region_start_address__ = __ospi_device_1_start__
                0x90030000                        __ospi_device_1_region_end_address__ = (__ospi_device_1_start__ + __ospi_device_1_region_max_size__)
                0x80030000                        __tz_OSPI_DEVICE_1_N = __ospi_device_1_non_retentive_end__

.noinit         0x2000007c       0x14
                0x2000007c                        . = ALIGN (0x4)
                0x2000007c                        __noinit_start = .
 *(.noinit*)
 .noinit        0x2000007c       0x14 ./ra/fsp/src/bsp/mcu/all/bsp_clocks.o
                0x20000090                        . = ALIGN (0x8)
 *(.heap.*)
                0x20000090                        __noinit_end = .

.bss            0x20000090      0x898
                0x20000090                        . = ALIGN (0x4)
                0x20000090                        __bss_start__ = .
 *(.bss*)
 .bss.completed.1
                0x20000090        0x1 /home/maldus/Local/renesas/e2_studio/toolchains/gcc_arm/13_2-Rel1/arm-gnu-toolchain-13.2.Rel1-x86_64-arm-none-eabi/bin/../lib/gcc/arm-none-eabi/13.2.1/thumb/v8-m.base/nofp/crtbegin.o
 *fill*         0x20000091        0x3 
 .bss.object.0  0x20000094       0x18 /home/maldus/Local/renesas/e2_studio/toolchains/gcc_arm/13_2-Rel1/arm-gnu-toolchain-13.2.Rel1-x86_64-arm-none-eabi/bin/../lib/gcc/arm-none-eabi/13.2.1/thumb/v8-m.base/nofp/crtbegin.o
 .bss.ts.0      0x200000ac        0x4 ./src/controller/controller.o
 .bss.state     0x200000b0        0x6 ./src/controller/observer.o
 *fill*         0x200000b6        0x2 
 .bss.watcher   0x200000b8       0x38 ./src/controller/observer.o
 .bss.ts.0      0x200000f0        0x4 ./src/bsp/adc.o
 .bss.temp1_samples
                0x200000f4       0x14 ./src/bsp/adc.o
 .bss.temp_samples
                0x20000108       0x14 ./src/bsp/adc.o
 .bss.press1_samples
                0x2000011c       0x14 ./src/bsp/adc.o
 .bss.samples_index
                0x20000130        0x2 ./src/bsp/adc.o
 *fill*         0x20000132        0x2 
 .bss.ts.0      0x20000134        0x4 ./src/bsp/coin_reader.o
 .bss.filter    0x20000138      0x108 ./src/bsp/coin_reader.o
 .bss.ts.0      0x20000240        0x4 ./src/bsp/digin.o
 .bss.ready     0x20000244        0x1 ./src/bsp/digin.o
 *fill*         0x20000245        0x3 
 .bss.filter    0x20000248       0x88 ./src/bsp/digin.o
 .bss.timestamp.0
                0x200002d0        0x4 ./src/bsp/heartbit.o
 .bss.blink.1   0x200002d4        0x1 ./src/bsp/heartbit.o
 *fill*         0x200002d5        0x3 
 .bss.current_counter
                0x200002d8        0x4 ./src/bsp/power_off.o
 .bss.next_sub_block_index
                0x200002dc        0x2 ./src/bsp/power_off.o
 .bss.last_sub_block_index
                0x200002de        0x2 ./src/bsp/power_off.o
 .bss.user_data
                0x200002e0        0x4 ./src/bsp/power_off.o
 .bss.user_callback
                0x200002e4        0x4 ./src/bsp/power_off.o
 .bss.pwm_periph_period
                0x200002e8        0x4 ./src/bsp/pwm.o
 .bss.last_reception_timestamp
                0x200002ec        0x4 ./src/bsp/rs232.o
 .bss.receive_buffer
                0x200002f0       0xff ./src/bsp/rs232.o
 *fill*         0x200003ef        0x1 
 .bss.receive_index
                0x200003f0        0x4 ./src/bsp/rs232.o
 .bss.millis    0x200003f4        0x4 ./src/bsp/system.o
 .bss.response.0
                0x200003f8      0x100 ./src/adapters/modbus_server.o
 .bss.modbus_minion
                0x200004f8       0x24 ./src/adapters/modbus_server.o
 .bss.model.0   0x2000051c      0x138 ./src/hal_entry.o
 .bss.g_ioport_ctrl
                0x20000654        0x8 ./ra_gen/common_data.o
                0x20000654                g_ioport_ctrl
 .bss.g_external_irq0_ctrl
                0x2000065c       0x10 ./ra_gen/common_data.o
                0x2000065c                g_external_irq0_ctrl
 .bss.g_uart0_ctrl
                0x2000066c       0x30 ./ra_gen/hal_data.o
                0x2000066c                g_uart0_ctrl
 .bss.g_adc0_ctrl
                0x2000069c       0x24 ./ra_gen/hal_data.o
                0x2000069c                g_adc0_ctrl
 .bss.g_timer_pwm_ctrl
                0x200006c0       0x20 ./ra_gen/hal_data.o
                0x200006c0                g_timer_pwm_ctrl
 .bss.g_flash_ctrl
                0x200006e0       0x38 ./ra_gen/hal_data.o
                0x200006e0                g_flash_ctrl
 .bss.g_bsp_group_irq_sources
                0x20000718       0x34 ./ra/fsp/src/bsp/mcu/all/bsp_group_irq.o
                0x20000718                g_bsp_group_irq_sources
 .bss.g_protect_pfswe_counter
                0x2000074c        0x4 ./ra/fsp/src/bsp/mcu/all/bsp_io.o
                0x2000074c                g_protect_pfswe_counter
 .bss.gp_renesas_isr_context
                0x20000750       0x80 ./ra/fsp/src/bsp/mcu/all/bsp_irq.o
                0x20000750                gp_renesas_isr_context
 .bss.g_protect_counters
                0x200007d0        0x8 ./ra/fsp/src/bsp/mcu/all/bsp_register_protection.o
                0x200007d0                g_protect_counters
 .bss.current_heap_end.0
                0x200007d8        0x4 ./ra/fsp/src/bsp/mcu/all/bsp_sbrk.o
 .bss.SystemCoreClock
                0x200007dc        0x4 ./ra/fsp/src/bsp/cmsis/Device/RENESAS/Source/system.o
                0x200007dc                SystemCoreClock
 .bss.__malloc_sbrk_start
                0x200007e0        0x4 /home/maldus/Local/renesas/e2_studio/toolchains/gcc_arm/13_2-Rel1/arm-gnu-toolchain-13.2.Rel1-x86_64-arm-none-eabi/bin/../lib/gcc/arm-none-eabi/13.2.1/../../../../arm-none-eabi/lib/thumb/v8-m.base/nofp/libg_nano.a(libc_a-mallocr.o)
                0x200007e0                __malloc_sbrk_start
 .bss.__malloc_free_list
                0x200007e4        0x4 /home/maldus/Local/renesas/e2_studio/toolchains/gcc_arm/13_2-Rel1/arm-gnu-toolchain-13.2.Rel1-x86_64-arm-none-eabi/bin/../lib/gcc/arm-none-eabi/13.2.1/../../../../arm-none-eabi/lib/thumb/v8-m.base/nofp/libg_nano.a(libc_a-mallocr.o)
                0x200007e4                __malloc_free_list
 .bss.__sf      0x200007e8      0x138 /home/maldus/Local/renesas/e2_studio/toolchains/gcc_arm/13_2-Rel1/arm-gnu-toolchain-13.2.Rel1-x86_64-arm-none-eabi/bin/../lib/gcc/arm-none-eabi/13.2.1/../../../../arm-none-eabi/lib/thumb/v8-m.base/nofp/libg_nano.a(libc_a-findfp.o)
                0x200007e8                __sf
 .bss.__lock___malloc_recursive_mutex
                0x20000920        0x1 /home/maldus/Local/renesas/e2_studio/toolchains/gcc_arm/13_2-Rel1/arm-gnu-toolchain-13.2.Rel1-x86_64-arm-none-eabi/bin/../lib/gcc/arm-none-eabi/13.2.1/../../../../arm-none-eabi/lib/thumb/v8-m.base/nofp/libg_nano.a(libc_a-lock.o)
                0x20000920                __lock___malloc_recursive_mutex
 *fill*         0x20000921        0x3 
 .bss.errno     0x20000924        0x4 /home/maldus/Local/renesas/e2_studio/toolchains/gcc_arm/13_2-Rel1/arm-gnu-toolchain-13.2.Rel1-x86_64-arm-none-eabi/bin/../lib/gcc/arm-none-eabi/13.2.1/../../../../arm-none-eabi/lib/thumb/v8-m.base/nofp/libg_nano.a(libc_a-reent.o)
                0x20000924                errno
 *(COMMON)
                0x20000928                        . = ALIGN (0x4)