Archive member included to satisfy reference by file (symbol)

/home/maldus/.local/share/renesas/e2_studio/toolchains/gcc_arm/13_2-Rel1/arm-gnu-toolchain-13.2.Rel1-x86_64-arm-none-eabi/bin/../lib/gcc/arm-none-eabi/13.2.1/thumb/v8-m.base/nofp/libgcc.a(_clzsi2.o)
                              ./ra/fsp/src/r_adc/r_adc.o (__clzsi2)
/home/maldus/.local/share/renesas/e2_studio/toolchains/gcc_arm/13_2-Rel1/arm-gnu-toolchain-13.2.Rel1-x86_64-arm-none-eabi/bin/../lib/gcc/arm-none-eabi/13.2.1/thumb/v8-m.base/nofp/libgcc.a(_aeabi_ldivmod.o)
                              ./ra/fsp/src/r_sci_uart/r_sci_uart.o (__aeabi_ldivmod)
/home/maldus/.local/share/renesas/e2_studio/toolchains/gcc_arm/13_2-Rel1/arm-gnu-toolchain-13.2.Rel1-x86_64-arm-none-eabi/bin/../lib/gcc/arm-none-eabi/13.2.1/thumb/v8-m.base/nofp/libgcc.a(_aeabi_uldivmod.o)
                              ./src/bsp/pwm.o (__aeabi_uldivmod)
/home/maldus/.local/share/renesas/e2_studio/toolchains/gcc_arm/13_2-Rel1/arm-gnu-toolchain-13.2.Rel1-x86_64-arm-none-eabi/bin/../lib/gcc/arm-none-eabi/13.2.1/thumb/v8-m.base/nofp/libgcc.a(_muldi3.o)
                              ./src/bsp/pwm.o (__aeabi_lmul)
/home/maldus/.local/share/renesas/e2_studio/toolchains/gcc_arm/13_2-Rel1/arm-gnu-toolchain-13.2.Rel1-x86_64-arm-none-eabi/bin/../lib/gcc/arm-none-eabi/13.2.1/thumb/v8-m.base/nofp/libgcc.a(_udivmoddi4.o)
                              /home/maldus/.local/share/renesas/e2_studio/toolchains/gcc_arm/13_2-Rel1/arm-gnu-toolchain-13.2.Rel1-x86_64-arm-none-eabi/bin/../lib/gcc/arm-none-eabi/13.2.1/thumb/v8-m.base/nofp/libgcc.a(_aeabi_uldivmod.o) (__udivmoddi4)
/home/maldus/.local/share/renesas/e2_studio/toolchains/gcc_arm/13_2-Rel1/arm-gnu-toolchain-13.2.Rel1-x86_64-arm-none-eabi/bin/../lib/gcc/arm-none-eabi/13.2.1/thumb/v8-m.base/nofp/libgcc.a(bpabi.o)
                              /home/maldus/.local/share/renesas/e2_studio/toolchains/gcc_arm/13_2-Rel1/arm-gnu-toolchain-13.2.Rel1-x86_64-arm-none-eabi/bin/../lib/gcc/arm-none-eabi/13.2.1/thumb/v8-m.base/nofp/libgcc.a(_aeabi_ldivmod.o) (__gnu_ldivmod_helper)
/home/maldus/.local/share/renesas/e2_studio/toolchains/gcc_arm/13_2-Rel1/arm-gnu-toolchain-13.2.Rel1-x86_64-arm-none-eabi/bin/../lib/gcc/arm-none-eabi/13.2.1/thumb/v8-m.base/nofp/libgcc.a(_dvmd_tls.o)
                              /home/maldus/.local/share/renesas/e2_studio/toolchains/gcc_arm/13_2-Rel1/arm-gnu-toolchain-13.2.Rel1-x86_64-arm-none-eabi/bin/../lib/gcc/arm-none-eabi/13.2.1/thumb/v8-m.base/nofp/libgcc.a(_aeabi_ldivmod.o) (__aeabi_ldiv0)
/home/maldus/.local/share/renesas/e2_studio/toolchains/gcc_arm/13_2-Rel1/arm-gnu-toolchain-13.2.Rel1-x86_64-arm-none-eabi/bin/../lib/gcc/arm-none-eabi/13.2.1/thumb/v8-m.base/nofp/libgcc.a(_divdi3.o)
                              /home/maldus/.local/share/renesas/e2_studio/toolchains/gcc_arm/13_2-Rel1/arm-gnu-toolchain-13.2.Rel1-x86_64-arm-none-eabi/bin/../lib/gcc/arm-none-eabi/13.2.1/thumb/v8-m.base/nofp/libgcc.a(bpabi.o) (__divdi3)
/home/maldus/.local/share/renesas/e2_studio/toolchains/gcc_arm/13_2-Rel1/arm-gnu-toolchain-13.2.Rel1-x86_64-arm-none-eabi/bin/../lib/gcc/arm-none-eabi/13.2.1/../../../../arm-none-eabi/lib/thumb/v8-m.base/nofp/libg_nano.a(libc_a-exit.o)
                              /home/maldus/.local/share/renesas/e2_studio/toolchains/gcc_arm/13_2-Rel1/arm-gnu-toolchain-13.2.Rel1-x86_64-arm-none-eabi/bin/../lib/gcc/arm-none-eabi/13.2.1/../../../../arm-none-eabi/lib/thumb/v8-m.base/nofp/crt0.o (exit)
/home/maldus/.local/share/renesas/e2_studio/toolchains/gcc_arm/13_2-Rel1/arm-gnu-toolchain-13.2.Rel1-x86_64-arm-none-eabi/bin/../lib/gcc/arm-none-eabi/13.2.1/../../../../arm-none-eabi/lib/thumb/v8-m.base/nofp/libg_nano.a(libc_a-init.o)
                              /home/maldus/.local/share/renesas/e2_studio/toolchains/gcc_arm/13_2-Rel1/arm-gnu-toolchain-13.2.Rel1-x86_64-arm-none-eabi/bin/../lib/gcc/arm-none-eabi/13.2.1/../../../../arm-none-eabi/lib/thumb/v8-m.base/nofp/crt0.o (__libc_init_array)
/home/maldus/.local/share/renesas/e2_studio/toolchains/gcc_arm/13_2-Rel1/arm-gnu-toolchain-13.2.Rel1-x86_64-arm-none-eabi/bin/../lib/gcc/arm-none-eabi/13.2.1/../../../../arm-none-eabi/lib/thumb/v8-m.base/nofp/libg_nano.a(libc_a-memcpy-stub.o)
                              ./src/bsp/rs232.o (memcpy)
/home/maldus/.local/share/renesas/e2_studio/toolchains/gcc_arm/13_2-Rel1/arm-gnu-toolchain-13.2.Rel1-x86_64-arm-none-eabi/bin/../lib/gcc/arm-none-eabi/13.2.1/../../../../arm-none-eabi/lib/thumb/v8-m.base/nofp/libg_nano.a(libc_a-malloc.o)
                              ./src/controller/observer.o (free)
/home/maldus/.local/share/renesas/e2_studio/toolchains/gcc_arm/13_2-Rel1/arm-gnu-toolchain-13.2.Rel1-x86_64-arm-none-eabi/bin/../lib/gcc/arm-none-eabi/13.2.1/../../../../arm-none-eabi/lib/thumb/v8-m.base/nofp/libg_nano.a(libc_a-mallocr.o)
[...]
Memory Configuration

Name             Origin             Length             Attributes
ITCM             0x00000000         0x00000000         xr
DTCM             0x00000000         0x00000000         xrw
FLASH            0x00000000         0x00040000         xr
RAM              0x20000000         0x00008000         xrw
DATA_FLASH       0x40100000         0x00002000         xr
QSPI_FLASH       0x60000000         0x00000000         xr
OSPI_DEVICE_0    0x80020000         0x00000000         xr
OSPI_DEVICE_1    0x80030000         0x00000000         xr
OSPI_DEVICE_0_RAM 0x80020000         0x00000000         xrw
OSPI_DEVICE_1_RAM 0x80030000         0x00000000         xrw
SDRAM            0x80010000         0x00000000         xrw
OPTION_SETTING   0x00000000         0x00000000         r
OPTION_SETTING_OFS 0x00000000         0x00000018         r
OPTION_SETTING_SAS 0x00000034         0x00000000         r
OPTION_SETTING_S 0x80000000         0x00000000         r
ID_CODE          0x01010018         0x00000020         xr
*default*        0x00000000         0xffffffff

Linker script and memory map

LOAD /home/maldus/.local/share/renesas/e2_studio/toolchains/gcc_arm/13_2-Rel1/arm-gnu-toolchain-13.2.Rel1-x86_64-arm-none-eabi/bin/../lib/gcc/arm-none-eabi/13.2.1/thumb/v8-m.base/nofp/crti.o
LOAD /home/maldus/.local/share/renesas/e2_studio/toolchains/gcc_arm/13_2-Rel1/arm-gnu-toolchain-13.2.Rel1-x86_64-arm-none-eabi/bin/../lib/gcc/arm-none-eabi/13.2.1/thumb/v8-m.base/nofp/crtbegin.o
LOAD /home/maldus/.local/share/renesas/e2_studio/toolchains/gcc_arm/13_2-Rel1/arm-gnu-toolchain-13.2.Rel1-x86_64-arm-none-eabi/bin/../lib/gcc/arm-none-eabi/13.2.1/../../../../arm-none-eabi/lib/thumb/v8-m.base/nofp/crt0.o
START GROUP
LOAD ./src/services/crc16-ccitt.o
LOAD ./src/model/cycle.o
LOAD ./src/model/heating.o
LOAD ./src/model/model.o
LOAD ./src/controller/controller.o
LOAD ./src/controller/observer.o
LOAD ./src/bsp/adc.o
LOAD ./src/bsp/coin_reader.o
LOAD ./src/bsp/digin.o
LOAD ./src/bsp/heartbit.o
LOAD ./src/bsp/power_off.o
LOAD ./src/bsp/pwm.o
LOAD ./src/bsp/relay.o
LOAD ./src/bsp/rs232.o
LOAD ./src/bsp/spi.o
LOAD ./src/bsp/system.o
LOAD ./src/bsp/temperature_humidity_probe.o
LOAD ./src/adapters/modbus_server.o
LOAD ./src/hal_entry.o
LOAD ./ra_gen/common_data.o
LOAD ./ra_gen/hal_data.o
LOAD ./ra_gen/main.o
LOAD ./ra_gen/pin_data.o
LOAD ./ra_gen/vector_data.o
LOAD ./ra/fsp/src/rm_vee_flash/rm_vee_flash.o
LOAD ./ra/fsp/src/r_sci_uart/r_sci_uart.o
LOAD ./ra/fsp/src/r_ioport/r_ioport.o
LOAD ./ra/fsp/src/r_icu/r_icu.o
LOAD ./ra/fsp/src/r_gpt/r_gpt.o
LOAD ./ra/fsp/src/r_flash_lp/r_flash_lp.o
LOAD ./ra/fsp/src/r_adc/r_adc.o
LOAD ./ra/fsp/src/bsp/mcu/ra2l1/bsp_power.o
LOAD ./ra/fsp/src/bsp/mcu/all/bsp_clocks.o
LOAD ./ra/fsp/src/bsp/mcu/all/bsp_common.o
LOAD ./ra/fsp/src/bsp/mcu/all/bsp_delay.o
LOAD ./ra/fsp/src/bsp/mcu/all/bsp_group_irq.o
LOAD ./ra/fsp/src/bsp/mcu/all/bsp_guard.o
LOAD ./ra/fsp/src/bsp/mcu/all/bsp_io.o
LOAD ./ra/fsp/src/bsp/mcu/all/bsp_irq.o
LOAD ./ra/fsp/src/bsp/mcu/all/bsp_macl.o
LOAD ./ra/fsp/src/bsp/mcu/all/bsp_register_protection.o
LOAD ./ra/fsp/src/bsp/mcu/all/bsp_rom_registers.o
LOAD ./ra/fsp/src/bsp/mcu/all/bsp_sbrk.o
LOAD ./ra/fsp/src/bsp/mcu/all/bsp_sdram.o
LOAD ./ra/fsp/src/bsp/mcu/all/bsp_security.o
LOAD ./ra/fsp/src/bsp/cmsis/Device/RENESAS/Source/startup.o
LOAD ./ra/fsp/src/bsp/cmsis/Device/RENESAS/Source/system.o
LOAD ./libs/c-watcher/src/watcher.o
LOAD ./libs/c-stopwatch/src/stopwatch.o
LOAD ./libs/c-stopwatch/src/stopwatch_timer.o
LOAD ./libs/c-debounce/src/debounce.o
LOAD ./libs/c-debounce/src/keypad.o
LOAD ./libs/c-debounce/src/pulsecounter.o
END GROUP
START GROUP
LOAD /home/maldus/.local/share/renesas/e2_studio/toolchains/gcc_arm/13_2-Rel1/arm-gnu-toolchain-13.2.Rel1-x86_64-arm-none-eabi/bin/../lib/gcc/arm-none-eabi/13.2.1/thumb/v8-m.base/nofp/libgcc.a
LOAD /home/maldus/.local/share/renesas/e2_studio/toolchains/gcc_arm/13_2-Rel1/arm-gnu-toolchain-13.2.Rel1-x86_64-arm-none-eabi/bin/../lib/gcc/arm-none-eabi/13.2.1/../../../../arm-none-eabi/lib/thumb/v8-m.base/nofp/libg_nano.a
LOAD /home/maldus/.local/share/renesas/e2_studio/toolchains/gcc_arm/13_2-Rel1/arm-gnu-toolchain-13.2.Rel1-x86_64-arm-none-eabi/bin/../lib/gcc/arm-none-eabi/13.2.1/../../../../arm-none-eabi/lib/thumb/v8-m.base/nofp/libc_nano.a
END GROUP
START GROUP
LOAD /home/maldus/.local/share/renesas/e2_studio/toolchains/gcc_arm/13_2-Rel1/arm-gnu-toolchain-13.2.Rel1-x86_64-arm-none-eabi/bin/../lib/gcc/arm-none-eabi/13.2.1/thumb/v8-m.base/nofp/libgcc.a
LOAD /home/maldus/.local/share/renesas/e2_studio/toolchains/gcc_arm/13_2-Rel1/arm-gnu-toolchain-13.2.Rel1-x86_64-arm-none-eabi/bin/../lib/gcc/arm-none-eabi/13.2.1/../../../../arm-none-eabi/lib/thumb/v8-m.base/nofp/libc_nano.a
END GROUP
LOAD /home/maldus/.local/share/renesas/e2_studio/toolchains/gcc_arm/13_2-Rel1/arm-gnu-toolchain-13.2.Rel1-x86_64-arm-none-eabi/bin/../lib/gcc/arm-none-eabi/13.2.1/thumb/v8-m.base/nofp/crtend.o
LOAD /home/maldus/.local/share/renesas/e2_studio/toolchains/gcc_arm/13_2-Rel1/arm-gnu-toolchain-13.2.Rel1-x86_64-arm-none-eabi/bin/../lib/gcc/arm-none-eabi/13.2.1/thumb/v8-m.base/nofp/crtn.o
                0x20000000                        RAM_START = 0x20000000
                0x00008000                        RAM_LENGTH = 0x8000
                0x00000000                        FLASH_START = 0x0
                0x00040000                        FLASH_LENGTH = 0x40000
                0x40100000                        DATA_FLASH_START = 0x40100000
                0x00002000                        DATA_FLASH_LENGTH = 0x2000
                0x00000000                        OPTION_SETTING_START = 0x0
                0x00000000                        OPTION_SETTING_LENGTH = 0x0
                0x80000000                        OPTION_SETTING_S_START = 0x80000000
                0x00000000                        OPTION_SETTING_S_LENGTH = 0x0
                0x01010018                        ID_CODE_START = 0x1010018
                0x00000020                        ID_CODE_LENGTH = 0x20
                0x80010000                        SDRAM_START = 0x80010000
                0x00000000                        SDRAM_LENGTH = 0x0
                0x60000000                        QSPI_FLASH_START = 0x60000000
                0x00000000                        QSPI_FLASH_LENGTH = 0x0
                0x80020000                        OSPI_DEVICE_0_START = 0x80020000
                0x00000000                        OSPI_DEVICE_0_LENGTH = 0x0
                0x80030000                        OSPI_DEVICE_1_START = 0x80030000
                0x00000000                        OSPI_DEVICE_1_LENGTH = 0x0
                0x00000000                        QSPI_FLASH_PRV_LENGTH = DEFINED (QSPI_FLASH_SIZE)?ABSOLUTE (QSPI_FLASH_SIZE):ABSOLUTE (QSPI_FLASH_LENGTH)
                0x00000000                        OSPI_DEVICE_0_PRV_LENGTH = DEFINED (OSPI_DEVICE_0_SIZE)?ABSOLUTE (OSPI_DEVICE_0_SIZE):ABSOLUTE (OSPI_DEVICE_0_LENGTH)
                0x00000000                        OSPI_DEVICE_1_PRV_LENGTH = DEFINED (OSPI_DEVICE_1_SIZE)?ABSOLUTE (OSPI_DEVICE_1_SIZE):ABSOLUTE (OSPI_DEVICE_1_LENGTH)
                0x00000000                        __RESERVE_NS_RAM = ((! (DEFINED (PROJECT_NONSECURE)) && DEFINED (RAM_NS_BUFFER_LENGTH)) && (OPTION_SETTING_S_LENGTH != 0x0))
                0x00000000                        ITCM_START = DEFINED (ITCM_START)?ITCM_START:0x0
                0x00000000                        ITCM_LENGTH = DEFINED (ITCM_LENGTH)?ITCM_LENGTH:0x0
                0x00000000                        DTCM_START = DEFINED (DTCM_START)?DTCM_START:0x0
                0x00000000                        DTCM_LENGTH = DEFINED (DTCM_LENGTH)?DTCM_LENGTH:0x0
                0x00000000                        RAM_NS_BUFFER_BLOCK_LENGTH = DEFINED (RAM_NS_BUFFER_LENGTH)?ALIGN (RAM_NS_BUFFER_LENGTH, 0x2000):0x0
                0x00000000                        RAM_NS_BUFFER_LENGTH = DEFINED (RAM_NS_BUFFER_LENGTH)?RAM_NS_BUFFER_LENGTH:0x0
                0x20008000                        RAM_NS_BUFFER_START = ((RAM_START + RAM_LENGTH) - RAM_NS_BUFFER_LENGTH)
                0x20008000                        RAM_NS_BUFFER_BLOCK_START = ((RAM_START + RAM_LENGTH) - RAM_NS_BUFFER_BLOCK_LENGTH)
                0x00000080                        OPTION_SETTING_START_NS = DEFINED (PROJECT_NONSECURE)?OPTION_SETTING_START:(OPTION_SETTING_START + 0x80)
                0x00000001                        __bl_FSP_BOOTABLE_IMAGE = 0x1
                0x00000001                        __bln_FSP_BOOTABLE_IMAGE = 0x1
                0x00000000                        PROJECT_SECURE_OR_FLAT = (((! (DEFINED (PROJECT_NONSECURE)) || DEFINED (PROJECT_SECURE)) && OPTION_SETTING_LENGTH) && ! (DEFINED (FSP_BOOTABLE_IMAGE)))
                0x00000000                        USE_OPTION_SETTING_NS = (DEFINED (PROJECT_NONSECURE) && ! (DEFINED (FSP_BOOTABLE_IMAGE)))
                0x00000000                        __bl_FLASH_IMAGE_START = ! (DEFINED (FLASH_BOOTLOADER_LENGTH))?0x0:(FLASH_APPLICATION_IMAGE_NUMBER == 0x1)?((FLASH_START + FLASH_BOOTLOADER_LENGTH) + FLASH_BOOTLOADER_HEADER_LENGTH):(DEFINED (BOOTLOADER_SECONDARY_USE_QSPI) || DEFINED (BOOTLOADER_SECONDARY_USE_OSPI_B))?(((FLASH_START + FLASH_BOOTLOADER_LENGTH) + FLASH_BOOTLOADER_SCRATCH_LENGTH) + FLASH_BOOTLOADER_HEADER_LENGTH):((((FLASH_START + FLASH_BOOTLOADER_LENGTH) + FLASH_BOOTLOADER_SCRATCH_LENGTH) + FLASH_APPLICATION_S_LENGTH) + FLASH_BOOTLOADER_HEADER_LENGTH)
                0x00000000                        __bl_FLASH_IMAGE_LENGTH = ! (DEFINED (FLASH_BOOTLOADER_LENGTH))?0x0:(FLASH_APPLICATION_S_LENGTH - FLASH_BOOTLOADER_HEADER_LENGTH)
                0x00000000                        __bl_FLASH_IMAGE_END = (__bl_FLASH_IMAGE_START + __bl_FLASH_IMAGE_LENGTH)
                0x00000000                        __bl_XIP_SECONDARY_FLASH_IMAGE_START = ! (DEFINED (FLASH_BOOTLOADER_LENGTH))?0x0:((FLASH_BOOTLOADER_LENGTH + FLASH_APPLICATION_S_LENGTH) + FLASH_BOOTLOADER_HEADER_LENGTH)
                0x00000000                        __bl_XIP_SECONDARY_FLASH_IMAGE_END = (__bl_XIP_SECONDARY_FLASH_IMAGE_START + __bl_FLASH_IMAGE_LENGTH)
                0x00000000                        __bl_FLASH_NS_START = ! (DEFINED (FLASH_BOOTLOADER_LENGTH))?0x0:(FLASH_APPLICATION_NS_LENGTH == 0x0)?__bl_FLASH_IMAGE_END:((__bl_FLASH_IMAGE_START - FLASH_BOOTLOADER_HEADER_LENGTH) + FLASH_APPLICATION_S_LENGTH)
                0x00000000                        __bl_FLASH_NSC_START = ! (DEFINED (FLASH_BOOTLOADER_LENGTH))?0x0:(FLASH_APPLICATION_NS_LENGTH == 0x0)?__bl_FLASH_IMAGE_END:(__bl_FLASH_IMAGE_END - FLASH_APPLICATION_NSC_LENGTH)
                0x00000000                        __bl_RAM_NS_START = ! (DEFINED (FLASH_BOOTLOADER_LENGTH))?0x0:(FLASH_APPLICATION_NS_LENGTH == 0x0)?(RAM_START + RAM_LENGTH):((RAM_START + RAM_LENGTH) - RAM_APPLICATION_NS_LENGTH)
                0x00000000                        __bl_RAM_NSC_START = ! (DEFINED (FLASH_BOOTLOADER_LENGTH))?0x0:(FLASH_APPLICATION_NS_LENGTH == 0x0)?(RAM_START + RAM_LENGTH):(__bl_RAM_NS_START - RAM_APPLICATION_NSC_LENGTH)
                0x00000000                        __bl_FLASH_NS_IMAGE_START = ! (DEFINED (FLASH_BOOTLOADER_LENGTH))?0x0:(FLASH_APPLICATION_NS_LENGTH == 0x0)?__bl_FLASH_IMAGE_END:(__bl_FLASH_NS_START + FLASH_BOOTLOADER_HEADER_LENGTH_2)
                0x00000000                        __bln_FLASH_IMAGE_START = (__bl_FLASH_NS_IMAGE_START | ! (DEFINED (NS_OFFSET_START))?0x0:NS_OFFSET_START)
                0x00000000                        __bln_FLASH_IMAGE_LENGTH = ! (DEFINED (FLASH_BOOTLOADER_LENGTH))?0x0:(FLASH_APPLICATION_NS_LENGTH == 0x0)?__bl_FLASH_IMAGE_END:(FLASH_APPLICATION_NS_LENGTH - FLASH_BOOTLOADER_HEADER_LENGTH_2)
                0x00000000                        XIP_SECONDARY_SLOT_IMAGE = DEFINED (XIP_SECONDARY_SLOT_IMAGE)?XIP_SECONDARY_SLOT_IMAGE:0x0
                0x00000000                        FLASH_ORIGIN = ! (DEFINED (FLASH_IMAGE_START))?FLASH_START:(XIP_SECONDARY_SLOT_IMAGE == 0x1)?XIP_SECONDARY_FLASH_IMAGE_START:FLASH_IMAGE_START
                0x00040000                        LIMITED_FLASH_LENGTH = DEFINED (FLASH_IMAGE_LENGTH)?FLASH_IMAGE_LENGTH:DEFINED (FLASH_BOOTLOADER_LENGTH)?FLASH_BOOTLOADER_LENGTH:FLASH_LENGTH
                0x00000034                        OPTION_SETTING_SAS_SIZE = 0x34
                0x00000000                        OPTION_SETTING_SAS_LENGTH = ! (DEFINED (OPTION_SETTING_LENGTH))?0x0:(OPTION_SETTING_LENGTH == 0x0)?0x0:(OPTION_SETTING_LENGTH - OPTION_SETTING_SAS_SIZE)
START GROUP
LOAD /home/maldus/.local/share/renesas/e2_studio/toolchains/gcc_arm/13_2-Rel1/arm-gnu-toolchain-13.2.Rel1-x86_64-arm-none-eabi/bin/../lib/gcc/arm-none-eabi/13.2.1/thumb/v8-m.base/nofp/libgcc.a
LOAD /home/maldus/.local/share/renesas/e2_studio/toolchains/gcc_arm/13_2-Rel1/arm-gnu-toolchain-13.2.Rel1-x86_64-arm-none-eabi/bin/../lib/gcc/arm-none-eabi/13.2.1/../../../../arm-none-eabi/lib/thumb/v8-m.base/nofp/libc.a
LOAD /home/maldus/.local/share/renesas/e2_studio/toolchains/gcc_arm/13_2-Rel1/arm-gnu-toolchain-13.2.Rel1-x86_64-arm-none-eabi/bin/../lib/gcc/arm-none-eabi/13.2.1/../../../../arm-none-eabi/lib/thumb/v8-m.base/nofp/libm.a
END GROUP

.text           0x00000000     0x7938
                0x00000000                        __tz_FLASH_S = ABSOLUTE (FLASH_START)
                0x00000000                        __ROM_Start = .
 *(.fixed_vectors*)
 .fixed_vectors
                0x00000000       0x40 ./ra/fsp/src/bsp/cmsis/Device/RENESAS/Source/startup.o
                0x00000000                __Vectors
 *(.application_vectors*)
 .application_vectors
                0x00000040       0x80 ./ra_gen/vector_data.o
                0x00000040                g_vector_table
                0x000000c0                        __Vectors_End = .
 *(.flash_gap*)
                0x00000400                        . = (OPTION_SETTING_LENGTH > 0x0)?.:(__ROM_Start + 0x400)
 *fill*         0x000000c0      0x340 ff
 *(.rom_registers*)
 .rom_registers
                0x00000400       0x3c ./ra/fsp/src/bsp/mcu/all/bsp_rom_registers.o
 *(.mcuboot_sce9_key*)
 *(.text*)
 .text.deregister_tm_clones
                0x0000043c       0x24 /home/maldus/.local/share/renesas/e2_studio/toolchains/gcc_arm/13_2-Rel1/arm-gnu-toolchain-13.2.Rel1-x86_64-arm-none-eabi/bin/../lib/gcc/arm-none-eabi/13.2.1/thumb/v8-m.base/nofp/crtbegin.o
 .text.register_tm_clones
                0x00000460       0x2c /home/maldus/.local/share/renesas/e2_studio/toolchains/gcc_arm/13_2-Rel1/arm-gnu-toolchain-13.2.Rel1-x86_64-arm-none-eabi/bin/../lib/gcc/arm-none-eabi/13.2.1/thumb/v8-m.base/nofp/crtbegin.o
 .text.__do_global_dtors_aux
                0x0000048c       0x30 /home/maldus/.local/share/renesas/e2_studio/toolchains/gcc_arm/13_2-Rel1/arm-gnu-toolchain-13.2.Rel1-x86_64-arm-none-eabi/bin/../lib/gcc/arm-none-eabi/13.2.1/thumb/v8-m.base/nofp/crtbegin.o
 .text.frame_dummy
                0x000004bc       0x28 /home/maldus/.local/share/renesas/e2_studio/toolchains/gcc_arm/13_2-Rel1/arm-gnu-toolchain-13.2.Rel1-x86_64-arm-none-eabi/bin/../lib/gcc/arm-none-eabi/13.2.1/thumb/v8-m.base/nofp/crtbegin.o
 .text.crc16_ccitt
                0x000004e4       0x2a ./src/services/crc16-ccitt.o
                0x000004e4                crc16_ccitt
 .text.paused_exit
                0x0000050e       0x14 ./src/model/cycle.o
 .text.fix_timer
                0x00000522       0x26 ./src/model/cycle.o
 .text.paused_entry
                0x00000548       0x72 ./src/model/cycle.o
 .text.configure_temperature_timer
                0x000005ba       0x26 ./src/model/cycle.o
 .text.start_everything
                0x000005e0       0x74 ./src/model/cycle.o
 .text.paused_event_manager
                0x00000654       0x50 ./src/model/cycle.o
 .text.running_event_manager
                0x000006a4      0x13c ./src/model/cycle.o
 .text.standby_event_manager
                0x000007e0      0x11c ./src/model/cycle.o
 .text.wait_start_event_manager
                0x000008fc       0x98 ./src/model/cycle.o
 .text.stop_everything
                0x00000994       0x82 ./src/model/cycle.o
 .text.stopped_entry
                0x00000a16        0x8 ./src/model/cycle.o
 .text.stopped_event_manager
                0x00000a1e       0xb4 ./src/model/cycle.o
 .text.cycle_send_event
                0x00000ad2       0x4c ./src/model/cycle.o
                0x00000ad2                cycle_send_event
 .text.timer_event_callback
                0x00000b1e       0x10 ./src/model/cycle.o
 .text.cycle_init
                0x00000b2e       0x66 ./src/model/cycle.o
                0x00000b2e                cycle_init
 .text.cycle_manage
                0x00000b94       0x4a ./src/model/cycle.o
                0x00000b94                cycle_manage
 .text.cycle_change_remaining_time
                0x00000bde       0x44 ./src/model/cycle.o
                0x00000bde                cycle_change_remaining_time
 .text.cycle_cold_start
                0x00000c22       0x18 ./src/model/cycle.o
                0x00000c22                cycle_cold_start
 .text.cycle_check
                0x00000c3a       0x10 ./src/model/cycle.o
                0x00000c3a                cycle_check
 .text.cycle_increase_duration
                0x00000c4a       0x2e ./src/model/cycle.o
                0x00000c4a                cycle_increase_duration
 .text.setpoint_reached_event_manager
                0x00000c78       0x38 ./src/model/heating.o
 .text.on_event_manager
                0x00000cb0       0x38 ./src/model/heating.o
 .text.off_event_manager
                0x00000ce8       0x2c ./src/model/heating.o
 .text.on_entry
                0x00000d14        0xe ./src/model/heating.o
 .text.on_exit  0x00000d22       0x1c ./src/model/heating.o
 .text.heating_send_event
                0x00000d3e       0x4c ./src/model/heating.o
                0x00000d3e                heating_send_event
 .text.heating_init
                0x00000d8a       0x14 ./src/model/heating.o
                0x00000d8a                heating_init
 .text.heating_manage
                0x00000d9e        0xe ./src/model/heating.o
                0x00000d9e                heating_manage
 .text.heating_on
                0x00000dac        0xe ./src/model/heating.o
                0x00000dac                heating_on
 .text.heating_off
                0x00000dba        0xe ./src/model/heating.o
                0x00000dba                heating_off
 .text.ptc_temperature_from_adc_value
                0x00000dc8       0x2e ./src/model/model.o
 .text.is_input_active
                0x00000df6       0x1a ./src/model/model.o
 .text.get_pwm_drum_percentage
                0x00000e10       0x3e ./src/model/model.o
 .text.set_drum_timestamp
                0x00000e4e       0x16 ./src/model/model.o
 .text.communication_is_missing
                0x00000e64       0x18 ./src/model/model.o
 .text.model_init
                0x00000e7c       0x48 ./src/model/model.o
                0x00000e7c                model_init
 .text.model_is_porthole_open
                0x00000ec4       0x2e ./src/model/model.o
                0x00000ec4                model_is_porthole_open
 .text.model_cycle_resume
                0x00000ef2       0x10 ./src/model/model.o
                0x00000ef2                model_cycle_resume
 .text.model_cycle_pause
                0x00000f02       0x10 ./src/model/model.o
                0x00000f02                model_cycle_pause
 .text.model_cycle_stop
                0x00000f12       0x10 ./src/model/model.o
                0x00000f12                model_cycle_stop
 .text.model_get_step_duration_seconds
                0x00000f22       0x32 ./src/model/model.o
                0x00000f22                model_get_step_duration_seconds
 .text.model_is_step_endless
                0x00000f54       0x38 ./src/model/model.o
                0x00000f54                model_is_step_endless
 .text.model_get_cycle_remaining_time
                0x00000f8c       0x2a ./src/model/model.o
                0x00000f8c                model_get_cycle_remaining_time
 .text.model_is_cycle_on
                0x00000fb6       0x30 ./src/model/model.o
                0x00000fb6                model_is_cycle_on
 .text.model_update_sensors
                0x00000fe6       0xca ./src/model/model.o
                0x00000fe6                model_update_sensors
 .text.model_pwoff_deserialize
                0x000010b0      0x176 ./src/model/model.o
                0x000010b0                model_pwoff_deserialize
 .text.model_clear_coins
                0x00001226       0x30 ./src/model/model.o
                0x00001226                model_clear_coins
 .text.model_heating_enabled
                0x00001256       0x2e ./src/model/model.o
                0x00001256                model_heating_enabled
 .text.model_ciclo_continuo
                0x00001284       0x3c ./src/model/model.o
                0x00001284                model_ciclo_continuo
 .text.model_ciclo_fermo
                0x000012c0       0x2e ./src/model/model.o
                0x000012c0                model_ciclo_fermo
 .text.model_get_elapsed_seconds
                0x000012ee       0x5a ./src/model/model.o
                0x000012ee                model_get_elapsed_seconds
 .text.model_get_remaining_seconds
                0x00001348       0x5a ./src/model/model.o
                0x00001348                model_get_remaining_seconds
 .text.model_get_setpoint
                0x000013a2       0x2a ./src/model/model.o
                0x000013a2                model_get_setpoint
 .text.model_get_default_temperature
                0x000013cc       0x70 ./src/model/model.o
                0x000013cc                model_get_default_temperature
 .text.model_add_work_time_ms
                0x0000143c       0x34 ./src/model/model.o
                0x0000143c                model_add_work_time_ms
 .text.model_add_rotation_time_ms
                0x00001470       0x34 ./src/model/model.o
                0x00001470                model_add_rotation_time_ms
 .text.model_add_ventilation_time_ms
                0x000014a4       0x34 ./src/model/model.o
                0x000014a4                model_add_ventilation_time_ms
 .text.model_add_heating_time_ms
                0x000014d8       0x34 ./src/model/model.o
                0x000014d8                model_add_heating_time_ms
 .text.model_drum_forward
                0x0000150c       0x3a ./src/model/model.o
                0x0000150c                model_drum_forward
 .text.model_drum_backward
                0x00001546       0x3a ./src/model/model.o
                0x00001546                model_drum_backward
 .text.model_drum_stop
                0x00001580       0x4e ./src/model/model.o
                0x00001580                model_drum_stop
 .text.model_is_drum_running_forward
                0x000015ce       0x32 ./src/model/model.o
                0x000015ce                model_is_drum_running_forward
 .text.model_is_cycle_active
                0x00001600       0x40 ./src/model/model.o
                0x00001600                model_is_cycle_active
 .text.model_pwoff_serialize
                0x00001640      0x152 ./src/model/model.o
                0x00001640                model_pwoff_serialize
 .text.model_is_fan_on
                0x00001792       0x6a ./src/model/model.o
                0x00001792                model_is_fan_on
 .text.model_get_active_alarms
                0x000017fc       0x5a ./src/model/model.o
                0x000017fc                model_get_active_alarms
 .text.model_fix_alarms
                0x00001856       0x52 ./src/model/model.o
                0x00001856                model_fix_alarms
 .text.model_clear_alarms
                0x000018a8       0x36 ./src/model/model.o
                0x000018a8                model_clear_alarms
 .text.model_get_relay_map
                0x000018de       0xce ./src/model/model.o
                0x000018de                model_get_relay_map
 .text.get_pwm_fan_percentage
                0x000019ac       0x3c ./src/model/model.o
 .text.model_get_pwm_drum_percentage
                0x000019e8       0x46 ./src/model/model.o
                0x000019e8                model_get_pwm_drum_percentage
 .text.model_get_pwm_fan_percentage
                0x00001a2e       0x46 ./src/model/model.o
                0x00001a2e                model_get_pwm_fan_percentage
 .text.model_manage
                0x00001a74      0x15a ./src/model/model.o
                0x00001a74                model_manage
 .text.model_reset_burner
                0x00001bce       0x3e ./src/model/model.o
                0x00001bce                model_reset_burner
 .text.model_cycles_exceeded
                0x00001c0c       0x42 ./src/model/model.o
                0x00001c0c                model_cycles_exceeded
 .text.model_cycle_over
                0x00001c4e       0x5e ./src/model/model.o
                0x00001c4e                model_cycle_over
 .text.controller_init
                0x00001cac       0x38 ./src/controller/controller.o
                0x00001cac                controller_init
 .text.controller_manage
                0x00001ce4       0xb6 ./src/controller/controller.o
                0x00001ce4                controller_manage
 .text.controller_power_off
                0x00001d9a       0x36 ./src/controller/controller.o
                0x00001d9a                controller_power_off
 .text.update_coin_reader_inhibit
                0x00001dd0        0xa ./src/controller/observer.o
 .text.update_alarms
                0x00001dda       0x18 ./src/controller/observer.o
 .text.update_pwm
                0x00001df2       0x1c ./src/controller/observer.o
 .text.refresh_relays
                0x00001e0e       0x22 ./src/controller/observer.o
 .text.update_relays
                0x00001e30       0x12 ./src/controller/observer.o
 .text.observer_manage
                0x00001e42       0x3a ./src/controller/observer.o
                0x00001e42                observer_manage
 .text.observer_init
                0x00001e7c       0xaa ./src/controller/observer.o
                0x00001e7c                observer_init
 .text.bsp_adc_init
                0x00001f26       0x7e ./src/bsp/adc.o
                0x00001f26                bsp_adc_init
 .text.bsp_adc_manage
                0x00001fa4       0xa2 ./src/bsp/adc.o
                0x00001fa4                bsp_adc_manage
 .text.bsp_adc_get
                0x00002046       0x38 ./src/bsp/adc.o
                0x00002046                bsp_adc_get
 .text.bsp_adc_callback
                0x0000207e        0x2 ./src/bsp/adc.o
                0x0000207e                bsp_adc_callback
 .text.bsp_coin_reader_enable
                0x00002080       0x2e ./src/bsp/coin_reader.o
                0x00002080                bsp_coin_reader_enable
 .text.bsp_coin_reader_init
                0x000020ae       0x1a ./src/bsp/coin_reader.o
                0x000020ae                bsp_coin_reader_init
 .text.bsp_coin_reader_manage
                0x000020c8       0x86 ./src/bsp/coin_reader.o
                0x000020c8                bsp_coin_reader_manage
 .text.bsp_coin_reader_read
                0x0000214e       0x1c ./src/bsp/coin_reader.o
                0x0000214e                bsp_coin_reader_read
 .text.bsp_coin_reader_clear
                0x0000216a       0x20 ./src/bsp/coin_reader.o
                0x0000216a                bsp_coin_reader_clear
 .text.bsp_digin_init
                0x0000218a       0x10 ./src/bsp/digin.o
                0x0000218a                bsp_digin_init
 .text.bsp_digin_is_ready
                0x0000219a       0x14 ./src/bsp/digin.o
                0x0000219a                bsp_digin_is_ready
 .text.bsp_digin_manage
                0x000021ae       0xa6 ./src/bsp/digin.o
                0x000021ae                bsp_digin_manage
 .text.bsp_digin_get_bitmap
                0x00002254        0xc ./src/bsp/digin.o
                0x00002254                bsp_digin_get_bitmap
 .text.bsp_heartbit_manage
                0x00002260       0xac ./src/bsp/heartbit.o
                0x00002260                bsp_heartbit_manage
 .text.power_off_callback
                0x0000230c       0x22 ./src/bsp/power_off.o
                0x0000230c                power_off_callback
 .text.bsp_power_off_init
                0x0000232e       0xb4 ./src/bsp/power_off.o
                0x0000232e                bsp_power_off_init
 .text.bsp_power_off_save
                0x000023e2       0x36 ./src/bsp/power_off.o
                0x000023e2                bsp_power_off_save
 .text.bsp_power_off_load
                0x00002418       0x1e ./src/bsp/power_off.o
                0x00002418                bsp_power_off_load
 .text.vee_callback
                0x00002436        0xe ./src/bsp/power_off.o
                0x00002436                vee_callback
 .text.bsp_pwm_init
                0x00002444       0x5e ./src/bsp/pwm.o
                0x00002444                bsp_pwm_init
 .text.bsp_pwm_update
                0x000024a2       0x5e ./src/bsp/pwm.o
                0x000024a2                bsp_pwm_update
 .text.bsp_relay_update
                0x00002500       0x3a ./src/bsp/relay.o
                0x00002500                bsp_relay_update
 .text.bsp_rs232_init
                0x0000253a       0x16 ./src/bsp/rs232.o
                0x0000253a                bsp_rs232_init
 .text.bsp_rs232_write
                0x00002550       0x1a ./src/bsp/rs232.o
                0x00002550                bsp_rs232_write
 .text.bsp_rs232_read
                0x0000256a       0x26 ./src/bsp/rs232.o
                0x0000256a                bsp_rs232_read
 .text.bsp_rs232_flush
                0x00002590        0xe ./src/bsp/rs232.o
                0x00002590                bsp_rs232_flush
 .text.rs232_callback
                0x0000259e       0x4e ./src/bsp/rs232.o
                0x0000259e                rs232_callback
 .text.bsp_rs232_timed_out
                0x000025ec       0x1c ./src/bsp/rs232.o
                0x000025ec                bsp_rs232_timed_out
 .text.spi_master_exchange
                0x00002608       0xb2 ./src/bsp/spi.o
                0x00002608                spi_master_exchange
 .text.SysTick_Config
                0x000026ba       0x3a ./src/bsp/system.o
 .text.SysTick_Handler
                0x000026f4       0x10 ./src/bsp/system.o
                0x000026f4                SysTick_Handler
 .text.bsp_system_init
                0x00002704       0x2a ./src/bsp/system.o
                0x00002704                bsp_system_init
 .text.bsp_system_get_millis
                0x0000272e        0xc ./src/bsp/system.o
                0x0000272e                bsp_system_get_millis
 .text.crc8_ccitt
                0x0000273a       0x1e ./src/bsp/temperature_humidity_probe.o
 .text.temperature_humidity_probe_read
                0x00002758       0x88 ./src/bsp/temperature_humidity_probe.o
                0x00002758                temperature_humidity_probe_read
 .text.modbusMaskWrite
                0x000027e0       0x2c ./src/adapters/modbus_server.o
 .text.modbusIsOk
                0x0000280c       0x18 ./src/adapters/modbus_server.o
 .text.static_allocator
                0x00002824       0x28 ./src/adapters/modbus_server.o
 .text.exception_callback
                0x0000284c        0x4 ./src/adapters/modbus_server.o
 .text.register_callback
                0x00002850      0x418 ./src/adapters/modbus_server.o
 .text.modbusBufferInit
                0x00002c68       0x12 ./src/adapters/modbus_server.o
                0x00002c68                modbusBufferInit
 .text.modbusBufferAllocateADU
                0x00002c7a       0x32 ./src/adapters/modbus_server.o
                0x00002c7a                modbusBufferAllocateADU
 .text.modbusBufferFree
                0x00002cac        0xc ./src/adapters/modbus_server.o
                0x00002cac                modbusBufferFree
 .text.modbusCRC
                0x00002cb8       0x38 ./src/adapters/modbus_server.o
                0x00002cb8                modbusCRC
 .text.modbusSlaveInit
                0x00002cf0       0x1e ./src/adapters/modbus_server.o
                0x00002cf0                modbusSlaveInit
 .text.modbusBuildException
                0x00002d0e       0x32 ./src/adapters/modbus_server.o
                0x00002d0e                modbusBuildException
 .text.modbusParseRequest01020304
                0x00002d40      0x180 ./src/adapters/modbus_server.o
                0x00002d40                modbusParseRequest01020304
 .text.modbusParseRequest1516
                0x00002ec0      0x1b6 ./src/adapters/modbus_server.o
                0x00002ec0                modbusParseRequest1516
 .text.modbusParseRequest
                0x00003076       0x32 ./src/adapters/modbus_server.o
                0x00003076                modbusParseRequest
 .text.modbusParseRequestRTU
                0x000030a8       0xd4 ./src/adapters/modbus_server.o
                0x000030a8                modbusParseRequestRTU
 .text.modbus_server_init
                0x0000317c       0x5e ./src/adapters/modbus_server.o
                0x0000317c                modbus_server_init
 .text.modbus_server_manage
                0x000031da       0x66 ./src/adapters/modbus_server.o
                0x000031da                modbus_server_manage
 .text.hal_entry
                0x00003240       0x86 ./src/hal_entry.o
                0x00003240                hal_entry
 .text.R_BSP_WarmStart
                0x000032c6       0x2e ./src/hal_entry.o
                0x000032c6                R_BSP_WarmStart
 .text.main     0x000032f4        0xa ./ra_gen/main.o
                0x000032f4                main
 .text.RM_VEE_FLASH_RecordPtrGet
                0x000032fe       0x20 ./ra/fsp/src/rm_vee_flash/rm_vee_flash.o
                0x000032fe                RM_VEE_FLASH_RecordPtrGet
 .text.rm_vee_call_callback
                0x0000331e       0x3a ./ra/fsp/src/rm_vee_flash/rm_vee_flash.o
 .text.rm_vee_flash_err_handle
                0x00003358       0x16 ./ra/fsp/src/rm_vee_flash/rm_vee_flash.o
 .text.rm_vee_get_next_id
                0x0000336e       0x30 ./ra/fsp/src/rm_vee_flash/rm_vee_flash.o
 .text.rm_vee_write_seg_hdr
                0x0000339e       0x2c ./ra/fsp/src/rm_vee_flash/rm_vee_flash.o
 .text.rm_vee_state_get
                0x000033ca       0x1e ./ra/fsp/src/rm_vee_flash/rm_vee_flash.o
 .text.rm_vee_blocking_blankcheck
                0x000033e8       0x80 ./ra/fsp/src/rm_vee_flash/rm_vee_flash.o
 .text.rm_vee_load_record_table
                0x00003468       0xac ./ra/fsp/src/rm_vee_flash/rm_vee_flash.o
 .text.rm_vee_blocking_erase
                0x00003514       0x66 ./ra/fsp/src/rm_vee_flash/rm_vee_flash.o
 .text.rm_vee_blocking_erase_segment
                0x0000357a       0x16 ./ra/fsp/src/rm_vee_flash/rm_vee_flash.o
 .text.rm_vee_blocking_write
                0x00003590       0x64 ./ra/fsp/src/rm_vee_flash/rm_vee_flash.o
 .text.rm_vee_inspect_segments
                0x000035f4      0x100 ./ra/fsp/src/rm_vee_flash/rm_vee_flash.o
 .text.rm_vee_internal_open
                0x000036f4       0x54 ./ra/fsp/src/rm_vee_flash/rm_vee_flash.o
 .text.rm_vee_restore_previous_seg
                0x00003748       0x26 ./ra/fsp/src/rm_vee_flash/rm_vee_flash.o
 .text.rm_vee_init_record_xfer
                0x0000376e       0x5c ./ra/fsp/src/rm_vee_flash/rm_vee_flash.o
 .text.rm_vee_xfer_next_chunk
                0x000037ca       0x68 ./ra/fsp/src/rm_vee_flash/rm_vee_flash.o
 .text.rm_vee_start_seg_refresh
                0x00003832       0xa4 ./ra/fsp/src/rm_vee_flash/rm_vee_flash.o
 *fill*         0x000038d6        0x2 ff
 .text.RM_VEE_FLASH_Open
                0x000038d8      0x108 ./ra/fsp/src/rm_vee_flash/rm_vee_flash.o
                0x000038d8                RM_VEE_FLASH_Open
 .text.rm_vee_internal_write_rec
                0x000039e0       0x5e ./ra/fsp/src/rm_vee_flash/rm_vee_flash.o
 .text.RM_VEE_FLASH_RecordWrite
                0x00003a3e       0x16 ./ra/fsp/src/rm_vee_flash/rm_vee_flash.o
                0x00003a3e                RM_VEE_FLASH_RecordWrite
 .text.RM_VEE_FLASH_Refresh
                0x00003a54       0x22 ./ra/fsp/src/rm_vee_flash/rm_vee_flash.o
                0x00003a54                RM_VEE_FLASH_Refresh
 .text.rm_vee_refresh_next_data_source
                0x00003a76       0x36 ./ra/fsp/src/rm_vee_flash/rm_vee_flash.o
 .text.rm_vee_flash_callback
                0x00003aac      0x244 ./ra/fsp/src/rm_vee_flash/rm_vee_flash.o
                0x00003aac                rm_vee_flash_callback
 .text.R_SCI_UART_Read
                0x00003cf0        0x8 ./ra/fsp/src/r_sci_uart/r_sci_uart.o
                0x00003cf0                R_SCI_UART_Read
 .text.R_SCI_UART_Write
                0x00003cf8       0x50 ./ra/fsp/src/r_sci_uart/r_sci_uart.o
                0x00003cf8                R_SCI_UART_Write
 .text.R_SCI_UART_CallbackSet
                0x00003d48        0xa ./ra/fsp/src/r_sci_uart/r_sci_uart.o
                0x00003d48                R_SCI_UART_CallbackSet
 .text.R_SCI_UART_InfoGet
                0x00003d52        0xc ./ra/fsp/src/r_sci_uart/r_sci_uart.o
                0x00003d52                R_SCI_UART_InfoGet
 .text.R_SCI_UART_Abort
                0x00003d5e       0x28 ./ra/fsp/src/r_sci_uart/r_sci_uart.o
                0x00003d5e                R_SCI_UART_Abort
 .text.R_SCI_UART_ReadStop
                0x00003d86        0xc ./ra/fsp/src/r_sci_uart/r_sci_uart.o
                0x00003d86                R_SCI_UART_ReadStop
 .text.r_sci_uart_baud_set
                0x00003d92       0x2a ./ra/fsp/src/r_sci_uart/r_sci_uart.o
 .text.r_sci_uart_config_set
                0x00003dbc       0x98 ./ra/fsp/src/r_sci_uart/r_sci_uart.o
 .text.R_SCI_UART_BaudSet
                0x00003e54       0x24 ./ra/fsp/src/r_sci_uart/r_sci_uart.o
                0x00003e54                R_SCI_UART_BaudSet
 .text.r_sci_uart_call_callback
                0x00003e78       0x4c ./ra/fsp/src/r_sci_uart/r_sci_uart.o
 .text.R_SCI_UART_Close
                0x00003ec4       0x60 ./ra/fsp/src/r_sci_uart/r_sci_uart.o
                0x00003ec4                R_SCI_UART_Close
 .text.r_sci_irq_cfg
                0x00003f24       0x20 ./ra/fsp/src/r_sci_uart/r_sci_uart.o
 .text.r_sci_irqs_cfg
                0x00003f44       0x36 ./ra/fsp/src/r_sci_uart/r_sci_uart.o
 .text.R_SCI_UART_Open
                0x00003f7a      0x100 ./ra/fsp/src/r_sci_uart/r_sci_uart.o
                0x00003f7a                R_SCI_UART_Open
 *fill*         0x0000407a        0x2 ff
 .text.sci_uart_txi_isr
                0x0000407c       0x8c ./ra/fsp/src/r_sci_uart/r_sci_uart.o
                0x0000407c                sci_uart_txi_isr
 .text.sci_uart_rxi_isr
                0x00004108       0x8c ./ra/fsp/src/r_sci_uart/r_sci_uart.o
                0x00004108                sci_uart_rxi_isr
 .text.sci_uart_tei_isr
                0x00004194       0x38 ./ra/fsp/src/r_sci_uart/r_sci_uart.o
                0x00004194                sci_uart_tei_isr
 .text.sci_uart_eri_isr
                0x000041cc       0x66 ./ra/fsp/src/r_sci_uart/r_sci_uart.o
                0x000041cc                sci_uart_eri_isr
 .text.R_BSP_PinAccessEnable
                0x00004232       0x3a ./ra/fsp/src/r_ioport/r_ioport.o
 .text.R_BSP_PinAccessDisable
                0x0000426c       0x46 ./ra/fsp/src/r_ioport/r_ioport.o
 .text.R_IOPORT_Close
                0x000042b2        0x8 ./ra/fsp/src/r_ioport/r_ioport.o
                0x000042b2                R_IOPORT_Close
 .text.R_IOPORT_PinRead
                0x000042ba       0x22 ./ra/fsp/src/r_ioport/r_ioport.o
                0x000042ba                R_IOPORT_PinRead
 .text.R_IOPORT_PortRead
                0x000042dc       0x16 ./ra/fsp/src/r_ioport/r_ioport.o
                0x000042dc                R_IOPORT_PortRead
 .text.R_IOPORT_PortWrite
                0x000042f2       0x22 ./ra/fsp/src/r_ioport/r_ioport.o
                0x000042f2                R_IOPORT_PortWrite
 .text.R_IOPORT_PinWrite
                0x00004314       0x2c ./ra/fsp/src/r_ioport/r_ioport.o
                0x00004314                R_IOPORT_PinWrite
 .text.R_IOPORT_PortDirectionSet
                0x00004340       0x24 ./ra/fsp/src/r_ioport/r_ioport.o
                0x00004340                R_IOPORT_PortDirectionSet
 .text.R_IOPORT_PortEventInputRead
                0x00004364       0x18 ./ra/fsp/src/r_ioport/r_ioport.o
                0x00004364                R_IOPORT_PortEventInputRead
 .text.R_IOPORT_PinEventInputRead
                0x0000437c       0x30 ./ra/fsp/src/r_ioport/r_ioport.o
                0x0000437c                R_IOPORT_PinEventInputRead
 .text.R_IOPORT_PortEventOutputWrite
                0x000043ac       0x22 ./ra/fsp/src/r_ioport/r_ioport.o
                0x000043ac                R_IOPORT_PortEventOutputWrite
 .text.r_ioport_hw_pin_event_output_data_write
                0x000043ce       0x2a ./ra/fsp/src/r_ioport/r_ioport.o
 .text.R_IOPORT_PinEventOutputWrite
                0x000043f8       0x12 ./ra/fsp/src/r_ioport/r_ioport.o
                0x000043f8                R_IOPORT_PinEventOutputWrite
 *fill*         0x0000440a        0x2 ff
 .text.r_ioport_pfs_write
                0x0000440c       0x44 ./ra/fsp/src/r_ioport/r_ioport.o
 .text.r_ioport_pins_config
                0x00004450       0x2a ./ra/fsp/src/r_ioport/r_ioport.o
 .text.R_IOPORT_Open
                0x0000447a       0x16 ./ra/fsp/src/r_ioport/r_ioport.o
                0x0000447a                R_IOPORT_Open
 .text.R_IOPORT_PinsCfg
                0x00004490        0xc ./ra/fsp/src/r_ioport/r_ioport.o
                0x00004490                R_IOPORT_PinsCfg
 .text.R_IOPORT_PinCfg
                0x0000449c       0x1a ./ra/fsp/src/r_ioport/r_ioport.o
                0x0000449c                R_IOPORT_PinCfg
 .text.R_ICU_ExternalIrqOpen
                0x000044b6       0x68 ./ra/fsp/src/r_icu/r_icu.o
                0x000044b6                R_ICU_ExternalIrqOpen
 .text.R_ICU_ExternalIrqEnable
                0x0000451e        0xe ./ra/fsp/src/r_icu/r_icu.o
                0x0000451e                R_ICU_ExternalIrqEnable
 .text.r_icu_isr
                0x0000452c       0x60 ./ra/fsp/src/r_icu/r_icu.o
                0x0000452c                r_icu_isr
 .text.R_GPT_Start
                0x0000458c        0xa ./ra/fsp/src/r_gpt/r_gpt.o
                0x0000458c                R_GPT_Start
 .text.gpt_common_open
                0x00004596       0x2e ./ra/fsp/src/r_gpt/r_gpt.o
 .text.gpt_hardware_events_disable
                0x000045c4       0x1c ./ra/fsp/src/r_gpt/r_gpt.o
 .text.gpt_calculate_duty_cycle
                0x000045e0       0x64 ./ra/fsp/src/r_gpt/r_gpt.o
 .text.R_GPT_DutyCycleSet
                0x00004644       0xbc ./ra/fsp/src/r_gpt/r_gpt.o
                0x00004644                R_GPT_DutyCycleSet
 .text.gpt_clock_frequency_get
                0x00004700       0x34 ./ra/fsp/src/r_gpt/r_gpt.o
 .text.R_GPT_InfoGet
                0x00004734       0x1a ./ra/fsp/src/r_gpt/r_gpt.o
                0x00004734                R_GPT_InfoGet
 .text.gpt_gtior_calculate
                0x0000474e       0x2a ./ra/fsp/src/r_gpt/r_gpt.o
 .text.r_gpt_init_compare_match_channel
                0x00004778       0x26 ./ra/fsp/src/r_gpt/r_gpt.o
 .text.r_gpt_enable_irq
                0x0000479e        0xe ./ra/fsp/src/r_gpt/r_gpt.o
 .text.gpt_hardware_initialize
                0x000047ac      0x1ac ./ra/fsp/src/r_gpt/r_gpt.o
 .text.R_GPT_Open
                0x00004958       0x28 ./ra/fsp/src/r_gpt/r_gpt.o
                0x00004958                R_GPT_Open
 .text.R_FLASH_LP_StatusGet
                0x00004980       0x22 ./ra/fsp/src/r_flash_lp/r_flash_lp.o
                0x00004980                R_FLASH_LP_StatusGet
 .text.R_FLASH_LP_AccessWindowSet
                0x000049a2        0x4 ./ra/fsp/src/r_flash_lp/r_flash_lp.o
                0x000049a2                R_FLASH_LP_AccessWindowSet
 .text.R_FLASH_LP_AccessWindowClear
                0x000049a6        0x4 ./ra/fsp/src/r_flash_lp/r_flash_lp.o
                0x000049a6                R_FLASH_LP_AccessWindowClear
 .text.R_FLASH_LP_IdCodeSet
                0x000049aa        0x4 ./ra/fsp/src/r_flash_lp/r_flash_lp.o
                0x000049aa                R_FLASH_LP_IdCodeSet
 .text.R_FLASH_LP_StartUpAreaSelect
                0x000049ae        0x4 ./ra/fsp/src/r_flash_lp/r_flash_lp.o
                0x000049ae                R_FLASH_LP_StartUpAreaSelect
 .text.R_FLASH_LP_BankSwap
                0x000049b2        0x4 ./ra/fsp/src/r_flash_lp/r_flash_lp.o
                0x000049b2                R_FLASH_LP_BankSwap
 .text.R_FLASH_LP_InfoGet
                0x000049b6       0x20 ./ra/fsp/src/r_flash_lp/r_flash_lp.o
                0x000049b6                R_FLASH_LP_InfoGet
 .text.R_FLASH_LP_CallbackSet
                0x000049d6        0x4 ./ra/fsp/src/r_flash_lp/r_flash_lp.o
                0x000049d6                R_FLASH_LP_CallbackSet
 .text.r_flash_lp_init
                0x000049da       0xb4 ./ra/fsp/src/r_flash_lp/r_flash_lp.o
 .text.r_flash_lp_df_write_operation
                0x00004a8e       0x30 ./ra/fsp/src/r_flash_lp/r_flash_lp.o
 .text.r_flash_lp_process_command
                0x00004abe       0x3a ./ra/fsp/src/r_flash_lp/r_flash_lp.o
 .text.r_flash_lp_delay_us
                0x00004af8       0x10 ./ra/fsp/src/r_flash_lp/r_flash_lp.o
 .text.r_flash_lp_setup
                0x00004b08       0xa4 ./ra/fsp/src/r_flash_lp/r_flash_lp.o
 .text.r_flash_lp_write_fpmcr
                0x00004bac       0x2a ./ra/fsp/src/r_flash_lp/r_flash_lp.o
 *fill*         0x00004bd6        0x2 ff
 .text.r_flash_lp_pe_mode_exit
                0x00004bd8       0x58 ./ra/fsp/src/r_flash_lp/r_flash_lp.o
 .text.r_flash_lp_command_finish
                0x00004c30       0x6a ./ra/fsp/src/r_flash_lp/r_flash_lp.o
 *fill*         0x00004c9a        0x2 ff
 .text.r_flash_lp_df_enter_pe_mode
                0x00004c9c       0x40 ./ra/fsp/src/r_flash_lp/r_flash_lp.o
 .text.r_flash_lp_set_fisr
                0x00004cdc       0x54 ./ra/fsp/src/r_flash_lp/r_flash_lp.o
 .text.R_FLASH_LP_Open
                0x00004d30       0x3e ./ra/fsp/src/r_flash_lp/r_flash_lp.o
                0x00004d30                R_FLASH_LP_Open
 .text.R_FLASH_LP_UpdateFlashClockFreq
                0x00004d6e       0x14 ./ra/fsp/src/r_flash_lp/r_flash_lp.o
                0x00004d6e                R_FLASH_LP_UpdateFlashClockFreq
 .text.r_flash_lp_reset
                0x00004d82       0x3e ./ra/fsp/src/r_flash_lp/r_flash_lp.o
 .text.r_flash_lp_wait_for_ready
                0x00004dc0       0x40 ./ra/fsp/src/r_flash_lp/r_flash_lp.o
 .text.r_flash_lp_df_write_monitor
                0x00004e00       0x30 ./ra/fsp/src/r_flash_lp/r_flash_lp.o
 .text.R_FLASH_LP_Reset
                0x00004e30        0xa ./ra/fsp/src/r_flash_lp/r_flash_lp.o
                0x00004e30                R_FLASH_LP_Reset
 .text.r_flash_lp_frdyi_df_bgo_write
                0x00004e3a       0x2e ./ra/fsp/src/r_flash_lp/r_flash_lp.o
 .text.r_flash_lp_frdyi_df_bgo_erase
                0x00004e68       0x26 ./ra/fsp/src/r_flash_lp/r_flash_lp.o
 .text.r_flash_lp_frdyi_df_bgo_blankcheck
                0x00004e8e       0x40 ./ra/fsp/src/r_flash_lp/r_flash_lp.o
 .text.r_flash_lp_df_write
                0x00004ece       0x56 ./ra/fsp/src/r_flash_lp/r_flash_lp.o
 .text.R_FLASH_LP_Write
                0x00004f24        0xe ./ra/fsp/src/r_flash_lp/r_flash_lp.o
                0x00004f24                R_FLASH_LP_Write
 .text.r_flash_lp_df_erase
                0x00004f32       0x4c ./ra/fsp/src/r_flash_lp/r_flash_lp.o
 .text.R_FLASH_LP_Erase
                0x00004f7e       0x22 ./ra/fsp/src/r_flash_lp/r_flash_lp.o
                0x00004f7e                R_FLASH_LP_Erase
 .text.r_flash_lp_df_blankcheck
                0x00004fa0       0x68 ./ra/fsp/src/r_flash_lp/r_flash_lp.o
 .text.R_FLASH_LP_BlankCheck
                0x00005008       0x30 ./ra/fsp/src/r_flash_lp/r_flash_lp.o
                0x00005008                R_FLASH_LP_BlankCheck
 .text.R_FLASH_LP_Close
                0x00005038       0x1c ./ra/fsp/src/r_flash_lp/r_flash_lp.o
                0x00005038                R_FLASH_LP_Close
 .text.fcu_frdyi_isr
                0x00005054       0x6c ./ra/fsp/src/r_flash_lp/r_flash_lp.o
                0x00005054                fcu_frdyi_isr
 .text.R_ADC_ScanStart
                0x000050c0        0xa ./ra/fsp/src/r_adc/r_adc.o
                0x000050c0                R_ADC_ScanStart
 .text.R_ADC_Read
                0x000050ca        0xe ./ra/fsp/src/r_adc/r_adc.o
                0x000050ca                R_ADC_Read
 .text.r_adc_sensor_sample_state_calculation
                0x000050d8       0x48 ./ra/fsp/src/r_adc/r_adc.o
 .text.r_adc_sensor_cfg
                0x00005120       0x6c ./ra/fsp/src/r_adc/r_adc.o
 .text.r_adc_call_callback
                0x0000518c       0x3a ./ra/fsp/src/r_adc/r_adc.o
 .text.r_adc_open_sub
                0x000051c6       0xfc ./ra/fsp/src/r_adc/r_adc.o
 .text.r_adc_irq_enable
                0x000052c2        0xe ./ra/fsp/src/r_adc/r_adc.o
 .text.R_ADC_Open
                0x000052d0       0x6a ./ra/fsp/src/r_adc/r_adc.o
                0x000052d0                R_ADC_Open
 *fill*         0x0000533a        0x2 ff
 .text.r_adc_scan_cfg
                0x0000533c      0x188 ./ra/fsp/src/r_adc/r_adc.o
 .text.R_ADC_ScanCfg
                0x000054c4       0x12 ./ra/fsp/src/r_adc/r_adc.o
                0x000054c4                R_ADC_ScanCfg
 .text.r_adc_scan_end_common_isr
                0x000054d6       0x52 ./ra/fsp/src/r_adc/r_adc.o
 .text.adc_scan_end_isr
                0x00005528        0xa ./ra/fsp/src/r_adc/r_adc.o
                0x00005528                adc_scan_end_isr
 .text.bsp_prv_operating_mode_opccr_set
                0x00005532       0x5c ./ra/fsp/src/bsp/mcu/all/bsp_clocks.o
 .text.bsp_prv_sosc_init
                0x0000558e       0x12 ./ra/fsp/src/bsp/mcu/all/bsp_clocks.o
 .text.SystemCoreClockUpdate
                0x000055a0       0x2e ./ra/fsp/src/bsp/mcu/all/bsp_clocks.o
                0x000055a0                SystemCoreClockUpdate
 .text.bsp_clock_freq_var_init
                0x000055ce       0x38 ./ra/fsp/src/bsp/mcu/all/bsp_clocks.o
 .text.bsp_prv_clock_set_hard_reset
                0x00005606       0x20 ./ra/fsp/src/bsp/mcu/all/bsp_clocks.o
 *fill*         0x00005626        0x2 ff
 .text.bsp_clock_init
                0x00005628       0x80 ./ra/fsp/src/bsp/mcu/all/bsp_clocks.o
                0x00005628                bsp_clock_init
 .text.R_BSP_Init_RTC
                0x000056a8       0x10 ./ra/fsp/src/bsp/mcu/all/bsp_clocks.o
                0x000056a8                R_BSP_Init_RTC
 .text.bsp_init_internal
                0x000056b8        0x2 ./ra/fsp/src/bsp/mcu/all/bsp_common.o
                0x000056b8                bsp_init
                0x000056b8                bsp_init_internal
 .text.__assert_func
                0x000056ba        0x4 ./ra/fsp/src/bsp/mcu/all/bsp_common.o
                0x000056ba                __assert_func
 .text.bsp_prv_software_delay_loop
                0x000056be        0x8 ./ra/fsp/src/bsp/mcu/all/bsp_delay.o
                0x000056be                bsp_prv_software_delay_loop
 .text.R_BSP_SoftwareDelay
                0x000056c6       0x56 ./ra/fsp/src/bsp/mcu/all/bsp_delay.o
                0x000056c6                R_BSP_SoftwareDelay
 .text.bsp_group_irq_call
                0x0000571c       0x14 ./ra/fsp/src/bsp/mcu/all/bsp_group_irq.o
 .text.NMI_Handler
                0x00005730       0x44 ./ra/fsp/src/bsp/mcu/all/bsp_group_irq.o
                0x00005730                NMI_Handler
 .text.R_BSP_IrqStatusClear
                0x00005774       0x1c ./ra/fsp/src/bsp/mcu/all/bsp_irq.o
                0x00005774                R_BSP_IrqStatusClear
 .text.R_BSP_IrqClearPending
                0x00005790       0x26 ./ra/fsp/src/bsp/mcu/all/bsp_irq.o
                0x00005790                R_BSP_IrqClearPending
 .text.R_BSP_IrqCfg
                0x000057b6       0x44 ./ra/fsp/src/bsp/mcu/all/bsp_irq.o
                0x000057b6                R_BSP_IrqCfg
 .text.R_BSP_IrqEnableNoClear
                0x000057fa       0x18 ./ra/fsp/src/bsp/mcu/all/bsp_irq.o
                0x000057fa                R_BSP_IrqEnableNoClear
 .text.R_BSP_IrqEnable
                0x00005812       0x10 ./ra/fsp/src/bsp/mcu/all/bsp_irq.o
                0x00005812                R_BSP_IrqEnable
 .text.R_BSP_IrqDisable
                0x00005822       0x22 ./ra/fsp/src/bsp/mcu/all/bsp_irq.o
                0x00005822                R_BSP_IrqDisable
 .text.R_BSP_IrqCfgEnable
                0x00005844       0x10 ./ra/fsp/src/bsp/mcu/all/bsp_irq.o
                0x00005844                R_BSP_IrqCfgEnable
 .text.bsp_irq_cfg
                0x00005854       0x2c ./ra/fsp/src/bsp/mcu/all/bsp_irq.o
                0x00005854                bsp_irq_cfg
 .text.R_BSP_RegisterProtectEnable
                0x00005880       0x70 ./ra/fsp/src/bsp/mcu/all/bsp_register_protection.o
                0x00005880                R_BSP_RegisterProtectEnable
 .text.R_BSP_RegisterProtectDisable
                0x000058f0       0x5c ./ra/fsp/src/bsp/mcu/all/bsp_register_protection.o
                0x000058f0                R_BSP_RegisterProtectDisable
 .text._sbrk    0x0000594c       0x5c ./ra/fsp/src/bsp/mcu/all/bsp_sbrk.o
                0x0000594c                _sbrk
 .text.Default_Handler
                0x000059a8        0x4 ./ra/fsp/src/bsp/cmsis/Device/RENESAS/Source/startup.o
                0x000059a8                DebugMon_Handler
                0x000059a8                HardFault_Handler
                0x000059a8                PendSV_Handler
                0x000059a8                UsageFault_Handler
                0x000059a8                SecureFault_Handler
                0x000059a8                Default_Handler
                0x000059a8                MemManage_Handler
                0x000059a8                SVC_Handler
                0x000059a8                BusFault_Handler
 .text.Reset_Handler
                0x000059ac        0xc ./ra/fsp/src/bsp/cmsis/Device/RENESAS/Source/startup.o
                0x000059ac                Reset_Handler
 .text.bsp_reset_trng_circuit
                0x000059b8       0x7c ./ra/fsp/src/bsp/cmsis/Device/RENESAS/Source/system.o
 .text.SystemInit
                0x00005a34       0xdc ./ra/fsp/src/bsp/cmsis/Device/RENESAS/Source/system.o
                0x00005a34                SystemInit
 .text.add_callback
                0x00005b10       0x76 ./libs/c-watcher/src/watcher.o
 .text.add_arg  0x00005b86       0x76 ./libs/c-watcher/src/watcher.o
 .text.debouncer_callback
                0x00005bfc       0x12 ./libs/c-watcher/src/watcher.o
 .text.is_debounced
                0x00005c0e       0x20 ./libs/c-watcher/src/watcher.o
 .text.trigger_debouncer_entry
                0x00005c2e       0x3a ./libs/c-watcher/src/watcher.o
 .text.add_entry_static
                0x00005c68      0x25e ./libs/c-watcher/src/watcher.o
 .text.watcher_init
                0x00005ec6       0x36 ./libs/c-watcher/src/watcher.o
                0x00005ec6                watcher_init
 .text.watcher_add_entry
                0x00005efc       0x3c ./libs/c-watcher/src/watcher.o
                0x00005efc                watcher_add_entry
 .text.watcher_trigger_entry
                0x00005f38       0x92 ./libs/c-watcher/src/watcher.o
                0x00005f38                watcher_trigger_entry
 .text.watcher_watch
                0x00005fca       0xe2 ./libs/c-watcher/src/watcher.o
                0x00005fca                watcher_watch
 .text.stopwatch_init
                0x000060ac        0xe ./libs/c-stopwatch/src/stopwatch.o
                0x000060ac                stopwatch_init
 .text.stopwatch_resume
                0x000060ba        0xc ./libs/c-stopwatch/src/stopwatch.o
                0x000060ba                stopwatch_resume
 .text.stopwatch_pause
                0x000060c6       0x1a ./libs/c-stopwatch/src/stopwatch.o
                0x000060c6                stopwatch_pause
 .text.stopwatch_reset
                0x000060e0        0x8 ./libs/c-stopwatch/src/stopwatch.o
                0x000060e0                stopwatch_reset
 .text.stopwatch_set
                0x000060e8        0x4 ./libs/c-stopwatch/src/stopwatch.o
                0x000060e8                stopwatch_set
 .text.stopwatch_get_elapsed
                0x000060ec       0x18 ./libs/c-stopwatch/src/stopwatch.o
                0x000060ec                stopwatch_get_elapsed
 .text.stopwatch_get_remaining
                0x00006104       0x16 ./libs/c-stopwatch/src/stopwatch.o
                0x00006104                stopwatch_get_remaining
 .text.stopwatch_get_total_time
                0x0000611a        0x4 ./libs/c-stopwatch/src/stopwatch.o
                0x0000611a                stopwatch_get_total_time
 .text.stopwatch_is_done
                0x0000611e       0x2e ./libs/c-stopwatch/src/stopwatch.o
                0x0000611e                stopwatch_is_done
 .text.stopwatch_timer_init
                0x0000614c       0x28 ./libs/c-stopwatch/src/stopwatch_timer.o
                0x0000614c                stopwatch_timer_init
 .text.stopwatch_timer_set_period
                0x00006174        0x8 ./libs/c-stopwatch/src/stopwatch_timer.o
                0x00006174                stopwatch_timer_set_period
 .text.stopwatch_timer_set_autoreload
                0x0000617c       0x12 ./libs/c-stopwatch/src/stopwatch_timer.o
                0x0000617c                stopwatch_timer_set_autoreload
 .text.stopwatch_timer_resume
                0x0000618e        0x8 ./libs/c-stopwatch/src/stopwatch_timer.o
                0x0000618e                stopwatch_timer_resume
 .text.stopwatch_timer_reset
                0x00006196       0x10 ./libs/c-stopwatch/src/stopwatch_timer.o
                0x00006196                stopwatch_timer_reset
 .text.stopwatch_timer_pause
                0x000061a6        0x8 ./libs/c-stopwatch/src/stopwatch_timer.o
                0x000061a6                stopwatch_timer_pause
 .text.stopwatch_timer_manage
                0x000061ae       0x44 ./libs/c-stopwatch/src/stopwatch_timer.o
                0x000061ae                stopwatch_timer_manage
 .text.debounce_filter_init
                0x000061f2       0x1a ./libs/c-debounce/src/debounce.o
                0x000061f2                debounce_filter_init
 .text.debounce_filter_single
                0x0000620c       0x62 ./libs/c-debounce/src/debounce.o
                0x0000620c                debounce_filter_single
 .text.debounce_filter
                0x0000626e       0x34 ./libs/c-debounce/src/debounce.o
                0x0000626e                debounce_filter
 .text.pulse_filter_init
                0x000062a2       0x1e ./libs/c-debounce/src/pulsecounter.o
                0x000062a2                pulse_filter_init
 .text.pulse_filter
                0x000062c0       0xa4 ./libs/c-debounce/src/pulsecounter.o
                0x000062c0                pulse_filter
 .text          0x00006364       0x3c /home/maldus/.local/share/renesas/e2_studio/toolchains/gcc_arm/13_2-Rel1/arm-gnu-toolchain-13.2.Rel1-x86_64-arm-none-eabi/bin/../lib/gcc/arm-none-eabi/13.2.1/thumb/v8-m.base/nofp/libgcc.a(_clzsi2.o)
                0x00006364                __clzsi2
 .text          0x000063a0       0x40 /home/maldus/.local/share/renesas/e2_studio/toolchains/gcc_arm/13_2-Rel1/arm-gnu-toolchain-13.2.Rel1-x86_64-arm-none-eabi/bin/../lib/gcc/arm-none-eabi/13.2.1/thumb/v8-m.base/nofp/libgcc.a(_aeabi_uldivmod.o)
                0x000063a0                __aeabi_uldivmod
 .text.__muldi3
                0x000063e0       0x5c /home/maldus/.local/share/renesas/e2_studio/toolchains/gcc_arm/13_2-Rel1/arm-gnu-toolchain-13.2.Rel1-x86_64-arm-none-eabi/bin/../lib/gcc/arm-none-eabi/13.2.1/thumb/v8-m.base/nofp/libgcc.a(_muldi3.o)
                0x000063e0                __aeabi_lmul
                0x000063e0                __muldi3
 .text.__udivmoddi4
                0x0000643c      0x390 /home/maldus/.local/share/renesas/e2_studio/toolchains/gcc_arm/13_2-Rel1/arm-gnu-toolchain-13.2.Rel1-x86_64-arm-none-eabi/bin/../lib/gcc/arm-none-eabi/13.2.1/thumb/v8-m.base/nofp/libgcc.a(_udivmoddi4.o)
                0x0000643c                __udivmoddi4
 .text          0x000067cc        0x4 /home/maldus/.local/share/renesas/e2_studio/toolchains/gcc_arm/13_2-Rel1/arm-gnu-toolchain-13.2.Rel1-x86_64-arm-none-eabi/bin/../lib/gcc/arm-none-eabi/13.2.1/thumb/v8-m.base/nofp/libgcc.a(_dvmd_tls.o)
                0x000067cc                __aeabi_ldiv0
                0x000067cc                __aeabi_idiv0
 .text.memcpy   0x000067d0       0x12 /home/maldus/.local/share/renesas/e2_studio/toolchains/gcc_arm/13_2-Rel1/arm-gnu-toolchain-13.2.Rel1-x86_64-arm-none-eabi/bin/../lib/gcc/arm-none-eabi/13.2.1/../../../../arm-none-eabi/lib/thumb/v8-m.base/nofp/libg_nano.a(libc_a-memcpy-stub.o)
                0x000067d0                memcpy
 *fill*         0x000067e2        0x2 ff
 .text.free     0x000067e4       0x14 /home/maldus/.local/share/renesas/e2_studio/toolchains/gcc_arm/13_2-Rel1/arm-gnu-toolchain-13.2.Rel1-x86_64-arm-none-eabi/bin/../lib/gcc/arm-none-eabi/13.2.1/../../../../arm-none-eabi/lib/thumb/v8-m.base/nofp/libg_nano.a(libc_a-malloc.o)
                0x000067e4                free
 .text.sbrk_aligned
                0x000067f8       0x44 /home/maldus/.local/share/renesas/e2_studio/toolchains/gcc_arm/13_2-Rel1/arm-gnu-toolchain-13.2.Rel1-x86_64-arm-none-eabi/bin/../lib/gcc/arm-none-eabi/13.2.1/../../../../arm-none-eabi/lib/thumb/v8-m.base/nofp/libg_nano.a(libc_a-mallocr.o)
 .text._malloc_r
                0x0000683c      0x100 /home/maldus/.local/share/renesas/e2_studio/toolchains/gcc_arm/13_2-Rel1/arm-gnu-toolchain-13.2.Rel1-x86_64-arm-none-eabi/bin/../lib/gcc/arm-none-eabi/13.2.1/../../../../arm-none-eabi/lib/thumb/v8-m.base/nofp/libg_nano.a(libc_a-mallocr.o)
                0x0000683c                _malloc_r
 .text.__malloc_lock
                0x0000693c       0x10 /home/maldus/.local/share/renesas/e2_studio/toolchains/gcc_arm/13_2-Rel1/arm-gnu-toolchain-13.2.Rel1-x86_64-arm-none-eabi/bin/../lib/gcc/arm-none-eabi/13.2.1/../../../../arm-none-eabi/lib/thumb/v8-m.base/nofp/libg_nano.a(libc_a-mlock.o)
                0x0000693c                __malloc_lock
 .text.__malloc_unlock
                0x0000694c       0x10 /home/maldus/.local/share/renesas/e2_studio/toolchains/gcc_arm/13_2-Rel1/arm-gnu-toolchain-13.2.Rel1-x86_64-arm-none-eabi/bin/../lib/gcc/arm-none-eabi/13.2.1/../../../../arm-none-eabi/lib/thumb/v8-m.base/nofp/libg_nano.a(libc_a-mlock.o)
                0x0000694c                __malloc_unlock
 .text.realloc  0x0000695c       0x14 /home/maldus/.local/share/renesas/e2_studio/toolchains/gcc_arm/13_2-Rel1/arm-gnu-toolchain-13.2.Rel1-x86_64-arm-none-eabi/bin/../lib/gcc/arm-none-eabi/13.2.1/../../../../arm-none-eabi/lib/thumb/v8-m.base/nofp/libg_nano.a(libc_a-realloc.o)
                0x0000695c                realloc
 .text._sbrk_r  0x00006970       0x20 /home/maldus/.local/share/renesas/e2_studio/toolchains/gcc_arm/13_2-Rel1/arm-gnu-toolchain-13.2.Rel1-x86_64-arm-none-eabi/bin/../lib/gcc/arm-none-eabi/13.2.1/../../../../arm-none-eabi/lib/thumb/v8-m.base/nofp/libg_nano.a(libc_a-sbrkr.o)
                0x00006970                _sbrk_r
 .text.__errno  0x00006990        0xc /home/maldus/.local/share/renesas/e2_studio/toolchains/gcc_arm/13_2-Rel1/arm-gnu-toolchain-13.2.Rel1-x86_64-arm-none-eabi/bin/../lib/gcc/arm-none-eabi/13.2.1/../../../../arm-none-eabi/lib/thumb/v8-m.base/nofp/libg_nano.a(libc_a-errno.o)
                0x00006990                __errno
 .text.memcmp   0x0000699c       0x1c /home/maldus/.local/share/renesas/e2_studio/toolchains/gcc_arm/13_2-Rel1/arm-gnu-toolchain-13.2.Rel1-x86_64-arm-none-eabi/bin/../lib/gcc/arm-none-eabi/13.2.1/../../../../arm-none-eabi/lib/thumb/v8-m.base/nofp/libg_nano.a(libc_a-memcmp.o)
                0x0000699c                memcmp
 .text.memset   0x000069b8       0x10 /home/maldus/.local/share/renesas/e2_studio/toolchains/gcc_arm/13_2-Rel1/arm-gnu-toolchain-13.2.Rel1-x86_64-arm-none-eabi/bin/../lib/gcc/arm-none-eabi/13.2.1/../../../../arm-none-eabi/lib/thumb/v8-m.base/nofp/libg_nano.a(libc_a-memset.o)
                0x000069b8                memset
 .text._realloc_r
                0x000069c8       0x5a /home/maldus/.local/share/renesas/e2_studio/toolchains/gcc_arm/13_2-Rel1/arm-gnu-toolchain-13.2.Rel1-x86_64-arm-none-eabi/bin/../lib/gcc/arm-none-eabi/13.2.1/../../../../arm-none-eabi/lib/thumb/v8-m.base/nofp/libg_nano.a(libc_a-reallocr.o)
                0x000069c8                _realloc_r
 *fill*         0x00006a22        0x2 ff
 .text._free_r  0x00006a24       0x90 /home/maldus/.local/share/renesas/e2_studio/toolchains/gcc_arm/13_2-Rel1/arm-gnu-toolchain-13.2.Rel1-x86_64-arm-none-eabi/bin/../lib/gcc/arm-none-eabi/13.2.1/../../../../arm-none-eabi/lib/thumb/v8-m.base/nofp/libg_nano.a(libc_a-freer.o)
                0x00006a24                _free_r
 .text.__retarget_lock_acquire_recursive
                0x00006ab4        0x2 /home/maldus/.local/share/renesas/e2_studio/toolchains/gcc_arm/13_2-Rel1/arm-gnu-toolchain-13.2.Rel1-x86_64-arm-none-eabi/bin/../lib/gcc/arm-none-eabi/13.2.1/../../../../arm-none-eabi/lib/thumb/v8-m.base/nofp/libg_nano.a(libc_a-lock.o)
                0x00006ab4                __retarget_lock_acquire_recursive
 .text.__retarget_lock_release_recursive
                0x00006ab6        0x2 /home/maldus/.local/share/renesas/e2_studio/toolchains/gcc_arm/13_2-Rel1/arm-gnu-toolchain-13.2.Rel1-x86_64-arm-none-eabi/bin/../lib/gcc/arm-none-eabi/13.2.1/../../../../arm-none-eabi/lib/thumb/v8-m.base/nofp/libg_nano.a(libc_a-lock.o)
                0x00006ab6                __retarget_lock_release_recursive
 .text._malloc_usable_size_r
                0x00006ab8       0x10 /home/maldus/.local/share/renesas/e2_studio/toolchains/gcc_arm/13_2-Rel1/arm-gnu-toolchain-13.2.Rel1-x86_64-arm-none-eabi/bin/../lib/gcc/arm-none-eabi/13.2.1/../../../../arm-none-eabi/lib/thumb/v8-m.base/nofp/libg_nano.a(libc_a-msizer.o)
                0x00006ab8                _malloc_usable_size_r
 *(.version)
 .version       0x00006ac8       0x50 ./ra/fsp/src/bsp/mcu/all/bsp_common.o
 *(.init)
 .init          0x00006b18        0x4 /home/maldus/.local/share/renesas/e2_studio/toolchains/gcc_arm/13_2-Rel1/arm-gnu-toolchain-13.2.Rel1-x86_64-arm-none-eabi/bin/../lib/gcc/arm-none-eabi/13.2.1/thumb/v8-m.base/nofp/crti.o
                0x00006b18                _init
 .init          0x00006b1c        0x8 /home/maldus/.local/share/renesas/e2_studio/toolchains/gcc_arm/13_2-Rel1/arm-gnu-toolchain-13.2.Rel1-x86_64-arm-none-eabi/bin/../lib/gcc/arm-none-eabi/13.2.1/thumb/v8-m.base/nofp/crtn.o
 *(.fini)
 .fini          0x00006b24        0x4 /home/maldus/.local/share/renesas/e2_studio/toolchains/gcc_arm/13_2-Rel1/arm-gnu-toolchain-13.2.Rel1-x86_64-arm-none-eabi/bin/../lib/gcc/arm-none-eabi/13.2.1/thumb/v8-m.base/nofp/crti.o
                0x00006b24                _fini
 .fini          0x00006b28        0x8 /home/maldus/.local/share/renesas/e2_studio/toolchains/gcc_arm/13_2-Rel1/arm-gnu-toolchain-13.2.Rel1-x86_64-arm-none-eabi/bin/../lib/gcc/arm-none-eabi/13.2.1/thumb/v8-m.base/nofp/crtn.o
 *crtbegin.o(.ctors)
 *crtbegin?.o(.ctors)
 *(EXCLUDE_FILE(*crtend.o *crtend?.o) .ctors)
 *(SORT_BY_NAME(.ctors.*))
 *(.ctors)
 *crtbegin.o(.dtors)
 *crtbegin?.o(.dtors)
 *(EXCLUDE_FILE(*crtend.o *crtend?.o) .dtors)
 *(SORT_BY_NAME(.dtors.*))
 *(.dtors)
 *(.rodata*)
 .rodata.crc16_ccitt_table
                0x00006b30      0x200 ./src/services/crc16-ccitt.o
 .rodata.running_event_manager
                0x00006d30       0x2c ./src/model/cycle.o
 .rodata.standby_event_manager
                0x00006d5c       0x2c ./src/model/cycle.o
 .rodata.wait_start_event_manager
                0x00006d88       0x2c ./src/model/cycle.o
 .rodata.managers
                0x00006db4       0x3c ./src/model/cycle.o
 .rodata.managers
                0x00006df0       0x24 ./src/model/heating.o
 .rodata.get_pwm_drum_percentage.str1.4
                0x00006e14       0xfc ./src/model/model.o
                                 0x25 (size before relaxing)
 .rodata.model_pwoff_deserialize.str1.4
                0x00006f10       0x1b ./src/model/model.o
 .rodata.__func__.0
                0x00006f10       0x11 ./src/model/model.o
 *fill*         0x00006f21        0x3 ff
 .rodata.__func__.1
                0x00006f24       0x16 ./src/model/model.o
 *fill*         0x00006f3a        0x2 ff
 .rodata.__func__.2
                0x00006f3c       0x13 ./src/model/model.o
 *fill*         0x00006f4f        0x1 ff
 .rodata.__func__.3
                0x00006f50       0x16 ./src/model/model.o
 *fill*         0x00006f66        0x2 ff
 .rodata.__func__.5
                0x00006f68       0x1e ./src/model/model.o
 *fill*         0x00006f86        0x2 ff
 .rodata.__func__.6
                0x00006f88       0x10 ./src/model/model.o
 .rodata.__func__.7
                0x00006f98       0x14 ./src/model/model.o
 .rodata.__func__.8
                0x00006fac       0x13 ./src/model/model.o
 *fill*         0x00006fbf        0x1 ff
 .rodata.__func__.12
                0x00006fc0       0x1a ./src/model/model.o
 *fill*         0x00006fda        0x2 ff
 .rodata.__func__.13
                0x00006fdc       0x1e ./src/model/model.o
 *fill*         0x00006ffa        0x2 ff
 .rodata.__func__.14
                0x00006ffc       0x1b ./src/model/model.o
 *fill*         0x00007017        0x1 ff
 .rodata.__func__.15
                0x00007018       0x17 ./src/model/model.o
 *fill*         0x0000702f        0x1 ff
 .rodata.__func__.17
                0x00007030       0x1e ./src/model/model.o
 *fill*         0x0000704e        0x2 ff
 .rodata.__func__.18
                0x00007050       0x13 ./src/model/model.o
 *fill*         0x00007063        0x1 ff
 .rodata.__func__.19
                0x00007064       0x1c ./src/model/model.o
 .rodata.__func__.20
                0x00007080       0x1a ./src/model/model.o
 *fill*         0x0000709a        0x2 ff
 .rodata.__func__.21
                0x0000709c       0x12 ./src/model/model.o
 *fill*         0x000070ae        0x2 ff
 .rodata.__func__.22
                0x000070b0       0x15 ./src/model/model.o
 *fill*         0x000070c5        0x3 ff
 .rodata.__func__.24
                0x000070c8       0x16 ./src/model/model.o
 *fill*         0x000070de        0x2 ff
 .rodata.__func__.25
                0x000070e0       0x12 ./src/model/model.o
 *fill*         0x000070f2        0x2 ff
 .rodata.__func__.26
                0x000070f4       0x18 ./src/model/model.o
 .rodata.__func__.27
                0x0000710c       0x16 ./src/model/model.o
 *fill*         0x00007122        0x2 ff
 .rodata.__func__.28
                0x00007124       0x15 ./src/model/model.o
 *fill*         0x00007139        0x3 ff
 .rodata.__func__.29
                0x0000713c       0x1d ./src/model/model.o
 *fill*         0x00007159        0x3 ff
 .rodata.__func__.30
                0x0000715c       0x18 ./src/model/model.o
 .rodata.__func__.31
                0x00007174       0x17 ./src/model/model.o
 *fill*         0x0000718b        0x1 ff
 .rodata.__func__.32
                0x0000718c       0x1e ./src/model/model.o
 *fill*         0x000071aa        0x2 ff
 .rodata.__func__.33
                0x000071ac       0x14 ./src/model/model.o
 .rodata.__func__.34
                0x000071c0       0x12 ./src/model/model.o
 *fill*         0x000071d2        0x2 ff
 .rodata.__func__.35
                0x000071d4       0x16 ./src/model/model.o
 *fill*         0x000071ea        0x2 ff
 .rodata.__func__.36
                0x000071ec       0x20 ./src/model/model.o
 .rodata.__func__.37
                0x0000720c       0x18 ./src/model/model.o
 .rodata.__func__.38
                0x00007224       0x17 ./src/model/model.o
 *fill*         0x0000723b        0x1 ff
 .rodata.__func__.42
                0x0000723c       0x11 ./src/model/model.o
 *fill*         0x0000724d        0x3 ff
 .rodata.__func__.43
                0x00007250       0x13 ./src/model/model.o
 *fill*         0x00007263        0x1 ff
 .rodata.__func__.44
                0x00007264        0xd ./src/model/model.o
 *fill*         0x00007271        0x3 ff
 .rodata.__func__.45
                0x00007274        0xb ./src/model/model.o
 .rodata.bsp_adc_init.str1.4
                0x0000727f       0x25 ./src/bsp/adc.o
 *fill*         0x0000727f        0x1 ff
 .rodata.__func__.1
                0x00007280        0xd ./src/bsp/adc.o
 *fill*         0x0000728d        0x3 ff
 .rodata        0x00007290       0x10 ./src/bsp/adc.o
 .rodata        0x000072a0        0xc ./src/bsp/coin_reader.o
 .rodata        0x000072ac       0x10 ./src/bsp/digin.o
 .rodata.rm_vee_example.str1.4
                0x000072bc       0x2b ./src/bsp/power_off.o
 .rodata.__func__.0
                0x000072bc       0x13 ./src/bsp/power_off.o
 *fill*         0x000072cf        0x1 ff
 .rodata.__func__.1
                0x000072d0       0x13 ./src/bsp/power_off.o
 .rodata.bsp_pwm_init.str1.4
                0x000072e3       0x25 ./src/bsp/pwm.o
 *fill*         0x000072e3        0x1 ff
 .rodata.__func__.0
                0x000072e4        0xf ./src/bsp/pwm.o
 *fill*         0x000072f3        0x1 ff
 .rodata.__func__.1
                0x000072f4        0xd ./src/bsp/pwm.o
 *fill*         0x00007301        0x3 ff
 .rodata        0x00007304        0xe ./src/bsp/relay.o
 *fill*         0x00007312        0x2 ff
 .rodata.CRC_TABLE
                0x00007314      0x100 ./src/bsp/temperature_humidity_probe.o
 .rodata.register_callback
                0x00007414      0x164 ./src/adapters/modbus_server.o
 .rodata.modbus_server_init.str1.4
                0x00007578       0x50 ./src/adapters/modbus_server.o
 .rodata.__func__.1
                0x00007578       0x13 ./src/adapters/modbus_server.o
 *fill*         0x0000758b        0x1 ff
 .rodata.g_ioport
                0x0000758c        0xc ./ra_gen/common_data.o
                0x0000758c                g_ioport
 .rodata.g_external_irq0_cfg
                0x00007598       0x14 ./ra_gen/common_data.o
                0x00007598                g_external_irq0_cfg
 .rodata.g_uart0
                0x000075ac        0xc ./ra_gen/hal_data.o
                0x000075ac                g_uart0
 .rodata.g_uart0_cfg
                0x000075b8       0x20 ./ra_gen/hal_data.o
                0x000075b8                g_uart0_cfg
 .rodata.g_uart0_cfg_extend
                0x000075d8       0x14 ./ra_gen/hal_data.o
                0x000075d8                g_uart0_cfg_extend
 .rodata.g_adc0_channel_cfg
                0x000075ec       0x14 ./ra_gen/hal_data.o
                0x000075ec                g_adc0_channel_cfg
 .rodata.g_adc0_cfg
                0x00007600       0x18 ./ra_gen/hal_data.o
                0x00007600                g_adc0_cfg
 .rodata.g_adc0_cfg_extend
                0x00007618        0xb ./ra_gen/hal_data.o
                0x00007618                g_adc0_cfg_extend
 *fill*         0x00007623        0x1 ff
 .rodata.g_timer_pwm_cfg
                0x00007624       0x20 ./ra_gen/hal_data.o
                0x00007624                g_timer_pwm_cfg
 .rodata.g_timer_pwm_extend
                0x00007644       0x3c ./ra_gen/hal_data.o
                0x00007644                g_timer_pwm_extend
 .rodata.g_vee0_cfg
                0x00007680       0x24 ./ra_gen/hal_data.o
                0x00007680                g_vee0_cfg
 .rodata.g_vee0_cfg_ext
                0x000076a4        0x4 ./ra_gen/hal_data.o
                0x000076a4                g_vee0_cfg_ext
 .rodata.g_flash0
                0x000076a8        0xc ./ra_gen/hal_data.o
                0x000076a8                g_flash0
 .rodata.g_flash0_cfg
                0x000076b4       0x14 ./ra_gen/hal_data.o
                0x000076b4                g_flash0_cfg
 .rodata.g_bsp_pin_cfg
                0x000076c8        0xc ./ra_gen/pin_data.o
                0x000076c8                g_bsp_pin_cfg
 .rodata.g_bsp_pin_cfg_data
                0x000076d4      0x148 ./ra_gen/pin_data.o
                0x000076d4                g_bsp_pin_cfg_data
 .rodata.g_interrupt_event_link_select
                0x0000781c       0x20 ./ra_gen/vector_data.o
                0x0000781c                g_interrupt_event_link_select
 .rodata.rm_vee_flash_callback
                0x0000783c       0x2c ./ra/fsp/src/rm_vee_flash/rm_vee_flash.o
 .rodata.g_uart_on_sci
                0x00007868       0x24 ./ra/fsp/src/r_sci_uart/r_sci_uart.o
                0x00007868                g_uart_on_sci
 .rodata.g_ioport_on_ioport
                0x0000788c       0x34 ./ra/fsp/src/r_ioport/r_ioport.o
                0x0000788c                g_ioport_on_ioport
 .rodata.g_flash_data_region
                0x000078c0        0x8 ./ra/fsp/src/r_flash_lp/r_flash_lp.o
 .rodata.g_data_flash_macro_info
                0x000078c8       0x10 ./ra/fsp/src/r_flash_lp/r_flash_lp.o
                0x000078c8                g_data_flash_macro_info
 .rodata.g_flash_code_region
                0x000078d8        0x8 ./ra/fsp/src/r_flash_lp/r_flash_lp.o
 .rodata.g_code_flash_macro_info
                0x000078e0       0x10 ./ra/fsp/src/r_flash_lp/r_flash_lp.o
                0x000078e0                g_code_flash_macro_info
 .rodata.g_flash_on_flash_lp
                0x000078f0       0x3c ./ra/fsp/src/r_flash_lp/r_flash_lp.o
                0x000078f0                g_flash_on_flash_lp
 .rodata.g_prcr_masks
                0x0000792c        0x8 ./ra/fsp/src/bsp/mcu/all/bsp_register_protection.o
                0x00007934                        __usb_dev_descriptor_start_fs = .
 *(.usb_device_desc_fs*)
                0x00007934                        __usb_cfg_descriptor_start_fs = .
 *(.usb_config_desc_fs*)
                0x00007934                        __usb_interface_descriptor_start_fs = .
 *(.usb_interface_desc_fs*)
                0x00007934                        __usb_descriptor_end_fs = .
                0x00007934                        __usb_dev_descriptor_start_hs = .
 *(.usb_device_desc_hs*)
                0x00007934                        __usb_cfg_descriptor_start_hs = .
 *(.usb_config_desc_hs*)
                0x00007934                        __usb_interface_descriptor_start_hs = .
 *(.usb_interface_desc_hs*)
                0x00007934                        __usb_descriptor_end_hs = .
 *(.eh_frame*)
 .eh_frame      0x00007934        0x0 /home/maldus/.local/share/renesas/e2_studio/toolchains/gcc_arm/13_2-Rel1/arm-gnu-toolchain-13.2.Rel1-x86_64-arm-none-eabi/bin/../lib/gcc/arm-none-eabi/13.2.1/thumb/v8-m.base/nofp/crtbegin.o
 .eh_frame      0x00007934        0x4 /home/maldus/.local/share/renesas/e2_studio/toolchains/gcc_arm/13_2-Rel1/arm-gnu-toolchain-13.2.Rel1-x86_64-arm-none-eabi/bin/../lib/gcc/arm-none-eabi/13.2.1/thumb/v8-m.base/nofp/crtend.o
                0x00007938                        __ROM_End = .
                0x000000c0                        __Vectors_Size = (__Vectors_End - __Vectors)

.glue_7         0x00007938        0x0
 .glue_7        0x00007938        0x0 linker stubs

.glue_7t        0x00007938        0x0
 .glue_7t       0x00007938        0x0 linker stubs

.vfp11_veneer   0x00007938        0x0
 .vfp11_veneer  0x00007938        0x0 linker stubs

.v4_bx          0x00007938        0x0
 .v4_bx         0x00007938        0x0 linker stubs

.iplt           0x00007938        0x0
 .iplt          0x00007938        0x0 /home/maldus/.local/share/renesas/e2_studio/toolchains/gcc_arm/13_2-Rel1/arm-gnu-toolchain-13.2.Rel1-x86_64-arm-none-eabi/bin/../lib/gcc/arm-none-eabi/13.2.1/thumb/v8-m.base/nofp/crtbegin.o
                0x00007938                        . = .
                0x00007938                        __itcm_data_pre_location = .

.itcm_data      0x00000000        0x0 load address 0x00007940
                0x00000000                        __tz_ITCM_S = ABSOLUTE (ITCM_START)
                0x00000000                        __itcm_data_start = .
 *(.itcm_data*)
                0x00000000                        . = ALIGN (0x8)
                0x00000000                        __itcm_data_end = .
                0x00000000                        __tz_ITCM_N = DEFINED (ITCM_NS_START)?ABSOLUTE (ITCM_NS_START):ALIGN (__itcm_data_end, 0x2000)
                0x00007940                        __itcm_data_init_start = LOADADDR (.itcm_data)
                0x00007940                        __itcm_data_init_end = (LOADADDR (.itcm_data) + SIZEOF (.itcm_data))
                0x00000001                        ASSERT (((ORIGIN (ITCM) % 0x8) == 0x0), ITCM memory region origin must be aligned to 8 bytes.)
                0x00000001                        ASSERT (((LENGTH (ITCM) % 0x8) == 0x0), ITCM memory region length must be a multiple of 8 bytes.)
                0x00000001                        ASSERT (((LOADADDR (.itcm_data) % 0x10) == 0x0), .itcm_data section must be aligned to 16 bytes.)
                0x00000001                        ASSERT (((SIZEOF (.itcm_data) % 0x8) == 0x0), .itcm_data section size must be a multiple of 8 bytes.)
                0x00007938                        . = (SIZEOF (.itcm_data) > 0x0)?__itcm_data_init_end:__itcm_data_pre_location
                0x00007938                        __exidx_start = .

/DISCARD/
 *(.ARM.extab* .gnu.linkonce.armextab.*)
 *(.ARM.exidx* .gnu.linkonce.armexidx.*)
                0x00007938                        __exidx_end = .
                0x00007938                        __etext = .
                0x20000000                        __tz_RAM_S = ORIGIN (RAM)

.fsp_dtc_vector_table
                0x20000000        0x0
                0x20000000                        . = ORIGIN (RAM)
 *(.fsp_dtc_vector_table)

.data           0x20000000       0x7c load address 0x00007938
                0x20000000                        __data_start__ = .
                0x20000000                        . = ALIGN (0x4)
                0x20000000                        __Code_In_RAM_Start = .
 *(.code_in_ram*)
                0x20000000                        __Code_In_RAM_End = .
 *(vtable)
 *(.data.*)
 .data.modbusSlaveDefaultFunctions
                0x20000000       0x20 ./src/adapters/modbus_server.o
                0x20000000                modbusSlaveDefaultFunctions
 .data.g_uart0_baud_setting
                0x20000020        0x4 ./ra_gen/hal_data.o
                0x20000020                g_uart0_baud_setting
 .data._impure_ptr
                0x20000024        0x4 /home/maldus/.local/share/renesas/e2_studio/toolchains/gcc_arm/13_2-Rel1/arm-gnu-toolchain-13.2.Rel1-x86_64-arm-none-eabi/bin/../lib/gcc/arm-none-eabi/13.2.1/../../../../arm-none-eabi/lib/thumb/v8-m.base/nofp/libg_nano.a(libc_a-impure.o)
                0x20000024                _impure_ptr
 .data._impure_data
                0x20000028       0x4c /home/maldus/.local/share/renesas/e2_studio/toolchains/gcc_arm/13_2-Rel1/arm-gnu-toolchain-13.2.Rel1-x86_64-arm-none-eabi/bin/../lib/gcc/arm-none-eabi/13.2.1/../../../../arm-none-eabi/lib/thumb/v8-m.base/nofp/libg_nano.a(libc_a-impure.o)
                0x20000028                _impure_data
 *(.data)
                0x20000074                        . = ALIGN (0x4)
                0x20000074                        PROVIDE (__preinit_array_start = .)
 *(.preinit_array)
                0x20000074                        PROVIDE (__preinit_array_end = .)
                0x20000074                        . = ALIGN (0x4)
                0x20000074                        PROVIDE (__init_array_start = .)
 *(SORT_BY_NAME(.init_array.*))
 *(.init_array)
 .init_array    0x20000074        0x4 /home/maldus/.local/share/renesas/e2_studio/toolchains/gcc_arm/13_2-Rel1/arm-gnu-toolchain-13.2.Rel1-x86_64-arm-none-eabi/bin/../lib/gcc/arm-none-eabi/13.2.1/thumb/v8-m.base/nofp/crtbegin.o
                0x20000078                        PROVIDE (__init_array_end = .)
                0x20000078                        . = ALIGN (0x4)
                [!provide]                        PROVIDE (__fini_array_start = .)
 *(SORT_BY_NAME(.fini_array.*))
 *(.fini_array)
 .fini_array    0x20000078        0x4 /home/maldus/.local/share/renesas/e2_studio/toolchains/gcc_arm/13_2-Rel1/arm-gnu-toolchain-13.2.Rel1-x86_64-arm-none-eabi/bin/../lib/gcc/arm-none-eabi/13.2.1/thumb/v8-m.base/nofp/crtbegin.o
                [!provide]                        PROVIDE (__fini_array_end = .)
 *(.jcr*)
                0x2000007c                        . = ALIGN (0x4)
                0x2000007c                        __data_end__ = .

.tm_clone_table
                0x2000007c        0x0 load address 0x000079b4
 .tm_clone_table
                0x2000007c        0x0 /home/maldus/.local/share/renesas/e2_studio/toolchains/gcc_arm/13_2-Rel1/arm-gnu-toolchain-13.2.Rel1-x86_64-arm-none-eabi/bin/../lib/gcc/arm-none-eabi/13.2.1/thumb/v8-m.base/nofp/crtbegin.o
 .tm_clone_table
                0x2000007c        0x0 /home/maldus/.local/share/renesas/e2_studio/toolchains/gcc_arm/13_2-Rel1/arm-gnu-toolchain-13.2.Rel1-x86_64-arm-none-eabi/bin/../lib/gcc/arm-none-eabi/13.2.1/thumb/v8-m.base/nofp/crtend.o

.igot.plt       0x2000007c        0x0 load address 0x000079b4
 .igot.plt      0x2000007c        0x0 /home/maldus/.local/share/renesas/e2_studio/toolchains/gcc_arm/13_2-Rel1/arm-gnu-toolchain-13.2.Rel1-x86_64-arm-none-eabi/bin/../lib/gcc/arm-none-eabi/13.2.1/thumb/v8-m.base/nofp/crtbegin.o
                0x2000007c                        . = .
                0x000079b4                        __dtcm_data_pre_location = (LOADADDR (.data) + SIZEOF (.data))

.dtcm_data      0x00000000        0x0 load address 0x000079c0
                0x00000000                        __tz_DTCM_S = ABSOLUTE (DTCM_START)
                0x00000000                        __dtcm_data_start = .
 *(.dtcm_data*)
                0x00000000                        . = ALIGN (0x8)
                0x00000000                        __dtcm_data_end = .
                0x00000000                        . = __dtcm_data_end

.dtcm_bss       0x00000000        0x0
                0x00000000                        __dtcm_bss_start = .
 *(.dtcm_bss*)
                0x00000000                        . = ALIGN (0x8)
                0x00000000                        __dtcm_bss_end = .
                0x00000000                        __tz_DTCM_N = DEFINED (DTCM_NS_START)?ABSOLUTE (DTCM_NS_START):ALIGN (__dtcm_bss_end, 0x2000)
                0x000079c0                        __dtcm_data_init_start = LOADADDR (.dtcm_data)
                0x000079c0                        __dtcm_data_init_end = (LOADADDR (.dtcm_data) + SIZEOF (.dtcm_data))
                0x00000001                        ASSERT (((ORIGIN (DTCM) % 0x8) == 0x0), DTCM memory region origin must be aligned to 8 bytes.)
                0x00000001                        ASSERT (((LENGTH (DTCM) % 0x8) == 0x0), DTCM memory region length must be a multiple of 8 bytes.)
                0x00000001                        ASSERT ((LOADADDR (.dtcm_bss) == ADDR (.dtcm_bss)), .dtcm_bss has (VMA != LMA) but should be NOLOAD (VMA == LMA).)
                0x00000001                        ASSERT (((LOADADDR (.dtcm_data) % 0x10) == 0x0), .dtcm_data section must be aligned to 16 bytes.)
                0x00000001                        ASSERT (((SIZEOF (.dtcm_data) % 0x8) == 0x0), .dtcm_data section size must be a multiple of 8 bytes.)
                0x00000001                        ASSERT (((LOADADDR (.dtcm_bss) % 0x8) == 0x0), .dtcm_bss section must be aligned to 8 bytes.)
                0x00000001                        ASSERT (((SIZEOF (.dtcm_bss) % 0x8) == 0x0), .dtcm_bss section size must be a multiple of 8 bytes.)
                0x00000001                        ASSERT ((__dtcm_bss_start == __dtcm_data_end), .dtcm_bss section is not adjacent to .dtcm_data section.)
                0x000079b4                        . = (SIZEOF (.dtcm_data) > 0x0)?__dtcm_data_init_end:__dtcm_data_pre_location
                0x000079b4                        sgstubs_pre_location = .
                0x00007c00                        SGSTUBS_LOC = (DEFINED (PROJECT_SECURE) && DEFINED (FLASH_NSC_START))?ABSOLUTE (FLASH_NSC_START):ALIGN (0x400)

.gnu.sgstubs    0x00007c00        0x0
                0x00007c00                        __tz_FLASH_C = DEFINED (FLASH_NSC_START)?ABSOLUTE (FLASH_NSC_START):__RESERVE_NS_RAM?ABSOLUTE ((FLASH_START + FLASH_LENGTH)):ALIGN (0x400)
                0x00007c00                        _start_sg = .
 *(.gnu.sgstubs*)
                0x00007c00                        . = ALIGN (0x20)
                0x00007c00                        _end_sg = .
                0x00008000                        __tz_FLASH_N = DEFINED (FLASH_NS_START)?ABSOLUTE (FLASH_NS_START):__RESERVE_NS_RAM?ABSOLUTE ((FLASH_START + FLASH_LENGTH)):(FLASH_LENGTH < 0x8000)?FLASH_LENGTH:ALIGN (0x8000)
                0x00008000                        FLASH_NS_IMAGE_START = DEFINED (FLASH_NS_IMAGE_START)?FLASH_NS_IMAGE_START:__tz_FLASH_N
                0x60000000                        __tz_QSPI_FLASH_S = ORIGIN (QSPI_FLASH)

.qspi_flash     0x60000000        0x0
                0x60000000                        __qspi_flash_start__ = .
 *(.qspi_flash*)
 *(.code_in_qspi*)
                0x60000000                        __qspi_flash_end__ = .
                0x00000000                        __qspi_flash_code_size__ = (__qspi_flash_end__ - __qspi_flash_start__)
                0x000079b4                        __qspi_flash_code_addr__ = sgstubs_pre_location

.qspi_non_retentive
                0x60000000        0x0 load address 0x000079b4
                0x60000000                        __qspi_non_retentive_start__ = .
 *(.qspi_non_retentive*)
                0x60000000                        __qspi_non_retentive_end__ = .
                0x00000000                        __qspi_non_retentive_size__ = (__qspi_non_retentive_end__ - __qspi_non_retentive_start__)
                0x04000000                        __qspi_region_max_size__ = 0x4000000
                0x60000000                        __qspi_region_start_address__ = __qspi_flash_start__
                0x64000000                        __qspi_region_end_address__ = (__qspi_flash_start__ + __qspi_region_max_size__)
                0x60000000                        __tz_QSPI_FLASH_N = __qspi_non_retentive_end__

.OSPI_DEVICE_0_NO_LOAD
                0x80020000        0x0
                0x80020000                        . = ALIGN (0x4)
                0x80020000                        __ospi_device_0_start__ = .
 *(.ospi_device_0_no_load*)
                0x80020000                        . = ALIGN (0x4)
                0x80020000                        __ospi_device_0_end__ = .

.OSPI_DEVICE_1_NO_LOAD
                0x80030000        0x0
                0x80030000                        . = ALIGN (0x4)
                0x80030000                        __ospi_device_1_start__ = .
 *(.ospi_device_1_no_load*)
                0x80030000                        . = ALIGN (0x4)
                0x80030000                        __ospi_device_1_end__ = .
                0x80020000                        __tz_OSPI_DEVICE_0_S = ORIGIN (OSPI_DEVICE_0)

.OSPI_DEVICE_0  0x80020000        0x0
                0x80020000                        __ospi_device_0_start__ = .
 *(.ospi_device_0*)
 *(.code_in_ospi_device_0*)
                0x80020000                        __ospi_device_0_end__ = .
                0x00000000                        __ospi_device_0_code_size__ = (__ospi_device_0_end__ - __ospi_device_0_start__)
                0x000079b4                        __ospi_device_0_code_addr__ = (sgstubs_pre_location + SIZEOF (.qspi_non_retentive))

.ospi_device_0_non_retentive
                0x80020000        0x0 load address 0x000079b4
                0x80020000                        __ospi_device_0_non_retentive_start__ = .
 *(.ospi_device_0_non_retentive*)
                0x80020000                        __ospi_device_0_non_retentive_end__ = .
                0x00000000                        __ospi_device_0_non_retentive_size__ = (__ospi_device_0_non_retentive_end__ - __ospi_device_0_non_retentive_start__)
                0x08000000                        __ospi_device_0_region_max_size__ = 0x8000000
                0x80020000                        __ospi_device_0_region_start_address__ = __ospi_device_0_start__
                0x88020000                        __ospi_device_0_region_end_address__ = (__ospi_device_0_start__ + __ospi_device_0_region_max_size__)
                0x80020000                        __tz_OSPI_DEVICE_0_N = __ospi_device_0_non_retentive_end__
                0x80030000                        __tz_OSPI_DEVICE_1_S = ORIGIN (OSPI_DEVICE_1)

.OSPI_DEVICE_1  0x80030000        0x0
                0x80030000                        __ospi_device_1_start__ = .
 *(.ospi_device_1*)
 *(.code_in_ospi_device_1*)
                0x80030000                        __ospi_device_1_end__ = .
                0x00000000                        __ospi_device_1_code_size__ = (__ospi_device_1_end__ - __ospi_device_1_start__)
                0x000079b4                        __ospi_device_1_code_addr__ = (sgstubs_pre_location + (SIZEOF (.qspi_non_retentive) + SIZEOF (.ospi_device_0_non_retentive)))

.ospi_device_1_non_retentive
                0x80030000        0x0 load address 0x000079b4
                0x80030000                        __ospi_device_1_non_retentive_start__ = .
 *(.ospi_device_1_non_retentive*)
                0x80030000                        __ospi_device_1_non_retentive_end__ = .
                0x00000000                        __ospi_device_1_non_retentive_size__ = (__ospi_device_1_non_retentive_end__ - __ospi_device_1_non_retentive_start__)
                0x10000000                        __ospi_device_1_region_max_size__ = 0x10000000
                0x80030000                        __ospi_device_1_region_start_address__ = __ospi_device_1_start__
                0x90030000                        __ospi_device_1_region_end_address__ = (__ospi_device_1_start__ + __ospi_device_1_region_max_size__)
                0x80030000                        __tz_OSPI_DEVICE_1_N = __ospi_device_1_non_retentive_end__

.noinit         0x2000007c       0x14
                0x2000007c                        . = ALIGN (0x4)
                0x2000007c                        __noinit_start = .
 *(.noinit*)
 .noinit        0x2000007c       0x14 ./ra/fsp/src/bsp/mcu/all/bsp_clocks.o