Archive member included to satisfy reference by file (symbol)

/home/maldus/Local/renesas/e2_studio/toolchains/gcc_arm/13_2-Rel1/arm-gnu-toolchain-13.2.Rel1-x86_64-arm-none-eabi/bin/../lib/gcc/arm-none-eabi/13.2.1/thumb/v8-m.base/nofp/libgcc.a(_clzsi2.o)
                              ./ra/fsp/src/r_adc/r_adc.o (__clzsi2)
/home/maldus/Local/renesas/e2_studio/toolchains/gcc_arm/13_2-Rel1/arm-gnu-toolchain-13.2.Rel1-x86_64-arm-none-eabi/bin/../lib/gcc/arm-none-eabi/13.2.1/thumb/v8-m.base/nofp/libgcc.a(_aeabi_ldivmod.o)
                              ./ra/fsp/src/r_sci_uart/r_sci_uart.o (__aeabi_ldivmod)
/home/maldus/Local/renesas/e2_studio/toolchains/gcc_arm/13_2-Rel1/arm-gnu-toolchain-13.2.Rel1-x86_64-arm-none-eabi/bin/../lib/gcc/arm-none-eabi/13.2.1/thumb/v8-m.base/nofp/libgcc.a(_aeabi_uldivmod.o)
                              ./src/bsp/pwm.o (__aeabi_uldivmod)
/home/maldus/Local/renesas/e2_studio/toolchains/gcc_arm/13_2-Rel1/arm-gnu-toolchain-13.2.Rel1-x86_64-arm-none-eabi/bin/../lib/gcc/arm-none-eabi/13.2.1/thumb/v8-m.base/nofp/libgcc.a(_muldi3.o)
                              ./src/bsp/pwm.o (__aeabi_lmul)
/home/maldus/Local/renesas/e2_studio/toolchains/gcc_arm/13_2-Rel1/arm-gnu-toolchain-13.2.Rel1-x86_64-arm-none-eabi/bin/../lib/gcc/arm-none-eabi/13.2.1/thumb/v8-m.base/nofp/libgcc.a(_udivmoddi4.o)
                              /home/maldus/Local/renesas/e2_studio/toolchains/gcc_arm/13_2-Rel1/arm-gnu-toolchain-13.2.Rel1-x86_64-arm-none-eabi/bin/../lib/gcc/arm-none-eabi/13.2.1/thumb/v8-m.base/nofp/libgcc.a(_aeabi_uldivmod.o) (__udivmoddi4)
/home/maldus/Local/renesas/e2_studio/toolchains/gcc_arm/13_2-Rel1/arm-gnu-toolchain-13.2.Rel1-x86_64-arm-none-eabi/bin/../lib/gcc/arm-none-eabi/13.2.1/thumb/v8-m.base/nofp/libgcc.a(bpabi.o)
                              /home/maldus/Local/renesas/e2_studio/toolchains/gcc_arm/13_2-Rel1/arm-gnu-toolchain-13.2.Rel1-x86_64-arm-none-eabi/bin/../lib/gcc/arm-none-eabi/13.2.1/thumb/v8-m.base/nofp/libgcc.a(_aeabi_ldivmod.o) (__gnu_ldivmod_helper)
/home/maldus/Local/renesas/e2_studio/toolchains/gcc_arm/13_2-Rel1/arm-gnu-toolchain-13.2.Rel1-x86_64-arm-none-eabi/bin/../lib/gcc/arm-none-eabi/13.2.1/thumb/v8-m.base/nofp/libgcc.a(_dvmd_tls.o)
                              /home/maldus/Local/renesas/e2_studio/toolchains/gcc_arm/13_2-Rel1/arm-gnu-toolchain-13.2.Rel1-x86_64-arm-none-eabi/bin/../lib/gcc/arm-none-eabi/13.2.1/thumb/v8-m.base/nofp/libgcc.a(_aeabi_ldivmod.o) (__aeabi_ldiv0)
/home/maldus/Local/renesas/e2_studio/toolchains/gcc_arm/13_2-Rel1/arm-gnu-toolchain-13.2.Rel1-x86_64-arm-none-eabi/bin/../lib/gcc/arm-none-eabi/13.2.1/thumb/v8-m.base/nofp/libgcc.a(_divdi3.o)
                              /home/maldus/Local/renesas/e2_studio/toolchains/gcc_arm/13_2-Rel1/arm-gnu-toolchain-13.2.Rel1-x86_64-arm-none-eabi/bin/../lib/gcc/arm-none-eabi/13.2.1/thumb/v8-m.base/nofp/libgcc.a(bpabi.o) (__divdi3)
/home/maldus/Local/renesas/e2_studio/toolchains/gcc_arm/13_2-Rel1/arm-gnu-toolchain-13.2.Rel1-x86_64-arm-none-eabi/bin/../lib/gcc/arm-none-eabi/13.2.1/../../../../arm-none-eabi/lib/thumb/v8-m.base/nofp/libg_nano.a(libc_a-exit.o)
                              /home/maldus/Local/renesas/e2_studio/toolchains/gcc_arm/13_2-Rel1/arm-gnu-toolchain-13.2.Rel1-x86_64-arm-none-eabi/bin/../lib/gcc/arm-none-eabi/13.2.1/../../../../arm-none-eabi/lib/thumb/v8-m.base/nofp/crt0.o (exit)
/home/maldus/Local/renesas/e2_studio/toolchains/gcc_arm/13_2-Rel1/arm-gnu-toolchain-13.2.Rel1-x86_64-arm-none-eabi/bin/../lib/gcc/arm-none-eabi/13.2.1/../../../../arm-none-eabi/lib/thumb/v8-m.base/nofp/libg_nano.a(libc_a-init.o)
                              /home/maldus/Local/renesas/e2_studio/toolchains/gcc_arm/13_2-Rel1/arm-gnu-toolchain-13.2.Rel1-x86_64-arm-none-eabi/bin/../lib/gcc/arm-none-eabi/13.2.1/../../../../arm-none-eabi/lib/thumb/v8-m.base/nofp/crt0.o (__libc_init_array)
/home/maldus/Local/renesas/e2_studio/toolchains/gcc_arm/13_2-Rel1/arm-gnu-toolchain-13.2.Rel1-x86_64-arm-none-eabi/bin/../lib/gcc/arm-none-eabi/13.2.1/../../../../arm-none-eabi/lib/thumb/v8-m.base/nofp/libg_nano.a(libc_a-memcpy-stub.o)
                              ./src/bsp/power_off.o (memcpy)
/home/maldus/Local/renesas/e2_studio/toolchains/gcc_arm/13_2-Rel1/arm-gnu-toolchain-13.2.Rel1-x86_64-arm-none-eabi/bin/../lib/gcc/arm-none-eabi/13.2.1/../../../../arm-none-eabi/lib/thumb/v8-m.base/nofp/libg_nano.a(libc_a-malloc.o)
                              ./src/controller/observer.o (free)
/home/maldus/Local/renesas/e2_studio/toolchains/gcc_arm/13_2-Rel1/arm-gnu-toolchain-13.2.Rel1-x86_64-arm-none-eabi/bin/../lib/gcc/arm-none-eabi/13.2.1/../../../../arm-none-eabi/lib/thumb/v8-m.base/nofp/libg_nano.a(libc_a-mallocr.o)
                              /home/maldus/Local/renesas/e2_studio/toolchains/gcc_arm/13_2-Rel1/arm-gnu-toolchain-13.2.Rel1-x86_64-arm-none-eabi/bin/../lib/gcc/arm-none-eabi/13.2.1/../../../../arm-none-eabi/lib/thumb/v8-m.base/nofp/libg_nano.a(libc_a-malloc.o) (_malloc_r)
[...]
Memory Configuration

Name             Origin             Length             Attributes
ITCM             0x00000000         0x00000000         xr
DTCM             0x00000000         0x00000000         xrw
FLASH            0x00000000         0x00040000         xr
RAM              0x20000000         0x00008000         xrw
DATA_FLASH       0x40100000         0x00002000         xr
QSPI_FLASH       0x60000000         0x00000000         xr
OSPI_DEVICE_0    0x80020000         0x00000000         xr
OSPI_DEVICE_1    0x80030000         0x00000000         xr
OSPI_DEVICE_0_RAM 0x80020000         0x00000000         xrw
OSPI_DEVICE_1_RAM 0x80030000         0x00000000         xrw
SDRAM            0x80010000         0x00000000         xrw
OPTION_SETTING   0x00000000         0x00000000         r
OPTION_SETTING_OFS 0x00000000         0x00000018         r
OPTION_SETTING_SAS 0x00000034         0x00000000         r
OPTION_SETTING_S 0x80000000         0x00000000         r
ID_CODE          0x01010018         0x00000020         xr
*default*        0x00000000         0xffffffff

Linker script and memory map

LOAD /home/maldus/Local/renesas/e2_studio/toolchains/gcc_arm/13_2-Rel1/arm-gnu-toolchain-13.2.Rel1-x86_64-arm-none-eabi/bin/../lib/gcc/arm-none-eabi/13.2.1/thumb/v8-m.base/nofp/crti.o
LOAD /home/maldus/Local/renesas/e2_studio/toolchains/gcc_arm/13_2-Rel1/arm-gnu-toolchain-13.2.Rel1-x86_64-arm-none-eabi/bin/../lib/gcc/arm-none-eabi/13.2.1/thumb/v8-m.base/nofp/crtbegin.o
LOAD /home/maldus/Local/renesas/e2_studio/toolchains/gcc_arm/13_2-Rel1/arm-gnu-toolchain-13.2.Rel1-x86_64-arm-none-eabi/bin/../lib/gcc/arm-none-eabi/13.2.1/../../../../arm-none-eabi/lib/thumb/v8-m.base/nofp/crt0.o
START GROUP
LOAD ./src/services/crc16-ccitt.o
LOAD ./src/model/cycle.o
LOAD ./src/model/heating.o
LOAD ./src/model/model.o
LOAD ./src/controller/controller.o
LOAD ./src/controller/observer.o
LOAD ./src/bsp/adc.o
LOAD ./src/bsp/coin_reader.o
LOAD ./src/bsp/digin.o
LOAD ./src/bsp/heartbit.o
LOAD ./src/bsp/power_off.o
LOAD ./src/bsp/pwm.o
LOAD ./src/bsp/relay.o
LOAD ./src/bsp/rs232.o
LOAD ./src/bsp/spi.o
LOAD ./src/bsp/system.o
LOAD ./src/bsp/temperature_humidity_probe.o
LOAD ./src/adapters/modbus_server.o
LOAD ./src/hal_entry.o
LOAD ./ra_gen/common_data.o
LOAD ./ra_gen/hal_data.o
LOAD ./ra_gen/main.o
LOAD ./ra_gen/pin_data.o
LOAD ./ra_gen/vector_data.o
LOAD ./ra/fsp/src/r_sci_uart/r_sci_uart.o
LOAD ./ra/fsp/src/r_ioport/r_ioport.o
LOAD ./ra/fsp/src/r_icu/r_icu.o
LOAD ./ra/fsp/src/r_gpt/r_gpt.o
LOAD ./ra/fsp/src/r_flash_lp/r_flash_lp.o
LOAD ./ra/fsp/src/r_adc/r_adc.o
LOAD ./ra/fsp/src/bsp/mcu/ra2l1/bsp_power.o
LOAD ./ra/fsp/src/bsp/mcu/all/bsp_clocks.o
LOAD ./ra/fsp/src/bsp/mcu/all/bsp_common.o
LOAD ./ra/fsp/src/bsp/mcu/all/bsp_delay.o
LOAD ./ra/fsp/src/bsp/mcu/all/bsp_group_irq.o
LOAD ./ra/fsp/src/bsp/mcu/all/bsp_guard.o
LOAD ./ra/fsp/src/bsp/mcu/all/bsp_io.o
LOAD ./ra/fsp/src/bsp/mcu/all/bsp_irq.o
LOAD ./ra/fsp/src/bsp/mcu/all/bsp_macl.o
LOAD ./ra/fsp/src/bsp/mcu/all/bsp_register_protection.o
LOAD ./ra/fsp/src/bsp/mcu/all/bsp_rom_registers.o
LOAD ./ra/fsp/src/bsp/mcu/all/bsp_sbrk.o
LOAD ./ra/fsp/src/bsp/mcu/all/bsp_sdram.o
LOAD ./ra/fsp/src/bsp/mcu/all/bsp_security.o
LOAD ./ra/fsp/src/bsp/cmsis/Device/RENESAS/Source/startup.o
LOAD ./ra/fsp/src/bsp/cmsis/Device/RENESAS/Source/system.o
LOAD ./libs/c-watcher/src/watcher.o
LOAD ./libs/c-stopwatch/src/stopwatch.o
LOAD ./libs/c-stopwatch/src/stopwatch_timer.o
LOAD ./libs/c-debounce/src/debounce.o
LOAD ./libs/c-debounce/src/keypad.o
LOAD ./libs/c-debounce/src/pulsecounter.o
END GROUP
START GROUP
LOAD /home/maldus/Local/renesas/e2_studio/toolchains/gcc_arm/13_2-Rel1/arm-gnu-toolchain-13.2.Rel1-x86_64-arm-none-eabi/bin/../lib/gcc/arm-none-eabi/13.2.1/thumb/v8-m.base/nofp/libgcc.a
LOAD /home/maldus/Local/renesas/e2_studio/toolchains/gcc_arm/13_2-Rel1/arm-gnu-toolchain-13.2.Rel1-x86_64-arm-none-eabi/bin/../lib/gcc/arm-none-eabi/13.2.1/../../../../arm-none-eabi/lib/thumb/v8-m.base/nofp/libg_nano.a
LOAD /home/maldus/Local/renesas/e2_studio/toolchains/gcc_arm/13_2-Rel1/arm-gnu-toolchain-13.2.Rel1-x86_64-arm-none-eabi/bin/../lib/gcc/arm-none-eabi/13.2.1/../../../../arm-none-eabi/lib/thumb/v8-m.base/nofp/libc_nano.a
END GROUP
START GROUP
LOAD /home/maldus/Local/renesas/e2_studio/toolchains/gcc_arm/13_2-Rel1/arm-gnu-toolchain-13.2.Rel1-x86_64-arm-none-eabi/bin/../lib/gcc/arm-none-eabi/13.2.1/thumb/v8-m.base/nofp/libgcc.a
LOAD /home/maldus/Local/renesas/e2_studio/toolchains/gcc_arm/13_2-Rel1/arm-gnu-toolchain-13.2.Rel1-x86_64-arm-none-eabi/bin/../lib/gcc/arm-none-eabi/13.2.1/../../../../arm-none-eabi/lib/thumb/v8-m.base/nofp/libc_nano.a
END GROUP
LOAD /home/maldus/Local/renesas/e2_studio/toolchains/gcc_arm/13_2-Rel1/arm-gnu-toolchain-13.2.Rel1-x86_64-arm-none-eabi/bin/../lib/gcc/arm-none-eabi/13.2.1/thumb/v8-m.base/nofp/crtend.o
LOAD /home/maldus/Local/renesas/e2_studio/toolchains/gcc_arm/13_2-Rel1/arm-gnu-toolchain-13.2.Rel1-x86_64-arm-none-eabi/bin/../lib/gcc/arm-none-eabi/13.2.1/thumb/v8-m.base/nofp/crtn.o
                0x20000000                        RAM_START = 0x20000000
                0x00008000                        RAM_LENGTH = 0x8000
                0x00000000                        FLASH_START = 0x0
                0x00040000                        FLASH_LENGTH = 0x40000
                0x40100000                        DATA_FLASH_START = 0x40100000
                0x00002000                        DATA_FLASH_LENGTH = 0x2000
                0x00000000                        OPTION_SETTING_START = 0x0
                0x00000000                        OPTION_SETTING_LENGTH = 0x0
                0x80000000                        OPTION_SETTING_S_START = 0x80000000
                0x00000000                        OPTION_SETTING_S_LENGTH = 0x0
                0x01010018                        ID_CODE_START = 0x1010018
                0x00000020                        ID_CODE_LENGTH = 0x20
                0x80010000                        SDRAM_START = 0x80010000
                0x00000000                        SDRAM_LENGTH = 0x0
                0x60000000                        QSPI_FLASH_START = 0x60000000
                0x00000000                        QSPI_FLASH_LENGTH = 0x0
                0x80020000                        OSPI_DEVICE_0_START = 0x80020000
                0x00000000                        OSPI_DEVICE_0_LENGTH = 0x0
                0x80030000                        OSPI_DEVICE_1_START = 0x80030000
                0x00000000                        OSPI_DEVICE_1_LENGTH = 0x0
                0x00000000                        QSPI_FLASH_PRV_LENGTH = DEFINED (QSPI_FLASH_SIZE)?ABSOLUTE (QSPI_FLASH_SIZE):ABSOLUTE (QSPI_FLASH_LENGTH)
                0x00000000                        OSPI_DEVICE_0_PRV_LENGTH = DEFINED (OSPI_DEVICE_0_SIZE)?ABSOLUTE (OSPI_DEVICE_0_SIZE):ABSOLUTE (OSPI_DEVICE_0_LENGTH)
                0x00000000                        OSPI_DEVICE_1_PRV_LENGTH = DEFINED (OSPI_DEVICE_1_SIZE)?ABSOLUTE (OSPI_DEVICE_1_SIZE):ABSOLUTE (OSPI_DEVICE_1_LENGTH)
                0x00000000                        __RESERVE_NS_RAM = ((! (DEFINED (PROJECT_NONSECURE)) && DEFINED (RAM_NS_BUFFER_LENGTH)) && (OPTION_SETTING_S_LENGTH != 0x0))
                0x00000000                        ITCM_START = DEFINED (ITCM_START)?ITCM_START:0x0
                0x00000000                        ITCM_LENGTH = DEFINED (ITCM_LENGTH)?ITCM_LENGTH:0x0
                0x00000000                        DTCM_START = DEFINED (DTCM_START)?DTCM_START:0x0
                0x00000000                        DTCM_LENGTH = DEFINED (DTCM_LENGTH)?DTCM_LENGTH:0x0
                0x00000000                        RAM_NS_BUFFER_BLOCK_LENGTH = DEFINED (RAM_NS_BUFFER_LENGTH)?ALIGN (RAM_NS_BUFFER_LENGTH, 0x2000):0x0
                0x00000000                        RAM_NS_BUFFER_LENGTH = DEFINED (RAM_NS_BUFFER_LENGTH)?RAM_NS_BUFFER_LENGTH:0x0
                0x20008000                        RAM_NS_BUFFER_START = ((RAM_START + RAM_LENGTH) - RAM_NS_BUFFER_LENGTH)
                0x20008000                        RAM_NS_BUFFER_BLOCK_START = ((RAM_START + RAM_LENGTH) - RAM_NS_BUFFER_BLOCK_LENGTH)
                0x00000080                        OPTION_SETTING_START_NS = DEFINED (PROJECT_NONSECURE)?OPTION_SETTING_START:(OPTION_SETTING_START + 0x80)
                0x00000001                        __bl_FSP_BOOTABLE_IMAGE = 0x1
                0x00000001                        __bln_FSP_BOOTABLE_IMAGE = 0x1
                0x00000000                        PROJECT_SECURE_OR_FLAT = (((! (DEFINED (PROJECT_NONSECURE)) || DEFINED (PROJECT_SECURE)) && OPTION_SETTING_LENGTH) && ! (DEFINED (FSP_BOOTABLE_IMAGE)))
                0x00000000                        USE_OPTION_SETTING_NS = (DEFINED (PROJECT_NONSECURE) && ! (DEFINED (FSP_BOOTABLE_IMAGE)))
                0x00000000                        __bl_FLASH_IMAGE_START = ! (DEFINED (FLASH_BOOTLOADER_LENGTH))?0x0:(FLASH_APPLICATION_IMAGE_NUMBER == 0x1)?((FLASH_START + FLASH_BOOTLOADER_LENGTH) + FLASH_BOOTLOADER_HEADER_LENGTH):(DEFINED (BOOTLOADER_SECONDARY_USE_QSPI) || DEFINED (BOOTLOADER_SECONDARY_USE_OSPI_B))?(((FLASH_START + FLASH_BOOTLOADER_LENGTH) + FLASH_BOOTLOADER_SCRATCH_LENGTH) + FLASH_BOOTLOADER_HEADER_LENGTH):((((FLASH_START + FLASH_BOOTLOADER_LENGTH) + FLASH_BOOTLOADER_SCRATCH_LENGTH) + FLASH_APPLICATION_S_LENGTH) + FLASH_BOOTLOADER_HEADER_LENGTH)
                0x00000000                        __bl_FLASH_IMAGE_LENGTH = ! (DEFINED (FLASH_BOOTLOADER_LENGTH))?0x0:(FLASH_APPLICATION_S_LENGTH - FLASH_BOOTLOADER_HEADER_LENGTH)
                0x00000000                        __bl_FLASH_IMAGE_END = (__bl_FLASH_IMAGE_START + __bl_FLASH_IMAGE_LENGTH)
                0x00000000                        __bl_XIP_SECONDARY_FLASH_IMAGE_START = ! (DEFINED (FLASH_BOOTLOADER_LENGTH))?0x0:((FLASH_BOOTLOADER_LENGTH + FLASH_APPLICATION_S_LENGTH) + FLASH_BOOTLOADER_HEADER_LENGTH)
                0x00000000                        __bl_XIP_SECONDARY_FLASH_IMAGE_END = (__bl_XIP_SECONDARY_FLASH_IMAGE_START + __bl_FLASH_IMAGE_LENGTH)
                0x00000000                        __bl_FLASH_NS_START = ! (DEFINED (FLASH_BOOTLOADER_LENGTH))?0x0:(FLASH_APPLICATION_NS_LENGTH == 0x0)?__bl_FLASH_IMAGE_END:((__bl_FLASH_IMAGE_START - FLASH_BOOTLOADER_HEADER_LENGTH) + FLASH_APPLICATION_S_LENGTH)
                0x00000000                        __bl_FLASH_NSC_START = ! (DEFINED (FLASH_BOOTLOADER_LENGTH))?0x0:(FLASH_APPLICATION_NS_LENGTH == 0x0)?__bl_FLASH_IMAGE_END:(__bl_FLASH_IMAGE_END - FLASH_APPLICATION_NSC_LENGTH)
                0x00000000                        __bl_RAM_NS_START = ! (DEFINED (FLASH_BOOTLOADER_LENGTH))?0x0:(FLASH_APPLICATION_NS_LENGTH == 0x0)?(RAM_START + RAM_LENGTH):((RAM_START + RAM_LENGTH) - RAM_APPLICATION_NS_LENGTH)
                0x00000000                        __bl_RAM_NSC_START = ! (DEFINED (FLASH_BOOTLOADER_LENGTH))?0x0:(FLASH_APPLICATION_NS_LENGTH == 0x0)?(RAM_START + RAM_LENGTH):(__bl_RAM_NS_START - RAM_APPLICATION_NSC_LENGTH)
                0x00000000                        __bl_FLASH_NS_IMAGE_START = ! (DEFINED (FLASH_BOOTLOADER_LENGTH))?0x0:(FLASH_APPLICATION_NS_LENGTH == 0x0)?__bl_FLASH_IMAGE_END:(__bl_FLASH_NS_START + FLASH_BOOTLOADER_HEADER_LENGTH_2)
                0x00000000                        __bln_FLASH_IMAGE_START = (__bl_FLASH_NS_IMAGE_START | ! (DEFINED (NS_OFFSET_START))?0x0:NS_OFFSET_START)
                0x00000000                        __bln_FLASH_IMAGE_LENGTH = ! (DEFINED (FLASH_BOOTLOADER_LENGTH))?0x0:(FLASH_APPLICATION_NS_LENGTH == 0x0)?__bl_FLASH_IMAGE_END:(FLASH_APPLICATION_NS_LENGTH - FLASH_BOOTLOADER_HEADER_LENGTH_2)
                0x00000000                        XIP_SECONDARY_SLOT_IMAGE = DEFINED (XIP_SECONDARY_SLOT_IMAGE)?XIP_SECONDARY_SLOT_IMAGE:0x0
                0x00000000                        FLASH_ORIGIN = ! (DEFINED (FLASH_IMAGE_START))?FLASH_START:(XIP_SECONDARY_SLOT_IMAGE == 0x1)?XIP_SECONDARY_FLASH_IMAGE_START:FLASH_IMAGE_START
                0x00040000                        LIMITED_FLASH_LENGTH = DEFINED (FLASH_IMAGE_LENGTH)?FLASH_IMAGE_LENGTH:DEFINED (FLASH_BOOTLOADER_LENGTH)?FLASH_BOOTLOADER_LENGTH:FLASH_LENGTH
                0x00000034                        OPTION_SETTING_SAS_SIZE = 0x34
                0x00000000                        OPTION_SETTING_SAS_LENGTH = ! (DEFINED (OPTION_SETTING_LENGTH))?0x0:(OPTION_SETTING_LENGTH == 0x0)?0x0:(OPTION_SETTING_LENGTH - OPTION_SETTING_SAS_SIZE)
START GROUP
LOAD /home/maldus/Local/renesas/e2_studio/toolchains/gcc_arm/13_2-Rel1/arm-gnu-toolchain-13.2.Rel1-x86_64-arm-none-eabi/bin/../lib/gcc/arm-none-eabi/13.2.1/thumb/v8-m.base/nofp/libgcc.a
LOAD /home/maldus/Local/renesas/e2_studio/toolchains/gcc_arm/13_2-Rel1/arm-gnu-toolchain-13.2.Rel1-x86_64-arm-none-eabi/bin/../lib/gcc/arm-none-eabi/13.2.1/../../../../arm-none-eabi/lib/thumb/v8-m.base/nofp/libc.a
LOAD /home/maldus/Local/renesas/e2_studio/toolchains/gcc_arm/13_2-Rel1/arm-gnu-toolchain-13.2.Rel1-x86_64-arm-none-eabi/bin/../lib/gcc/arm-none-eabi/13.2.1/../../../../arm-none-eabi/lib/thumb/v8-m.base/nofp/libm.a
END GROUP

.text           0x00000000     0x72d8
                0x00000000                        __tz_FLASH_S = ABSOLUTE (FLASH_START)
                0x00000000                        __ROM_Start = .
 *(.fixed_vectors*)
 .fixed_vectors
                0x00000000       0x40 ./ra/fsp/src/bsp/cmsis/Device/RENESAS/Source/startup.o
                0x00000000                __Vectors
 *(.application_vectors*)
 .application_vectors
                0x00000040       0x80 ./ra_gen/vector_data.o
                0x00000040                g_vector_table
                0x000000c0                        __Vectors_End = .
 *(.flash_gap*)
                0x00000400                        . = (OPTION_SETTING_LENGTH > 0x0)?.:(__ROM_Start + 0x400)
 *fill*         0x000000c0      0x340 ff
 *(.rom_registers*)
 .rom_registers
                0x00000400       0x3c ./ra/fsp/src/bsp/mcu/all/bsp_rom_registers.o
 *(.mcuboot_sce9_key*)
 *(.text*)
 .text.deregister_tm_clones
                0x0000043c       0x24 /home/maldus/Local/renesas/e2_studio/toolchains/gcc_arm/13_2-Rel1/arm-gnu-toolchain-13.2.Rel1-x86_64-arm-none-eabi/bin/../lib/gcc/arm-none-eabi/13.2.1/thumb/v8-m.base/nofp/crtbegin.o
 .text.register_tm_clones
                0x00000460       0x2c /home/maldus/Local/renesas/e2_studio/toolchains/gcc_arm/13_2-Rel1/arm-gnu-toolchain-13.2.Rel1-x86_64-arm-none-eabi/bin/../lib/gcc/arm-none-eabi/13.2.1/thumb/v8-m.base/nofp/crtbegin.o
 .text.__do_global_dtors_aux
                0x0000048c       0x30 /home/maldus/Local/renesas/e2_studio/toolchains/gcc_arm/13_2-Rel1/arm-gnu-toolchain-13.2.Rel1-x86_64-arm-none-eabi/bin/../lib/gcc/arm-none-eabi/13.2.1/thumb/v8-m.base/nofp/crtbegin.o
 .text.frame_dummy
                0x000004bc       0x28 /home/maldus/Local/renesas/e2_studio/toolchains/gcc_arm/13_2-Rel1/arm-gnu-toolchain-13.2.Rel1-x86_64-arm-none-eabi/bin/../lib/gcc/arm-none-eabi/13.2.1/thumb/v8-m.base/nofp/crtbegin.o
 .text.crc16_ccitt
                0x000004e4       0x2a ./src/services/crc16-ccitt.o
                0x000004e4                crc16_ccitt
 .text.paused_exit
                0x0000050e       0x14 ./src/model/cycle.o
 .text.fix_timer
                0x00000522       0x26 ./src/model/cycle.o
 .text.paused_entry
                0x00000548       0x62 ./src/model/cycle.o
 .text.start_everything
                0x000005aa       0x50 ./src/model/cycle.o
 .text.should_time_be_running
                0x000005fa       0x20 ./src/model/cycle.o
 .text.paused_event_manager
                0x0000061a       0x64 ./src/model/cycle.o
 .text.prepare_cycle_time
                0x0000067e       0x26 ./src/model/cycle.o
 .text.running_event_manager
                0x000006a4      0x140 ./src/model/cycle.o
 .text.standby_event_manager
                0x000007e4       0xd8 ./src/model/cycle.o
 .text.wait_start_event_manager
                0x000008bc       0x8c ./src/model/cycle.o
 .text.stopped_event_manager
                0x00000948       0x8a ./src/model/cycle.o
 .text.stop_everything
                0x000009d2       0x66 ./src/model/cycle.o
 .text.stopped_entry
                0x00000a38        0x8 ./src/model/cycle.o
 .text.cycle_send_event
                0x00000a40       0x4c ./src/model/cycle.o
                0x00000a40                cycle_send_event
 .text.timer_event_callback
                0x00000a8c       0x10 ./src/model/cycle.o
 .text.cycle_init
                0x00000a9c       0x56 ./src/model/cycle.o
                0x00000a9c                cycle_init
 .text.cycle_change_remaining_time
                0x00000af2       0x44 ./src/model/cycle.o
                0x00000af2                cycle_change_remaining_time
 .text.cycle_cold_start
                0x00000b36       0x18 ./src/model/cycle.o
                0x00000b36                cycle_cold_start
 .text.cycle_check
                0x00000b4e       0x10 ./src/model/cycle.o
                0x00000b4e                cycle_check
 .text.cycle_manage
                0x00000b5e       0x3e ./src/model/cycle.o
                0x00000b5e                cycle_manage
 .text.cycle_set_duration
                0x00000b9c       0x5e ./src/model/cycle.o
                0x00000b9c                cycle_set_duration
 .text.cycle_increase_duration
                0x00000bfa       0x2e ./src/model/cycle.o
                0x00000bfa                cycle_increase_duration
 .text.setpoint_reached_entry
                0x00000c28       0x14 ./src/model/heating.o
 .text.setpoint_reached_event_manager
                0x00000c3c       0x46 ./src/model/heating.o
 .text.on_event_manager
                0x00000c82       0x48 ./src/model/heating.o
 .text.off_event_manager
                0x00000cca       0x3e ./src/model/heating.o
 .text.on_exit  0x00000d08       0x1c ./src/model/heating.o
 .text.on_entry
                0x00000d24       0x1c ./src/model/heating.o
 .text.heating_send_event
                0x00000d40       0x4c ./src/model/heating.o
                0x00000d40                heating_send_event
 .text.heating_init
                0x00000d8c       0x14 ./src/model/heating.o
                0x00000d8c                heating_init
 .text.heating_manage
                0x00000da0       0x3e ./src/model/heating.o
                0x00000da0                heating_manage
 .text.heating_on
                0x00000dde        0xe ./src/model/heating.o
                0x00000dde                heating_on
 .text.heating_off
                0x00000dec        0xe ./src/model/heating.o
                0x00000dec                heating_off
 .text.ptc_temperature_from_adc_value
                0x00000dfa       0x2e ./src/model/model.o
 .text.is_input_active
                0x00000e28       0x1a ./src/model/model.o
 .text.is_payment_present
                0x00000e42       0x20 ./src/model/model.o
 .text.get_pwm_drum_percentage
                0x00000e62       0x3e ./src/model/model.o
 .text.set_drum_timestamp
                0x00000ea0       0x16 ./src/model/model.o
 .text.communication_is_missing
                0x00000eb6       0x18 ./src/model/model.o
 .text.model_init
                0x00000ece       0x48 ./src/model/model.o
                0x00000ece                model_init
 .text.model_is_inverter_alarm_active
                0x00000f16       0x2e ./src/model/model.o
                0x00000f16                model_is_inverter_alarm_active
 .text.model_is_emergency_alarm_active
                0x00000f44       0x2e ./src/model/model.o
                0x00000f44                model_is_emergency_alarm_active
 .text.model_is_filter_alarm_active
                0x00000f72       0x2e ./src/model/model.o
                0x00000f72                model_is_filter_alarm_active
 .text.model_is_porthole_open
                0x00000fa0       0x2e ./src/model/model.o
                0x00000fa0                model_is_porthole_open
 .text.model_get_pressure
                0x00000fce       0x48 ./src/model/model.o
                0x00000fce                model_get_pressure
 .text.model_cycle_resume
                0x00001016       0x10 ./src/model/model.o
                0x00001016                model_cycle_resume
 .text.model_cycle_pause
                0x00001026       0x10 ./src/model/model.o
                0x00001026                model_cycle_pause
 .text.model_cycle_standby
                0x00001036       0x10 ./src/model/model.o
                0x00001036                model_cycle_standby
 .text.model_cycle_stop
                0x00001046       0x10 ./src/model/model.o
                0x00001046                model_cycle_stop
 .text.model_get_step_duration_seconds
                0x00001056       0x32 ./src/model/model.o
                0x00001056                model_get_step_duration_seconds
 .text.model_is_step_endless
                0x00001088       0x38 ./src/model/model.o
                0x00001088                model_is_step_endless
 .text.model_get_cycle_remaining_time
                0x000010c0       0x2a ./src/model/model.o
                0x000010c0                model_get_cycle_remaining_time
 .text.model_is_cycle_on
                0x000010ea       0x32 ./src/model/model.o
                0x000010ea                model_is_cycle_on
 .text.model_get_pwm_drum_percentage
                0x0000111c       0x38 ./src/model/model.o
                0x0000111c                model_get_pwm_drum_percentage
 .text.model_update_sensors
                0x00001154       0xe8 ./src/model/model.o
                0x00001154                model_update_sensors
 .text.model_pwoff_serialize
                0x0000123c      0x160 ./src/model/model.o
                0x0000123c                model_pwoff_serialize
 .text.model_pwoff_deserialize
                0x0000139c      0x194 ./src/model/model.o
                0x0000139c                model_pwoff_deserialize
 .text.model_clear_coins
                0x00001530       0x30 ./src/model/model.o
                0x00001530                model_clear_coins
 .text.model_heating_enabled
                0x00001560       0x2e ./src/model/model.o
                0x00001560                model_heating_enabled
 .text.model_ciclo_continuo
                0x0000158e       0x3c ./src/model/model.o
                0x0000158e                model_ciclo_continuo
 .text.model_get_elapsed_seconds
                0x000015ca       0x5a ./src/model/model.o
                0x000015ca                model_get_elapsed_seconds
 .text.model_get_remaining_seconds
                0x00001624       0x5a ./src/model/model.o
                0x00001624                model_get_remaining_seconds
 .text.model_get_setpoint
                0x0000167e       0x2a ./src/model/model.o
                0x0000167e                model_get_setpoint
 .text.model_get_default_temperature
                0x000016a8       0x6c ./src/model/model.o
                0x000016a8                model_get_default_temperature
 .text.model_add_work_time_ms
                0x00001714       0x34 ./src/model/model.o
                0x00001714                model_add_work_time_ms
 .text.model_add_rotation_time_ms
                0x00001748       0x34 ./src/model/model.o
                0x00001748                model_add_rotation_time_ms
 .text.model_add_ventilation_time_ms
                0x0000177c       0x34 ./src/model/model.o
                0x0000177c                model_add_ventilation_time_ms
 .text.model_add_heating_time_ms
                0x000017b0       0x34 ./src/model/model.o
                0x000017b0                model_add_heating_time_ms
 .text.model_over_safety_temperature
                0x000017e4       0x3a ./src/model/model.o
                0x000017e4                model_over_safety_temperature
 .text.model_drum_forward
                0x0000181e       0x32 ./src/model/model.o
                0x0000181e                model_drum_forward
 .text.model_drum_backward
                0x00001850       0x32 ./src/model/model.o
                0x00001850                model_drum_backward
 .text.model_drum_stop
                0x00001882       0x4e ./src/model/model.o
                0x00001882                model_drum_stop
 .text.model_is_drum_running_forward
                0x000018d0       0x32 ./src/model/model.o
                0x000018d0                model_is_drum_running_forward
 .text.model_is_cycle_active
                0x00001902       0x40 ./src/model/model.o
                0x00001902                model_is_cycle_active
 .text.model_is_fan_on
                0x00001942       0x6a ./src/model/model.o
                0x00001942                model_is_fan_on
 .text.model_get_active_alarms
                0x000019ac      0x10c ./src/model/model.o
                0x000019ac                model_get_active_alarms
 .text.model_fix_alarms
                0x00001ab8       0x60 ./src/model/model.o
                0x00001ab8                model_fix_alarms
 .text.model_clear_alarms
                0x00001b18       0x3a ./src/model/model.o
                0x00001b18                model_clear_alarms
 .text.model_get_relay_map
                0x00001b52      0x114 ./src/model/model.o
                0x00001b52                model_get_relay_map
 .text.get_pwm_fan_percentage
                0x00001c66       0x3c ./src/model/model.o
 .text.model_get_pwm_fan_percentage
                0x00001ca2       0x38 ./src/model/model.o
                0x00001ca2                model_get_pwm_fan_percentage
 .text.model_manage
                0x00001cda      0x1bc ./src/model/model.o
                0x00001cda                model_manage
 .text.model_reset_burner
                0x00001e96       0x3e ./src/model/model.o
                0x00001e96                model_reset_burner
 .text.model_cycle_over
                0x00001ed4       0x5e ./src/model/model.o
                0x00001ed4                model_cycle_over
 .text.model_is_time_held_by_humidity
                0x00001f32       0x20 ./src/model/model.o
                0x00001f32                model_is_time_held_by_humidity
 .text.model_is_time_held_by_temperature
                0x00001f52       0x14 ./src/model/model.o
                0x00001f52                model_is_time_held_by_temperature
 .text.controller_init
                0x00001f66       0x36 ./src/controller/controller.o
                0x00001f66                controller_init
 .text.controller_manage
                0x00001f9c       0xda ./src/controller/controller.o
                0x00001f9c                controller_manage
 .text.controller_power_off
                0x00002076       0x36 ./src/controller/controller.o
                0x00002076                controller_power_off
 .text.update_coin_reader_inhibit
                0x000020ac        0xa ./src/controller/observer.o
 .text.update_alarms
                0x000020b6       0x18 ./src/controller/observer.o
 .text.update_pwm
                0x000020ce       0x1c ./src/controller/observer.o
 .text.refresh_relays
                0x000020ea       0x22 ./src/controller/observer.o
 .text.update_relays
                0x0000210c       0x12 ./src/controller/observer.o
 .text.observer_manage
                0x0000211e       0x3a ./src/controller/observer.o
                0x0000211e                observer_manage
 .text.observer_init
                0x00002158       0xaa ./src/controller/observer.o
                0x00002158                observer_init
 .text.bsp_adc_init
                0x00002202       0x7e ./src/bsp/adc.o
                0x00002202                bsp_adc_init
 .text.bsp_adc_manage
                0x00002280       0xa2 ./src/bsp/adc.o
                0x00002280                bsp_adc_manage
 .text.bsp_adc_get
                0x00002322       0x38 ./src/bsp/adc.o
                0x00002322                bsp_adc_get
 .text.bsp_adc_callback
                0x0000235a        0x2 ./src/bsp/adc.o
                0x0000235a                bsp_adc_callback
 .text.bsp_coin_reader_enable
                0x0000235c       0x2e ./src/bsp/coin_reader.o
                0x0000235c                bsp_coin_reader_enable
 .text.bsp_coin_reader_init
                0x0000238a       0x1a ./src/bsp/coin_reader.o
                0x0000238a                bsp_coin_reader_init
 .text.bsp_coin_reader_manage
                0x000023a4       0x86 ./src/bsp/coin_reader.o
                0x000023a4                bsp_coin_reader_manage
 .text.bsp_coin_reader_read
                0x0000242a       0x1c ./src/bsp/coin_reader.o
                0x0000242a                bsp_coin_reader_read
 .text.bsp_coin_reader_clear
                0x00002446       0x20 ./src/bsp/coin_reader.o
                0x00002446                bsp_coin_reader_clear
 .text.bsp_digin_init
                0x00002466       0x10 ./src/bsp/digin.o
                0x00002466                bsp_digin_init
 .text.bsp_digin_is_ready
                0x00002476       0x14 ./src/bsp/digin.o
                0x00002476                bsp_digin_is_ready
 .text.bsp_digin_manage
                0x0000248a       0xa6 ./src/bsp/digin.o
                0x0000248a                bsp_digin_manage
 .text.bsp_digin_get_bitmap
                0x00002530        0xc ./src/bsp/digin.o
                0x00002530                bsp_digin_get_bitmap
 .text.bsp_heartbit_manage
                0x0000253c       0xac ./src/bsp/heartbit.o
                0x0000253c                bsp_heartbit_manage
 .text.erase_block
                0x000025e8       0x3e ./src/bsp/power_off.o
 .text.find_last_sub_block_index
                0x00002626       0x82 ./src/bsp/power_off.o
 .text.power_off_callback
                0x000026a8       0x1c ./src/bsp/power_off.o
                0x000026a8                power_off_callback
 .text.bsp_power_off_init
                0x000026c4      0x10e ./src/bsp/power_off.o
                0x000026c4                bsp_power_off_init
 .text.bsp_power_off_save
                0x000027d2       0x9a ./src/bsp/power_off.o
                0x000027d2                bsp_power_off_save
 .text.bsp_power_off_load
                0x0000286c       0x4e ./src/bsp/power_off.o
                0x0000286c                bsp_power_off_load
 .text.bsp_pwm_init
                0x000028ba       0x5e ./src/bsp/pwm.o
                0x000028ba                bsp_pwm_init
 .text.bsp_pwm_update
                0x00002918       0x5e ./src/bsp/pwm.o
                0x00002918                bsp_pwm_update
 .text.bsp_relay_update
                0x00002976       0x3a ./src/bsp/relay.o
                0x00002976                bsp_relay_update
 .text.bsp_rs232_init
                0x000029b0       0x16 ./src/bsp/rs232.o
                0x000029b0                bsp_rs232_init
 .text.bsp_rs232_write
                0x000029c6       0x1a ./src/bsp/rs232.o
                0x000029c6                bsp_rs232_write
 .text.bsp_rs232_read
                0x000029e0       0x26 ./src/bsp/rs232.o
                0x000029e0                bsp_rs232_read
 .text.bsp_rs232_flush
                0x00002a06        0xe ./src/bsp/rs232.o
                0x00002a06                bsp_rs232_flush
 .text.rs232_callback
                0x00002a14       0x50 ./src/bsp/rs232.o
                0x00002a14                rs232_callback
 .text.bsp_rs232_timed_out
                0x00002a64       0x1c ./src/bsp/rs232.o
                0x00002a64                bsp_rs232_timed_out
 .text.spi_master_exchange
                0x00002a80       0xb2 ./src/bsp/spi.o
                0x00002a80                spi_master_exchange
 .text.SysTick_Config
                0x00002b32       0x3a ./src/bsp/system.o
 .text.SysTick_Handler
                0x00002b6c       0x10 ./src/bsp/system.o
                0x00002b6c                SysTick_Handler
 .text.bsp_system_init
                0x00002b7c       0x2a ./src/bsp/system.o
                0x00002b7c                bsp_system_init
 .text.bsp_system_get_millis
                0x00002ba6        0xc ./src/bsp/system.o
                0x00002ba6                bsp_system_get_millis
 .text.crc8_ccitt
                0x00002bb2       0x1e ./src/bsp/temperature_humidity_probe.o
 .text.temperature_humidity_probe_read
                0x00002bd0       0xa6 ./src/bsp/temperature_humidity_probe.o
                0x00002bd0                temperature_humidity_probe_read
 .text.modbusMaskWrite
                0x00002c76       0x2c ./src/adapters/modbus_server.o
 .text.modbusIsOk
                0x00002ca2       0x18 ./src/adapters/modbus_server.o
 .text.static_allocator
                0x00002cba       0x28 ./src/adapters/modbus_server.o
 .text.exception_callback
                0x00002ce2        0x4 ./src/adapters/modbus_server.o
 *fill*         0x00002ce6        0x2 ff
 .text.register_callback
                0x00002ce8      0x548 ./src/adapters/modbus_server.o
 .text.modbusBufferInit
                0x00003230       0x12 ./src/adapters/modbus_server.o
                0x00003230                modbusBufferInit
 .text.modbusBufferAllocateADU
                0x00003242       0x32 ./src/adapters/modbus_server.o
                0x00003242                modbusBufferAllocateADU
 .text.modbusBufferFree
                0x00003274        0xc ./src/adapters/modbus_server.o
                0x00003274                modbusBufferFree
 .text.modbusCRC
                0x00003280       0x38 ./src/adapters/modbus_server.o
                0x00003280                modbusCRC
 .text.modbusSlaveInit
                0x000032b8       0x1e ./src/adapters/modbus_server.o
                0x000032b8                modbusSlaveInit
 .text.modbusBuildException
                0x000032d6       0x32 ./src/adapters/modbus_server.o
                0x000032d6                modbusBuildException
 .text.modbusParseRequest01020304
                0x00003308      0x180 ./src/adapters/modbus_server.o
                0x00003308                modbusParseRequest01020304
 .text.modbusParseRequest1516
                0x00003488      0x1b6 ./src/adapters/modbus_server.o
                0x00003488                modbusParseRequest1516
 .text.modbusParseRequest
                0x0000363e       0x32 ./src/adapters/modbus_server.o
                0x0000363e                modbusParseRequest
 .text.modbusParseRequestRTU
                0x00003670       0xd4 ./src/adapters/modbus_server.o
                0x00003670                modbusParseRequestRTU
 .text.modbus_server_init
                0x00003744       0x5e ./src/adapters/modbus_server.o
                0x00003744                modbus_server_init
 .text.modbus_server_manage
                0x000037a2       0x66 ./src/adapters/modbus_server.o
                0x000037a2                modbus_server_manage
 .text.hal_entry
                0x00003808       0x86 ./src/hal_entry.o
                0x00003808                hal_entry
 .text.R_BSP_WarmStart
                0x0000388e       0x2e ./src/hal_entry.o
                0x0000388e                R_BSP_WarmStart
 .text.main     0x000038bc        0xa ./ra_gen/main.o
                0x000038bc                main
 .text.R_SCI_UART_Read
                0x000038c6        0x8 ./ra/fsp/src/r_sci_uart/r_sci_uart.o
                0x000038c6                R_SCI_UART_Read
 *fill*         0x000038ce        0x2 ff
 .text.R_SCI_UART_Write
                0x000038d0       0x50 ./ra/fsp/src/r_sci_uart/r_sci_uart.o
                0x000038d0                R_SCI_UART_Write
 .text.R_SCI_UART_CallbackSet
                0x00003920        0xa ./ra/fsp/src/r_sci_uart/r_sci_uart.o
                0x00003920                R_SCI_UART_CallbackSet
 .text.R_SCI_UART_InfoGet
                0x0000392a        0xc ./ra/fsp/src/r_sci_uart/r_sci_uart.o
                0x0000392a                R_SCI_UART_InfoGet
 .text.R_SCI_UART_Abort
                0x00003936       0x28 ./ra/fsp/src/r_sci_uart/r_sci_uart.o
                0x00003936                R_SCI_UART_Abort
 .text.R_SCI_UART_ReadStop
                0x0000395e        0xc ./ra/fsp/src/r_sci_uart/r_sci_uart.o
                0x0000395e                R_SCI_UART_ReadStop
 .text.r_sci_uart_baud_set
                0x0000396a       0x2a ./ra/fsp/src/r_sci_uart/r_sci_uart.o
 .text.r_sci_uart_config_set
                0x00003994       0x98 ./ra/fsp/src/r_sci_uart/r_sci_uart.o
 .text.R_SCI_UART_BaudSet
                0x00003a2c       0x24 ./ra/fsp/src/r_sci_uart/r_sci_uart.o
                0x00003a2c                R_SCI_UART_BaudSet
 .text.r_sci_uart_call_callback
                0x00003a50       0x4c ./ra/fsp/src/r_sci_uart/r_sci_uart.o
 .text.R_SCI_UART_Close
                0x00003a9c       0x60 ./ra/fsp/src/r_sci_uart/r_sci_uart.o
                0x00003a9c                R_SCI_UART_Close
 .text.r_sci_irq_cfg
                0x00003afc       0x20 ./ra/fsp/src/r_sci_uart/r_sci_uart.o
 .text.r_sci_irqs_cfg
                0x00003b1c       0x36 ./ra/fsp/src/r_sci_uart/r_sci_uart.o
 .text.R_SCI_UART_Open
                0x00003b52      0x100 ./ra/fsp/src/r_sci_uart/r_sci_uart.o
                0x00003b52                R_SCI_UART_Open
 *fill*         0x00003c52        0x2 ff
 .text.sci_uart_txi_isr
                0x00003c54       0x8c ./ra/fsp/src/r_sci_uart/r_sci_uart.o
                0x00003c54                sci_uart_txi_isr
 .text.sci_uart_rxi_isr
                0x00003ce0       0x8c ./ra/fsp/src/r_sci_uart/r_sci_uart.o
                0x00003ce0                sci_uart_rxi_isr
 .text.sci_uart_tei_isr
                0x00003d6c       0x38 ./ra/fsp/src/r_sci_uart/r_sci_uart.o
                0x00003d6c                sci_uart_tei_isr
 .text.sci_uart_eri_isr
                0x00003da4       0x66 ./ra/fsp/src/r_sci_uart/r_sci_uart.o
                0x00003da4                sci_uart_eri_isr
 .text.R_BSP_PinAccessEnable
                0x00003e0a       0x3a ./ra/fsp/src/r_ioport/r_ioport.o
 .text.R_BSP_PinAccessDisable
                0x00003e44       0x46 ./ra/fsp/src/r_ioport/r_ioport.o
 .text.R_IOPORT_Close
                0x00003e8a        0x8 ./ra/fsp/src/r_ioport/r_ioport.o
                0x00003e8a                R_IOPORT_Close
 .text.R_IOPORT_PinRead
                0x00003e92       0x22 ./ra/fsp/src/r_ioport/r_ioport.o
                0x00003e92                R_IOPORT_PinRead
 .text.R_IOPORT_PortRead
                0x00003eb4       0x16 ./ra/fsp/src/r_ioport/r_ioport.o
                0x00003eb4                R_IOPORT_PortRead
 .text.R_IOPORT_PortWrite
                0x00003eca       0x22 ./ra/fsp/src/r_ioport/r_ioport.o
                0x00003eca                R_IOPORT_PortWrite
 .text.R_IOPORT_PinWrite
                0x00003eec       0x2c ./ra/fsp/src/r_ioport/r_ioport.o
                0x00003eec                R_IOPORT_PinWrite
 .text.R_IOPORT_PortDirectionSet
                0x00003f18       0x24 ./ra/fsp/src/r_ioport/r_ioport.o
                0x00003f18                R_IOPORT_PortDirectionSet
 .text.R_IOPORT_PortEventInputRead
                0x00003f3c       0x18 ./ra/fsp/src/r_ioport/r_ioport.o
                0x00003f3c                R_IOPORT_PortEventInputRead
 .text.R_IOPORT_PinEventInputRead
                0x00003f54       0x30 ./ra/fsp/src/r_ioport/r_ioport.o
                0x00003f54                R_IOPORT_PinEventInputRead
 .text.R_IOPORT_PortEventOutputWrite
                0x00003f84       0x22 ./ra/fsp/src/r_ioport/r_ioport.o
                0x00003f84                R_IOPORT_PortEventOutputWrite
 .text.r_ioport_hw_pin_event_output_data_write
                0x00003fa6       0x2a ./ra/fsp/src/r_ioport/r_ioport.o
 .text.R_IOPORT_PinEventOutputWrite
                0x00003fd0       0x12 ./ra/fsp/src/r_ioport/r_ioport.o
                0x00003fd0                R_IOPORT_PinEventOutputWrite
 *fill*         0x00003fe2        0x2 ff
 .text.r_ioport_pfs_write
                0x00003fe4       0x44 ./ra/fsp/src/r_ioport/r_ioport.o
 .text.r_ioport_pins_config
                0x00004028       0x2a ./ra/fsp/src/r_ioport/r_ioport.o
 .text.R_IOPORT_Open
                0x00004052       0x16 ./ra/fsp/src/r_ioport/r_ioport.o
                0x00004052                R_IOPORT_Open
 .text.R_IOPORT_PinsCfg
                0x00004068        0xc ./ra/fsp/src/r_ioport/r_ioport.o
                0x00004068                R_IOPORT_PinsCfg
 .text.R_IOPORT_PinCfg
                0x00004074       0x1a ./ra/fsp/src/r_ioport/r_ioport.o
                0x00004074                R_IOPORT_PinCfg
 .text.R_ICU_ExternalIrqOpen
                0x0000408e       0x68 ./ra/fsp/src/r_icu/r_icu.o
                0x0000408e                R_ICU_ExternalIrqOpen
 .text.R_ICU_ExternalIrqEnable
                0x000040f6        0xe ./ra/fsp/src/r_icu/r_icu.o
                0x000040f6                R_ICU_ExternalIrqEnable
 .text.r_icu_isr
                0x00004104       0x60 ./ra/fsp/src/r_icu/r_icu.o
                0x00004104                r_icu_isr
 .text.R_GPT_Start
                0x00004164        0xa ./ra/fsp/src/r_gpt/r_gpt.o
                0x00004164                R_GPT_Start
 .text.gpt_common_open
                0x0000416e       0x2e ./ra/fsp/src/r_gpt/r_gpt.o
 .text.gpt_hardware_events_disable
                0x0000419c       0x1c ./ra/fsp/src/r_gpt/r_gpt.o
 .text.gpt_calculate_duty_cycle
                0x000041b8       0x64 ./ra/fsp/src/r_gpt/r_gpt.o
 .text.R_GPT_DutyCycleSet
                0x0000421c       0xbc ./ra/fsp/src/r_gpt/r_gpt.o
                0x0000421c                R_GPT_DutyCycleSet
 .text.gpt_clock_frequency_get
                0x000042d8       0x34 ./ra/fsp/src/r_gpt/r_gpt.o
 .text.R_GPT_InfoGet
                0x0000430c       0x1a ./ra/fsp/src/r_gpt/r_gpt.o
                0x0000430c                R_GPT_InfoGet
 .text.gpt_gtior_calculate
                0x00004326       0x2a ./ra/fsp/src/r_gpt/r_gpt.o
 .text.r_gpt_init_compare_match_channel
                0x00004350       0x26 ./ra/fsp/src/r_gpt/r_gpt.o
 .text.r_gpt_enable_irq
                0x00004376        0xe ./ra/fsp/src/r_gpt/r_gpt.o
 .text.gpt_hardware_initialize
                0x00004384      0x1ac ./ra/fsp/src/r_gpt/r_gpt.o
 .text.R_GPT_Open
                0x00004530       0x28 ./ra/fsp/src/r_gpt/r_gpt.o
                0x00004530                R_GPT_Open
 .text.r_flash_lp_init
                0x00004558       0xb4 ./ra/fsp/src/r_flash_lp/r_flash_lp.o
 .text.r_flash_lp_df_write_operation
                0x0000460c       0x30 ./ra/fsp/src/r_flash_lp/r_flash_lp.o
 .text.r_flash_lp_process_command
                0x0000463c       0x3a ./ra/fsp/src/r_flash_lp/r_flash_lp.o
 .text.r_flash_lp_delay_us
                0x00004676       0x10 ./ra/fsp/src/r_flash_lp/r_flash_lp.o
 .text.r_flash_lp_setup
                0x00004686       0xa4 ./ra/fsp/src/r_flash_lp/r_flash_lp.o
 .text.r_flash_lp_write_fpmcr
                0x0000472a       0x2a ./ra/fsp/src/r_flash_lp/r_flash_lp.o
 .text.r_flash_lp_df_enter_pe_mode
                0x00004754       0x30 ./ra/fsp/src/r_flash_lp/r_flash_lp.o
 .text.r_flash_lp_pe_mode_exit
                0x00004784       0x58 ./ra/fsp/src/r_flash_lp/r_flash_lp.o
 .text.r_flash_lp_reset
                0x000047dc       0x3e ./ra/fsp/src/r_flash_lp/r_flash_lp.o
 .text.r_flash_lp_command_finish
                0x0000481a       0x6a ./ra/fsp/src/r_flash_lp/r_flash_lp.o
 .text.r_flash_lp_wait_for_ready
                0x00004884       0x40 ./ra/fsp/src/r_flash_lp/r_flash_lp.o
 .text.r_flash_lp_df_write_monitor
                0x000048c4       0x30 ./ra/fsp/src/r_flash_lp/r_flash_lp.o
 .text.r_flash_lp_df_write
                0x000048f4       0x40 ./ra/fsp/src/r_flash_lp/r_flash_lp.o
 .text.R_FLASH_LP_Write
                0x00004934        0xe ./ra/fsp/src/r_flash_lp/r_flash_lp.o
                0x00004934                R_FLASH_LP_Write
 .text.r_flash_lp_df_erase
                0x00004942       0x4c ./ra/fsp/src/r_flash_lp/r_flash_lp.o
 .text.R_FLASH_LP_Erase
                0x0000498e       0x16 ./ra/fsp/src/r_flash_lp/r_flash_lp.o
                0x0000498e                R_FLASH_LP_Erase
 .text.r_flash_lp_set_fisr
                0x000049a4       0x54 ./ra/fsp/src/r_flash_lp/r_flash_lp.o
 .text.R_FLASH_LP_Open
                0x000049f8       0x2a ./ra/fsp/src/r_flash_lp/r_flash_lp.o
                0x000049f8                R_FLASH_LP_Open
 .text.R_ADC_ScanStart
                0x00004a22        0xa ./ra/fsp/src/r_adc/r_adc.o
                0x00004a22                R_ADC_ScanStart
 .text.R_ADC_Read
                0x00004a2c        0xe ./ra/fsp/src/r_adc/r_adc.o
                0x00004a2c                R_ADC_Read
 .text.r_adc_sensor_sample_state_calculation
                0x00004a3a       0x48 ./ra/fsp/src/r_adc/r_adc.o
 .text.r_adc_sensor_cfg
                0x00004a82       0x6c ./ra/fsp/src/r_adc/r_adc.o
 .text.r_adc_call_callback
                0x00004aee       0x3a ./ra/fsp/src/r_adc/r_adc.o
 .text.r_adc_open_sub
                0x00004b28       0xfc ./ra/fsp/src/r_adc/r_adc.o
 .text.r_adc_irq_enable
                0x00004c24        0xe ./ra/fsp/src/r_adc/r_adc.o
 .text.R_ADC_Open
                0x00004c32       0x6a ./ra/fsp/src/r_adc/r_adc.o
                0x00004c32                R_ADC_Open
 .text.r_adc_scan_cfg
                0x00004c9c      0x188 ./ra/fsp/src/r_adc/r_adc.o
 .text.R_ADC_ScanCfg
                0x00004e24       0x12 ./ra/fsp/src/r_adc/r_adc.o
                0x00004e24                R_ADC_ScanCfg
 .text.r_adc_scan_end_common_isr
                0x00004e36       0x52 ./ra/fsp/src/r_adc/r_adc.o
 .text.adc_scan_end_isr
                0x00004e88        0xa ./ra/fsp/src/r_adc/r_adc.o
                0x00004e88                adc_scan_end_isr
 .text.bsp_prv_operating_mode_opccr_set
                0x00004e92       0x5c ./ra/fsp/src/bsp/mcu/all/bsp_clocks.o
 .text.bsp_prv_sosc_init
                0x00004eee       0x12 ./ra/fsp/src/bsp/mcu/all/bsp_clocks.o
 .text.SystemCoreClockUpdate
                0x00004f00       0x2e ./ra/fsp/src/bsp/mcu/all/bsp_clocks.o
                0x00004f00                SystemCoreClockUpdate
 .text.bsp_clock_freq_var_init
                0x00004f2e       0x38 ./ra/fsp/src/bsp/mcu/all/bsp_clocks.o
 .text.bsp_prv_clock_set_hard_reset
                0x00004f66       0x20 ./ra/fsp/src/bsp/mcu/all/bsp_clocks.o
 *fill*         0x00004f86        0x2 ff
 .text.bsp_clock_init
                0x00004f88       0x80 ./ra/fsp/src/bsp/mcu/all/bsp_clocks.o
                0x00004f88                bsp_clock_init
 .text.R_BSP_Init_RTC
                0x00005008       0x10 ./ra/fsp/src/bsp/mcu/all/bsp_clocks.o
                0x00005008                R_BSP_Init_RTC
 .text.bsp_init_internal
                0x00005018        0x2 ./ra/fsp/src/bsp/mcu/all/bsp_common.o
                0x00005018                bsp_init
                0x00005018                bsp_init_internal
 .text.__assert_func
                0x0000501a        0x4 ./ra/fsp/src/bsp/mcu/all/bsp_common.o
                0x0000501a                __assert_func
 .text.bsp_prv_software_delay_loop
                0x0000501e        0x8 ./ra/fsp/src/bsp/mcu/all/bsp_delay.o
                0x0000501e                bsp_prv_software_delay_loop
 .text.R_BSP_SoftwareDelay
                0x00005026       0x56 ./ra/fsp/src/bsp/mcu/all/bsp_delay.o
                0x00005026                R_BSP_SoftwareDelay
 .text.bsp_group_irq_call
                0x0000507c       0x14 ./ra/fsp/src/bsp/mcu/all/bsp_group_irq.o
 .text.NMI_Handler
                0x00005090       0x44 ./ra/fsp/src/bsp/mcu/all/bsp_group_irq.o
                0x00005090                NMI_Handler
 .text.R_BSP_IrqStatusClear
                0x000050d4       0x1c ./ra/fsp/src/bsp/mcu/all/bsp_irq.o
                0x000050d4                R_BSP_IrqStatusClear
 .text.R_BSP_IrqClearPending
                0x000050f0       0x26 ./ra/fsp/src/bsp/mcu/all/bsp_irq.o
                0x000050f0                R_BSP_IrqClearPending
 .text.R_BSP_IrqCfg
                0x00005116       0x44 ./ra/fsp/src/bsp/mcu/all/bsp_irq.o
                0x00005116                R_BSP_IrqCfg
 .text.R_BSP_IrqEnableNoClear
                0x0000515a       0x18 ./ra/fsp/src/bsp/mcu/all/bsp_irq.o
                0x0000515a                R_BSP_IrqEnableNoClear
 .text.R_BSP_IrqEnable
                0x00005172       0x10 ./ra/fsp/src/bsp/mcu/all/bsp_irq.o
                0x00005172                R_BSP_IrqEnable
 .text.R_BSP_IrqDisable
                0x00005182       0x22 ./ra/fsp/src/bsp/mcu/all/bsp_irq.o
                0x00005182                R_BSP_IrqDisable
 .text.R_BSP_IrqCfgEnable
                0x000051a4       0x10 ./ra/fsp/src/bsp/mcu/all/bsp_irq.o
                0x000051a4                R_BSP_IrqCfgEnable
 .text.bsp_irq_cfg
                0x000051b4       0x2c ./ra/fsp/src/bsp/mcu/all/bsp_irq.o
                0x000051b4                bsp_irq_cfg
 .text.R_BSP_RegisterProtectEnable
                0x000051e0       0x70 ./ra/fsp/src/bsp/mcu/all/bsp_register_protection.o
                0x000051e0                R_BSP_RegisterProtectEnable
 .text.R_BSP_RegisterProtectDisable
                0x00005250       0x5c ./ra/fsp/src/bsp/mcu/all/bsp_register_protection.o
                0x00005250                R_BSP_RegisterProtectDisable
 .text._sbrk    0x000052ac       0x5c ./ra/fsp/src/bsp/mcu/all/bsp_sbrk.o
                0x000052ac                _sbrk
 .text.Default_Handler
                0x00005308        0x4 ./ra/fsp/src/bsp/cmsis/Device/RENESAS/Source/startup.o
                0x00005308                DebugMon_Handler
                0x00005308                HardFault_Handler
                0x00005308                PendSV_Handler
                0x00005308                UsageFault_Handler
                0x00005308                SecureFault_Handler
                0x00005308                Default_Handler
                0x00005308                MemManage_Handler
                0x00005308                SVC_Handler
                0x00005308                BusFault_Handler
 .text.Reset_Handler
                0x0000530c        0xc ./ra/fsp/src/bsp/cmsis/Device/RENESAS/Source/startup.o
                0x0000530c                Reset_Handler
 .text.bsp_reset_trng_circuit
                0x00005318       0x7c ./ra/fsp/src/bsp/cmsis/Device/RENESAS/Source/system.o
 .text.SystemInit
                0x00005394       0xdc ./ra/fsp/src/bsp/cmsis/Device/RENESAS/Source/system.o
                0x00005394                SystemInit
 .text.add_callback
                0x00005470       0x76 ./libs/c-watcher/src/watcher.o
 .text.add_arg  0x000054e6       0x76 ./libs/c-watcher/src/watcher.o
 .text.debouncer_callback
                0x0000555c       0x12 ./libs/c-watcher/src/watcher.o
 .text.is_debounced
                0x0000556e       0x20 ./libs/c-watcher/src/watcher.o
 .text.trigger_debouncer_entry
                0x0000558e       0x3a ./libs/c-watcher/src/watcher.o
 .text.add_entry_static
                0x000055c8      0x25e ./libs/c-watcher/src/watcher.o
 .text.watcher_init
                0x00005826       0x36 ./libs/c-watcher/src/watcher.o
                0x00005826                watcher_init
 .text.watcher_add_entry
                0x0000585c       0x3c ./libs/c-watcher/src/watcher.o
                0x0000585c                watcher_add_entry
 .text.watcher_trigger_entry
                0x00005898       0x92 ./libs/c-watcher/src/watcher.o
                0x00005898                watcher_trigger_entry
 .text.watcher_watch
                0x0000592a       0xe2 ./libs/c-watcher/src/watcher.o
                0x0000592a                watcher_watch
 .text.stopwatch_init
                0x00005a0c        0xe ./libs/c-stopwatch/src/stopwatch.o
                0x00005a0c                stopwatch_init
 .text.stopwatch_resume
                0x00005a1a        0xc ./libs/c-stopwatch/src/stopwatch.o
                0x00005a1a                stopwatch_resume
 .text.stopwatch_pause
                0x00005a26       0x1a ./libs/c-stopwatch/src/stopwatch.o
                0x00005a26                stopwatch_pause
 .text.stopwatch_reset
                0x00005a40        0x8 ./libs/c-stopwatch/src/stopwatch.o
                0x00005a40                stopwatch_reset
 .text.stopwatch_set
                0x00005a48        0x4 ./libs/c-stopwatch/src/stopwatch.o
                0x00005a48                stopwatch_set
 .text.stopwatch_is_paused
                0x00005a4c        0x4 ./libs/c-stopwatch/src/stopwatch.o
                0x00005a4c                stopwatch_is_paused
 .text.stopwatch_get_elapsed
                0x00005a50       0x18 ./libs/c-stopwatch/src/stopwatch.o
                0x00005a50                stopwatch_get_elapsed
 .text.stopwatch_get_remaining
                0x00005a68       0x16 ./libs/c-stopwatch/src/stopwatch.o
                0x00005a68                stopwatch_get_remaining
 .text.stopwatch_get_total_time
                0x00005a7e        0x4 ./libs/c-stopwatch/src/stopwatch.o
                0x00005a7e                stopwatch_get_total_time
 .text.stopwatch_is_done
                0x00005a82       0x2e ./libs/c-stopwatch/src/stopwatch.o
                0x00005a82                stopwatch_is_done
 .text.stopwatch_timer_init
                0x00005ab0       0x28 ./libs/c-stopwatch/src/stopwatch_timer.o
                0x00005ab0                stopwatch_timer_init
 .text.stopwatch_timer_set_period
                0x00005ad8        0x8 ./libs/c-stopwatch/src/stopwatch_timer.o
                0x00005ad8                stopwatch_timer_set_period
 .text.stopwatch_timer_set_autoreload
                0x00005ae0       0x12 ./libs/c-stopwatch/src/stopwatch_timer.o
                0x00005ae0                stopwatch_timer_set_autoreload
 .text.stopwatch_timer_resume
                0x00005af2        0x8 ./libs/c-stopwatch/src/stopwatch_timer.o
                0x00005af2                stopwatch_timer_resume
 .text.stopwatch_timer_reset
                0x00005afa       0x10 ./libs/c-stopwatch/src/stopwatch_timer.o
                0x00005afa                stopwatch_timer_reset
 .text.stopwatch_timer_pause
                0x00005b0a        0x8 ./libs/c-stopwatch/src/stopwatch_timer.o
                0x00005b0a                stopwatch_timer_pause
 .text.stopwatch_timer_manage
                0x00005b12       0x52 ./libs/c-stopwatch/src/stopwatch_timer.o
                0x00005b12                stopwatch_timer_manage
 .text.debounce_filter_init
                0x00005b64       0x1a ./libs/c-debounce/src/debounce.o
                0x00005b64                debounce_filter_init
 .text.debounce_filter_single
                0x00005b7e       0x68 ./libs/c-debounce/src/debounce.o
                0x00005b7e                debounce_filter_single
 .text.debounce_filter
                0x00005be6       0x34 ./libs/c-debounce/src/debounce.o
                0x00005be6                debounce_filter
 .text.pulse_filter_init
                0x00005c1a       0x1e ./libs/c-debounce/src/pulsecounter.o
                0x00005c1a                pulse_filter_init
 .text.pulse_filter
                0x00005c38       0xb6 ./libs/c-debounce/src/pulsecounter.o
                0x00005c38                pulse_filter
 *fill*         0x00005cee        0x2 ff
 .text          0x00005cf0       0x3c /home/maldus/Local/renesas/e2_studio/toolchains/gcc_arm/13_2-Rel1/arm-gnu-toolchain-13.2.Rel1-x86_64-arm-none-eabi/bin/../lib/gcc/arm-none-eabi/13.2.1/thumb/v8-m.base/nofp/libgcc.a(_clzsi2.o)
                0x00005cf0                __clzsi2
 .text          0x00005d2c       0x40 /home/maldus/Local/renesas/e2_studio/toolchains/gcc_arm/13_2-Rel1/arm-gnu-toolchain-13.2.Rel1-x86_64-arm-none-eabi/bin/../lib/gcc/arm-none-eabi/13.2.1/thumb/v8-m.base/nofp/libgcc.a(_aeabi_uldivmod.o)
                0x00005d2c                __aeabi_uldivmod
 .text.__muldi3
                0x00005d6c       0x5c /home/maldus/Local/renesas/e2_studio/toolchains/gcc_arm/13_2-Rel1/arm-gnu-toolchain-13.2.Rel1-x86_64-arm-none-eabi/bin/../lib/gcc/arm-none-eabi/13.2.1/thumb/v8-m.base/nofp/libgcc.a(_muldi3.o)
                0x00005d6c                __aeabi_lmul
                0x00005d6c                __muldi3
 .text.__udivmoddi4
                0x00005dc8      0x390 /home/maldus/Local/renesas/e2_studio/toolchains/gcc_arm/13_2-Rel1/arm-gnu-toolchain-13.2.Rel1-x86_64-arm-none-eabi/bin/../lib/gcc/arm-none-eabi/13.2.1/thumb/v8-m.base/nofp/libgcc.a(_udivmoddi4.o)
                0x00005dc8                __udivmoddi4
 .text          0x00006158        0x4 /home/maldus/Local/renesas/e2_studio/toolchains/gcc_arm/13_2-Rel1/arm-gnu-toolchain-13.2.Rel1-x86_64-arm-none-eabi/bin/../lib/gcc/arm-none-eabi/13.2.1/thumb/v8-m.base/nofp/libgcc.a(_dvmd_tls.o)
                0x00006158                __aeabi_ldiv0
                0x00006158                __aeabi_idiv0
 .text.memcpy   0x0000615c       0x12 /home/maldus/Local/renesas/e2_studio/toolchains/gcc_arm/13_2-Rel1/arm-gnu-toolchain-13.2.Rel1-x86_64-arm-none-eabi/bin/../lib/gcc/arm-none-eabi/13.2.1/../../../../arm-none-eabi/lib/thumb/v8-m.base/nofp/libg_nano.a(libc_a-memcpy-stub.o)
                0x0000615c                memcpy
 *fill*         0x0000616e        0x2 ff
 .text.free     0x00006170       0x14 /home/maldus/Local/renesas/e2_studio/toolchains/gcc_arm/13_2-Rel1/arm-gnu-toolchain-13.2.Rel1-x86_64-arm-none-eabi/bin/../lib/gcc/arm-none-eabi/13.2.1/../../../../arm-none-eabi/lib/thumb/v8-m.base/nofp/libg_nano.a(libc_a-malloc.o)
                0x00006170                free
 .text.sbrk_aligned
                0x00006184       0x44 /home/maldus/Local/renesas/e2_studio/toolchains/gcc_arm/13_2-Rel1/arm-gnu-toolchain-13.2.Rel1-x86_64-arm-none-eabi/bin/../lib/gcc/arm-none-eabi/13.2.1/../../../../arm-none-eabi/lib/thumb/v8-m.base/nofp/libg_nano.a(libc_a-mallocr.o)
 .text._malloc_r
                0x000061c8      0x100 /home/maldus/Local/renesas/e2_studio/toolchains/gcc_arm/13_2-Rel1/arm-gnu-toolchain-13.2.Rel1-x86_64-arm-none-eabi/bin/../lib/gcc/arm-none-eabi/13.2.1/../../../../arm-none-eabi/lib/thumb/v8-m.base/nofp/libg_nano.a(libc_a-mallocr.o)
                0x000061c8                _malloc_r
 .text.__malloc_lock
                0x000062c8       0x10 /home/maldus/Local/renesas/e2_studio/toolchains/gcc_arm/13_2-Rel1/arm-gnu-toolchain-13.2.Rel1-x86_64-arm-none-eabi/bin/../lib/gcc/arm-none-eabi/13.2.1/../../../../arm-none-eabi/lib/thumb/v8-m.base/nofp/libg_nano.a(libc_a-mlock.o)
                0x000062c8                __malloc_lock
 .text.__malloc_unlock
                0x000062d8       0x10 /home/maldus/Local/renesas/e2_studio/toolchains/gcc_arm/13_2-Rel1/arm-gnu-toolchain-13.2.Rel1-x86_64-arm-none-eabi/bin/../lib/gcc/arm-none-eabi/13.2.1/../../../../arm-none-eabi/lib/thumb/v8-m.base/nofp/libg_nano.a(libc_a-mlock.o)
                0x000062d8                __malloc_unlock
 .text.realloc  0x000062e8       0x14 /home/maldus/Local/renesas/e2_studio/toolchains/gcc_arm/13_2-Rel1/arm-gnu-toolchain-13.2.Rel1-x86_64-arm-none-eabi/bin/../lib/gcc/arm-none-eabi/13.2.1/../../../../arm-none-eabi/lib/thumb/v8-m.base/nofp/libg_nano.a(libc_a-realloc.o)
                0x000062e8                realloc
 .text._sbrk_r  0x000062fc       0x20 /home/maldus/Local/renesas/e2_studio/toolchains/gcc_arm/13_2-Rel1/arm-gnu-toolchain-13.2.Rel1-x86_64-arm-none-eabi/bin/../lib/gcc/arm-none-eabi/13.2.1/../../../../arm-none-eabi/lib/thumb/v8-m.base/nofp/libg_nano.a(libc_a-sbrkr.o)
                0x000062fc                _sbrk_r
 .text.__errno  0x0000631c        0xc /home/maldus/Local/renesas/e2_studio/toolchains/gcc_arm/13_2-Rel1/arm-gnu-toolchain-13.2.Rel1-x86_64-arm-none-eabi/bin/../lib/gcc/arm-none-eabi/13.2.1/../../../../arm-none-eabi/lib/thumb/v8-m.base/nofp/libg_nano.a(libc_a-errno.o)
                0x0000631c                __errno
 .text.memcmp   0x00006328       0x1c /home/maldus/Local/renesas/e2_studio/toolchains/gcc_arm/13_2-Rel1/arm-gnu-toolchain-13.2.Rel1-x86_64-arm-none-eabi/bin/../lib/gcc/arm-none-eabi/13.2.1/../../../../arm-none-eabi/lib/thumb/v8-m.base/nofp/libg_nano.a(libc_a-memcmp.o)
                0x00006328                memcmp
 .text.memset   0x00006344       0x10 /home/maldus/Local/renesas/e2_studio/toolchains/gcc_arm/13_2-Rel1/arm-gnu-toolchain-13.2.Rel1-x86_64-arm-none-eabi/bin/../lib/gcc/arm-none-eabi/13.2.1/../../../../arm-none-eabi/lib/thumb/v8-m.base/nofp/libg_nano.a(libc_a-memset.o)
                0x00006344                memset
 .text._realloc_r
                0x00006354       0x5a /home/maldus/Local/renesas/e2_studio/toolchains/gcc_arm/13_2-Rel1/arm-gnu-toolchain-13.2.Rel1-x86_64-arm-none-eabi/bin/../lib/gcc/arm-none-eabi/13.2.1/../../../../arm-none-eabi/lib/thumb/v8-m.base/nofp/libg_nano.a(libc_a-reallocr.o)
                0x00006354                _realloc_r
 *fill*         0x000063ae        0x2 ff
 .text._free_r  0x000063b0       0x90 /home/maldus/Local/renesas/e2_studio/toolchains/gcc_arm/13_2-Rel1/arm-gnu-toolchain-13.2.Rel1-x86_64-arm-none-eabi/bin/../lib/gcc/arm-none-eabi/13.2.1/../../../../arm-none-eabi/lib/thumb/v8-m.base/nofp/libg_nano.a(libc_a-freer.o)
                0x000063b0                _free_r
 .text.__retarget_lock_acquire_recursive
                0x00006440        0x2 /home/maldus/Local/renesas/e2_studio/toolchains/gcc_arm/13_2-Rel1/arm-gnu-toolchain-13.2.Rel1-x86_64-arm-none-eabi/bin/../lib/gcc/arm-none-eabi/13.2.1/../../../../arm-none-eabi/lib/thumb/v8-m.base/nofp/libg_nano.a(libc_a-lock.o)
                0x00006440                __retarget_lock_acquire_recursive
 .text.__retarget_lock_release_recursive
                0x00006442        0x2 /home/maldus/Local/renesas/e2_studio/toolchains/gcc_arm/13_2-Rel1/arm-gnu-toolchain-13.2.Rel1-x86_64-arm-none-eabi/bin/../lib/gcc/arm-none-eabi/13.2.1/../../../../arm-none-eabi/lib/thumb/v8-m.base/nofp/libg_nano.a(libc_a-lock.o)
                0x00006442                __retarget_lock_release_recursive
 .text._malloc_usable_size_r
                0x00006444       0x10 /home/maldus/Local/renesas/e2_studio/toolchains/gcc_arm/13_2-Rel1/arm-gnu-toolchain-13.2.Rel1-x86_64-arm-none-eabi/bin/../lib/gcc/arm-none-eabi/13.2.1/../../../../arm-none-eabi/lib/thumb/v8-m.base/nofp/libg_nano.a(libc_a-msizer.o)
                0x00006444                _malloc_usable_size_r
 *(.version)
 .version       0x00006454       0x50 ./ra/fsp/src/bsp/mcu/all/bsp_common.o
 *(.init)
 .init          0x000064a4        0x4 /home/maldus/Local/renesas/e2_studio/toolchains/gcc_arm/13_2-Rel1/arm-gnu-toolchain-13.2.Rel1-x86_64-arm-none-eabi/bin/../lib/gcc/arm-none-eabi/13.2.1/thumb/v8-m.base/nofp/crti.o
                0x000064a4                _init
 .init          0x000064a8        0x8 /home/maldus/Local/renesas/e2_studio/toolchains/gcc_arm/13_2-Rel1/arm-gnu-toolchain-13.2.Rel1-x86_64-arm-none-eabi/bin/../lib/gcc/arm-none-eabi/13.2.1/thumb/v8-m.base/nofp/crtn.o
 *(.fini)
 .fini          0x000064b0        0x4 /home/maldus/Local/renesas/e2_studio/toolchains/gcc_arm/13_2-Rel1/arm-gnu-toolchain-13.2.Rel1-x86_64-arm-none-eabi/bin/../lib/gcc/arm-none-eabi/13.2.1/thumb/v8-m.base/nofp/crti.o
                0x000064b0                _fini
 .fini          0x000064b4        0x8 /home/maldus/Local/renesas/e2_studio/toolchains/gcc_arm/13_2-Rel1/arm-gnu-toolchain-13.2.Rel1-x86_64-arm-none-eabi/bin/../lib/gcc/arm-none-eabi/13.2.1/thumb/v8-m.base/nofp/crtn.o
 *crtbegin.o(.ctors)
 *crtbegin?.o(.ctors)
 *(EXCLUDE_FILE(*crtend.o *crtend?.o) .ctors)
 *(SORT_BY_NAME(.ctors.*))
 *(.ctors)
 *crtbegin.o(.dtors)
 *crtbegin?.o(.dtors)
 *(EXCLUDE_FILE(*crtend.o *crtend?.o) .dtors)
 *(SORT_BY_NAME(.dtors.*))
 *(.dtors)
 *(.rodata*)
 .rodata.crc16_ccitt_table
                0x000064bc      0x200 ./src/services/crc16-ccitt.o
 .rodata.running_event_manager
                0x000066bc       0x2c ./src/model/cycle.o
 .rodata.wait_start_event_manager
                0x000066e8       0x2c ./src/model/cycle.o
 .rodata.managers
                0x00006714       0x3c ./src/model/cycle.o
 .rodata.managers
                0x00006750       0x24 ./src/model/heating.o
 .rodata.get_pwm_drum_percentage.str1.4
                0x00006774      0x120 ./src/model/model.o
                                 0x25 (size before relaxing)
 .rodata.model_pwoff_serialize.str1.4
                0x00006894       0x1b ./src/model/model.o
 .rodata.__func__.0
                0x00006894       0x11 ./src/model/model.o
 *fill*         0x000068a5        0x3 ff
 .rodata.__func__.1
                0x000068a8       0x13 ./src/model/model.o
 *fill*         0x000068bb        0x1 ff
 .rodata.__func__.2
                0x000068bc       0x16 ./src/model/model.o
 *fill*         0x000068d2        0x2 ff
 .rodata.__func__.4
                0x000068d4       0x1e ./src/model/model.o
 *fill*         0x000068f2        0x2 ff
 .rodata.__func__.5
                0x000068f4       0x10 ./src/model/model.o
 .rodata.__func__.6
                0x00006904       0x14 ./src/model/model.o
 .rodata.__func__.7
                0x00006918       0x13 ./src/model/model.o
 *fill*         0x0000692b        0x1 ff
 .rodata.__func__.8
                0x0000692c       0x1e ./src/model/model.o
 *fill*         0x0000694a        0x2 ff
 .rodata.__func__.9
                0x0000694c       0x1a ./src/model/model.o
 *fill*         0x00006966        0x2 ff
 .rodata.__func__.10
                0x00006968       0x1e ./src/model/model.o
 *fill*         0x00006986        0x2 ff
 .rodata.__func__.11
                0x00006988       0x1b ./src/model/model.o
 *fill*         0x000069a3        0x1 ff
 .rodata.__func__.12
                0x000069a4       0x17 ./src/model/model.o
 *fill*         0x000069bb        0x1 ff
 .rodata.__func__.13
                0x000069bc       0x1e ./src/model/model.o
 *fill*         0x000069da        0x2 ff
 .rodata.__func__.14
                0x000069dc       0x13 ./src/model/model.o
 *fill*         0x000069ef        0x1 ff
 .rodata.__func__.15
                0x000069f0       0x1c ./src/model/model.o
 .rodata.__func__.16
                0x00006a0c       0x1a ./src/model/model.o
 *fill*         0x00006a26        0x2 ff
 .rodata.__func__.18
                0x00006a28       0x15 ./src/model/model.o
 *fill*         0x00006a3d        0x3 ff
 .rodata.__func__.20
                0x00006a40       0x16 ./src/model/model.o
 *fill*         0x00006a56        0x2 ff
 .rodata.__func__.21
                0x00006a58       0x12 ./src/model/model.o
 *fill*         0x00006a6a        0x2 ff
 .rodata.__func__.22
                0x00006a6c       0x18 ./src/model/model.o
 .rodata.__func__.23
                0x00006a84       0x16 ./src/model/model.o
 *fill*         0x00006a9a        0x2 ff
 .rodata.__func__.24
                0x00006a9c       0x15 ./src/model/model.o
 *fill*         0x00006ab1        0x3 ff
 .rodata.__func__.25
                0x00006ab4       0x17 ./src/model/model.o
 *fill*         0x00006acb        0x1 ff
 .rodata.__func__.26
                0x00006acc       0x1d ./src/model/model.o
 *fill*         0x00006ae9        0x3 ff
 .rodata.__func__.27
                0x00006aec       0x18 ./src/model/model.o
 .rodata.__func__.28
                0x00006b04       0x1e ./src/model/model.o
 *fill*         0x00006b22        0x2 ff
 .rodata.__func__.29
                0x00006b24       0x14 ./src/model/model.o
 .rodata.__func__.30
                0x00006b38       0x12 ./src/model/model.o
 *fill*         0x00006b4a        0x2 ff
 .rodata.__func__.31
                0x00006b4c       0x16 ./src/model/model.o
 *fill*         0x00006b62        0x2 ff
 .rodata.__func__.32
                0x00006b64       0x20 ./src/model/model.o
 .rodata.__func__.33
                0x00006b84       0x18 ./src/model/model.o
 .rodata.__func__.34
                0x00006b9c       0x13 ./src/model/model.o
 *fill*         0x00006baf        0x1 ff
 .rodata.__func__.35
                0x00006bb0       0x17 ./src/model/model.o
 *fill*         0x00006bc7        0x1 ff
 .rodata.__func__.36
                0x00006bc8       0x1d ./src/model/model.o
 *fill*         0x00006be5        0x3 ff
 .rodata.__func__.37
                0x00006be8       0x20 ./src/model/model.o
 .rodata.__func__.38
                0x00006c08       0x1f ./src/model/model.o
 *fill*         0x00006c27        0x1 ff
 .rodata.__func__.39
                0x00006c28       0x11 ./src/model/model.o
 *fill*         0x00006c39        0x3 ff
 .rodata.__func__.40
                0x00006c3c       0x13 ./src/model/model.o
 *fill*         0x00006c4f        0x1 ff
 .rodata.__func__.41
                0x00006c50        0xd ./src/model/model.o
 *fill*         0x00006c5d        0x3 ff
 .rodata.__func__.42
                0x00006c60        0xb ./src/model/model.o
 .rodata.bsp_adc_init.str1.4
                0x00006c6b       0x25 ./src/bsp/adc.o
 *fill*         0x00006c6b        0x1 ff
 .rodata.__func__.1
                0x00006c6c        0xd ./src/bsp/adc.o
 *fill*         0x00006c79        0x3 ff
 .rodata        0x00006c7c       0x10 ./src/bsp/adc.o
 .rodata        0x00006c8c        0xc ./src/bsp/coin_reader.o
 .rodata        0x00006c98       0x10 ./src/bsp/digin.o
 .rodata.erase_block.str1.4
                0x00006ca8       0x2b ./src/bsp/power_off.o
 .rodata.bsp_power_off_save.str1.4
                0x00006ca8       0x19 ./src/bsp/power_off.o
 .rodata.__func__.0
                0x00006ca8       0x13 ./src/bsp/power_off.o
 *fill*         0x00006cbb        0x1 ff
 .rodata.__func__.1
                0x00006cbc       0x13 ./src/bsp/power_off.o
 *fill*         0x00006ccf        0x1 ff
 .rodata.__func__.2
                0x00006cd0        0xc ./src/bsp/power_off.o
 .rodata.__func__.3
                0x00006cdc       0x13 ./src/bsp/power_off.o
 .rodata.bsp_pwm_init.str1.4
                0x00006cef       0x25 ./src/bsp/pwm.o
 *fill*         0x00006cef        0x1 ff
 .rodata.__func__.0
                0x00006cf0        0xf ./src/bsp/pwm.o
 *fill*         0x00006cff        0x1 ff
 .rodata.__func__.1
                0x00006d00        0xd ./src/bsp/pwm.o
 *fill*         0x00006d0d        0x3 ff
 .rodata        0x00006d10        0xe ./src/bsp/relay.o
 .rodata.temperature_humidity_probe_read.str1.4
                0x00006d1e        0x6 ./src/bsp/temperature_humidity_probe.o
 *fill*         0x00006d1e        0x2 ff
 .rodata.CRC_TABLE
                0x00006d20      0x100 ./src/bsp/temperature_humidity_probe.o
 .rodata.register_callback
                0x00006e20      0x1c4 ./src/adapters/modbus_server.o
 .rodata.modbus_server_init.str1.4
                0x00006fe4       0x50 ./src/adapters/modbus_server.o
 .rodata.__func__.1
                0x00006fe4       0x13 ./src/adapters/modbus_server.o
 *fill*         0x00006ff7        0x1 ff
 .rodata.g_ioport
                0x00006ff8        0xc ./ra_gen/common_data.o
                0x00006ff8                g_ioport
 .rodata.g_external_irq0_cfg
                0x00007004       0x14 ./ra_gen/common_data.o
                0x00007004                g_external_irq0_cfg
 .rodata.g_uart0
                0x00007018        0xc ./ra_gen/hal_data.o
                0x00007018                g_uart0
 .rodata.g_uart0_cfg
                0x00007024       0x20 ./ra_gen/hal_data.o
                0x00007024                g_uart0_cfg
 .rodata.g_uart0_cfg_extend
                0x00007044       0x14 ./ra_gen/hal_data.o
                0x00007044                g_uart0_cfg_extend
 .rodata.g_adc0_channel_cfg
                0x00007058       0x14 ./ra_gen/hal_data.o
                0x00007058                g_adc0_channel_cfg
 .rodata.g_adc0_cfg
                0x0000706c       0x18 ./ra_gen/hal_data.o
                0x0000706c                g_adc0_cfg
 .rodata.g_adc0_cfg_extend
                0x00007084        0xb ./ra_gen/hal_data.o
                0x00007084                g_adc0_cfg_extend
 *fill*         0x0000708f        0x1 ff
 .rodata.g_timer_pwm_cfg
                0x00007090       0x20 ./ra_gen/hal_data.o
                0x00007090                g_timer_pwm_cfg
 .rodata.g_timer_pwm_extend
                0x000070b0       0x3c ./ra_gen/hal_data.o
                0x000070b0                g_timer_pwm_extend
 .rodata.g_flash_cfg
                0x000070ec       0x14 ./ra_gen/hal_data.o
                0x000070ec                g_flash_cfg
 .rodata.g_bsp_pin_cfg
                0x00007100        0xc ./ra_gen/pin_data.o
                0x00007100                g_bsp_pin_cfg
 .rodata.g_bsp_pin_cfg_data
                0x0000710c      0x148 ./ra_gen/pin_data.o
                0x0000710c                g_bsp_pin_cfg_data
 .rodata.g_interrupt_event_link_select
                0x00007254       0x20 ./ra_gen/vector_data.o
                0x00007254                g_interrupt_event_link_select
 .rodata.g_uart_on_sci
                0x00007274       0x24 ./ra/fsp/src/r_sci_uart/r_sci_uart.o
                0x00007274                g_uart_on_sci
 .rodata.g_ioport_on_ioport
                0x00007298       0x34 ./ra/fsp/src/r_ioport/r_ioport.o
                0x00007298                g_ioport_on_ioport
 .rodata.g_prcr_masks
                0x000072cc        0x8 ./ra/fsp/src/bsp/mcu/all/bsp_register_protection.o
                0x000072d4                        __usb_dev_descriptor_start_fs = .
 *(.usb_device_desc_fs*)
                0x000072d4                        __usb_cfg_descriptor_start_fs = .
 *(.usb_config_desc_fs*)
                0x000072d4                        __usb_interface_descriptor_start_fs = .
 *(.usb_interface_desc_fs*)
                0x000072d4                        __usb_descriptor_end_fs = .
                0x000072d4                        __usb_dev_descriptor_start_hs = .
 *(.usb_device_desc_hs*)
                0x000072d4                        __usb_cfg_descriptor_start_hs = .
 *(.usb_config_desc_hs*)
                0x000072d4                        __usb_interface_descriptor_start_hs = .
 *(.usb_interface_desc_hs*)
                0x000072d4                        __usb_descriptor_end_hs = .
 *(.eh_frame*)
 .eh_frame      0x000072d4        0x0 /home/maldus/Local/renesas/e2_studio/toolchains/gcc_arm/13_2-Rel1/arm-gnu-toolchain-13.2.Rel1-x86_64-arm-none-eabi/bin/../lib/gcc/arm-none-eabi/13.2.1/thumb/v8-m.base/nofp/crtbegin.o
 .eh_frame      0x000072d4        0x4 /home/maldus/Local/renesas/e2_studio/toolchains/gcc_arm/13_2-Rel1/arm-gnu-toolchain-13.2.Rel1-x86_64-arm-none-eabi/bin/../lib/gcc/arm-none-eabi/13.2.1/thumb/v8-m.base/nofp/crtend.o
                0x000072d8                        __ROM_End = .
                0x000000c0                        __Vectors_Size = (__Vectors_End - __Vectors)

.glue_7         0x000072d8        0x0
 .glue_7        0x000072d8        0x0 linker stubs

.glue_7t        0x000072d8        0x0
 .glue_7t       0x000072d8        0x0 linker stubs

.vfp11_veneer   0x000072d8        0x0
 .vfp11_veneer  0x000072d8        0x0 linker stubs

.v4_bx          0x000072d8        0x0
 .v4_bx         0x000072d8        0x0 linker stubs

.iplt           0x000072d8        0x0
 .iplt          0x000072d8        0x0 /home/maldus/Local/renesas/e2_studio/toolchains/gcc_arm/13_2-Rel1/arm-gnu-toolchain-13.2.Rel1-x86_64-arm-none-eabi/bin/../lib/gcc/arm-none-eabi/13.2.1/thumb/v8-m.base/nofp/crtbegin.o
                0x000072d8                        . = .
                0x000072d8                        __itcm_data_pre_location = .

.itcm_data      0x00000000        0x0 load address 0x000072e0
                0x00000000                        __tz_ITCM_S = ABSOLUTE (ITCM_START)
                0x00000000                        __itcm_data_start = .
 *(.itcm_data*)
                0x00000000                        . = ALIGN (0x8)
                0x00000000                        __itcm_data_end = .
                0x00000000                        __tz_ITCM_N = DEFINED (ITCM_NS_START)?ABSOLUTE (ITCM_NS_START):ALIGN (__itcm_data_end, 0x2000)
                0x000072e0                        __itcm_data_init_start = LOADADDR (.itcm_data)
                0x000072e0                        __itcm_data_init_end = (LOADADDR (.itcm_data) + SIZEOF (.itcm_data))
                0x00000001                        ASSERT (((ORIGIN (ITCM) % 0x8) == 0x0), ITCM memory region origin must be aligned to 8 bytes.)
                0x00000001                        ASSERT (((LENGTH (ITCM) % 0x8) == 0x0), ITCM memory region length must be a multiple of 8 bytes.)
                0x00000001                        ASSERT (((LOADADDR (.itcm_data) % 0x10) == 0x0), .itcm_data section must be aligned to 16 bytes.)
                0x00000001                        ASSERT (((SIZEOF (.itcm_data) % 0x8) == 0x0), .itcm_data section size must be a multiple of 8 bytes.)
                0x000072d8                        . = (SIZEOF (.itcm_data) > 0x0)?__itcm_data_init_end:__itcm_data_pre_location
                0x000072d8                        __exidx_start = .

/DISCARD/
 *(.ARM.extab* .gnu.linkonce.armextab.*)
 *(.ARM.exidx* .gnu.linkonce.armexidx.*)
                0x000072d8                        __exidx_end = .
                0x000072d8                        __etext = .
                0x20000000                        __tz_RAM_S = ORIGIN (RAM)

.fsp_dtc_vector_table
                0x20000000        0x0
                0x20000000                        . = ORIGIN (RAM)
 *(.fsp_dtc_vector_table)

.data           0x20000000       0x7c load address 0x000072d8
                0x20000000                        __data_start__ = .
                0x20000000                        . = ALIGN (0x4)
                0x20000000                        __Code_In_RAM_Start = .
 *(.code_in_ram*)
                0x20000000                        __Code_In_RAM_End = .
 *(vtable)
 *(.data.*)
 .data.modbusSlaveDefaultFunctions
                0x20000000       0x20 ./src/adapters/modbus_server.o
                0x20000000                modbusSlaveDefaultFunctions
 .data.g_uart0_baud_setting
                0x20000020        0x4 ./ra_gen/hal_data.o
                0x20000020                g_uart0_baud_setting
 .data._impure_ptr
                0x20000024        0x4 /home/maldus/Local/renesas/e2_studio/toolchains/gcc_arm/13_2-Rel1/arm-gnu-toolchain-13.2.Rel1-x86_64-arm-none-eabi/bin/../lib/gcc/arm-none-eabi/13.2.1/../../../../arm-none-eabi/lib/thumb/v8-m.base/nofp/libg_nano.a(libc_a-impure.o)
                0x20000024                _impure_ptr
 .data._impure_data
                0x20000028       0x4c /home/maldus/Local/renesas/e2_studio/toolchains/gcc_arm/13_2-Rel1/arm-gnu-toolchain-13.2.Rel1-x86_64-arm-none-eabi/bin/../lib/gcc/arm-none-eabi/13.2.1/../../../../arm-none-eabi/lib/thumb/v8-m.base/nofp/libg_nano.a(libc_a-impure.o)
                0x20000028                _impure_data
 *(.data)
                0x20000074                        . = ALIGN (0x4)
                0x20000074                        PROVIDE (__preinit_array_start = .)
 *(.preinit_array)
                0x20000074                        PROVIDE (__preinit_array_end = .)
                0x20000074                        . = ALIGN (0x4)
                0x20000074                        PROVIDE (__init_array_start = .)
 *(SORT_BY_NAME(.init_array.*))
 *(.init_array)
 .init_array    0x20000074        0x4 /home/maldus/Local/renesas/e2_studio/toolchains/gcc_arm/13_2-Rel1/arm-gnu-toolchain-13.2.Rel1-x86_64-arm-none-eabi/bin/../lib/gcc/arm-none-eabi/13.2.1/thumb/v8-m.base/nofp/crtbegin.o
                0x20000078                        PROVIDE (__init_array_end = .)
                0x20000078                        . = ALIGN (0x4)
                [!provide]                        PROVIDE (__fini_array_start = .)
 *(SORT_BY_NAME(.fini_array.*))
 *(.fini_array)
 .fini_array    0x20000078        0x4 /home/maldus/Local/renesas/e2_studio/toolchains/gcc_arm/13_2-Rel1/arm-gnu-toolchain-13.2.Rel1-x86_64-arm-none-eabi/bin/../lib/gcc/arm-none-eabi/13.2.1/thumb/v8-m.base/nofp/crtbegin.o
                [!provide]                        PROVIDE (__fini_array_end = .)
 *(.jcr*)
                0x2000007c                        . = ALIGN (0x4)
                0x2000007c                        __data_end__ = .

.tm_clone_table
                0x2000007c        0x0 load address 0x00007354
 .tm_clone_table
                0x2000007c        0x0 /home/maldus/Local/renesas/e2_studio/toolchains/gcc_arm/13_2-Rel1/arm-gnu-toolchain-13.2.Rel1-x86_64-arm-none-eabi/bin/../lib/gcc/arm-none-eabi/13.2.1/thumb/v8-m.base/nofp/crtbegin.o
 .tm_clone_table
                0x2000007c        0x0 /home/maldus/Local/renesas/e2_studio/toolchains/gcc_arm/13_2-Rel1/arm-gnu-toolchain-13.2.Rel1-x86_64-arm-none-eabi/bin/../lib/gcc/arm-none-eabi/13.2.1/thumb/v8-m.base/nofp/crtend.o

.igot.plt       0x2000007c        0x0 load address 0x00007354
 .igot.plt      0x2000007c        0x0 /home/maldus/Local/renesas/e2_studio/toolchains/gcc_arm/13_2-Rel1/arm-gnu-toolchain-13.2.Rel1-x86_64-arm-none-eabi/bin/../lib/gcc/arm-none-eabi/13.2.1/thumb/v8-m.base/nofp/crtbegin.o
                0x2000007c                        . = .
                0x00007354                        __dtcm_data_pre_location = (LOADADDR (.data) + SIZEOF (.data))

.dtcm_data      0x00000000        0x0 load address 0x00007360
                0x00000000                        __tz_DTCM_S = ABSOLUTE (DTCM_START)
                0x00000000                        __dtcm_data_start = .
 *(.dtcm_data*)
                0x00000000                        . = ALIGN (0x8)
                0x00000000                        __dtcm_data_end = .
                0x00000000                        . = __dtcm_data_end

.dtcm_bss       0x00000000        0x0
                0x00000000                        __dtcm_bss_start = .
 *(.dtcm_bss*)
                0x00000000                        . = ALIGN (0x8)
                0x00000000                        __dtcm_bss_end = .
                0x00000000                        __tz_DTCM_N = DEFINED (DTCM_NS_START)?ABSOLUTE (DTCM_NS_START):ALIGN (__dtcm_bss_end, 0x2000)
                0x00007360                        __dtcm_data_init_start = LOADADDR (.dtcm_data)
                0x00007360                        __dtcm_data_init_end = (LOADADDR (.dtcm_data) + SIZEOF (.dtcm_data))
                0x00000001                        ASSERT (((ORIGIN (DTCM) % 0x8) == 0x0), DTCM memory region origin must be aligned to 8 bytes.)
                0x00000001                        ASSERT (((LENGTH (DTCM) % 0x8) == 0x0), DTCM memory region length must be a multiple of 8 bytes.)
                0x00000001                        ASSERT ((LOADADDR (.dtcm_bss) == ADDR (.dtcm_bss)), .dtcm_bss has (VMA != LMA) but should be NOLOAD (VMA == LMA).)
                0x00000001                        ASSERT (((LOADADDR (.dtcm_data) % 0x10) == 0x0), .dtcm_data section must be aligned to 16 bytes.)
                0x00000001                        ASSERT (((SIZEOF (.dtcm_data) % 0x8) == 0x0), .dtcm_data section size must be a multiple of 8 bytes.)
                0x00000001                        ASSERT (((LOADADDR (.dtcm_bss) % 0x8) == 0x0), .dtcm_bss section must be aligned to 8 bytes.)
                0x00000001                        ASSERT (((SIZEOF (.dtcm_bss) % 0x8) == 0x0), .dtcm_bss section size must be a multiple of 8 bytes.)
                0x00000001                        ASSERT ((__dtcm_bss_start == __dtcm_data_end), .dtcm_bss section is not adjacent to .dtcm_data section.)
                0x00007354                        . = (SIZEOF (.dtcm_data) > 0x0)?__dtcm_data_init_end:__dtcm_data_pre_location
                0x00007354                        sgstubs_pre_location = .
                0x00007400                        SGSTUBS_LOC = (DEFINED (PROJECT_SECURE) && DEFINED (FLASH_NSC_START))?ABSOLUTE (FLASH_NSC_START):ALIGN (0x400)

.gnu.sgstubs    0x00007400        0x0
                0x00007400                        __tz_FLASH_C = DEFINED (FLASH_NSC_START)?ABSOLUTE (FLASH_NSC_START):__RESERVE_NS_RAM?ABSOLUTE ((FLASH_START + FLASH_LENGTH)):ALIGN (0x400)
                0x00007400                        _start_sg = .
 *(.gnu.sgstubs*)
                0x00007400                        . = ALIGN (0x20)
                0x00007400                        _end_sg = .
                0x00008000                        __tz_FLASH_N = DEFINED (FLASH_NS_START)?ABSOLUTE (FLASH_NS_START):__RESERVE_NS_RAM?ABSOLUTE ((FLASH_START + FLASH_LENGTH)):(FLASH_LENGTH < 0x8000)?FLASH_LENGTH:ALIGN (0x8000)
                0x00008000                        FLASH_NS_IMAGE_START = DEFINED (FLASH_NS_IMAGE_START)?FLASH_NS_IMAGE_START:__tz_FLASH_N
                0x60000000                        __tz_QSPI_FLASH_S = ORIGIN (QSPI_FLASH)

.qspi_flash     0x60000000        0x0
                0x60000000                        __qspi_flash_start__ = .
 *(.qspi_flash*)
 *(.code_in_qspi*)
                0x60000000                        __qspi_flash_end__ = .
                0x00000000                        __qspi_flash_code_size__ = (__qspi_flash_end__ - __qspi_flash_start__)
                0x00007354                        __qspi_flash_code_addr__ = sgstubs_pre_location

.qspi_non_retentive
                0x60000000        0x0 load address 0x00007354
                0x60000000                        __qspi_non_retentive_start__ = .
 *(.qspi_non_retentive*)
                0x60000000                        __qspi_non_retentive_end__ = .
                0x00000000                        __qspi_non_retentive_size__ = (__qspi_non_retentive_end__ - __qspi_non_retentive_start__)
                0x04000000                        __qspi_region_max_size__ = 0x4000000
                0x60000000                        __qspi_region_start_address__ = __qspi_flash_start__
                0x64000000                        __qspi_region_end_address__ = (__qspi_flash_start__ + __qspi_region_max_size__)
                0x60000000                        __tz_QSPI_FLASH_N = __qspi_non_retentive_end__

.OSPI_DEVICE_0_NO_LOAD
                0x80020000        0x0
                0x80020000                        . = ALIGN (0x4)
                0x80020000                        __ospi_device_0_start__ = .
 *(.ospi_device_0_no_load*)
                0x80020000                        . = ALIGN (0x4)
                0x80020000                        __ospi_device_0_end__ = .

.OSPI_DEVICE_1_NO_LOAD
                0x80030000        0x0
                0x80030000                        . = ALIGN (0x4)
                0x80030000                        __ospi_device_1_start__ = .
 *(.ospi_device_1_no_load*)
                0x80030000                        . = ALIGN (0x4)
                0x80030000                        __ospi_device_1_end__ = .
                0x80020000                        __tz_OSPI_DEVICE_0_S = ORIGIN (OSPI_DEVICE_0)

.OSPI_DEVICE_0  0x80020000        0x0
                0x80020000                        __ospi_device_0_start__ = .
 *(.ospi_device_0*)
 *(.code_in_ospi_device_0*)
                0x80020000                        __ospi_device_0_end__ = .
                0x00000000                        __ospi_device_0_code_size__ = (__ospi_device_0_end__ - __ospi_device_0_start__)
                0x00007354                        __ospi_device_0_code_addr__ = (sgstubs_pre_location + SIZEOF (.qspi_non_retentive))

.ospi_device_0_non_retentive
                0x80020000        0x0 load address 0x00007354
                0x80020000                        __ospi_device_0_non_retentive_start__ = .
 *(.ospi_device_0_non_retentive*)
                0x80020000                        __ospi_device_0_non_retentive_end__ = .
                0x00000000                        __ospi_device_0_non_retentive_size__ = (__ospi_device_0_non_retentive_end__ - __ospi_device_0_non_retentive_start__)
                0x08000000                        __ospi_device_0_region_max_size__ = 0x8000000
                0x80020000                        __ospi_device_0_region_start_address__ = __ospi_device_0_start__
                0x88020000                        __ospi_device_0_region_end_address__ = (__ospi_device_0_start__ + __ospi_device_0_region_max_size__)
                0x80020000                        __tz_OSPI_DEVICE_0_N = __ospi_device_0_non_retentive_end__
                0x80030000                        __tz_OSPI_DEVICE_1_S = ORIGIN (OSPI_DEVICE_1)

.OSPI_DEVICE_1  0x80030000        0x0
                0x80030000                        __ospi_device_1_start__ = .
 *(.ospi_device_1*)
 *(.code_in_ospi_device_1*)
                0x80030000                        __ospi_device_1_end__ = .
                0x00000000                        __ospi_device_1_code_size__ = (__ospi_device_1_end__ - __ospi_device_1_start__)
                0x00007354                        __ospi_device_1_code_addr__ = (sgstubs_pre_location + (SIZEOF (.qspi_non_retentive) + SIZEOF (.ospi_device_0_non_retentive)))

.ospi_device_1_non_retentive
                0x80030000        0x0 load address 0x00007354
                0x80030000                        __ospi_device_1_non_retentive_start__ = .
 *(.ospi_device_1_non_retentive*)
                0x80030000                        __ospi_device_1_non_retentive_end__ = .
                0x00000000                        __ospi_device_1_non_retentive_size__ = (__ospi_device_1_non_retentive_end__ - __ospi_device_1_non_retentive_start__)
                0x10000000                        __ospi_device_1_region_max_size__ = 0x10000000
                0x80030000                        __ospi_device_1_region_start_address__ = __ospi_device_1_start__
                0x90030000                        __ospi_device_1_region_end_address__ = (__ospi_device_1_start__ + __ospi_device_1_region_max_size__)
                0x80030000                        __tz_OSPI_DEVICE_1_N = __ospi_device_1_non_retentive_end__

.noinit         0x2000007c       0x14
                0x2000007c                        . = ALIGN (0x4)
                0x2000007c                        __noinit_start = .
 *(.noinit*)
 .noinit        0x2000007c       0x14 ./ra/fsp/src/bsp/mcu/all/bsp_clocks.o
                0x20000090                        . = ALIGN (0x8)
 *(.heap.*)
                0x20000090                        __noinit_end = .

.bss            0x20000090      0x888
                0x20000090                        . = ALIGN (0x4)
                0x20000090                        __bss_start__ = .
 *(.bss*)
 .bss.completed.1
                0x20000090        0x1 /home/maldus/Local/renesas/e2_studio/toolchains/gcc_arm/13_2-Rel1/arm-gnu-toolchain-13.2.Rel1-x86_64-arm-none-eabi/bin/../lib/gcc/arm-none-eabi/13.2.1/thumb/v8-m.base/nofp/crtbegin.o
 *fill*         0x20000091        0x3 
 .bss.object.0  0x20000094       0x18 /home/maldus/Local/renesas/e2_studio/toolchains/gcc_arm/13_2-Rel1/arm-gnu-toolchain-13.2.Rel1-x86_64-arm-none-eabi/bin/../lib/gcc/arm-none-eabi/13.2.1/thumb/v8-m.base/nofp/crtbegin.o
 .bss.ts.0      0x200000ac        0x4 ./src/controller/controller.o
 .bss.state     0x200000b0        0x6 ./src/controller/observer.o
 *fill*         0x200000b6        0x2 
 .bss.watcher   0x200000b8       0x38 ./src/controller/observer.o
 .bss.ts.0      0x200000f0        0x4 ./src/bsp/adc.o
 .bss.temp1_samples
                0x200000f4       0x14 ./src/bsp/adc.o
 .bss.temp_samples
                0x20000108       0x14 ./src/bsp/adc.o
 .bss.press1_samples
                0x2000011c       0x14 ./src/bsp/adc.o
 .bss.samples_index
                0x20000130        0x2 ./src/bsp/adc.o
 *fill*         0x20000132        0x2 
 .bss.ts.0      0x20000134        0x4 ./src/bsp/coin_reader.o
 .bss.filter    0x20000138      0x108 ./src/bsp/coin_reader.o
 .bss.ts.0      0x20000240        0x4 ./src/bsp/digin.o
 .bss.ready     0x20000244        0x1 ./src/bsp/digin.o
 *fill*         0x20000245        0x3 
 .bss.filter    0x20000248       0x88 ./src/bsp/digin.o
 .bss.timestamp.0
                0x200002d0        0x4 ./src/bsp/heartbit.o
 .bss.blink.1   0x200002d4        0x1 ./src/bsp/heartbit.o
 *fill*         0x200002d5        0x3 
 .bss.current_counter
                0x200002d8        0x4 ./src/bsp/power_off.o
 .bss.next_sub_block_index
                0x200002dc        0x2 ./src/bsp/power_off.o
 .bss.last_sub_block_index
                0x200002de        0x2 ./src/bsp/power_off.o
 .bss.user_data
                0x200002e0        0x4 ./src/bsp/power_off.o
 .bss.user_callback
                0x200002e4        0x4 ./src/bsp/power_off.o
 .bss.pwm_periph_period
                0x200002e8        0x4 ./src/bsp/pwm.o
 .bss.last_reception_timestamp
                0x200002ec        0x4 ./src/bsp/rs232.o
 .bss.receive_buffer
                0x200002f0       0xff ./src/bsp/rs232.o
 *fill*         0x200003ef        0x1 
 .bss.receive_index
                0x200003f0        0x4 ./src/bsp/rs232.o
 .bss.millis    0x200003f4        0x4 ./src/bsp/system.o
 .bss.response.0
                0x200003f8      0x100 ./src/adapters/modbus_server.o
 .bss.modbus_minion
                0x200004f8       0x24 ./src/adapters/modbus_server.o
 .bss.model.0   0x2000051c      0x128 ./src/hal_entry.o
 .bss.g_ioport_ctrl
                0x20000644        0x8 ./ra_gen/common_data.o
                0x20000644                g_ioport_ctrl
 .bss.g_external_irq0_ctrl
                0x2000064c       0x10 ./ra_gen/common_data.o
                0x2000064c                g_external_irq0_ctrl
 .bss.g_uart0_ctrl
                0x2000065c       0x30 ./ra_gen/hal_data.o
                0x2000065c                g_uart0_ctrl
 .bss.g_adc0_ctrl
                0x2000068c       0x24 ./ra_gen/hal_data.o
                0x2000068c                g_adc0_ctrl
 .bss.g_timer_pwm_ctrl
                0x200006b0       0x20 ./ra_gen/hal_data.o
                0x200006b0                g_timer_pwm_ctrl
 .bss.g_flash_ctrl
                0x200006d0       0x38 ./ra_gen/hal_data.o
                0x200006d0                g_flash_ctrl
 .bss.g_bsp_group_irq_sources
                0x20000708       0x34 ./ra/fsp/src/bsp/mcu/all/bsp_group_irq.o
                0x20000708                g_bsp_group_irq_sources
 .bss.g_protect_pfswe_counter
                0x2000073c        0x4 ./ra/fsp/src/bsp/mcu/all/bsp_io.o
                0x2000073c                g_protect_pfswe_counter
 .bss.gp_renesas_isr_context
                0x20000740       0x80 ./ra/fsp/src/bsp/mcu/all/bsp_irq.o
                0x20000740                gp_renesas_isr_context
 .bss.g_protect_counters
                0x200007c0        0x8 ./ra/fsp/src/bsp/mcu/all/bsp_register_protection.o
                0x200007c0                g_protect_counters
 .bss.current_heap_end.0
                0x200007c8        0x4 ./ra/fsp/src/bsp/mcu/all/bsp_sbrk.o
 .bss.SystemCoreClock
                0x200007cc        0x4 ./ra/fsp/src/bsp/cmsis/Device/RENESAS/Source/system.o
                0x200007cc                SystemCoreClock
 .bss.__malloc_sbrk_start