Archive member included to satisfy reference by file (symbol)

/home/maldus/Local/renesas/e2_studio/toolchains/gcc_arm/13_2-Rel1/arm-gnu-toolchain-13.2.Rel1-x86_64-arm-none-eabi/bin/../lib/gcc/arm-none-eabi/13.2.1/thumb/v8-m.base/nofp/libgcc.a(_clzsi2.o)
                              ./ra/fsp/src/r_adc/r_adc.o (__clzsi2)
/home/maldus/Local/renesas/e2_studio/toolchains/gcc_arm/13_2-Rel1/arm-gnu-toolchain-13.2.Rel1-x86_64-arm-none-eabi/bin/../lib/gcc/arm-none-eabi/13.2.1/thumb/v8-m.base/nofp/libgcc.a(_aeabi_ldivmod.o)
                              ./ra/fsp/src/r_sci_uart/r_sci_uart.o (__aeabi_ldivmod)
/home/maldus/Local/renesas/e2_studio/toolchains/gcc_arm/13_2-Rel1/arm-gnu-toolchain-13.2.Rel1-x86_64-arm-none-eabi/bin/../lib/gcc/arm-none-eabi/13.2.1/thumb/v8-m.base/nofp/libgcc.a(_aeabi_uldivmod.o)
                              ./src/bsp/pwm.o (__aeabi_uldivmod)
/home/maldus/Local/renesas/e2_studio/toolchains/gcc_arm/13_2-Rel1/arm-gnu-toolchain-13.2.Rel1-x86_64-arm-none-eabi/bin/../lib/gcc/arm-none-eabi/13.2.1/thumb/v8-m.base/nofp/libgcc.a(_muldi3.o)
                              ./src/bsp/pwm.o (__aeabi_lmul)
/home/maldus/Local/renesas/e2_studio/toolchains/gcc_arm/13_2-Rel1/arm-gnu-toolchain-13.2.Rel1-x86_64-arm-none-eabi/bin/../lib/gcc/arm-none-eabi/13.2.1/thumb/v8-m.base/nofp/libgcc.a(_udivmoddi4.o)
                              /home/maldus/Local/renesas/e2_studio/toolchains/gcc_arm/13_2-Rel1/arm-gnu-toolchain-13.2.Rel1-x86_64-arm-none-eabi/bin/../lib/gcc/arm-none-eabi/13.2.1/thumb/v8-m.base/nofp/libgcc.a(_aeabi_uldivmod.o) (__udivmoddi4)
/home/maldus/Local/renesas/e2_studio/toolchains/gcc_arm/13_2-Rel1/arm-gnu-toolchain-13.2.Rel1-x86_64-arm-none-eabi/bin/../lib/gcc/arm-none-eabi/13.2.1/thumb/v8-m.base/nofp/libgcc.a(bpabi.o)
                              /home/maldus/Local/renesas/e2_studio/toolchains/gcc_arm/13_2-Rel1/arm-gnu-toolchain-13.2.Rel1-x86_64-arm-none-eabi/bin/../lib/gcc/arm-none-eabi/13.2.1/thumb/v8-m.base/nofp/libgcc.a(_aeabi_ldivmod.o) (__gnu_ldivmod_helper)
/home/maldus/Local/renesas/e2_studio/toolchains/gcc_arm/13_2-Rel1/arm-gnu-toolchain-13.2.Rel1-x86_64-arm-none-eabi/bin/../lib/gcc/arm-none-eabi/13.2.1/thumb/v8-m.base/nofp/libgcc.a(_dvmd_tls.o)
                              /home/maldus/Local/renesas/e2_studio/toolchains/gcc_arm/13_2-Rel1/arm-gnu-toolchain-13.2.Rel1-x86_64-arm-none-eabi/bin/../lib/gcc/arm-none-eabi/13.2.1/thumb/v8-m.base/nofp/libgcc.a(_aeabi_ldivmod.o) (__aeabi_ldiv0)
/home/maldus/Local/renesas/e2_studio/toolchains/gcc_arm/13_2-Rel1/arm-gnu-toolchain-13.2.Rel1-x86_64-arm-none-eabi/bin/../lib/gcc/arm-none-eabi/13.2.1/thumb/v8-m.base/nofp/libgcc.a(_divdi3.o)
                              /home/maldus/Local/renesas/e2_studio/toolchains/gcc_arm/13_2-Rel1/arm-gnu-toolchain-13.2.Rel1-x86_64-arm-none-eabi/bin/../lib/gcc/arm-none-eabi/13.2.1/thumb/v8-m.base/nofp/libgcc.a(bpabi.o) (__divdi3)
/home/maldus/Local/renesas/e2_studio/toolchains/gcc_arm/13_2-Rel1/arm-gnu-toolchain-13.2.Rel1-x86_64-arm-none-eabi/bin/../lib/gcc/arm-none-eabi/13.2.1/../../../../arm-none-eabi/lib/thumb/v8-m.base/nofp/libg_nano.a(libc_a-exit.o)
                              /home/maldus/Local/renesas/e2_studio/toolchains/gcc_arm/13_2-Rel1/arm-gnu-toolchain-13.2.Rel1-x86_64-arm-none-eabi/bin/../lib/gcc/arm-none-eabi/13.2.1/../../../../arm-none-eabi/lib/thumb/v8-m.base/nofp/crt0.o (exit)
/home/maldus/Local/renesas/e2_studio/toolchains/gcc_arm/13_2-Rel1/arm-gnu-toolchain-13.2.Rel1-x86_64-arm-none-eabi/bin/../lib/gcc/arm-none-eabi/13.2.1/../../../../arm-none-eabi/lib/thumb/v8-m.base/nofp/libg_nano.a(libc_a-init.o)
                              /home/maldus/Local/renesas/e2_studio/toolchains/gcc_arm/13_2-Rel1/arm-gnu-toolchain-13.2.Rel1-x86_64-arm-none-eabi/bin/../lib/gcc/arm-none-eabi/13.2.1/../../../../arm-none-eabi/lib/thumb/v8-m.base/nofp/crt0.o (__libc_init_array)
/home/maldus/Local/renesas/e2_studio/toolchains/gcc_arm/13_2-Rel1/arm-gnu-toolchain-13.2.Rel1-x86_64-arm-none-eabi/bin/../lib/gcc/arm-none-eabi/13.2.1/../../../../arm-none-eabi/lib/thumb/v8-m.base/nofp/libg_nano.a(libc_a-memcpy-stub.o)
                              ./src/bsp/power_off.o (memcpy)
/home/maldus/Local/renesas/e2_studio/toolchains/gcc_arm/13_2-Rel1/arm-gnu-toolchain-13.2.Rel1-x86_64-arm-none-eabi/bin/../lib/gcc/arm-none-eabi/13.2.1/../../../../arm-none-eabi/lib/thumb/v8-m.base/nofp/libg_nano.a(libc_a-malloc.o)
                              ./src/controller/observer.o (free)
/home/maldus/Local/renesas/e2_studio/toolchains/gcc_arm/13_2-Rel1/arm-gnu-toolchain-13.2.Rel1-x86_64-arm-none-eabi/bin/../lib/gcc/arm-none-eabi/13.2.1/../../../../arm-none-eabi/lib/thumb/v8-m.base/nofp/libg_nano.a(libc_a-mallocr.o)
                              /home/maldus/Local/renesas/e2_studio/toolchains/gcc_arm/13_2-Rel1/arm-gnu-toolchain-13.2.Rel1-x86_64-arm-none-eabi/bin/../lib/gcc/arm-none-eabi/13.2.1/../../../../arm-none-eabi/lib/thumb/v8-m.base/nofp/libg_nano.a(libc_a-malloc.o) (_malloc_r)
[...]
Memory Configuration

Name             Origin             Length             Attributes
ITCM             0x00000000         0x00000000         xr
DTCM             0x00000000         0x00000000         xrw
FLASH            0x00000000         0x00040000         xr
RAM              0x20000000         0x00008000         xrw
DATA_FLASH       0x40100000         0x00002000         xr
QSPI_FLASH       0x60000000         0x00000000         xr
OSPI_DEVICE_0    0x80020000         0x00000000         xr
OSPI_DEVICE_1    0x80030000         0x00000000         xr
OSPI_DEVICE_0_RAM 0x80020000         0x00000000         xrw
OSPI_DEVICE_1_RAM 0x80030000         0x00000000         xrw
SDRAM            0x80010000         0x00000000         xrw
OPTION_SETTING   0x00000000         0x00000000         r
OPTION_SETTING_OFS 0x00000000         0x00000018         r
OPTION_SETTING_SAS 0x00000034         0x00000000         r
OPTION_SETTING_S 0x80000000         0x00000000         r
ID_CODE          0x01010018         0x00000020         xr
*default*        0x00000000         0xffffffff

Linker script and memory map

LOAD /home/maldus/Local/renesas/e2_studio/toolchains/gcc_arm/13_2-Rel1/arm-gnu-toolchain-13.2.Rel1-x86_64-arm-none-eabi/bin/../lib/gcc/arm-none-eabi/13.2.1/thumb/v8-m.base/nofp/crti.o
LOAD /home/maldus/Local/renesas/e2_studio/toolchains/gcc_arm/13_2-Rel1/arm-gnu-toolchain-13.2.Rel1-x86_64-arm-none-eabi/bin/../lib/gcc/arm-none-eabi/13.2.1/thumb/v8-m.base/nofp/crtbegin.o
LOAD /home/maldus/Local/renesas/e2_studio/toolchains/gcc_arm/13_2-Rel1/arm-gnu-toolchain-13.2.Rel1-x86_64-arm-none-eabi/bin/../lib/gcc/arm-none-eabi/13.2.1/../../../../arm-none-eabi/lib/thumb/v8-m.base/nofp/crt0.o
START GROUP
LOAD ./src/services/crc16-ccitt.o
LOAD ./src/model/cycle.o
LOAD ./src/model/heating.o
LOAD ./src/model/model.o
LOAD ./src/controller/controller.o
LOAD ./src/controller/observer.o
LOAD ./src/bsp/adc.o
LOAD ./src/bsp/coin_reader.o
LOAD ./src/bsp/digin.o
LOAD ./src/bsp/heartbit.o
LOAD ./src/bsp/power_off.o
LOAD ./src/bsp/pwm.o
LOAD ./src/bsp/relay.o
LOAD ./src/bsp/rs232.o
LOAD ./src/bsp/spi.o
LOAD ./src/bsp/system.o
LOAD ./src/bsp/temperature_humidity_probe.o
LOAD ./src/adapters/modbus_server.o
LOAD ./src/hal_entry.o
LOAD ./ra_gen/common_data.o
LOAD ./ra_gen/hal_data.o
LOAD ./ra_gen/main.o
LOAD ./ra_gen/pin_data.o
LOAD ./ra_gen/vector_data.o
LOAD ./ra/fsp/src/r_sci_uart/r_sci_uart.o
LOAD ./ra/fsp/src/r_ioport/r_ioport.o
LOAD ./ra/fsp/src/r_icu/r_icu.o
LOAD ./ra/fsp/src/r_gpt/r_gpt.o
LOAD ./ra/fsp/src/r_flash_lp/r_flash_lp.o
LOAD ./ra/fsp/src/r_adc/r_adc.o
LOAD ./ra/fsp/src/bsp/mcu/ra2l1/bsp_power.o
LOAD ./ra/fsp/src/bsp/mcu/all/bsp_clocks.o
LOAD ./ra/fsp/src/bsp/mcu/all/bsp_common.o
LOAD ./ra/fsp/src/bsp/mcu/all/bsp_delay.o
LOAD ./ra/fsp/src/bsp/mcu/all/bsp_group_irq.o
LOAD ./ra/fsp/src/bsp/mcu/all/bsp_guard.o
LOAD ./ra/fsp/src/bsp/mcu/all/bsp_io.o
LOAD ./ra/fsp/src/bsp/mcu/all/bsp_irq.o
LOAD ./ra/fsp/src/bsp/mcu/all/bsp_macl.o
LOAD ./ra/fsp/src/bsp/mcu/all/bsp_register_protection.o
LOAD ./ra/fsp/src/bsp/mcu/all/bsp_rom_registers.o
LOAD ./ra/fsp/src/bsp/mcu/all/bsp_sbrk.o
LOAD ./ra/fsp/src/bsp/mcu/all/bsp_sdram.o
LOAD ./ra/fsp/src/bsp/mcu/all/bsp_security.o
LOAD ./ra/fsp/src/bsp/cmsis/Device/RENESAS/Source/startup.o
LOAD ./ra/fsp/src/bsp/cmsis/Device/RENESAS/Source/system.o
LOAD ./libs/c-watcher/src/watcher.o
LOAD ./libs/c-stopwatch/src/stopwatch.o
LOAD ./libs/c-stopwatch/src/stopwatch_timer.o
LOAD ./libs/c-debounce/src/debounce.o
LOAD ./libs/c-debounce/src/keypad.o
LOAD ./libs/c-debounce/src/pulsecounter.o
END GROUP
START GROUP
LOAD /home/maldus/Local/renesas/e2_studio/toolchains/gcc_arm/13_2-Rel1/arm-gnu-toolchain-13.2.Rel1-x86_64-arm-none-eabi/bin/../lib/gcc/arm-none-eabi/13.2.1/thumb/v8-m.base/nofp/libgcc.a
LOAD /home/maldus/Local/renesas/e2_studio/toolchains/gcc_arm/13_2-Rel1/arm-gnu-toolchain-13.2.Rel1-x86_64-arm-none-eabi/bin/../lib/gcc/arm-none-eabi/13.2.1/../../../../arm-none-eabi/lib/thumb/v8-m.base/nofp/libg_nano.a
LOAD /home/maldus/Local/renesas/e2_studio/toolchains/gcc_arm/13_2-Rel1/arm-gnu-toolchain-13.2.Rel1-x86_64-arm-none-eabi/bin/../lib/gcc/arm-none-eabi/13.2.1/../../../../arm-none-eabi/lib/thumb/v8-m.base/nofp/libc_nano.a
END GROUP
START GROUP
LOAD /home/maldus/Local/renesas/e2_studio/toolchains/gcc_arm/13_2-Rel1/arm-gnu-toolchain-13.2.Rel1-x86_64-arm-none-eabi/bin/../lib/gcc/arm-none-eabi/13.2.1/thumb/v8-m.base/nofp/libgcc.a
LOAD /home/maldus/Local/renesas/e2_studio/toolchains/gcc_arm/13_2-Rel1/arm-gnu-toolchain-13.2.Rel1-x86_64-arm-none-eabi/bin/../lib/gcc/arm-none-eabi/13.2.1/../../../../arm-none-eabi/lib/thumb/v8-m.base/nofp/libc_nano.a
END GROUP
LOAD /home/maldus/Local/renesas/e2_studio/toolchains/gcc_arm/13_2-Rel1/arm-gnu-toolchain-13.2.Rel1-x86_64-arm-none-eabi/bin/../lib/gcc/arm-none-eabi/13.2.1/thumb/v8-m.base/nofp/crtend.o
LOAD /home/maldus/Local/renesas/e2_studio/toolchains/gcc_arm/13_2-Rel1/arm-gnu-toolchain-13.2.Rel1-x86_64-arm-none-eabi/bin/../lib/gcc/arm-none-eabi/13.2.1/thumb/v8-m.base/nofp/crtn.o
                0x20000000                        RAM_START = 0x20000000
                0x00008000                        RAM_LENGTH = 0x8000
                0x00000000                        FLASH_START = 0x0
                0x00040000                        FLASH_LENGTH = 0x40000
                0x40100000                        DATA_FLASH_START = 0x40100000
                0x00002000                        DATA_FLASH_LENGTH = 0x2000
                0x00000000                        OPTION_SETTING_START = 0x0
                0x00000000                        OPTION_SETTING_LENGTH = 0x0
                0x80000000                        OPTION_SETTING_S_START = 0x80000000
                0x00000000                        OPTION_SETTING_S_LENGTH = 0x0
                0x01010018                        ID_CODE_START = 0x1010018
                0x00000020                        ID_CODE_LENGTH = 0x20
                0x80010000                        SDRAM_START = 0x80010000
                0x00000000                        SDRAM_LENGTH = 0x0
                0x60000000                        QSPI_FLASH_START = 0x60000000
                0x00000000                        QSPI_FLASH_LENGTH = 0x0
                0x80020000                        OSPI_DEVICE_0_START = 0x80020000
                0x00000000                        OSPI_DEVICE_0_LENGTH = 0x0
                0x80030000                        OSPI_DEVICE_1_START = 0x80030000
                0x00000000                        OSPI_DEVICE_1_LENGTH = 0x0
                0x00000000                        QSPI_FLASH_PRV_LENGTH = DEFINED (QSPI_FLASH_SIZE)?ABSOLUTE (QSPI_FLASH_SIZE):ABSOLUTE (QSPI_FLASH_LENGTH)
                0x00000000                        OSPI_DEVICE_0_PRV_LENGTH = DEFINED (OSPI_DEVICE_0_SIZE)?ABSOLUTE (OSPI_DEVICE_0_SIZE):ABSOLUTE (OSPI_DEVICE_0_LENGTH)
                0x00000000                        OSPI_DEVICE_1_PRV_LENGTH = DEFINED (OSPI_DEVICE_1_SIZE)?ABSOLUTE (OSPI_DEVICE_1_SIZE):ABSOLUTE (OSPI_DEVICE_1_LENGTH)
                0x00000000                        __RESERVE_NS_RAM = ((! (DEFINED (PROJECT_NONSECURE)) && DEFINED (RAM_NS_BUFFER_LENGTH)) && (OPTION_SETTING_S_LENGTH != 0x0))
                0x00000000                        ITCM_START = DEFINED (ITCM_START)?ITCM_START:0x0
                0x00000000                        ITCM_LENGTH = DEFINED (ITCM_LENGTH)?ITCM_LENGTH:0x0
                0x00000000                        DTCM_START = DEFINED (DTCM_START)?DTCM_START:0x0
                0x00000000                        DTCM_LENGTH = DEFINED (DTCM_LENGTH)?DTCM_LENGTH:0x0
                0x00000000                        RAM_NS_BUFFER_BLOCK_LENGTH = DEFINED (RAM_NS_BUFFER_LENGTH)?ALIGN (RAM_NS_BUFFER_LENGTH, 0x2000):0x0
                0x00000000                        RAM_NS_BUFFER_LENGTH = DEFINED (RAM_NS_BUFFER_LENGTH)?RAM_NS_BUFFER_LENGTH:0x0
                0x20008000                        RAM_NS_BUFFER_START = ((RAM_START + RAM_LENGTH) - RAM_NS_BUFFER_LENGTH)
                0x20008000                        RAM_NS_BUFFER_BLOCK_START = ((RAM_START + RAM_LENGTH) - RAM_NS_BUFFER_BLOCK_LENGTH)
                0x00000080                        OPTION_SETTING_START_NS = DEFINED (PROJECT_NONSECURE)?OPTION_SETTING_START:(OPTION_SETTING_START + 0x80)
                0x00000001                        __bl_FSP_BOOTABLE_IMAGE = 0x1
                0x00000001                        __bln_FSP_BOOTABLE_IMAGE = 0x1
                0x00000000                        PROJECT_SECURE_OR_FLAT = (((! (DEFINED (PROJECT_NONSECURE)) || DEFINED (PROJECT_SECURE)) && OPTION_SETTING_LENGTH) && ! (DEFINED (FSP_BOOTABLE_IMAGE)))
                0x00000000                        USE_OPTION_SETTING_NS = (DEFINED (PROJECT_NONSECURE) && ! (DEFINED (FSP_BOOTABLE_IMAGE)))
                0x00000000                        __bl_FLASH_IMAGE_START = ! (DEFINED (FLASH_BOOTLOADER_LENGTH))?0x0:(FLASH_APPLICATION_IMAGE_NUMBER == 0x1)?((FLASH_START + FLASH_BOOTLOADER_LENGTH) + FLASH_BOOTLOADER_HEADER_LENGTH):(DEFINED (BOOTLOADER_SECONDARY_USE_QSPI) || DEFINED (BOOTLOADER_SECONDARY_USE_OSPI_B))?(((FLASH_START + FLASH_BOOTLOADER_LENGTH) + FLASH_BOOTLOADER_SCRATCH_LENGTH) + FLASH_BOOTLOADER_HEADER_LENGTH):((((FLASH_START + FLASH_BOOTLOADER_LENGTH) + FLASH_BOOTLOADER_SCRATCH_LENGTH) + FLASH_APPLICATION_S_LENGTH) + FLASH_BOOTLOADER_HEADER_LENGTH)
                0x00000000                        __bl_FLASH_IMAGE_LENGTH = ! (DEFINED (FLASH_BOOTLOADER_LENGTH))?0x0:(FLASH_APPLICATION_S_LENGTH - FLASH_BOOTLOADER_HEADER_LENGTH)
                0x00000000                        __bl_FLASH_IMAGE_END = (__bl_FLASH_IMAGE_START + __bl_FLASH_IMAGE_LENGTH)
                0x00000000                        __bl_XIP_SECONDARY_FLASH_IMAGE_START = ! (DEFINED (FLASH_BOOTLOADER_LENGTH))?0x0:((FLASH_BOOTLOADER_LENGTH + FLASH_APPLICATION_S_LENGTH) + FLASH_BOOTLOADER_HEADER_LENGTH)
                0x00000000                        __bl_XIP_SECONDARY_FLASH_IMAGE_END = (__bl_XIP_SECONDARY_FLASH_IMAGE_START + __bl_FLASH_IMAGE_LENGTH)
                0x00000000                        __bl_FLASH_NS_START = ! (DEFINED (FLASH_BOOTLOADER_LENGTH))?0x0:(FLASH_APPLICATION_NS_LENGTH == 0x0)?__bl_FLASH_IMAGE_END:((__bl_FLASH_IMAGE_START - FLASH_BOOTLOADER_HEADER_LENGTH) + FLASH_APPLICATION_S_LENGTH)
                0x00000000                        __bl_FLASH_NSC_START = ! (DEFINED (FLASH_BOOTLOADER_LENGTH))?0x0:(FLASH_APPLICATION_NS_LENGTH == 0x0)?__bl_FLASH_IMAGE_END:(__bl_FLASH_IMAGE_END - FLASH_APPLICATION_NSC_LENGTH)
                0x00000000                        __bl_RAM_NS_START = ! (DEFINED (FLASH_BOOTLOADER_LENGTH))?0x0:(FLASH_APPLICATION_NS_LENGTH == 0x0)?(RAM_START + RAM_LENGTH):((RAM_START + RAM_LENGTH) - RAM_APPLICATION_NS_LENGTH)
                0x00000000                        __bl_RAM_NSC_START = ! (DEFINED (FLASH_BOOTLOADER_LENGTH))?0x0:(FLASH_APPLICATION_NS_LENGTH == 0x0)?(RAM_START + RAM_LENGTH):(__bl_RAM_NS_START - RAM_APPLICATION_NSC_LENGTH)
                0x00000000                        __bl_FLASH_NS_IMAGE_START = ! (DEFINED (FLASH_BOOTLOADER_LENGTH))?0x0:(FLASH_APPLICATION_NS_LENGTH == 0x0)?__bl_FLASH_IMAGE_END:(__bl_FLASH_NS_START + FLASH_BOOTLOADER_HEADER_LENGTH_2)
                0x00000000                        __bln_FLASH_IMAGE_START = (__bl_FLASH_NS_IMAGE_START | ! (DEFINED (NS_OFFSET_START))?0x0:NS_OFFSET_START)
                0x00000000                        __bln_FLASH_IMAGE_LENGTH = ! (DEFINED (FLASH_BOOTLOADER_LENGTH))?0x0:(FLASH_APPLICATION_NS_LENGTH == 0x0)?__bl_FLASH_IMAGE_END:(FLASH_APPLICATION_NS_LENGTH - FLASH_BOOTLOADER_HEADER_LENGTH_2)
                0x00000000                        XIP_SECONDARY_SLOT_IMAGE = DEFINED (XIP_SECONDARY_SLOT_IMAGE)?XIP_SECONDARY_SLOT_IMAGE:0x0
                0x00000000                        FLASH_ORIGIN = ! (DEFINED (FLASH_IMAGE_START))?FLASH_START:(XIP_SECONDARY_SLOT_IMAGE == 0x1)?XIP_SECONDARY_FLASH_IMAGE_START:FLASH_IMAGE_START
                0x00040000                        LIMITED_FLASH_LENGTH = DEFINED (FLASH_IMAGE_LENGTH)?FLASH_IMAGE_LENGTH:DEFINED (FLASH_BOOTLOADER_LENGTH)?FLASH_BOOTLOADER_LENGTH:FLASH_LENGTH
                0x00000034                        OPTION_SETTING_SAS_SIZE = 0x34
                0x00000000                        OPTION_SETTING_SAS_LENGTH = ! (DEFINED (OPTION_SETTING_LENGTH))?0x0:(OPTION_SETTING_LENGTH == 0x0)?0x0:(OPTION_SETTING_LENGTH - OPTION_SETTING_SAS_SIZE)
START GROUP
LOAD /home/maldus/Local/renesas/e2_studio/toolchains/gcc_arm/13_2-Rel1/arm-gnu-toolchain-13.2.Rel1-x86_64-arm-none-eabi/bin/../lib/gcc/arm-none-eabi/13.2.1/thumb/v8-m.base/nofp/libgcc.a
LOAD /home/maldus/Local/renesas/e2_studio/toolchains/gcc_arm/13_2-Rel1/arm-gnu-toolchain-13.2.Rel1-x86_64-arm-none-eabi/bin/../lib/gcc/arm-none-eabi/13.2.1/../../../../arm-none-eabi/lib/thumb/v8-m.base/nofp/libc.a
LOAD /home/maldus/Local/renesas/e2_studio/toolchains/gcc_arm/13_2-Rel1/arm-gnu-toolchain-13.2.Rel1-x86_64-arm-none-eabi/bin/../lib/gcc/arm-none-eabi/13.2.1/../../../../arm-none-eabi/lib/thumb/v8-m.base/nofp/libm.a
END GROUP

.text           0x00000000     0x70dc
                0x00000000                        __tz_FLASH_S = ABSOLUTE (FLASH_START)
                0x00000000                        __ROM_Start = .
 *(.fixed_vectors*)
 .fixed_vectors
                0x00000000       0x40 ./ra/fsp/src/bsp/cmsis/Device/RENESAS/Source/startup.o
                0x00000000                __Vectors
 *(.application_vectors*)
 .application_vectors
                0x00000040       0x80 ./ra_gen/vector_data.o
                0x00000040                g_vector_table
                0x000000c0                        __Vectors_End = .
 *(.flash_gap*)
                0x00000400                        . = (OPTION_SETTING_LENGTH > 0x0)?.:(__ROM_Start + 0x400)
 *fill*         0x000000c0      0x340 ff
 *(.rom_registers*)
 .rom_registers
                0x00000400       0x3c ./ra/fsp/src/bsp/mcu/all/bsp_rom_registers.o
 *(.mcuboot_sce9_key*)
 *(.text*)
 .text.deregister_tm_clones
                0x0000043c       0x24 /home/maldus/Local/renesas/e2_studio/toolchains/gcc_arm/13_2-Rel1/arm-gnu-toolchain-13.2.Rel1-x86_64-arm-none-eabi/bin/../lib/gcc/arm-none-eabi/13.2.1/thumb/v8-m.base/nofp/crtbegin.o
 .text.register_tm_clones
                0x00000460       0x2c /home/maldus/Local/renesas/e2_studio/toolchains/gcc_arm/13_2-Rel1/arm-gnu-toolchain-13.2.Rel1-x86_64-arm-none-eabi/bin/../lib/gcc/arm-none-eabi/13.2.1/thumb/v8-m.base/nofp/crtbegin.o
 .text.__do_global_dtors_aux
                0x0000048c       0x30 /home/maldus/Local/renesas/e2_studio/toolchains/gcc_arm/13_2-Rel1/arm-gnu-toolchain-13.2.Rel1-x86_64-arm-none-eabi/bin/../lib/gcc/arm-none-eabi/13.2.1/thumb/v8-m.base/nofp/crtbegin.o
 .text.frame_dummy
                0x000004bc       0x28 /home/maldus/Local/renesas/e2_studio/toolchains/gcc_arm/13_2-Rel1/arm-gnu-toolchain-13.2.Rel1-x86_64-arm-none-eabi/bin/../lib/gcc/arm-none-eabi/13.2.1/thumb/v8-m.base/nofp/crtbegin.o
 .text.crc16_ccitt
                0x000004e4       0x2a ./src/services/crc16-ccitt.o
                0x000004e4                crc16_ccitt
 .text.paused_exit
                0x0000050e       0x14 ./src/model/cycle.o
 .text.fix_timer
                0x00000522       0x26 ./src/model/cycle.o
 .text.paused_entry
                0x00000548       0x62 ./src/model/cycle.o
 .text.start_everything
                0x000005aa       0x50 ./src/model/cycle.o
 .text.should_time_be_running
                0x000005fa       0x20 ./src/model/cycle.o
 .text.paused_event_manager
                0x0000061a       0x64 ./src/model/cycle.o
 .text.prepare_cycle_time
                0x0000067e       0x26 ./src/model/cycle.o
 .text.running_event_manager
                0x000006a4      0x140 ./src/model/cycle.o
 .text.standby_event_manager
                0x000007e4       0xd8 ./src/model/cycle.o
 .text.wait_start_event_manager
                0x000008bc       0x8c ./src/model/cycle.o
 .text.stopped_event_manager
                0x00000948       0x8a ./src/model/cycle.o
 .text.stop_everything
                0x000009d2       0x66 ./src/model/cycle.o
 .text.stopped_entry
                0x00000a38        0x8 ./src/model/cycle.o
 .text.cycle_send_event
                0x00000a40       0x4c ./src/model/cycle.o
                0x00000a40                cycle_send_event
 .text.timer_event_callback
                0x00000a8c       0x10 ./src/model/cycle.o
 .text.cycle_init
                0x00000a9c       0x56 ./src/model/cycle.o
                0x00000a9c                cycle_init
 .text.cycle_change_remaining_time
                0x00000af2       0x44 ./src/model/cycle.o
                0x00000af2                cycle_change_remaining_time
 .text.cycle_cold_start
                0x00000b36       0x18 ./src/model/cycle.o
                0x00000b36                cycle_cold_start
 .text.cycle_check
                0x00000b4e       0x10 ./src/model/cycle.o
                0x00000b4e                cycle_check
 .text.cycle_manage
                0x00000b5e       0x3e ./src/model/cycle.o
                0x00000b5e                cycle_manage
 .text.cycle_set_duration
                0x00000b9c       0x5e ./src/model/cycle.o
                0x00000b9c                cycle_set_duration
 .text.cycle_increase_duration
                0x00000bfa       0x2e ./src/model/cycle.o
                0x00000bfa                cycle_increase_duration
 .text.setpoint_reached_entry
                0x00000c28       0x14 ./src/model/heating.o
 .text.setpoint_reached_event_manager
                0x00000c3c       0x46 ./src/model/heating.o
 .text.on_event_manager
                0x00000c82       0x48 ./src/model/heating.o
 .text.off_event_manager
                0x00000cca       0x3e ./src/model/heating.o
 .text.on_exit  0x00000d08       0x1c ./src/model/heating.o
 .text.on_entry
                0x00000d24       0x1c ./src/model/heating.o
 .text.heating_send_event
                0x00000d40       0x4c ./src/model/heating.o
                0x00000d40                heating_send_event
 .text.heating_init
                0x00000d8c       0x14 ./src/model/heating.o
                0x00000d8c                heating_init
 .text.heating_manage
                0x00000da0       0x3e ./src/model/heating.o
                0x00000da0                heating_manage
 .text.heating_on
                0x00000dde        0xe ./src/model/heating.o
                0x00000dde                heating_on
 .text.heating_off
                0x00000dec        0xe ./src/model/heating.o
                0x00000dec                heating_off
 .text.ptc_temperature_from_adc_value
                0x00000dfa       0x2e ./src/model/model.o
 .text.is_input_active
                0x00000e28       0x1a ./src/model/model.o
 .text.is_payment_present
                0x00000e42       0x20 ./src/model/model.o
 .text.get_pwm_drum_percentage
                0x00000e62       0x3e ./src/model/model.o
 .text.set_drum_timestamp
                0x00000ea0       0x16 ./src/model/model.o
 .text.communication_is_missing
                0x00000eb6       0x18 ./src/model/model.o
 .text.model_init
                0x00000ece       0x48 ./src/model/model.o
                0x00000ece                model_init
 .text.model_is_inverter_alarm_active
                0x00000f16       0x2e ./src/model/model.o
                0x00000f16                model_is_inverter_alarm_active
 .text.model_is_emergency_alarm_active
                0x00000f44       0x2e ./src/model/model.o
                0x00000f44                model_is_emergency_alarm_active
 .text.model_is_filter_alarm_active
                0x00000f72       0x2e ./src/model/model.o
                0x00000f72                model_is_filter_alarm_active
 .text.model_is_porthole_open
                0x00000fa0       0x2e ./src/model/model.o
                0x00000fa0                model_is_porthole_open
 .text.model_cycle_resume
                0x00000fce       0x10 ./src/model/model.o
                0x00000fce                model_cycle_resume
 .text.model_cycle_pause
                0x00000fde       0x10 ./src/model/model.o
                0x00000fde                model_cycle_pause
 .text.model_cycle_standby
                0x00000fee       0x10 ./src/model/model.o
                0x00000fee                model_cycle_standby
 .text.model_cycle_stop
                0x00000ffe       0x10 ./src/model/model.o
                0x00000ffe                model_cycle_stop
 .text.model_get_step_duration_seconds
                0x0000100e       0x32 ./src/model/model.o
                0x0000100e                model_get_step_duration_seconds
 .text.model_is_step_endless
                0x00001040       0x38 ./src/model/model.o
                0x00001040                model_is_step_endless
 .text.model_get_cycle_remaining_time
                0x00001078       0x2a ./src/model/model.o
                0x00001078                model_get_cycle_remaining_time
 .text.model_is_cycle_on
                0x000010a2       0x30 ./src/model/model.o
                0x000010a2                model_is_cycle_on
 .text.model_get_pwm_drum_percentage
                0x000010d2       0x38 ./src/model/model.o
                0x000010d2                model_get_pwm_drum_percentage
 .text.model_update_sensors
                0x0000110a       0xce ./src/model/model.o
                0x0000110a                model_update_sensors
 .text.model_pwoff_serialize
                0x000011d8      0x130 ./src/model/model.o
                0x000011d8                model_pwoff_serialize
 .text.model_pwoff_deserialize
                0x00001308      0x15e ./src/model/model.o
                0x00001308                model_pwoff_deserialize
 .text.model_clear_coins
                0x00001466       0x30 ./src/model/model.o
                0x00001466                model_clear_coins
 .text.model_heating_enabled
                0x00001496       0x2e ./src/model/model.o
                0x00001496                model_heating_enabled
 .text.model_ciclo_continuo
                0x000014c4       0x3c ./src/model/model.o
                0x000014c4                model_ciclo_continuo
 .text.model_get_elapsed_seconds
                0x00001500       0x5a ./src/model/model.o
                0x00001500                model_get_elapsed_seconds
 .text.model_get_remaining_seconds
                0x0000155a       0x5a ./src/model/model.o
                0x0000155a                model_get_remaining_seconds
 .text.model_get_setpoint
                0x000015b4       0x2a ./src/model/model.o
                0x000015b4                model_get_setpoint
 .text.model_get_default_temperature
                0x000015de       0x6c ./src/model/model.o
                0x000015de                model_get_default_temperature
 .text.model_add_work_time_ms
                0x0000164a       0x34 ./src/model/model.o
                0x0000164a                model_add_work_time_ms
 .text.model_add_rotation_time_ms
                0x0000167e       0x34 ./src/model/model.o
                0x0000167e                model_add_rotation_time_ms
 .text.model_add_ventilation_time_ms
                0x000016b2       0x34 ./src/model/model.o
                0x000016b2                model_add_ventilation_time_ms
 .text.model_add_heating_time_ms
                0x000016e6       0x34 ./src/model/model.o
                0x000016e6                model_add_heating_time_ms
 .text.model_over_safety_temperature
                0x0000171a       0x3a ./src/model/model.o
                0x0000171a                model_over_safety_temperature
 .text.model_drum_forward
                0x00001754       0x32 ./src/model/model.o
                0x00001754                model_drum_forward
 .text.model_drum_backward
                0x00001786       0x32 ./src/model/model.o
                0x00001786                model_drum_backward
 .text.model_drum_stop
                0x000017b8       0x4e ./src/model/model.o
                0x000017b8                model_drum_stop
 .text.model_is_drum_running_forward
                0x00001806       0x32 ./src/model/model.o
                0x00001806                model_is_drum_running_forward
 .text.model_is_cycle_active
                0x00001838       0x40 ./src/model/model.o
                0x00001838                model_is_cycle_active
 .text.model_is_fan_on
                0x00001878       0x6a ./src/model/model.o
                0x00001878                model_is_fan_on
 .text.model_get_active_alarms
                0x000018e2       0xca ./src/model/model.o
                0x000018e2                model_get_active_alarms
 .text.model_fix_alarms
                0x000019ac       0x52 ./src/model/model.o
                0x000019ac                model_fix_alarms
 .text.model_clear_alarms
                0x000019fe       0x36 ./src/model/model.o
                0x000019fe                model_clear_alarms
 .text.model_get_relay_map
                0x00001a34      0x112 ./src/model/model.o
                0x00001a34                model_get_relay_map
 .text.get_pwm_fan_percentage
                0x00001b46       0x3c ./src/model/model.o
 .text.model_get_pwm_fan_percentage
                0x00001b82       0x38 ./src/model/model.o
                0x00001b82                model_get_pwm_fan_percentage
 .text.model_manage
                0x00001bba      0x1a6 ./src/model/model.o
                0x00001bba                model_manage
 .text.model_reset_burner
                0x00001d60       0x3e ./src/model/model.o
                0x00001d60                model_reset_burner
 .text.model_cycle_over
                0x00001d9e       0x5e ./src/model/model.o
                0x00001d9e                model_cycle_over
 .text.model_is_time_held_by_humidity
                0x00001dfc       0x20 ./src/model/model.o
                0x00001dfc                model_is_time_held_by_humidity
 .text.model_is_time_held_by_temperature
                0x00001e1c       0x14 ./src/model/model.o
                0x00001e1c                model_is_time_held_by_temperature
 .text.controller_init
                0x00001e30       0x36 ./src/controller/controller.o
                0x00001e30                controller_init
 .text.controller_manage
                0x00001e66       0xb6 ./src/controller/controller.o
                0x00001e66                controller_manage
 .text.controller_power_off
                0x00001f1c       0x36 ./src/controller/controller.o
                0x00001f1c                controller_power_off
 .text.update_coin_reader_inhibit
                0x00001f52        0xa ./src/controller/observer.o
 .text.update_alarms
                0x00001f5c       0x18 ./src/controller/observer.o
 .text.update_pwm
                0x00001f74       0x1c ./src/controller/observer.o
 .text.refresh_relays
                0x00001f90       0x22 ./src/controller/observer.o
 .text.update_relays
                0x00001fb2       0x12 ./src/controller/observer.o
 .text.observer_manage
                0x00001fc4       0x3a ./src/controller/observer.o
                0x00001fc4                observer_manage
 .text.observer_init
                0x00001ffe       0xaa ./src/controller/observer.o
                0x00001ffe                observer_init
 .text.bsp_adc_init
                0x000020a8       0x7e ./src/bsp/adc.o
                0x000020a8                bsp_adc_init
 .text.bsp_adc_manage
                0x00002126       0xa2 ./src/bsp/adc.o
                0x00002126                bsp_adc_manage
 .text.bsp_adc_get
                0x000021c8       0x38 ./src/bsp/adc.o
                0x000021c8                bsp_adc_get
 .text.bsp_adc_callback
                0x00002200        0x2 ./src/bsp/adc.o
                0x00002200                bsp_adc_callback
 .text.bsp_coin_reader_enable
                0x00002202       0x2e ./src/bsp/coin_reader.o
                0x00002202                bsp_coin_reader_enable
 .text.bsp_coin_reader_init
                0x00002230       0x1a ./src/bsp/coin_reader.o
                0x00002230                bsp_coin_reader_init
 .text.bsp_coin_reader_manage
                0x0000224a       0x86 ./src/bsp/coin_reader.o
                0x0000224a                bsp_coin_reader_manage
 .text.bsp_coin_reader_read
                0x000022d0       0x1c ./src/bsp/coin_reader.o
                0x000022d0                bsp_coin_reader_read
 .text.bsp_coin_reader_clear
                0x000022ec       0x20 ./src/bsp/coin_reader.o
                0x000022ec                bsp_coin_reader_clear
 .text.bsp_digin_init
                0x0000230c       0x10 ./src/bsp/digin.o
                0x0000230c                bsp_digin_init
 .text.bsp_digin_is_ready
                0x0000231c       0x14 ./src/bsp/digin.o
                0x0000231c                bsp_digin_is_ready
 .text.bsp_digin_manage
                0x00002330       0xa6 ./src/bsp/digin.o
                0x00002330                bsp_digin_manage
 .text.bsp_digin_get_bitmap
                0x000023d6        0xc ./src/bsp/digin.o
                0x000023d6                bsp_digin_get_bitmap
 .text.bsp_heartbit_manage
                0x000023e2       0xac ./src/bsp/heartbit.o
                0x000023e2                bsp_heartbit_manage
 .text.erase_block
                0x0000248e       0x3e ./src/bsp/power_off.o
 .text.find_last_sub_block_index
                0x000024cc       0x82 ./src/bsp/power_off.o
 .text.power_off_callback
                0x0000254e       0x1c ./src/bsp/power_off.o
                0x0000254e                power_off_callback
 .text.bsp_power_off_init
                0x0000256a      0x10e ./src/bsp/power_off.o
                0x0000256a                bsp_power_off_init
 .text.bsp_power_off_save
                0x00002678       0x96 ./src/bsp/power_off.o
                0x00002678                bsp_power_off_save
 .text.bsp_power_off_load
                0x0000270e       0x4e ./src/bsp/power_off.o
                0x0000270e                bsp_power_off_load
 .text.bsp_pwm_init
                0x0000275c       0x5e ./src/bsp/pwm.o
                0x0000275c                bsp_pwm_init
 .text.bsp_pwm_update
                0x000027ba       0x5e ./src/bsp/pwm.o
                0x000027ba                bsp_pwm_update
 .text.bsp_relay_update
                0x00002818       0x3a ./src/bsp/relay.o
                0x00002818                bsp_relay_update
 .text.bsp_rs232_init
                0x00002852       0x16 ./src/bsp/rs232.o
                0x00002852                bsp_rs232_init
 .text.bsp_rs232_write
                0x00002868       0x1a ./src/bsp/rs232.o
                0x00002868                bsp_rs232_write
 .text.bsp_rs232_read
                0x00002882       0x26 ./src/bsp/rs232.o
                0x00002882                bsp_rs232_read
 .text.bsp_rs232_flush
                0x000028a8        0xe ./src/bsp/rs232.o
                0x000028a8                bsp_rs232_flush
 .text.rs232_callback
                0x000028b6       0x4e ./src/bsp/rs232.o
                0x000028b6                rs232_callback
 .text.bsp_rs232_timed_out
                0x00002904       0x1c ./src/bsp/rs232.o
                0x00002904                bsp_rs232_timed_out
 .text.spi_master_exchange
                0x00002920       0xb2 ./src/bsp/spi.o
                0x00002920                spi_master_exchange
 .text.SysTick_Config
                0x000029d2       0x3a ./src/bsp/system.o
 .text.SysTick_Handler
                0x00002a0c       0x10 ./src/bsp/system.o
                0x00002a0c                SysTick_Handler
 .text.bsp_system_init
                0x00002a1c       0x2a ./src/bsp/system.o
                0x00002a1c                bsp_system_init
 .text.bsp_system_get_millis
                0x00002a46        0xc ./src/bsp/system.o
                0x00002a46                bsp_system_get_millis
 .text.crc8_ccitt
                0x00002a52       0x1e ./src/bsp/temperature_humidity_probe.o
 .text.temperature_humidity_probe_read
                0x00002a70       0x94 ./src/bsp/temperature_humidity_probe.o
                0x00002a70                temperature_humidity_probe_read
 .text.modbusMaskWrite
                0x00002b04       0x2c ./src/adapters/modbus_server.o
 .text.modbusIsOk
                0x00002b30       0x18 ./src/adapters/modbus_server.o
 .text.static_allocator
                0x00002b48       0x28 ./src/adapters/modbus_server.o
 .text.exception_callback
                0x00002b70        0x4 ./src/adapters/modbus_server.o
 .text.register_callback
                0x00002b74      0x500 ./src/adapters/modbus_server.o
 .text.modbusBufferInit
                0x00003074       0x12 ./src/adapters/modbus_server.o
                0x00003074                modbusBufferInit
 .text.modbusBufferAllocateADU
                0x00003086       0x32 ./src/adapters/modbus_server.o
                0x00003086                modbusBufferAllocateADU
 .text.modbusBufferFree
                0x000030b8        0xc ./src/adapters/modbus_server.o
                0x000030b8                modbusBufferFree
 .text.modbusCRC
                0x000030c4       0x38 ./src/adapters/modbus_server.o
                0x000030c4                modbusCRC
 .text.modbusSlaveInit
                0x000030fc       0x1e ./src/adapters/modbus_server.o
                0x000030fc                modbusSlaveInit
 .text.modbusBuildException
                0x0000311a       0x32 ./src/adapters/modbus_server.o
                0x0000311a                modbusBuildException
 .text.modbusParseRequest01020304
                0x0000314c      0x180 ./src/adapters/modbus_server.o
                0x0000314c                modbusParseRequest01020304
 .text.modbusParseRequest1516
                0x000032cc      0x1b6 ./src/adapters/modbus_server.o
                0x000032cc                modbusParseRequest1516
 .text.modbusParseRequest
                0x00003482       0x32 ./src/adapters/modbus_server.o
                0x00003482                modbusParseRequest
 .text.modbusParseRequestRTU
                0x000034b4       0xd4 ./src/adapters/modbus_server.o
                0x000034b4                modbusParseRequestRTU
 .text.modbus_server_init
                0x00003588       0x5e ./src/adapters/modbus_server.o
                0x00003588                modbus_server_init
 .text.modbus_server_manage
                0x000035e6       0x66 ./src/adapters/modbus_server.o
                0x000035e6                modbus_server_manage
 .text.hal_entry
                0x0000364c       0x86 ./src/hal_entry.o
                0x0000364c                hal_entry
 .text.R_BSP_WarmStart
                0x000036d2       0x2e ./src/hal_entry.o
                0x000036d2                R_BSP_WarmStart
 .text.main     0x00003700        0xa ./ra_gen/main.o
                0x00003700                main
 .text.R_SCI_UART_Read
                0x0000370a        0x8 ./ra/fsp/src/r_sci_uart/r_sci_uart.o
                0x0000370a                R_SCI_UART_Read
 *fill*         0x00003712        0x2 ff
 .text.R_SCI_UART_Write
                0x00003714       0x50 ./ra/fsp/src/r_sci_uart/r_sci_uart.o
                0x00003714                R_SCI_UART_Write
 .text.R_SCI_UART_CallbackSet
                0x00003764        0xa ./ra/fsp/src/r_sci_uart/r_sci_uart.o
                0x00003764                R_SCI_UART_CallbackSet
 .text.R_SCI_UART_InfoGet
                0x0000376e        0xc ./ra/fsp/src/r_sci_uart/r_sci_uart.o
                0x0000376e                R_SCI_UART_InfoGet
 .text.R_SCI_UART_Abort
                0x0000377a       0x28 ./ra/fsp/src/r_sci_uart/r_sci_uart.o
                0x0000377a                R_SCI_UART_Abort
 .text.R_SCI_UART_ReadStop
                0x000037a2        0xc ./ra/fsp/src/r_sci_uart/r_sci_uart.o
                0x000037a2                R_SCI_UART_ReadStop
 .text.r_sci_uart_baud_set
                0x000037ae       0x2a ./ra/fsp/src/r_sci_uart/r_sci_uart.o
 .text.r_sci_uart_config_set
                0x000037d8       0x98 ./ra/fsp/src/r_sci_uart/r_sci_uart.o
 .text.R_SCI_UART_BaudSet
                0x00003870       0x24 ./ra/fsp/src/r_sci_uart/r_sci_uart.o
                0x00003870                R_SCI_UART_BaudSet
 .text.r_sci_uart_call_callback
                0x00003894       0x4c ./ra/fsp/src/r_sci_uart/r_sci_uart.o
 .text.R_SCI_UART_Close
                0x000038e0       0x60 ./ra/fsp/src/r_sci_uart/r_sci_uart.o
                0x000038e0                R_SCI_UART_Close
 .text.r_sci_irq_cfg
                0x00003940       0x20 ./ra/fsp/src/r_sci_uart/r_sci_uart.o
 .text.r_sci_irqs_cfg
                0x00003960       0x36 ./ra/fsp/src/r_sci_uart/r_sci_uart.o
 .text.R_SCI_UART_Open
                0x00003996      0x100 ./ra/fsp/src/r_sci_uart/r_sci_uart.o
                0x00003996                R_SCI_UART_Open
 *fill*         0x00003a96        0x2 ff
 .text.sci_uart_txi_isr
                0x00003a98       0x8c ./ra/fsp/src/r_sci_uart/r_sci_uart.o
                0x00003a98                sci_uart_txi_isr
 .text.sci_uart_rxi_isr
                0x00003b24       0x8c ./ra/fsp/src/r_sci_uart/r_sci_uart.o
                0x00003b24                sci_uart_rxi_isr
 .text.sci_uart_tei_isr
                0x00003bb0       0x38 ./ra/fsp/src/r_sci_uart/r_sci_uart.o
                0x00003bb0                sci_uart_tei_isr
 .text.sci_uart_eri_isr
                0x00003be8       0x66 ./ra/fsp/src/r_sci_uart/r_sci_uart.o
                0x00003be8                sci_uart_eri_isr
 .text.R_BSP_PinAccessEnable
                0x00003c4e       0x3a ./ra/fsp/src/r_ioport/r_ioport.o
 .text.R_BSP_PinAccessDisable
                0x00003c88       0x46 ./ra/fsp/src/r_ioport/r_ioport.o
 .text.R_IOPORT_Close
                0x00003cce        0x8 ./ra/fsp/src/r_ioport/r_ioport.o
                0x00003cce                R_IOPORT_Close
 .text.R_IOPORT_PinRead
                0x00003cd6       0x22 ./ra/fsp/src/r_ioport/r_ioport.o
                0x00003cd6                R_IOPORT_PinRead
 .text.R_IOPORT_PortRead
                0x00003cf8       0x16 ./ra/fsp/src/r_ioport/r_ioport.o
                0x00003cf8                R_IOPORT_PortRead
 .text.R_IOPORT_PortWrite
                0x00003d0e       0x22 ./ra/fsp/src/r_ioport/r_ioport.o
                0x00003d0e                R_IOPORT_PortWrite
 .text.R_IOPORT_PinWrite
                0x00003d30       0x2c ./ra/fsp/src/r_ioport/r_ioport.o
                0x00003d30                R_IOPORT_PinWrite
 .text.R_IOPORT_PortDirectionSet
                0x00003d5c       0x24 ./ra/fsp/src/r_ioport/r_ioport.o
                0x00003d5c                R_IOPORT_PortDirectionSet
 .text.R_IOPORT_PortEventInputRead
                0x00003d80       0x18 ./ra/fsp/src/r_ioport/r_ioport.o
                0x00003d80                R_IOPORT_PortEventInputRead
 .text.R_IOPORT_PinEventInputRead
                0x00003d98       0x30 ./ra/fsp/src/r_ioport/r_ioport.o
                0x00003d98                R_IOPORT_PinEventInputRead
 .text.R_IOPORT_PortEventOutputWrite
                0x00003dc8       0x22 ./ra/fsp/src/r_ioport/r_ioport.o
                0x00003dc8                R_IOPORT_PortEventOutputWrite
 .text.r_ioport_hw_pin_event_output_data_write
                0x00003dea       0x2a ./ra/fsp/src/r_ioport/r_ioport.o
 .text.R_IOPORT_PinEventOutputWrite
                0x00003e14       0x12 ./ra/fsp/src/r_ioport/r_ioport.o
                0x00003e14                R_IOPORT_PinEventOutputWrite
 *fill*         0x00003e26        0x2 ff
 .text.r_ioport_pfs_write
                0x00003e28       0x44 ./ra/fsp/src/r_ioport/r_ioport.o
 .text.r_ioport_pins_config
                0x00003e6c       0x2a ./ra/fsp/src/r_ioport/r_ioport.o
 .text.R_IOPORT_Open
                0x00003e96       0x16 ./ra/fsp/src/r_ioport/r_ioport.o
                0x00003e96                R_IOPORT_Open
 .text.R_IOPORT_PinsCfg
                0x00003eac        0xc ./ra/fsp/src/r_ioport/r_ioport.o
                0x00003eac                R_IOPORT_PinsCfg
 .text.R_IOPORT_PinCfg
                0x00003eb8       0x1a ./ra/fsp/src/r_ioport/r_ioport.o
                0x00003eb8                R_IOPORT_PinCfg
 .text.R_ICU_ExternalIrqOpen
                0x00003ed2       0x68 ./ra/fsp/src/r_icu/r_icu.o
                0x00003ed2                R_ICU_ExternalIrqOpen
 .text.R_ICU_ExternalIrqEnable
                0x00003f3a        0xe ./ra/fsp/src/r_icu/r_icu.o
                0x00003f3a                R_ICU_ExternalIrqEnable
 .text.r_icu_isr
                0x00003f48       0x60 ./ra/fsp/src/r_icu/r_icu.o
                0x00003f48                r_icu_isr
 .text.R_GPT_Start
                0x00003fa8        0xa ./ra/fsp/src/r_gpt/r_gpt.o
                0x00003fa8                R_GPT_Start
 .text.gpt_common_open
                0x00003fb2       0x2e ./ra/fsp/src/r_gpt/r_gpt.o
 .text.gpt_hardware_events_disable
                0x00003fe0       0x1c ./ra/fsp/src/r_gpt/r_gpt.o
 .text.gpt_calculate_duty_cycle
                0x00003ffc       0x64 ./ra/fsp/src/r_gpt/r_gpt.o
 .text.R_GPT_DutyCycleSet
                0x00004060       0xbc ./ra/fsp/src/r_gpt/r_gpt.o
                0x00004060                R_GPT_DutyCycleSet
 .text.gpt_clock_frequency_get
                0x0000411c       0x34 ./ra/fsp/src/r_gpt/r_gpt.o
 .text.R_GPT_InfoGet
                0x00004150       0x1a ./ra/fsp/src/r_gpt/r_gpt.o
                0x00004150                R_GPT_InfoGet
 .text.gpt_gtior_calculate
                0x0000416a       0x2a ./ra/fsp/src/r_gpt/r_gpt.o
 .text.r_gpt_init_compare_match_channel
                0x00004194       0x26 ./ra/fsp/src/r_gpt/r_gpt.o
 .text.r_gpt_enable_irq
                0x000041ba        0xe ./ra/fsp/src/r_gpt/r_gpt.o
 .text.gpt_hardware_initialize
                0x000041c8      0x1ac ./ra/fsp/src/r_gpt/r_gpt.o
 .text.R_GPT_Open
                0x00004374       0x28 ./ra/fsp/src/r_gpt/r_gpt.o
                0x00004374                R_GPT_Open
 .text.r_flash_lp_init
                0x0000439c       0xb4 ./ra/fsp/src/r_flash_lp/r_flash_lp.o
 .text.r_flash_lp_df_write_operation
                0x00004450       0x30 ./ra/fsp/src/r_flash_lp/r_flash_lp.o
 .text.r_flash_lp_process_command
                0x00004480       0x3a ./ra/fsp/src/r_flash_lp/r_flash_lp.o
 .text.r_flash_lp_delay_us
                0x000044ba       0x10 ./ra/fsp/src/r_flash_lp/r_flash_lp.o
 .text.r_flash_lp_setup
                0x000044ca       0xa4 ./ra/fsp/src/r_flash_lp/r_flash_lp.o
 .text.r_flash_lp_write_fpmcr
                0x0000456e       0x2a ./ra/fsp/src/r_flash_lp/r_flash_lp.o
 .text.r_flash_lp_df_enter_pe_mode
                0x00004598       0x30 ./ra/fsp/src/r_flash_lp/r_flash_lp.o
 .text.r_flash_lp_pe_mode_exit
                0x000045c8       0x58 ./ra/fsp/src/r_flash_lp/r_flash_lp.o
 .text.r_flash_lp_reset
                0x00004620       0x3e ./ra/fsp/src/r_flash_lp/r_flash_lp.o
 .text.r_flash_lp_command_finish
                0x0000465e       0x6a ./ra/fsp/src/r_flash_lp/r_flash_lp.o
 .text.r_flash_lp_wait_for_ready
                0x000046c8       0x40 ./ra/fsp/src/r_flash_lp/r_flash_lp.o
 .text.r_flash_lp_df_write_monitor
                0x00004708       0x30 ./ra/fsp/src/r_flash_lp/r_flash_lp.o
 .text.r_flash_lp_df_write
                0x00004738       0x40 ./ra/fsp/src/r_flash_lp/r_flash_lp.o
 .text.R_FLASH_LP_Write
                0x00004778        0xe ./ra/fsp/src/r_flash_lp/r_flash_lp.o
                0x00004778                R_FLASH_LP_Write
 .text.r_flash_lp_df_erase
                0x00004786       0x4c ./ra/fsp/src/r_flash_lp/r_flash_lp.o
 .text.R_FLASH_LP_Erase
                0x000047d2       0x16 ./ra/fsp/src/r_flash_lp/r_flash_lp.o
                0x000047d2                R_FLASH_LP_Erase
 .text.r_flash_lp_set_fisr
                0x000047e8       0x54 ./ra/fsp/src/r_flash_lp/r_flash_lp.o
 .text.R_FLASH_LP_Open
                0x0000483c       0x2a ./ra/fsp/src/r_flash_lp/r_flash_lp.o
                0x0000483c                R_FLASH_LP_Open
 .text.R_ADC_ScanStart
                0x00004866        0xa ./ra/fsp/src/r_adc/r_adc.o
                0x00004866                R_ADC_ScanStart
 .text.R_ADC_Read
                0x00004870        0xe ./ra/fsp/src/r_adc/r_adc.o
                0x00004870                R_ADC_Read
 .text.r_adc_sensor_sample_state_calculation
                0x0000487e       0x48 ./ra/fsp/src/r_adc/r_adc.o
 .text.r_adc_sensor_cfg
                0x000048c6       0x6c ./ra/fsp/src/r_adc/r_adc.o
 .text.r_adc_call_callback
                0x00004932       0x3a ./ra/fsp/src/r_adc/r_adc.o
 .text.r_adc_open_sub
                0x0000496c       0xfc ./ra/fsp/src/r_adc/r_adc.o
 .text.r_adc_irq_enable
                0x00004a68        0xe ./ra/fsp/src/r_adc/r_adc.o
 .text.R_ADC_Open
                0x00004a76       0x6a ./ra/fsp/src/r_adc/r_adc.o
                0x00004a76                R_ADC_Open
 .text.r_adc_scan_cfg
                0x00004ae0      0x188 ./ra/fsp/src/r_adc/r_adc.o
 .text.R_ADC_ScanCfg
                0x00004c68       0x12 ./ra/fsp/src/r_adc/r_adc.o
                0x00004c68                R_ADC_ScanCfg
 .text.r_adc_scan_end_common_isr
                0x00004c7a       0x52 ./ra/fsp/src/r_adc/r_adc.o
 .text.adc_scan_end_isr
                0x00004ccc        0xa ./ra/fsp/src/r_adc/r_adc.o
                0x00004ccc                adc_scan_end_isr
 .text.bsp_prv_operating_mode_opccr_set
                0x00004cd6       0x5c ./ra/fsp/src/bsp/mcu/all/bsp_clocks.o
 .text.bsp_prv_sosc_init
                0x00004d32       0x12 ./ra/fsp/src/bsp/mcu/all/bsp_clocks.o
 .text.SystemCoreClockUpdate
                0x00004d44       0x2e ./ra/fsp/src/bsp/mcu/all/bsp_clocks.o
                0x00004d44                SystemCoreClockUpdate
 .text.bsp_clock_freq_var_init
                0x00004d72       0x38 ./ra/fsp/src/bsp/mcu/all/bsp_clocks.o
 .text.bsp_prv_clock_set_hard_reset
                0x00004daa       0x20 ./ra/fsp/src/bsp/mcu/all/bsp_clocks.o
 *fill*         0x00004dca        0x2 ff
 .text.bsp_clock_init
                0x00004dcc       0x80 ./ra/fsp/src/bsp/mcu/all/bsp_clocks.o
                0x00004dcc                bsp_clock_init
 .text.R_BSP_Init_RTC
                0x00004e4c       0x10 ./ra/fsp/src/bsp/mcu/all/bsp_clocks.o
                0x00004e4c                R_BSP_Init_RTC
 .text.bsp_init_internal
                0x00004e5c        0x2 ./ra/fsp/src/bsp/mcu/all/bsp_common.o
                0x00004e5c                bsp_init
                0x00004e5c                bsp_init_internal
 .text.__assert_func
                0x00004e5e        0x4 ./ra/fsp/src/bsp/mcu/all/bsp_common.o
                0x00004e5e                __assert_func
 .text.bsp_prv_software_delay_loop
                0x00004e62        0x8 ./ra/fsp/src/bsp/mcu/all/bsp_delay.o
                0x00004e62                bsp_prv_software_delay_loop
 .text.R_BSP_SoftwareDelay
                0x00004e6a       0x56 ./ra/fsp/src/bsp/mcu/all/bsp_delay.o
                0x00004e6a                R_BSP_SoftwareDelay
 .text.bsp_group_irq_call
                0x00004ec0       0x14 ./ra/fsp/src/bsp/mcu/all/bsp_group_irq.o
 .text.NMI_Handler
                0x00004ed4       0x44 ./ra/fsp/src/bsp/mcu/all/bsp_group_irq.o
                0x00004ed4                NMI_Handler
 .text.R_BSP_IrqStatusClear
                0x00004f18       0x1c ./ra/fsp/src/bsp/mcu/all/bsp_irq.o
                0x00004f18                R_BSP_IrqStatusClear
 .text.R_BSP_IrqClearPending
                0x00004f34       0x26 ./ra/fsp/src/bsp/mcu/all/bsp_irq.o
                0x00004f34                R_BSP_IrqClearPending
 .text.R_BSP_IrqCfg
                0x00004f5a       0x44 ./ra/fsp/src/bsp/mcu/all/bsp_irq.o
                0x00004f5a                R_BSP_IrqCfg
 .text.R_BSP_IrqEnableNoClear
                0x00004f9e       0x18 ./ra/fsp/src/bsp/mcu/all/bsp_irq.o
                0x00004f9e                R_BSP_IrqEnableNoClear
 .text.R_BSP_IrqEnable
                0x00004fb6       0x10 ./ra/fsp/src/bsp/mcu/all/bsp_irq.o
                0x00004fb6                R_BSP_IrqEnable
 .text.R_BSP_IrqDisable
                0x00004fc6       0x22 ./ra/fsp/src/bsp/mcu/all/bsp_irq.o
                0x00004fc6                R_BSP_IrqDisable
 .text.R_BSP_IrqCfgEnable
                0x00004fe8       0x10 ./ra/fsp/src/bsp/mcu/all/bsp_irq.o
                0x00004fe8                R_BSP_IrqCfgEnable
 .text.bsp_irq_cfg
                0x00004ff8       0x2c ./ra/fsp/src/bsp/mcu/all/bsp_irq.o
                0x00004ff8                bsp_irq_cfg
 .text.R_BSP_RegisterProtectEnable
                0x00005024       0x70 ./ra/fsp/src/bsp/mcu/all/bsp_register_protection.o
                0x00005024                R_BSP_RegisterProtectEnable
 .text.R_BSP_RegisterProtectDisable
                0x00005094       0x5c ./ra/fsp/src/bsp/mcu/all/bsp_register_protection.o
                0x00005094                R_BSP_RegisterProtectDisable
 .text._sbrk    0x000050f0       0x5c ./ra/fsp/src/bsp/mcu/all/bsp_sbrk.o
                0x000050f0                _sbrk
 .text.Default_Handler
                0x0000514c        0x4 ./ra/fsp/src/bsp/cmsis/Device/RENESAS/Source/startup.o
                0x0000514c                DebugMon_Handler
                0x0000514c                HardFault_Handler
                0x0000514c                PendSV_Handler
                0x0000514c                UsageFault_Handler
                0x0000514c                SecureFault_Handler
                0x0000514c                Default_Handler
                0x0000514c                MemManage_Handler
                0x0000514c                SVC_Handler
                0x0000514c                BusFault_Handler
 .text.Reset_Handler
                0x00005150        0xc ./ra/fsp/src/bsp/cmsis/Device/RENESAS/Source/startup.o
                0x00005150                Reset_Handler
 .text.bsp_reset_trng_circuit
                0x0000515c       0x7c ./ra/fsp/src/bsp/cmsis/Device/RENESAS/Source/system.o
 .text.SystemInit
                0x000051d8       0xdc ./ra/fsp/src/bsp/cmsis/Device/RENESAS/Source/system.o
                0x000051d8                SystemInit
 .text.add_callback
                0x000052b4       0x76 ./libs/c-watcher/src/watcher.o
 .text.add_arg  0x0000532a       0x76 ./libs/c-watcher/src/watcher.o
 .text.debouncer_callback
                0x000053a0       0x12 ./libs/c-watcher/src/watcher.o
 .text.is_debounced
                0x000053b2       0x20 ./libs/c-watcher/src/watcher.o
 .text.trigger_debouncer_entry
                0x000053d2       0x3a ./libs/c-watcher/src/watcher.o
 .text.add_entry_static
                0x0000540c      0x25e ./libs/c-watcher/src/watcher.o
 .text.watcher_init
                0x0000566a       0x36 ./libs/c-watcher/src/watcher.o
                0x0000566a                watcher_init
 .text.watcher_add_entry
                0x000056a0       0x3c ./libs/c-watcher/src/watcher.o
                0x000056a0                watcher_add_entry
 .text.watcher_trigger_entry
                0x000056dc       0x92 ./libs/c-watcher/src/watcher.o
                0x000056dc                watcher_trigger_entry
 .text.watcher_watch
                0x0000576e       0xe2 ./libs/c-watcher/src/watcher.o
                0x0000576e                watcher_watch
 .text.stopwatch_init
                0x00005850        0xe ./libs/c-stopwatch/src/stopwatch.o
                0x00005850                stopwatch_init
 .text.stopwatch_resume
                0x0000585e        0xc ./libs/c-stopwatch/src/stopwatch.o
                0x0000585e                stopwatch_resume
 .text.stopwatch_pause
                0x0000586a       0x1a ./libs/c-stopwatch/src/stopwatch.o
                0x0000586a                stopwatch_pause
 .text.stopwatch_reset
                0x00005884        0x8 ./libs/c-stopwatch/src/stopwatch.o
                0x00005884                stopwatch_reset
 .text.stopwatch_set
                0x0000588c        0x4 ./libs/c-stopwatch/src/stopwatch.o
                0x0000588c                stopwatch_set
 .text.stopwatch_is_paused
                0x00005890        0x4 ./libs/c-stopwatch/src/stopwatch.o
                0x00005890                stopwatch_is_paused
 .text.stopwatch_get_elapsed
                0x00005894       0x18 ./libs/c-stopwatch/src/stopwatch.o
                0x00005894                stopwatch_get_elapsed
 .text.stopwatch_get_remaining
                0x000058ac       0x16 ./libs/c-stopwatch/src/stopwatch.o
                0x000058ac                stopwatch_get_remaining
 .text.stopwatch_get_total_time
                0x000058c2        0x4 ./libs/c-stopwatch/src/stopwatch.o
                0x000058c2                stopwatch_get_total_time
 .text.stopwatch_is_done
                0x000058c6       0x2e ./libs/c-stopwatch/src/stopwatch.o
                0x000058c6                stopwatch_is_done
 .text.stopwatch_timer_init
                0x000058f4       0x28 ./libs/c-stopwatch/src/stopwatch_timer.o
                0x000058f4                stopwatch_timer_init
 .text.stopwatch_timer_set_period
                0x0000591c        0x8 ./libs/c-stopwatch/src/stopwatch_timer.o
                0x0000591c                stopwatch_timer_set_period
 .text.stopwatch_timer_set_autoreload
                0x00005924       0x12 ./libs/c-stopwatch/src/stopwatch_timer.o
                0x00005924                stopwatch_timer_set_autoreload
 .text.stopwatch_timer_resume
                0x00005936        0x8 ./libs/c-stopwatch/src/stopwatch_timer.o
                0x00005936                stopwatch_timer_resume
 .text.stopwatch_timer_reset
                0x0000593e       0x10 ./libs/c-stopwatch/src/stopwatch_timer.o
                0x0000593e                stopwatch_timer_reset
 .text.stopwatch_timer_pause
                0x0000594e        0x8 ./libs/c-stopwatch/src/stopwatch_timer.o
                0x0000594e                stopwatch_timer_pause
 .text.stopwatch_timer_manage
                0x00005956       0x52 ./libs/c-stopwatch/src/stopwatch_timer.o
                0x00005956                stopwatch_timer_manage
 .text.debounce_filter_init
                0x000059a8       0x1a ./libs/c-debounce/src/debounce.o
                0x000059a8                debounce_filter_init
 .text.debounce_filter_single
                0x000059c2       0x68 ./libs/c-debounce/src/debounce.o
                0x000059c2                debounce_filter_single
 .text.debounce_filter
                0x00005a2a       0x34 ./libs/c-debounce/src/debounce.o
                0x00005a2a                debounce_filter
 .text.pulse_filter_init
                0x00005a5e       0x1e ./libs/c-debounce/src/pulsecounter.o
                0x00005a5e                pulse_filter_init
 .text.pulse_filter
                0x00005a7c       0xaa ./libs/c-debounce/src/pulsecounter.o
                0x00005a7c                pulse_filter
 *fill*         0x00005b26        0x2 ff
 .text          0x00005b28       0x3c /home/maldus/Local/renesas/e2_studio/toolchains/gcc_arm/13_2-Rel1/arm-gnu-toolchain-13.2.Rel1-x86_64-arm-none-eabi/bin/../lib/gcc/arm-none-eabi/13.2.1/thumb/v8-m.base/nofp/libgcc.a(_clzsi2.o)
                0x00005b28                __clzsi2
 .text          0x00005b64       0x40 /home/maldus/Local/renesas/e2_studio/toolchains/gcc_arm/13_2-Rel1/arm-gnu-toolchain-13.2.Rel1-x86_64-arm-none-eabi/bin/../lib/gcc/arm-none-eabi/13.2.1/thumb/v8-m.base/nofp/libgcc.a(_aeabi_uldivmod.o)
                0x00005b64                __aeabi_uldivmod
 .text.__muldi3
                0x00005ba4       0x5c /home/maldus/Local/renesas/e2_studio/toolchains/gcc_arm/13_2-Rel1/arm-gnu-toolchain-13.2.Rel1-x86_64-arm-none-eabi/bin/../lib/gcc/arm-none-eabi/13.2.1/thumb/v8-m.base/nofp/libgcc.a(_muldi3.o)
                0x00005ba4                __aeabi_lmul
                0x00005ba4                __muldi3
 .text.__udivmoddi4
                0x00005c00      0x390 /home/maldus/Local/renesas/e2_studio/toolchains/gcc_arm/13_2-Rel1/arm-gnu-toolchain-13.2.Rel1-x86_64-arm-none-eabi/bin/../lib/gcc/arm-none-eabi/13.2.1/thumb/v8-m.base/nofp/libgcc.a(_udivmoddi4.o)
                0x00005c00                __udivmoddi4
 .text          0x00005f90        0x4 /home/maldus/Local/renesas/e2_studio/toolchains/gcc_arm/13_2-Rel1/arm-gnu-toolchain-13.2.Rel1-x86_64-arm-none-eabi/bin/../lib/gcc/arm-none-eabi/13.2.1/thumb/v8-m.base/nofp/libgcc.a(_dvmd_tls.o)
                0x00005f90                __aeabi_ldiv0
                0x00005f90                __aeabi_idiv0
 .text.memcpy   0x00005f94       0x12 /home/maldus/Local/renesas/e2_studio/toolchains/gcc_arm/13_2-Rel1/arm-gnu-toolchain-13.2.Rel1-x86_64-arm-none-eabi/bin/../lib/gcc/arm-none-eabi/13.2.1/../../../../arm-none-eabi/lib/thumb/v8-m.base/nofp/libg_nano.a(libc_a-memcpy-stub.o)
                0x00005f94                memcpy
 *fill*         0x00005fa6        0x2 ff
 .text.free     0x00005fa8       0x14 /home/maldus/Local/renesas/e2_studio/toolchains/gcc_arm/13_2-Rel1/arm-gnu-toolchain-13.2.Rel1-x86_64-arm-none-eabi/bin/../lib/gcc/arm-none-eabi/13.2.1/../../../../arm-none-eabi/lib/thumb/v8-m.base/nofp/libg_nano.a(libc_a-malloc.o)
                0x00005fa8                free
 .text.sbrk_aligned
                0x00005fbc       0x44 /home/maldus/Local/renesas/e2_studio/toolchains/gcc_arm/13_2-Rel1/arm-gnu-toolchain-13.2.Rel1-x86_64-arm-none-eabi/bin/../lib/gcc/arm-none-eabi/13.2.1/../../../../arm-none-eabi/lib/thumb/v8-m.base/nofp/libg_nano.a(libc_a-mallocr.o)
 .text._malloc_r
                0x00006000      0x100 /home/maldus/Local/renesas/e2_studio/toolchains/gcc_arm/13_2-Rel1/arm-gnu-toolchain-13.2.Rel1-x86_64-arm-none-eabi/bin/../lib/gcc/arm-none-eabi/13.2.1/../../../../arm-none-eabi/lib/thumb/v8-m.base/nofp/libg_nano.a(libc_a-mallocr.o)
                0x00006000                _malloc_r
 .text.__malloc_lock
                0x00006100       0x10 /home/maldus/Local/renesas/e2_studio/toolchains/gcc_arm/13_2-Rel1/arm-gnu-toolchain-13.2.Rel1-x86_64-arm-none-eabi/bin/../lib/gcc/arm-none-eabi/13.2.1/../../../../arm-none-eabi/lib/thumb/v8-m.base/nofp/libg_nano.a(libc_a-mlock.o)
                0x00006100                __malloc_lock
 .text.__malloc_unlock
                0x00006110       0x10 /home/maldus/Local/renesas/e2_studio/toolchains/gcc_arm/13_2-Rel1/arm-gnu-toolchain-13.2.Rel1-x86_64-arm-none-eabi/bin/../lib/gcc/arm-none-eabi/13.2.1/../../../../arm-none-eabi/lib/thumb/v8-m.base/nofp/libg_nano.a(libc_a-mlock.o)
                0x00006110                __malloc_unlock
 .text.realloc  0x00006120       0x14 /home/maldus/Local/renesas/e2_studio/toolchains/gcc_arm/13_2-Rel1/arm-gnu-toolchain-13.2.Rel1-x86_64-arm-none-eabi/bin/../lib/gcc/arm-none-eabi/13.2.1/../../../../arm-none-eabi/lib/thumb/v8-m.base/nofp/libg_nano.a(libc_a-realloc.o)
                0x00006120                realloc
 .text._sbrk_r  0x00006134       0x20 /home/maldus/Local/renesas/e2_studio/toolchains/gcc_arm/13_2-Rel1/arm-gnu-toolchain-13.2.Rel1-x86_64-arm-none-eabi/bin/../lib/gcc/arm-none-eabi/13.2.1/../../../../arm-none-eabi/lib/thumb/v8-m.base/nofp/libg_nano.a(libc_a-sbrkr.o)
                0x00006134                _sbrk_r
 .text.__errno  0x00006154        0xc /home/maldus/Local/renesas/e2_studio/toolchains/gcc_arm/13_2-Rel1/arm-gnu-toolchain-13.2.Rel1-x86_64-arm-none-eabi/bin/../lib/gcc/arm-none-eabi/13.2.1/../../../../arm-none-eabi/lib/thumb/v8-m.base/nofp/libg_nano.a(libc_a-errno.o)
                0x00006154                __errno
 .text.memcmp   0x00006160       0x1c /home/maldus/Local/renesas/e2_studio/toolchains/gcc_arm/13_2-Rel1/arm-gnu-toolchain-13.2.Rel1-x86_64-arm-none-eabi/bin/../lib/gcc/arm-none-eabi/13.2.1/../../../../arm-none-eabi/lib/thumb/v8-m.base/nofp/libg_nano.a(libc_a-memcmp.o)
                0x00006160                memcmp
 .text.memset   0x0000617c       0x10 /home/maldus/Local/renesas/e2_studio/toolchains/gcc_arm/13_2-Rel1/arm-gnu-toolchain-13.2.Rel1-x86_64-arm-none-eabi/bin/../lib/gcc/arm-none-eabi/13.2.1/../../../../arm-none-eabi/lib/thumb/v8-m.base/nofp/libg_nano.a(libc_a-memset.o)
                0x0000617c                memset
 .text._realloc_r
                0x0000618c       0x5a /home/maldus/Local/renesas/e2_studio/toolchains/gcc_arm/13_2-Rel1/arm-gnu-toolchain-13.2.Rel1-x86_64-arm-none-eabi/bin/../lib/gcc/arm-none-eabi/13.2.1/../../../../arm-none-eabi/lib/thumb/v8-m.base/nofp/libg_nano.a(libc_a-reallocr.o)
                0x0000618c                _realloc_r
 *fill*         0x000061e6        0x2 ff
 .text._free_r  0x000061e8       0x90 /home/maldus/Local/renesas/e2_studio/toolchains/gcc_arm/13_2-Rel1/arm-gnu-toolchain-13.2.Rel1-x86_64-arm-none-eabi/bin/../lib/gcc/arm-none-eabi/13.2.1/../../../../arm-none-eabi/lib/thumb/v8-m.base/nofp/libg_nano.a(libc_a-freer.o)
                0x000061e8                _free_r
 .text.__retarget_lock_acquire_recursive
                0x00006278        0x2 /home/maldus/Local/renesas/e2_studio/toolchains/gcc_arm/13_2-Rel1/arm-gnu-toolchain-13.2.Rel1-x86_64-arm-none-eabi/bin/../lib/gcc/arm-none-eabi/13.2.1/../../../../arm-none-eabi/lib/thumb/v8-m.base/nofp/libg_nano.a(libc_a-lock.o)
                0x00006278                __retarget_lock_acquire_recursive
 .text.__retarget_lock_release_recursive
                0x0000627a        0x2 /home/maldus/Local/renesas/e2_studio/toolchains/gcc_arm/13_2-Rel1/arm-gnu-toolchain-13.2.Rel1-x86_64-arm-none-eabi/bin/../lib/gcc/arm-none-eabi/13.2.1/../../../../arm-none-eabi/lib/thumb/v8-m.base/nofp/libg_nano.a(libc_a-lock.o)
                0x0000627a                __retarget_lock_release_recursive
 .text._malloc_usable_size_r
                0x0000627c       0x10 /home/maldus/Local/renesas/e2_studio/toolchains/gcc_arm/13_2-Rel1/arm-gnu-toolchain-13.2.Rel1-x86_64-arm-none-eabi/bin/../lib/gcc/arm-none-eabi/13.2.1/../../../../arm-none-eabi/lib/thumb/v8-m.base/nofp/libg_nano.a(libc_a-msizer.o)
                0x0000627c                _malloc_usable_size_r
 *(.version)
 .version       0x0000628c       0x50 ./ra/fsp/src/bsp/mcu/all/bsp_common.o
 *(.init)
 .init          0x000062dc        0x4 /home/maldus/Local/renesas/e2_studio/toolchains/gcc_arm/13_2-Rel1/arm-gnu-toolchain-13.2.Rel1-x86_64-arm-none-eabi/bin/../lib/gcc/arm-none-eabi/13.2.1/thumb/v8-m.base/nofp/crti.o
                0x000062dc                _init
 .init          0x000062e0        0x8 /home/maldus/Local/renesas/e2_studio/toolchains/gcc_arm/13_2-Rel1/arm-gnu-toolchain-13.2.Rel1-x86_64-arm-none-eabi/bin/../lib/gcc/arm-none-eabi/13.2.1/thumb/v8-m.base/nofp/crtn.o
 *(.fini)
 .fini          0x000062e8        0x4 /home/maldus/Local/renesas/e2_studio/toolchains/gcc_arm/13_2-Rel1/arm-gnu-toolchain-13.2.Rel1-x86_64-arm-none-eabi/bin/../lib/gcc/arm-none-eabi/13.2.1/thumb/v8-m.base/nofp/crti.o
                0x000062e8                _fini
 .fini          0x000062ec        0x8 /home/maldus/Local/renesas/e2_studio/toolchains/gcc_arm/13_2-Rel1/arm-gnu-toolchain-13.2.Rel1-x86_64-arm-none-eabi/bin/../lib/gcc/arm-none-eabi/13.2.1/thumb/v8-m.base/nofp/crtn.o
 *crtbegin.o(.ctors)
 *crtbegin?.o(.ctors)
 *(EXCLUDE_FILE(*crtend.o *crtend?.o) .ctors)
 *(SORT_BY_NAME(.ctors.*))
 *(.ctors)
 *crtbegin.o(.dtors)
 *crtbegin?.o(.dtors)
 *(EXCLUDE_FILE(*crtend.o *crtend?.o) .dtors)
 *(SORT_BY_NAME(.dtors.*))
 *(.dtors)
 *(.rodata*)
 .rodata.crc16_ccitt_table
                0x000062f4      0x200 ./src/services/crc16-ccitt.o
 .rodata.running_event_manager
                0x000064f4       0x2c ./src/model/cycle.o
 .rodata.wait_start_event_manager
                0x00006520       0x2c ./src/model/cycle.o
 .rodata.managers
                0x0000654c       0x3c ./src/model/cycle.o
 .rodata.managers
                0x00006588       0x24 ./src/model/heating.o
 .rodata.get_pwm_drum_percentage.str1.4
                0x000065ac      0x118 ./src/model/model.o
                                 0x25 (size before relaxing)
 .rodata.model_pwoff_serialize.str1.4
                0x000066c4       0x1b ./src/model/model.o
 .rodata.__func__.0
                0x000066c4       0x11 ./src/model/model.o
 *fill*         0x000066d5        0x3 ff
 .rodata.__func__.1
                0x000066d8       0x13 ./src/model/model.o
 *fill*         0x000066eb        0x1 ff
 .rodata.__func__.2
                0x000066ec       0x16 ./src/model/model.o
 *fill*         0x00006702        0x2 ff
 .rodata.__func__.4
                0x00006704       0x1e ./src/model/model.o
 *fill*         0x00006722        0x2 ff
 .rodata.__func__.5
                0x00006724       0x10 ./src/model/model.o
 .rodata.__func__.6
                0x00006734       0x14 ./src/model/model.o
 .rodata.__func__.7
                0x00006748       0x13 ./src/model/model.o
 *fill*         0x0000675b        0x1 ff
 .rodata.__func__.8
                0x0000675c       0x1e ./src/model/model.o
 *fill*         0x0000677a        0x2 ff
 .rodata.__func__.9
                0x0000677c       0x1a ./src/model/model.o
 *fill*         0x00006796        0x2 ff
 .rodata.__func__.10
                0x00006798       0x1e ./src/model/model.o
 *fill*         0x000067b6        0x2 ff
 .rodata.__func__.11
                0x000067b8       0x1b ./src/model/model.o
 *fill*         0x000067d3        0x1 ff
 .rodata.__func__.12
                0x000067d4       0x17 ./src/model/model.o
 *fill*         0x000067eb        0x1 ff
 .rodata.__func__.13
                0x000067ec       0x1e ./src/model/model.o
 *fill*         0x0000680a        0x2 ff
 .rodata.__func__.14
                0x0000680c       0x13 ./src/model/model.o
 *fill*         0x0000681f        0x1 ff
 .rodata.__func__.15
                0x00006820       0x1c ./src/model/model.o
 .rodata.__func__.16
                0x0000683c       0x1a ./src/model/model.o
 *fill*         0x00006856        0x2 ff
 .rodata.__func__.18
                0x00006858       0x15 ./src/model/model.o
 *fill*         0x0000686d        0x3 ff
 .rodata.__func__.20
                0x00006870       0x16 ./src/model/model.o
 *fill*         0x00006886        0x2 ff
 .rodata.__func__.21
                0x00006888       0x12 ./src/model/model.o
 *fill*         0x0000689a        0x2 ff
 .rodata.__func__.22
                0x0000689c       0x18 ./src/model/model.o
 .rodata.__func__.23
                0x000068b4       0x16 ./src/model/model.o
 *fill*         0x000068ca        0x2 ff
 .rodata.__func__.24
                0x000068cc       0x15 ./src/model/model.o
 *fill*         0x000068e1        0x3 ff
 .rodata.__func__.25
                0x000068e4       0x17 ./src/model/model.o
 *fill*         0x000068fb        0x1 ff
 .rodata.__func__.26
                0x000068fc       0x1d ./src/model/model.o
 *fill*         0x00006919        0x3 ff
 .rodata.__func__.27
                0x0000691c       0x18 ./src/model/model.o
 .rodata.__func__.28
                0x00006934       0x1e ./src/model/model.o
 *fill*         0x00006952        0x2 ff
 .rodata.__func__.29
                0x00006954       0x14 ./src/model/model.o
 .rodata.__func__.30
                0x00006968       0x12 ./src/model/model.o
 *fill*         0x0000697a        0x2 ff
 .rodata.__func__.31
                0x0000697c       0x16 ./src/model/model.o
 *fill*         0x00006992        0x2 ff
 .rodata.__func__.32
                0x00006994       0x20 ./src/model/model.o
 .rodata.__func__.33
                0x000069b4       0x18 ./src/model/model.o
 .rodata.__func__.34
                0x000069cc       0x17 ./src/model/model.o
 *fill*         0x000069e3        0x1 ff
 .rodata.__func__.35
                0x000069e4       0x1d ./src/model/model.o
 *fill*         0x00006a01        0x3 ff
 .rodata.__func__.36
                0x00006a04       0x20 ./src/model/model.o
 .rodata.__func__.37
                0x00006a24       0x1f ./src/model/model.o
 *fill*         0x00006a43        0x1 ff
 .rodata.__func__.38
                0x00006a44       0x11 ./src/model/model.o
 *fill*         0x00006a55        0x3 ff
 .rodata.__func__.39
                0x00006a58       0x13 ./src/model/model.o
 *fill*         0x00006a6b        0x1 ff
 .rodata.__func__.40
                0x00006a6c        0xd ./src/model/model.o
 *fill*         0x00006a79        0x3 ff
 .rodata.__func__.41
                0x00006a7c        0xb ./src/model/model.o
 .rodata.bsp_adc_init.str1.4
                0x00006a87       0x25 ./src/bsp/adc.o
 *fill*         0x00006a87        0x1 ff
 .rodata.__func__.1
                0x00006a88        0xd ./src/bsp/adc.o
 *fill*         0x00006a95        0x3 ff
 .rodata        0x00006a98       0x10 ./src/bsp/adc.o
 .rodata        0x00006aa8        0xc ./src/bsp/coin_reader.o
 .rodata        0x00006ab4       0x10 ./src/bsp/digin.o
 .rodata.erase_block.str1.4
                0x00006ac4       0x2b ./src/bsp/power_off.o
 .rodata.bsp_power_off_save.str1.4
                0x00006ac4       0x19 ./src/bsp/power_off.o
 .rodata.__func__.0
                0x00006ac4       0x13 ./src/bsp/power_off.o
 *fill*         0x00006ad7        0x1 ff
 .rodata.__func__.1
                0x00006ad8       0x13 ./src/bsp/power_off.o
 *fill*         0x00006aeb        0x1 ff
 .rodata.__func__.2
                0x00006aec        0xc ./src/bsp/power_off.o
 .rodata.__func__.3
                0x00006af8       0x13 ./src/bsp/power_off.o
 .rodata.bsp_pwm_init.str1.4
                0x00006b0b       0x25 ./src/bsp/pwm.o
 *fill*         0x00006b0b        0x1 ff
 .rodata.__func__.0
                0x00006b0c        0xf ./src/bsp/pwm.o
 *fill*         0x00006b1b        0x1 ff
 .rodata.__func__.1
                0x00006b1c        0xd ./src/bsp/pwm.o
 *fill*         0x00006b29        0x3 ff
 .rodata        0x00006b2c        0xe ./src/bsp/relay.o
 *fill*         0x00006b3a        0x2 ff
 .rodata.CRC_TABLE
                0x00006b3c      0x100 ./src/bsp/temperature_humidity_probe.o
 .rodata.register_callback
                0x00006c3c      0x1ac ./src/adapters/modbus_server.o
 .rodata.modbus_server_init.str1.4
                0x00006de8       0x50 ./src/adapters/modbus_server.o
 .rodata.__func__.1
                0x00006de8       0x13 ./src/adapters/modbus_server.o
 *fill*         0x00006dfb        0x1 ff
 .rodata.g_ioport
                0x00006dfc        0xc ./ra_gen/common_data.o
                0x00006dfc                g_ioport
 .rodata.g_external_irq0_cfg
                0x00006e08       0x14 ./ra_gen/common_data.o
                0x00006e08                g_external_irq0_cfg
 .rodata.g_uart0
                0x00006e1c        0xc ./ra_gen/hal_data.o
                0x00006e1c                g_uart0
 .rodata.g_uart0_cfg
                0x00006e28       0x20 ./ra_gen/hal_data.o
                0x00006e28                g_uart0_cfg
 .rodata.g_uart0_cfg_extend
                0x00006e48       0x14 ./ra_gen/hal_data.o
                0x00006e48                g_uart0_cfg_extend
 .rodata.g_adc0_channel_cfg
                0x00006e5c       0x14 ./ra_gen/hal_data.o
                0x00006e5c                g_adc0_channel_cfg
 .rodata.g_adc0_cfg
                0x00006e70       0x18 ./ra_gen/hal_data.o
                0x00006e70                g_adc0_cfg
 .rodata.g_adc0_cfg_extend
                0x00006e88        0xb ./ra_gen/hal_data.o
                0x00006e88                g_adc0_cfg_extend
 *fill*         0x00006e93        0x1 ff
 .rodata.g_timer_pwm_cfg
                0x00006e94       0x20 ./ra_gen/hal_data.o
                0x00006e94                g_timer_pwm_cfg
 .rodata.g_timer_pwm_extend
                0x00006eb4       0x3c ./ra_gen/hal_data.o
                0x00006eb4                g_timer_pwm_extend
 .rodata.g_flash_cfg
                0x00006ef0       0x14 ./ra_gen/hal_data.o
                0x00006ef0                g_flash_cfg
 .rodata.g_bsp_pin_cfg
                0x00006f04        0xc ./ra_gen/pin_data.o
                0x00006f04                g_bsp_pin_cfg
 .rodata.g_bsp_pin_cfg_data
                0x00006f10      0x148 ./ra_gen/pin_data.o
                0x00006f10                g_bsp_pin_cfg_data
 .rodata.g_interrupt_event_link_select
                0x00007058       0x20 ./ra_gen/vector_data.o
                0x00007058                g_interrupt_event_link_select
 .rodata.g_uart_on_sci
                0x00007078       0x24 ./ra/fsp/src/r_sci_uart/r_sci_uart.o
                0x00007078                g_uart_on_sci
 .rodata.g_ioport_on_ioport
                0x0000709c       0x34 ./ra/fsp/src/r_ioport/r_ioport.o
                0x0000709c                g_ioport_on_ioport
 .rodata.g_prcr_masks
                0x000070d0        0x8 ./ra/fsp/src/bsp/mcu/all/bsp_register_protection.o
                0x000070d8                        __usb_dev_descriptor_start_fs = .
 *(.usb_device_desc_fs*)
                0x000070d8                        __usb_cfg_descriptor_start_fs = .
 *(.usb_config_desc_fs*)
                0x000070d8                        __usb_interface_descriptor_start_fs = .
 *(.usb_interface_desc_fs*)
                0x000070d8                        __usb_descriptor_end_fs = .
                0x000070d8                        __usb_dev_descriptor_start_hs = .
 *(.usb_device_desc_hs*)
                0x000070d8                        __usb_cfg_descriptor_start_hs = .
 *(.usb_config_desc_hs*)
                0x000070d8                        __usb_interface_descriptor_start_hs = .
 *(.usb_interface_desc_hs*)
                0x000070d8                        __usb_descriptor_end_hs = .
 *(.eh_frame*)
 .eh_frame      0x000070d8        0x0 /home/maldus/Local/renesas/e2_studio/toolchains/gcc_arm/13_2-Rel1/arm-gnu-toolchain-13.2.Rel1-x86_64-arm-none-eabi/bin/../lib/gcc/arm-none-eabi/13.2.1/thumb/v8-m.base/nofp/crtbegin.o
 .eh_frame      0x000070d8        0x4 /home/maldus/Local/renesas/e2_studio/toolchains/gcc_arm/13_2-Rel1/arm-gnu-toolchain-13.2.Rel1-x86_64-arm-none-eabi/bin/../lib/gcc/arm-none-eabi/13.2.1/thumb/v8-m.base/nofp/crtend.o
                0x000070dc                        __ROM_End = .
                0x000000c0                        __Vectors_Size = (__Vectors_End - __Vectors)

.glue_7         0x000070dc        0x0
 .glue_7        0x000070dc        0x0 linker stubs

.glue_7t        0x000070dc        0x0
 .glue_7t       0x000070dc        0x0 linker stubs

.vfp11_veneer   0x000070dc        0x0
 .vfp11_veneer  0x000070dc        0x0 linker stubs

.v4_bx          0x000070dc        0x0
 .v4_bx         0x000070dc        0x0 linker stubs

.iplt           0x000070dc        0x0
 .iplt          0x000070dc        0x0 /home/maldus/Local/renesas/e2_studio/toolchains/gcc_arm/13_2-Rel1/arm-gnu-toolchain-13.2.Rel1-x86_64-arm-none-eabi/bin/../lib/gcc/arm-none-eabi/13.2.1/thumb/v8-m.base/nofp/crtbegin.o
                0x000070dc                        . = .
                0x000070dc                        __itcm_data_pre_location = .

.itcm_data      0x00000000        0x0 load address 0x000070e0
                0x00000000                        __tz_ITCM_S = ABSOLUTE (ITCM_START)
                0x00000000                        __itcm_data_start = .
 *(.itcm_data*)
                0x00000000                        . = ALIGN (0x8)
                0x00000000                        __itcm_data_end = .
                0x00000000                        __tz_ITCM_N = DEFINED (ITCM_NS_START)?ABSOLUTE (ITCM_NS_START):ALIGN (__itcm_data_end, 0x2000)
                0x000070e0                        __itcm_data_init_start = LOADADDR (.itcm_data)
                0x000070e0                        __itcm_data_init_end = (LOADADDR (.itcm_data) + SIZEOF (.itcm_data))
                0x00000001                        ASSERT (((ORIGIN (ITCM) % 0x8) == 0x0), ITCM memory region origin must be aligned to 8 bytes.)
                0x00000001                        ASSERT (((LENGTH (ITCM) % 0x8) == 0x0), ITCM memory region length must be a multiple of 8 bytes.)
                0x00000001                        ASSERT (((LOADADDR (.itcm_data) % 0x10) == 0x0), .itcm_data section must be aligned to 16 bytes.)
                0x00000001                        ASSERT (((SIZEOF (.itcm_data) % 0x8) == 0x0), .itcm_data section size must be a multiple of 8 bytes.)
                0x000070dc                        . = (SIZEOF (.itcm_data) > 0x0)?__itcm_data_init_end:__itcm_data_pre_location
                0x000070dc                        __exidx_start = .

/DISCARD/
 *(.ARM.extab* .gnu.linkonce.armextab.*)
 *(.ARM.exidx* .gnu.linkonce.armexidx.*)
                0x000070dc                        __exidx_end = .
                0x000070dc                        __etext = .
                0x20000000                        __tz_RAM_S = ORIGIN (RAM)

.fsp_dtc_vector_table
                0x20000000        0x0
                0x20000000                        . = ORIGIN (RAM)
 *(.fsp_dtc_vector_table)

.data           0x20000000       0x7c load address 0x000070dc
                0x20000000                        __data_start__ = .
                0x20000000                        . = ALIGN (0x4)
                0x20000000                        __Code_In_RAM_Start = .
 *(.code_in_ram*)
                0x20000000                        __Code_In_RAM_End = .
 *(vtable)
 *(.data.*)
 .data.modbusSlaveDefaultFunctions
                0x20000000       0x20 ./src/adapters/modbus_server.o
                0x20000000                modbusSlaveDefaultFunctions
 .data.g_uart0_baud_setting
                0x20000020        0x4 ./ra_gen/hal_data.o
                0x20000020                g_uart0_baud_setting
 .data._impure_ptr
                0x20000024        0x4 /home/maldus/Local/renesas/e2_studio/toolchains/gcc_arm/13_2-Rel1/arm-gnu-toolchain-13.2.Rel1-x86_64-arm-none-eabi/bin/../lib/gcc/arm-none-eabi/13.2.1/../../../../arm-none-eabi/lib/thumb/v8-m.base/nofp/libg_nano.a(libc_a-impure.o)
                0x20000024                _impure_ptr
 .data._impure_data
                0x20000028       0x4c /home/maldus/Local/renesas/e2_studio/toolchains/gcc_arm/13_2-Rel1/arm-gnu-toolchain-13.2.Rel1-x86_64-arm-none-eabi/bin/../lib/gcc/arm-none-eabi/13.2.1/../../../../arm-none-eabi/lib/thumb/v8-m.base/nofp/libg_nano.a(libc_a-impure.o)
                0x20000028                _impure_data
 *(.data)
                0x20000074                        . = ALIGN (0x4)
                0x20000074                        PROVIDE (__preinit_array_start = .)
 *(.preinit_array)
                0x20000074                        PROVIDE (__preinit_array_end = .)
                0x20000074                        . = ALIGN (0x4)
                0x20000074                        PROVIDE (__init_array_start = .)
 *(SORT_BY_NAME(.init_array.*))
 *(.init_array)
 .init_array    0x20000074        0x4 /home/maldus/Local/renesas/e2_studio/toolchains/gcc_arm/13_2-Rel1/arm-gnu-toolchain-13.2.Rel1-x86_64-arm-none-eabi/bin/../lib/gcc/arm-none-eabi/13.2.1/thumb/v8-m.base/nofp/crtbegin.o
                0x20000078                        PROVIDE (__init_array_end = .)
                0x20000078                        . = ALIGN (0x4)
                [!provide]                        PROVIDE (__fini_array_start = .)
 *(SORT_BY_NAME(.fini_array.*))
 *(.fini_array)
 .fini_array    0x20000078        0x4 /home/maldus/Local/renesas/e2_studio/toolchains/gcc_arm/13_2-Rel1/arm-gnu-toolchain-13.2.Rel1-x86_64-arm-none-eabi/bin/../lib/gcc/arm-none-eabi/13.2.1/thumb/v8-m.base/nofp/crtbegin.o
                [!provide]                        PROVIDE (__fini_array_end = .)
 *(.jcr*)
                0x2000007c                        . = ALIGN (0x4)
                0x2000007c                        __data_end__ = .

.tm_clone_table
                0x2000007c        0x0 load address 0x00007158
 .tm_clone_table
                0x2000007c        0x0 /home/maldus/Local/renesas/e2_studio/toolchains/gcc_arm/13_2-Rel1/arm-gnu-toolchain-13.2.Rel1-x86_64-arm-none-eabi/bin/../lib/gcc/arm-none-eabi/13.2.1/thumb/v8-m.base/nofp/crtbegin.o
 .tm_clone_table
                0x2000007c        0x0 /home/maldus/Local/renesas/e2_studio/toolchains/gcc_arm/13_2-Rel1/arm-gnu-toolchain-13.2.Rel1-x86_64-arm-none-eabi/bin/../lib/gcc/arm-none-eabi/13.2.1/thumb/v8-m.base/nofp/crtend.o

.igot.plt       0x2000007c        0x0 load address 0x00007158
 .igot.plt      0x2000007c        0x0 /home/maldus/Local/renesas/e2_studio/toolchains/gcc_arm/13_2-Rel1/arm-gnu-toolchain-13.2.Rel1-x86_64-arm-none-eabi/bin/../lib/gcc/arm-none-eabi/13.2.1/thumb/v8-m.base/nofp/crtbegin.o
                0x2000007c                        . = .
                0x00007158                        __dtcm_data_pre_location = (LOADADDR (.data) + SIZEOF (.data))

.dtcm_data      0x00000000        0x0 load address 0x00007160
                0x00000000                        __tz_DTCM_S = ABSOLUTE (DTCM_START)
                0x00000000                        __dtcm_data_start = .
 *(.dtcm_data*)
                0x00000000                        . = ALIGN (0x8)
                0x00000000                        __dtcm_data_end = .
                0x00000000                        . = __dtcm_data_end

.dtcm_bss       0x00000000        0x0
                0x00000000                        __dtcm_bss_start = .
 *(.dtcm_bss*)
                0x00000000                        . = ALIGN (0x8)
                0x00000000                        __dtcm_bss_end = .
                0x00000000                        __tz_DTCM_N = DEFINED (DTCM_NS_START)?ABSOLUTE (DTCM_NS_START):ALIGN (__dtcm_bss_end, 0x2000)
                0x00007160                        __dtcm_data_init_start = LOADADDR (.dtcm_data)
                0x00007160                        __dtcm_data_init_end = (LOADADDR (.dtcm_data) + SIZEOF (.dtcm_data))
                0x00000001                        ASSERT (((ORIGIN (DTCM) % 0x8) == 0x0), DTCM memory region origin must be aligned to 8 bytes.)
                0x00000001                        ASSERT (((LENGTH (DTCM) % 0x8) == 0x0), DTCM memory region length must be a multiple of 8 bytes.)
                0x00000001                        ASSERT ((LOADADDR (.dtcm_bss) == ADDR (.dtcm_bss)), .dtcm_bss has (VMA != LMA) but should be NOLOAD (VMA == LMA).)
                0x00000001                        ASSERT (((LOADADDR (.dtcm_data) % 0x10) == 0x0), .dtcm_data section must be aligned to 16 bytes.)
                0x00000001                        ASSERT (((SIZEOF (.dtcm_data) % 0x8) == 0x0), .dtcm_data section size must be a multiple of 8 bytes.)
                0x00000001                        ASSERT (((LOADADDR (.dtcm_bss) % 0x8) == 0x0), .dtcm_bss section must be aligned to 8 bytes.)
                0x00000001                        ASSERT (((SIZEOF (.dtcm_bss) % 0x8) == 0x0), .dtcm_bss section size must be a multiple of 8 bytes.)
                0x00000001                        ASSERT ((__dtcm_bss_start == __dtcm_data_end), .dtcm_bss section is not adjacent to .dtcm_data section.)
                0x00007158                        . = (SIZEOF (.dtcm_data) > 0x0)?__dtcm_data_init_end:__dtcm_data_pre_location
                0x00007158                        sgstubs_pre_location = .
                0x00007400                        SGSTUBS_LOC = (DEFINED (PROJECT_SECURE) && DEFINED (FLASH_NSC_START))?ABSOLUTE (FLASH_NSC_START):ALIGN (0x400)

.gnu.sgstubs    0x00007400        0x0
                0x00007400                        __tz_FLASH_C = DEFINED (FLASH_NSC_START)?ABSOLUTE (FLASH_NSC_START):__RESERVE_NS_RAM?ABSOLUTE ((FLASH_START + FLASH_LENGTH)):ALIGN (0x400)
                0x00007400                        _start_sg = .
 *(.gnu.sgstubs*)
                0x00007400                        . = ALIGN (0x20)
                0x00007400                        _end_sg = .
                0x00008000                        __tz_FLASH_N = DEFINED (FLASH_NS_START)?ABSOLUTE (FLASH_NS_START):__RESERVE_NS_RAM?ABSOLUTE ((FLASH_START + FLASH_LENGTH)):(FLASH_LENGTH < 0x8000)?FLASH_LENGTH:ALIGN (0x8000)
                0x00008000                        FLASH_NS_IMAGE_START = DEFINED (FLASH_NS_IMAGE_START)?FLASH_NS_IMAGE_START:__tz_FLASH_N
                0x60000000                        __tz_QSPI_FLASH_S = ORIGIN (QSPI_FLASH)

.qspi_flash     0x60000000        0x0
                0x60000000                        __qspi_flash_start__ = .
 *(.qspi_flash*)
 *(.code_in_qspi*)
                0x60000000                        __qspi_flash_end__ = .
                0x00000000                        __qspi_flash_code_size__ = (__qspi_flash_end__ - __qspi_flash_start__)
                0x00007158                        __qspi_flash_code_addr__ = sgstubs_pre_location

.qspi_non_retentive
                0x60000000        0x0 load address 0x00007158
                0x60000000                        __qspi_non_retentive_start__ = .
 *(.qspi_non_retentive*)
                0x60000000                        __qspi_non_retentive_end__ = .
                0x00000000                        __qspi_non_retentive_size__ = (__qspi_non_retentive_end__ - __qspi_non_retentive_start__)
                0x04000000                        __qspi_region_max_size__ = 0x4000000
                0x60000000                        __qspi_region_start_address__ = __qspi_flash_start__
                0x64000000                        __qspi_region_end_address__ = (__qspi_flash_start__ + __qspi_region_max_size__)
                0x60000000                        __tz_QSPI_FLASH_N = __qspi_non_retentive_end__

.OSPI_DEVICE_0_NO_LOAD
                0x80020000        0x0
                0x80020000                        . = ALIGN (0x4)
                0x80020000                        __ospi_device_0_start__ = .
 *(.ospi_device_0_no_load*)
                0x80020000                        . = ALIGN (0x4)
                0x80020000                        __ospi_device_0_end__ = .

.OSPI_DEVICE_1_NO_LOAD
                0x80030000        0x0
                0x80030000                        . = ALIGN (0x4)
                0x80030000                        __ospi_device_1_start__ = .
 *(.ospi_device_1_no_load*)
                0x80030000                        . = ALIGN (0x4)
                0x80030000                        __ospi_device_1_end__ = .
                0x80020000                        __tz_OSPI_DEVICE_0_S = ORIGIN (OSPI_DEVICE_0)

.OSPI_DEVICE_0  0x80020000        0x0
                0x80020000                        __ospi_device_0_start__ = .
 *(.ospi_device_0*)
 *(.code_in_ospi_device_0*)
                0x80020000                        __ospi_device_0_end__ = .
                0x00000000                        __ospi_device_0_code_size__ = (__ospi_device_0_end__ - __ospi_device_0_start__)
                0x00007158                        __ospi_device_0_code_addr__ = (sgstubs_pre_location + SIZEOF (.qspi_non_retentive))

.ospi_device_0_non_retentive
                0x80020000        0x0 load address 0x00007158
                0x80020000                        __ospi_device_0_non_retentive_start__ = .
 *(.ospi_device_0_non_retentive*)
                0x80020000                        __ospi_device_0_non_retentive_end__ = .
                0x00000000                        __ospi_device_0_non_retentive_size__ = (__ospi_device_0_non_retentive_end__ - __ospi_device_0_non_retentive_start__)
                0x08000000                        __ospi_device_0_region_max_size__ = 0x8000000
                0x80020000                        __ospi_device_0_region_start_address__ = __ospi_device_0_start__
                0x88020000                        __ospi_device_0_region_end_address__ = (__ospi_device_0_start__ + __ospi_device_0_region_max_size__)
                0x80020000                        __tz_OSPI_DEVICE_0_N = __ospi_device_0_non_retentive_end__
                0x80030000                        __tz_OSPI_DEVICE_1_S = ORIGIN (OSPI_DEVICE_1)

.OSPI_DEVICE_1  0x80030000        0x0
                0x80030000                        __ospi_device_1_start__ = .
 *(.ospi_device_1*)
 *(.code_in_ospi_device_1*)
                0x80030000                        __ospi_device_1_end__ = .
                0x00000000                        __ospi_device_1_code_size__ = (__ospi_device_1_end__ - __ospi_device_1_start__)
                0x00007158                        __ospi_device_1_code_addr__ = (sgstubs_pre_location + (SIZEOF (.qspi_non_retentive) + SIZEOF (.ospi_device_0_non_retentive)))

.ospi_device_1_non_retentive
                0x80030000        0x0 load address 0x00007158
                0x80030000                        __ospi_device_1_non_retentive_start__ = .
 *(.ospi_device_1_non_retentive*)
                0x80030000                        __ospi_device_1_non_retentive_end__ = .
                0x00000000                        __ospi_device_1_non_retentive_size__ = (__ospi_device_1_non_retentive_end__ - __ospi_device_1_non_retentive_start__)
                0x10000000                        __ospi_device_1_region_max_size__ = 0x10000000
                0x80030000                        __ospi_device_1_region_start_address__ = __ospi_device_1_start__
                0x90030000                        __ospi_device_1_region_end_address__ = (__ospi_device_1_start__ + __ospi_device_1_region_max_size__)
                0x80030000                        __tz_OSPI_DEVICE_1_N = __ospi_device_1_non_retentive_end__

.noinit         0x2000007c       0x14
                0x2000007c                        . = ALIGN (0x4)
                0x2000007c                        __noinit_start = .
 *(.noinit*)
 .noinit        0x2000007c       0x14 ./ra/fsp/src/bsp/mcu/all/bsp_clocks.o
                0x20000090                        . = ALIGN (0x8)
 *(.heap.*)
                0x20000090                        __noinit_end = .

.bss            0x20000090      0x87c
                0x20000090                        . = ALIGN (0x4)
                0x20000090                        __bss_start__ = .
 *(.bss*)
 .bss.completed.1
                0x20000090        0x1 /home/maldus/Local/renesas/e2_studio/toolchains/gcc_arm/13_2-Rel1/arm-gnu-toolchain-13.2.Rel1-x86_64-arm-none-eabi/bin/../lib/gcc/arm-none-eabi/13.2.1/thumb/v8-m.base/nofp/crtbegin.o
 *fill*         0x20000091        0x3 
 .bss.object.0  0x20000094       0x18 /home/maldus/Local/renesas/e2_studio/toolchains/gcc_arm/13_2-Rel1/arm-gnu-toolchain-13.2.Rel1-x86_64-arm-none-eabi/bin/../lib/gcc/arm-none-eabi/13.2.1/thumb/v8-m.base/nofp/crtbegin.o
 .bss.ts.0      0x200000ac        0x4 ./src/controller/controller.o
 .bss.state     0x200000b0        0x6 ./src/controller/observer.o
 *fill*         0x200000b6        0x2 
 .bss.watcher   0x200000b8       0x38 ./src/controller/observer.o
 .bss.ts.0      0x200000f0        0x4 ./src/bsp/adc.o
 .bss.temp1_samples
                0x200000f4       0x14 ./src/bsp/adc.o
 .bss.temp_samples
                0x20000108       0x14 ./src/bsp/adc.o
 .bss.press1_samples
                0x2000011c       0x14 ./src/bsp/adc.o
 .bss.samples_index
                0x20000130        0x2 ./src/bsp/adc.o
 *fill*         0x20000132        0x2 
 .bss.ts.0      0x20000134        0x4 ./src/bsp/coin_reader.o
 .bss.filter    0x20000138      0x108 ./src/bsp/coin_reader.o
 .bss.ts.0      0x20000240        0x4 ./src/bsp/digin.o
 .bss.ready     0x20000244        0x1 ./src/bsp/digin.o
 *fill*         0x20000245        0x3 
 .bss.filter    0x20000248       0x88 ./src/bsp/digin.o
 .bss.timestamp.0
                0x200002d0        0x4 ./src/bsp/heartbit.o
 .bss.blink.1   0x200002d4        0x1 ./src/bsp/heartbit.o
 *fill*         0x200002d5        0x3 
 .bss.current_counter
                0x200002d8        0x4 ./src/bsp/power_off.o
 .bss.next_sub_block_index
                0x200002dc        0x2 ./src/bsp/power_off.o
 .bss.last_sub_block_index
                0x200002de        0x2 ./src/bsp/power_off.o
 .bss.user_data
                0x200002e0        0x4 ./src/bsp/power_off.o
 .bss.user_callback
                0x200002e4        0x4 ./src/bsp/power_off.o
 .bss.pwm_periph_period
                0x200002e8        0x4 ./src/bsp/pwm.o
 .bss.last_reception_timestamp
                0x200002ec        0x4 ./src/bsp/rs232.o
 .bss.receive_buffer
                0x200002f0       0xff ./src/bsp/rs232.o
 *fill*         0x200003ef        0x1 
 .bss.receive_index
                0x200003f0        0x4 ./src/bsp/rs232.o
 .bss.millis    0x200003f4        0x4 ./src/bsp/system.o
 .bss.response.0
                0x200003f8      0x100 ./src/adapters/modbus_server.o
 .bss.modbus_minion
                0x200004f8       0x24 ./src/adapters/modbus_server.o
 .bss.model.0   0x2000051c      0x11c ./src/hal_entry.o
 .bss.g_ioport_ctrl
                0x20000638        0x8 ./ra_gen/common_data.o
                0x20000638                g_ioport_ctrl
 .bss.g_external_irq0_ctrl
                0x20000640       0x10 ./ra_gen/common_data.o
                0x20000640                g_external_irq0_ctrl
 .bss.g_uart0_ctrl
                0x20000650       0x30 ./ra_gen/hal_data.o
                0x20000650                g_uart0_ctrl
 .bss.g_adc0_ctrl
                0x20000680       0x24 ./ra_gen/hal_data.o
                0x20000680                g_adc0_ctrl
 .bss.g_timer_pwm_ctrl
                0x200006a4       0x20 ./ra_gen/hal_data.o
                0x200006a4                g_timer_pwm_ctrl
 .bss.g_flash_ctrl
                0x200006c4       0x38 ./ra_gen/hal_data.o
                0x200006c4                g_flash_ctrl
 .bss.g_bsp_group_irq_sources
                0x200006fc       0x34 ./ra/fsp/src/bsp/mcu/all/bsp_group_irq.o
                0x200006fc                g_bsp_group_irq_sources
 .bss.g_protect_pfswe_counter
                0x20000730        0x4 ./ra/fsp/src/bsp/mcu/all/bsp_io.o
                0x20000730                g_protect_pfswe_counter
 .bss.gp_renesas_isr_context
                0x20000734       0x80 ./ra/fsp/src/bsp/mcu/all/bsp_irq.o
                0x20000734                gp_renesas_isr_context
 .bss.g_protect_counters
                0x200007b4        0x8 ./ra/fsp/src/bsp/mcu/all/bsp_register_protection.o
                0x200007b4                g_protect_counters
 .bss.current_heap_end.0
                0x200007bc        0x4 ./ra/fsp/src/bsp/mcu/all/bsp_sbrk.o
 .bss.SystemCoreClock
                0x200007c0        0x4 ./ra/fsp/src/bsp/cmsis/Device/RENESAS/Source/system.o
                0x200007c0                SystemCoreClock
 .bss.__malloc_sbrk_start
                0x200007c4        0x4 /home/maldus/Local/renesas/e2_studio/toolchains/gcc_arm/13_2-Rel1/arm-gnu-toolchain-13.2.Rel1-x86_64-arm-none-eabi/bin/../lib/gcc/arm-none-eabi/13.2.1/../../../../arm-none-eabi/lib/thumb/v8-m.base/nofp/libg_nano.a(libc_a-mallocr.o)
                0x200007c4                __malloc_sbrk_start
 .bss.__malloc_free_list