Archive member included to satisfy reference by file (symbol)

/home/maldus/Local/renesas/e2_studio/toolchains/gcc_arm/10_3_2021_10/gcc-arm-none-eabi-10.3-2021.10/bin/../lib/gcc/arm-none-eabi/10.3.1/thumb/v8-m.base/nofp/libgcc.a(_clzsi2.o)
                              ./ra/fsp/src/r_adc/r_adc.o (__clzsi2)
/home/maldus/Local/renesas/e2_studio/toolchains/gcc_arm/10_3_2021_10/gcc-arm-none-eabi-10.3-2021.10/bin/../lib/gcc/arm-none-eabi/10.3.1/thumb/v8-m.base/nofp/libgcc.a(_aeabi_ldivmod.o)
                              ./ra/fsp/src/r_sci_uart/r_sci_uart.o (__aeabi_ldivmod)
/home/maldus/Local/renesas/e2_studio/toolchains/gcc_arm/10_3_2021_10/gcc-arm-none-eabi-10.3-2021.10/bin/../lib/gcc/arm-none-eabi/10.3.1/thumb/v8-m.base/nofp/libgcc.a(_aeabi_uldivmod.o)
                              ./src/bsp/pwm.o (__aeabi_uldivmod)
/home/maldus/Local/renesas/e2_studio/toolchains/gcc_arm/10_3_2021_10/gcc-arm-none-eabi-10.3-2021.10/bin/../lib/gcc/arm-none-eabi/10.3.1/thumb/v8-m.base/nofp/libgcc.a(_muldi3.o)
                              ./src/bsp/pwm.o (__aeabi_lmul)
/home/maldus/Local/renesas/e2_studio/toolchains/gcc_arm/10_3_2021_10/gcc-arm-none-eabi-10.3-2021.10/bin/../lib/gcc/arm-none-eabi/10.3.1/thumb/v8-m.base/nofp/libgcc.a(_udivmoddi4.o)
                              /home/maldus/Local/renesas/e2_studio/toolchains/gcc_arm/10_3_2021_10/gcc-arm-none-eabi-10.3-2021.10/bin/../lib/gcc/arm-none-eabi/10.3.1/thumb/v8-m.base/nofp/libgcc.a(_aeabi_uldivmod.o) (__udivmoddi4)
/home/maldus/Local/renesas/e2_studio/toolchains/gcc_arm/10_3_2021_10/gcc-arm-none-eabi-10.3-2021.10/bin/../lib/gcc/arm-none-eabi/10.3.1/thumb/v8-m.base/nofp/libgcc.a(bpabi.o)
                              /home/maldus/Local/renesas/e2_studio/toolchains/gcc_arm/10_3_2021_10/gcc-arm-none-eabi-10.3-2021.10/bin/../lib/gcc/arm-none-eabi/10.3.1/thumb/v8-m.base/nofp/libgcc.a(_aeabi_ldivmod.o) (__gnu_ldivmod_helper)
/home/maldus/Local/renesas/e2_studio/toolchains/gcc_arm/10_3_2021_10/gcc-arm-none-eabi-10.3-2021.10/bin/../lib/gcc/arm-none-eabi/10.3.1/thumb/v8-m.base/nofp/libgcc.a(_dvmd_tls.o)
                              /home/maldus/Local/renesas/e2_studio/toolchains/gcc_arm/10_3_2021_10/gcc-arm-none-eabi-10.3-2021.10/bin/../lib/gcc/arm-none-eabi/10.3.1/thumb/v8-m.base/nofp/libgcc.a(_aeabi_ldivmod.o) (__aeabi_ldiv0)
/home/maldus/Local/renesas/e2_studio/toolchains/gcc_arm/10_3_2021_10/gcc-arm-none-eabi-10.3-2021.10/bin/../lib/gcc/arm-none-eabi/10.3.1/thumb/v8-m.base/nofp/libgcc.a(_divdi3.o)
                              /home/maldus/Local/renesas/e2_studio/toolchains/gcc_arm/10_3_2021_10/gcc-arm-none-eabi-10.3-2021.10/bin/../lib/gcc/arm-none-eabi/10.3.1/thumb/v8-m.base/nofp/libgcc.a(bpabi.o) (__divdi3)
/home/maldus/Local/renesas/e2_studio/toolchains/gcc_arm/10_3_2021_10/gcc-arm-none-eabi-10.3-2021.10/bin/../lib/gcc/arm-none-eabi/10.3.1/../../../../arm-none-eabi/lib/thumb/v8-m.base/nofp/libg_nano.a(lib_a-errno.o)
                              ./ra/fsp/src/bsp/mcu/all/bsp_sbrk.o (__errno)
/home/maldus/Local/renesas/e2_studio/toolchains/gcc_arm/10_3_2021_10/gcc-arm-none-eabi-10.3-2021.10/bin/../lib/gcc/arm-none-eabi/10.3.1/../../../../arm-none-eabi/lib/thumb/v8-m.base/nofp/libg_nano.a(lib_a-exit.o)
                              /home/maldus/Local/renesas/e2_studio/toolchains/gcc_arm/10_3_2021_10/gcc-arm-none-eabi-10.3-2021.10/bin/../lib/gcc/arm-none-eabi/10.3.1/../../../../arm-none-eabi/lib/thumb/v8-m.base/nofp/crt0.o (exit)
/home/maldus/Local/renesas/e2_studio/toolchains/gcc_arm/10_3_2021_10/gcc-arm-none-eabi-10.3-2021.10/bin/../lib/gcc/arm-none-eabi/10.3.1/../../../../arm-none-eabi/lib/thumb/v8-m.base/nofp/libg_nano.a(lib_a-impure.o)
                              /home/maldus/Local/renesas/e2_studio/toolchains/gcc_arm/10_3_2021_10/gcc-arm-none-eabi-10.3-2021.10/bin/../lib/gcc/arm-none-eabi/10.3.1/../../../../arm-none-eabi/lib/thumb/v8-m.base/nofp/libg_nano.a(lib_a-exit.o) (_global_impure_ptr)
/home/maldus/Local/renesas/e2_studio/toolchains/gcc_arm/10_3_2021_10/gcc-arm-none-eabi-10.3-2021.10/bin/../lib/gcc/arm-none-eabi/10.3.1/../../../../arm-none-eabi/lib/thumb/v8-m.base/nofp/libg_nano.a(lib_a-init.o)
                              /home/maldus/Local/renesas/e2_studio/toolchains/gcc_arm/10_3_2021_10/gcc-arm-none-eabi-10.3-2021.10/bin/../lib/gcc/arm-none-eabi/10.3.1/../../../../arm-none-eabi/lib/thumb/v8-m.base/nofp/crt0.o (__libc_init_array)
/home/maldus/Local/renesas/e2_studio/toolchains/gcc_arm/10_3_2021_10/gcc-arm-none-eabi-10.3-2021.10/bin/../lib/gcc/arm-none-eabi/10.3.1/../../../../arm-none-eabi/lib/thumb/v8-m.base/nofp/libg_nano.a(lib_a-malloc.o)
                              ./src/controller/observer.o (free)
/home/maldus/Local/renesas/e2_studio/toolchains/gcc_arm/10_3_2021_10/gcc-arm-none-eabi-10.3-2021.10/bin/../lib/gcc/arm-none-eabi/10.3.1/../../../../arm-none-eabi/lib/thumb/v8-m.base/nofp/libg_nano.a(lib_a-memcmp.o)
                              ./libs/c-watcher/src/watcher.o (memcmp)
[...]
Memory Configuration

Name             Origin             Length             Attributes
ITCM             0x0000000000000000 0x0000000000000000 xr
DTCM             0x0000000000000000 0x0000000000000000 xrw
FLASH            0x0000000000000000 0x0000000000040000 xr
RAM              0x0000000020000000 0x0000000000008000 xrw
DATA_FLASH       0x0000000040100000 0x0000000000002000 xr
QSPI_FLASH       0x0000000060000000 0x0000000000000000 xr
OSPI_DEVICE_0    0x0000000080020000 0x0000000000000000 xr
OSPI_DEVICE_1    0x0000000080030000 0x0000000000000000 xr
OSPI_DEVICE_0_RAM 0x0000000080020000 0x0000000000000000 xrw
OSPI_DEVICE_1_RAM 0x0000000080030000 0x0000000000000000 xrw
SDRAM            0x0000000080010000 0x0000000000000000 xrw
OPTION_SETTING   0x0000000000000000 0x0000000000000000 r
OPTION_SETTING_OFS 0x0000000000000000 0x0000000000000018 r
OPTION_SETTING_SAS 0x0000000000000034 0x0000000000000000 r
OPTION_SETTING_S 0x0000000080000000 0x0000000000000000 r
ID_CODE          0x0000000001010018 0x0000000000000020 xr
*default*        0x0000000000000000 0xffffffffffffffff

Linker script and memory map

LOAD /home/maldus/Local/renesas/e2_studio/toolchains/gcc_arm/10_3_2021_10/gcc-arm-none-eabi-10.3-2021.10/bin/../lib/gcc/arm-none-eabi/10.3.1/thumb/v8-m.base/nofp/crti.o
LOAD /home/maldus/Local/renesas/e2_studio/toolchains/gcc_arm/10_3_2021_10/gcc-arm-none-eabi-10.3-2021.10/bin/../lib/gcc/arm-none-eabi/10.3.1/thumb/v8-m.base/nofp/crtbegin.o
LOAD /home/maldus/Local/renesas/e2_studio/toolchains/gcc_arm/10_3_2021_10/gcc-arm-none-eabi-10.3-2021.10/bin/../lib/gcc/arm-none-eabi/10.3.1/../../../../arm-none-eabi/lib/thumb/v8-m.base/nofp/crt0.o
START GROUP
LOAD ./src/services/crc16-ccitt.o
LOAD ./src/model/cycle.o
LOAD ./src/model/heating.o
LOAD ./src/model/model.o
LOAD ./src/controller/controller.o
LOAD ./src/controller/observer.o
LOAD ./src/bsp/adc.o
LOAD ./src/bsp/coin_reader.o
LOAD ./src/bsp/digin.o
LOAD ./src/bsp/heartbit.o
LOAD ./src/bsp/power_off.o
LOAD ./src/bsp/pwm.o
LOAD ./src/bsp/relay.o
LOAD ./src/bsp/rs232.o
LOAD ./src/bsp/spi.o
LOAD ./src/bsp/system.o
LOAD ./src/bsp/temperature_humidity_probe.o
LOAD ./src/adapters/modbus_server.o
LOAD ./src/hal_entry.o
LOAD ./ra_gen/common_data.o
LOAD ./ra_gen/hal_data.o
LOAD ./ra_gen/main.o
LOAD ./ra_gen/pin_data.o
LOAD ./ra_gen/vector_data.o
LOAD ./ra/fsp/src/rm_vee_flash/rm_vee_flash.o
LOAD ./ra/fsp/src/r_sci_uart/r_sci_uart.o
LOAD ./ra/fsp/src/r_ioport/r_ioport.o
LOAD ./ra/fsp/src/r_icu/r_icu.o
LOAD ./ra/fsp/src/r_gpt/r_gpt.o
LOAD ./ra/fsp/src/r_flash_lp/r_flash_lp.o
LOAD ./ra/fsp/src/r_adc/r_adc.o
LOAD ./ra/fsp/src/bsp/mcu/ra2l1/bsp_power.o
LOAD ./ra/fsp/src/bsp/mcu/all/bsp_clocks.o
LOAD ./ra/fsp/src/bsp/mcu/all/bsp_common.o
LOAD ./ra/fsp/src/bsp/mcu/all/bsp_delay.o
LOAD ./ra/fsp/src/bsp/mcu/all/bsp_group_irq.o
LOAD ./ra/fsp/src/bsp/mcu/all/bsp_guard.o
LOAD ./ra/fsp/src/bsp/mcu/all/bsp_io.o
LOAD ./ra/fsp/src/bsp/mcu/all/bsp_irq.o
LOAD ./ra/fsp/src/bsp/mcu/all/bsp_macl.o
LOAD ./ra/fsp/src/bsp/mcu/all/bsp_register_protection.o
LOAD ./ra/fsp/src/bsp/mcu/all/bsp_rom_registers.o
LOAD ./ra/fsp/src/bsp/mcu/all/bsp_sbrk.o
LOAD ./ra/fsp/src/bsp/mcu/all/bsp_sdram.o
LOAD ./ra/fsp/src/bsp/mcu/all/bsp_security.o
LOAD ./ra/fsp/src/bsp/cmsis/Device/RENESAS/Source/startup.o
LOAD ./ra/fsp/src/bsp/cmsis/Device/RENESAS/Source/system.o
LOAD ./libs/c-watcher/src/watcher.o
LOAD ./libs/c-stopwatch/src/stopwatch.o
LOAD ./libs/c-stopwatch/src/stopwatch_timer.o
LOAD ./libs/c-debounce/src/debounce.o
LOAD ./libs/c-debounce/src/keypad.o
LOAD ./libs/c-debounce/src/pulsecounter.o
END GROUP
START GROUP
LOAD /home/maldus/Local/renesas/e2_studio/toolchains/gcc_arm/10_3_2021_10/gcc-arm-none-eabi-10.3-2021.10/bin/../lib/gcc/arm-none-eabi/10.3.1/thumb/v8-m.base/nofp/libgcc.a
LOAD /home/maldus/Local/renesas/e2_studio/toolchains/gcc_arm/10_3_2021_10/gcc-arm-none-eabi-10.3-2021.10/bin/../lib/gcc/arm-none-eabi/10.3.1/../../../../arm-none-eabi/lib/thumb/v8-m.base/nofp/libg_nano.a
LOAD /home/maldus/Local/renesas/e2_studio/toolchains/gcc_arm/10_3_2021_10/gcc-arm-none-eabi-10.3-2021.10/bin/../lib/gcc/arm-none-eabi/10.3.1/../../../../arm-none-eabi/lib/thumb/v8-m.base/nofp/libc_nano.a
END GROUP
START GROUP
LOAD /home/maldus/Local/renesas/e2_studio/toolchains/gcc_arm/10_3_2021_10/gcc-arm-none-eabi-10.3-2021.10/bin/../lib/gcc/arm-none-eabi/10.3.1/thumb/v8-m.base/nofp/libgcc.a
LOAD /home/maldus/Local/renesas/e2_studio/toolchains/gcc_arm/10_3_2021_10/gcc-arm-none-eabi-10.3-2021.10/bin/../lib/gcc/arm-none-eabi/10.3.1/../../../../arm-none-eabi/lib/thumb/v8-m.base/nofp/libc_nano.a
END GROUP
LOAD /home/maldus/Local/renesas/e2_studio/toolchains/gcc_arm/10_3_2021_10/gcc-arm-none-eabi-10.3-2021.10/bin/../lib/gcc/arm-none-eabi/10.3.1/thumb/v8-m.base/nofp/crtend.o
LOAD /home/maldus/Local/renesas/e2_studio/toolchains/gcc_arm/10_3_2021_10/gcc-arm-none-eabi-10.3-2021.10/bin/../lib/gcc/arm-none-eabi/10.3.1/thumb/v8-m.base/nofp/crtn.o
                0x0000000020000000                RAM_START = 0x20000000
                0x0000000000008000                RAM_LENGTH = 0x8000
                0x0000000000000000                FLASH_START = 0x0
                0x0000000000040000                FLASH_LENGTH = 0x40000
                0x0000000040100000                DATA_FLASH_START = 0x40100000
                0x0000000000002000                DATA_FLASH_LENGTH = 0x2000
                0x0000000000000000                OPTION_SETTING_START = 0x0
                0x0000000000000000                OPTION_SETTING_LENGTH = 0x0
                0x0000000080000000                OPTION_SETTING_S_START = 0x80000000
                0x0000000000000000                OPTION_SETTING_S_LENGTH = 0x0
                0x0000000001010018                ID_CODE_START = 0x1010018
                0x0000000000000020                ID_CODE_LENGTH = 0x20
                0x0000000080010000                SDRAM_START = 0x80010000
                0x0000000000000000                SDRAM_LENGTH = 0x0
                0x0000000060000000                QSPI_FLASH_START = 0x60000000
                0x0000000000000000                QSPI_FLASH_LENGTH = 0x0
                0x0000000080020000                OSPI_DEVICE_0_START = 0x80020000
                0x0000000000000000                OSPI_DEVICE_0_LENGTH = 0x0
                0x0000000080030000                OSPI_DEVICE_1_START = 0x80030000
                0x0000000000000000                OSPI_DEVICE_1_LENGTH = 0x0
                0x0000000000000000                QSPI_FLASH_PRV_LENGTH = DEFINED (QSPI_FLASH_SIZE)?ABSOLUTE (QSPI_FLASH_SIZE):ABSOLUTE (QSPI_FLASH_LENGTH)
                0x0000000000000000                OSPI_DEVICE_0_PRV_LENGTH = DEFINED (OSPI_DEVICE_0_SIZE)?ABSOLUTE (OSPI_DEVICE_0_SIZE):ABSOLUTE (OSPI_DEVICE_0_LENGTH)
                0x0000000000000000                OSPI_DEVICE_1_PRV_LENGTH = DEFINED (OSPI_DEVICE_1_SIZE)?ABSOLUTE (OSPI_DEVICE_1_SIZE):ABSOLUTE (OSPI_DEVICE_1_LENGTH)
                0x0000000000000000                __RESERVE_NS_RAM = ((! (DEFINED (PROJECT_NONSECURE)) && DEFINED (RAM_NS_BUFFER_LENGTH)) && (OPTION_SETTING_S_LENGTH != 0x0))
                0x0000000000000000                ITCM_START = DEFINED (ITCM_START)?ITCM_START:0x0
                0x0000000000000000                ITCM_LENGTH = DEFINED (ITCM_LENGTH)?ITCM_LENGTH:0x0
                0x0000000000000000                DTCM_START = DEFINED (DTCM_START)?DTCM_START:0x0
                0x0000000000000000                DTCM_LENGTH = DEFINED (DTCM_LENGTH)?DTCM_LENGTH:0x0
                0x0000000000000000                RAM_NS_BUFFER_BLOCK_LENGTH = DEFINED (RAM_NS_BUFFER_LENGTH)?ALIGN (RAM_NS_BUFFER_LENGTH, 0x2000):0x0
                0x0000000000000000                RAM_NS_BUFFER_LENGTH = DEFINED (RAM_NS_BUFFER_LENGTH)?RAM_NS_BUFFER_LENGTH:0x0
                0x0000000020008000                RAM_NS_BUFFER_START = ((RAM_START + RAM_LENGTH) - RAM_NS_BUFFER_LENGTH)
                0x0000000020008000                RAM_NS_BUFFER_BLOCK_START = ((RAM_START + RAM_LENGTH) - RAM_NS_BUFFER_BLOCK_LENGTH)
                0x0000000000000080                OPTION_SETTING_START_NS = DEFINED (PROJECT_NONSECURE)?OPTION_SETTING_START:(OPTION_SETTING_START + 0x80)
                0x0000000000000001                __bl_FSP_BOOTABLE_IMAGE = 0x1
                0x0000000000000001                __bln_FSP_BOOTABLE_IMAGE = 0x1
                0x0000000000000000                PROJECT_SECURE_OR_FLAT = (((! (DEFINED (PROJECT_NONSECURE)) || DEFINED (PROJECT_SECURE)) && OPTION_SETTING_LENGTH) && ! (DEFINED (FSP_BOOTABLE_IMAGE)))
                0x0000000000000000                USE_OPTION_SETTING_NS = (DEFINED (PROJECT_NONSECURE) && ! (DEFINED (FSP_BOOTABLE_IMAGE)))
                0x0000000000000000                __bl_FLASH_IMAGE_START = ! (DEFINED (FLASH_BOOTLOADER_LENGTH))?0x0:(FLASH_APPLICATION_IMAGE_NUMBER == 0x1)?((FLASH_START + FLASH_BOOTLOADER_LENGTH) + FLASH_BOOTLOADER_HEADER_LENGTH):(DEFINED (BOOTLOADER_SECONDARY_USE_QSPI) || DEFINED (BOOTLOADER_SECONDARY_USE_OSPI_B))?(((FLASH_START + FLASH_BOOTLOADER_LENGTH) + FLASH_BOOTLOADER_SCRATCH_LENGTH) + FLASH_BOOTLOADER_HEADER_LENGTH):((((FLASH_START + FLASH_BOOTLOADER_LENGTH) + FLASH_BOOTLOADER_SCRATCH_LENGTH) + FLASH_APPLICATION_S_LENGTH) + FLASH_BOOTLOADER_HEADER_LENGTH)
                0x0000000000000000                __bl_FLASH_IMAGE_LENGTH = ! (DEFINED (FLASH_BOOTLOADER_LENGTH))?0x0:(FLASH_APPLICATION_S_LENGTH - FLASH_BOOTLOADER_HEADER_LENGTH)
                0x0000000000000000                __bl_FLASH_IMAGE_END = (__bl_FLASH_IMAGE_START + __bl_FLASH_IMAGE_LENGTH)
                0x0000000000000000                __bl_XIP_SECONDARY_FLASH_IMAGE_START = ! (DEFINED (FLASH_BOOTLOADER_LENGTH))?0x0:((FLASH_BOOTLOADER_LENGTH + FLASH_APPLICATION_S_LENGTH) + FLASH_BOOTLOADER_HEADER_LENGTH)
                0x0000000000000000                __bl_XIP_SECONDARY_FLASH_IMAGE_END = (__bl_XIP_SECONDARY_FLASH_IMAGE_START + __bl_FLASH_IMAGE_LENGTH)
                0x0000000000000000                __bl_FLASH_NS_START = ! (DEFINED (FLASH_BOOTLOADER_LENGTH))?0x0:(FLASH_APPLICATION_NS_LENGTH == 0x0)?__bl_FLASH_IMAGE_END:((__bl_FLASH_IMAGE_START - FLASH_BOOTLOADER_HEADER_LENGTH) + FLASH_APPLICATION_S_LENGTH)
                0x0000000000000000                __bl_FLASH_NSC_START = ! (DEFINED (FLASH_BOOTLOADER_LENGTH))?0x0:(FLASH_APPLICATION_NS_LENGTH == 0x0)?__bl_FLASH_IMAGE_END:(__bl_FLASH_IMAGE_END - FLASH_APPLICATION_NSC_LENGTH)
                0x0000000000000000                __bl_RAM_NS_START = ! (DEFINED (FLASH_BOOTLOADER_LENGTH))?0x0:(FLASH_APPLICATION_NS_LENGTH == 0x0)?(RAM_START + RAM_LENGTH):((RAM_START + RAM_LENGTH) - RAM_APPLICATION_NS_LENGTH)
                0x0000000000000000                __bl_RAM_NSC_START = ! (DEFINED (FLASH_BOOTLOADER_LENGTH))?0x0:(FLASH_APPLICATION_NS_LENGTH == 0x0)?(RAM_START + RAM_LENGTH):(__bl_RAM_NS_START - RAM_APPLICATION_NSC_LENGTH)
                0x0000000000000000                __bl_FLASH_NS_IMAGE_START = ! (DEFINED (FLASH_BOOTLOADER_LENGTH))?0x0:(FLASH_APPLICATION_NS_LENGTH == 0x0)?__bl_FLASH_IMAGE_END:(__bl_FLASH_NS_START + FLASH_BOOTLOADER_HEADER_LENGTH_2)
                0x0000000000000000                __bln_FLASH_IMAGE_START = (__bl_FLASH_NS_IMAGE_START | ! (DEFINED (NS_OFFSET_START))?0x0:NS_OFFSET_START)
                0x0000000000000000                __bln_FLASH_IMAGE_LENGTH = ! (DEFINED (FLASH_BOOTLOADER_LENGTH))?0x0:(FLASH_APPLICATION_NS_LENGTH == 0x0)?__bl_FLASH_IMAGE_END:(FLASH_APPLICATION_NS_LENGTH - FLASH_BOOTLOADER_HEADER_LENGTH_2)
                0x0000000000000000                XIP_SECONDARY_SLOT_IMAGE = DEFINED (XIP_SECONDARY_SLOT_IMAGE)?XIP_SECONDARY_SLOT_IMAGE:0x0
                0x0000000000000000                FLASH_ORIGIN = ! (DEFINED (FLASH_IMAGE_START))?FLASH_START:(XIP_SECONDARY_SLOT_IMAGE == 0x1)?XIP_SECONDARY_FLASH_IMAGE_START:FLASH_IMAGE_START
                0x0000000000040000                LIMITED_FLASH_LENGTH = DEFINED (FLASH_IMAGE_LENGTH)?FLASH_IMAGE_LENGTH:DEFINED (FLASH_BOOTLOADER_LENGTH)?FLASH_BOOTLOADER_LENGTH:FLASH_LENGTH
                0x0000000000000034                OPTION_SETTING_SAS_SIZE = 0x34
                0x0000000000000000                OPTION_SETTING_SAS_LENGTH = ! (DEFINED (OPTION_SETTING_LENGTH))?0x0:(OPTION_SETTING_LENGTH == 0x0)?0x0:(OPTION_SETTING_LENGTH - OPTION_SETTING_SAS_SIZE)
START GROUP
LOAD /home/maldus/Local/renesas/e2_studio/toolchains/gcc_arm/10_3_2021_10/gcc-arm-none-eabi-10.3-2021.10/bin/../lib/gcc/arm-none-eabi/10.3.1/thumb/v8-m.base/nofp/libgcc.a
LOAD /home/maldus/Local/renesas/e2_studio/toolchains/gcc_arm/10_3_2021_10/gcc-arm-none-eabi-10.3-2021.10/bin/../lib/gcc/arm-none-eabi/10.3.1/../../../../arm-none-eabi/lib/thumb/v8-m.base/nofp/libc.a
LOAD /home/maldus/Local/renesas/e2_studio/toolchains/gcc_arm/10_3_2021_10/gcc-arm-none-eabi-10.3-2021.10/bin/../lib/gcc/arm-none-eabi/10.3.1/../../../../arm-none-eabi/lib/thumb/v8-m.base/nofp/libm.a
END GROUP

.text           0x0000000000000000     0x72bc
                0x0000000000000000                __tz_FLASH_S = ABSOLUTE (FLASH_START)
                0x0000000000000000                __ROM_Start = .
 *(.fixed_vectors*)
 .fixed_vectors
                0x0000000000000000       0x40 ./ra/fsp/src/bsp/cmsis/Device/RENESAS/Source/startup.o
                0x0000000000000000                __Vectors
 *(.application_vectors*)
 .application_vectors
                0x0000000000000040       0x80 ./ra_gen/vector_data.o
                0x0000000000000040                g_vector_table
                0x00000000000000c0                __Vectors_End = .
 *(.flash_gap*)
                0x0000000000000400                . = (OPTION_SETTING_LENGTH > 0x0)?.:(__ROM_Start + 0x400)
 *fill*         0x00000000000000c0      0x340 ff
 *(.rom_registers*)
 .rom_registers
                0x0000000000000400       0x3c ./ra/fsp/src/bsp/mcu/all/bsp_rom_registers.o
 *(.mcuboot_sce9_key*)
 *(.text*)
 .text          0x000000000000043c       0x50 /home/maldus/Local/renesas/e2_studio/toolchains/gcc_arm/10_3_2021_10/gcc-arm-none-eabi-10.3-2021.10/bin/../lib/gcc/arm-none-eabi/10.3.1/thumb/v8-m.base/nofp/crtbegin.o
 .text.crc16_ccitt
                0x000000000000048c       0x2a ./src/services/crc16-ccitt.o
                0x000000000000048c                crc16_ccitt
 .text.paused_entry
                0x00000000000004b6       0x38 ./src/model/cycle.o
 .text.fix_timer
                0x00000000000004ee       0x2c ./src/model/cycle.o
 .text.start_everything
                0x000000000000051a       0x5a ./src/model/cycle.o
 .text.paused_event_manager
                0x0000000000000574       0x3e ./src/model/cycle.o
 *fill*         0x00000000000005b2        0x2 ff
 .text.running_event_manager
                0x00000000000005b4       0xe8 ./src/model/cycle.o
 .text.wait_start_event_manager
                0x000000000000069c       0x6c ./src/model/cycle.o
 .text.active_event_manager
                0x0000000000000708       0xde ./src/model/cycle.o
 .text.stop_everything
                0x00000000000007e6       0x62 ./src/model/cycle.o
 .text.stopped_entry
                0x0000000000000848        0x8 ./src/model/cycle.o
 .text.stopped_event_manager
                0x0000000000000850       0x9a ./src/model/cycle.o
 .text.cycle_send_event
                0x00000000000008ea       0x4c ./src/model/cycle.o
                0x00000000000008ea                cycle_send_event
 .text.timer_event_callback
                0x0000000000000936        0xe ./src/model/cycle.o
 .text.cycle_init
                0x0000000000000944       0x3a ./src/model/cycle.o
                0x0000000000000944                cycle_init
 .text.cycle_manage
                0x000000000000097e       0x28 ./src/model/cycle.o
                0x000000000000097e                cycle_manage
 .text.cycle_change_remaining_time
                0x00000000000009a6       0x44 ./src/model/cycle.o
                0x00000000000009a6                cycle_change_remaining_time
 .text.cycle_cold_start
                0x00000000000009ea       0x16 ./src/model/cycle.o
                0x00000000000009ea                cycle_cold_start
 .text.cycle_check
                0x0000000000000a00        0xe ./src/model/cycle.o
                0x0000000000000a00                cycle_check
 .text.setpoint_reached_event_manager
                0x0000000000000a0e       0x38 ./src/model/heating.o
 .text.on_event_manager
                0x0000000000000a46       0x38 ./src/model/heating.o
 .text.off_event_manager
                0x0000000000000a7e       0x2c ./src/model/heating.o
 .text.on_entry
                0x0000000000000aaa        0xe ./src/model/heating.o
 .text.heating_send_event
                0x0000000000000ab8       0x4c ./src/model/heating.o
                0x0000000000000ab8                heating_send_event
 .text.heating_init
                0x0000000000000b04       0x14 ./src/model/heating.o
                0x0000000000000b04                heating_init
 .text.heating_manage
                0x0000000000000b18        0xe ./src/model/heating.o
                0x0000000000000b18                heating_manage
 .text.heating_on
                0x0000000000000b26        0xe ./src/model/heating.o
                0x0000000000000b26                heating_on
 .text.heating_off
                0x0000000000000b34        0xe ./src/model/heating.o
                0x0000000000000b34                heating_off
 .text.ptc_temperature_from_adc_value
                0x0000000000000b42       0x2e ./src/model/model.o
 .text.get_pwm_drum_percentage
                0x0000000000000b70       0x3e ./src/model/model.o
 .text.set_drum_timestamp
                0x0000000000000bae       0x16 ./src/model/model.o
 .text.model_init
                0x0000000000000bc4       0x46 ./src/model/model.o
                0x0000000000000bc4                model_init
 .text.model_is_emergency_alarm_active
                0x0000000000000c0a       0x32 ./src/model/model.o
                0x0000000000000c0a                model_is_emergency_alarm_active
 .text.model_is_filter_alarm_active
                0x0000000000000c3c       0x32 ./src/model/model.o
                0x0000000000000c3c                model_is_filter_alarm_active
 .text.model_is_porthole_open
                0x0000000000000c6e       0x42 ./src/model/model.o
                0x0000000000000c6e                model_is_porthole_open
 .text.model_cycle_resume
                0x0000000000000cb0        0xe ./src/model/model.o
                0x0000000000000cb0                model_cycle_resume
 .text.model_cycle_pause
                0x0000000000000cbe        0xe ./src/model/model.o
                0x0000000000000cbe                model_cycle_pause
 .text.model_cycle_stop
                0x0000000000000ccc        0xe ./src/model/model.o
                0x0000000000000ccc                model_cycle_stop
 .text.model_get_step_duration_seconds
                0x0000000000000cda       0x2e ./src/model/model.o
                0x0000000000000cda                model_get_step_duration_seconds
 .text.model_is_step_endless
                0x0000000000000d08       0x38 ./src/model/model.o
                0x0000000000000d08                model_is_step_endless
 .text.model_get_cycle_remaining_time
                0x0000000000000d40       0x28 ./src/model/model.o
                0x0000000000000d40                model_get_cycle_remaining_time
 .text.model_is_cycle_on
                0x0000000000000d68       0x2e ./src/model/model.o
                0x0000000000000d68                model_is_cycle_on
 .text.model_update_sensors
                0x0000000000000d96       0xa6 ./src/model/model.o
                0x0000000000000d96                model_update_sensors
 .text.model_pwoff_deserialize
                0x0000000000000e3c      0x176 ./src/model/model.o
                0x0000000000000e3c                model_pwoff_deserialize
 .text.model_clear_coins
                0x0000000000000fb2       0x30 ./src/model/model.o
                0x0000000000000fb2                model_clear_coins
 .text.model_heating_enabled
                0x0000000000000fe2       0x2e ./src/model/model.o
                0x0000000000000fe2                model_heating_enabled
 .text.model_ciclo_continuo
                0x0000000000001010       0x3c ./src/model/model.o
                0x0000000000001010                model_ciclo_continuo
 .text.model_ciclo_fermo
                0x000000000000104c       0x2e ./src/model/model.o
                0x000000000000104c                model_ciclo_fermo
 .text.model_get_remaining_seconds
                0x000000000000107a       0x58 ./src/model/model.o
                0x000000000000107a                model_get_remaining_seconds
 .text.model_get_setpoint
                0x00000000000010d2       0x2a ./src/model/model.o
                0x00000000000010d2                model_get_setpoint
 .text.model_get_default_temperature
                0x00000000000010fc       0x6e ./src/model/model.o
                0x00000000000010fc                model_get_default_temperature
 .text.model_add_work_time_ms
                0x000000000000116a       0x36 ./src/model/model.o
                0x000000000000116a                model_add_work_time_ms
 .text.model_add_rotation_time_ms
                0x00000000000011a0       0x36 ./src/model/model.o
                0x00000000000011a0                model_add_rotation_time_ms
 .text.model_over_safety_temperature
                0x00000000000011d6       0x3a ./src/model/model.o
                0x00000000000011d6                model_over_safety_temperature
 .text.model_drum_forward
                0x0000000000001210       0x3a ./src/model/model.o
                0x0000000000001210                model_drum_forward
 .text.model_drum_backward
                0x000000000000124a       0x3a ./src/model/model.o
                0x000000000000124a                model_drum_backward
 .text.model_drum_stop
                0x0000000000001284       0x4e ./src/model/model.o
                0x0000000000001284                model_drum_stop
 .text.model_is_drum_running_forward
                0x00000000000012d2       0x32 ./src/model/model.o
                0x00000000000012d2                model_is_drum_running_forward
 .text.model_is_cycle_active
                0x0000000000001304       0x3e ./src/model/model.o
                0x0000000000001304                model_is_cycle_active
 .text.model_pwoff_serialize
                0x0000000000001342      0x152 ./src/model/model.o
                0x0000000000001342                model_pwoff_serialize
 .text.model_is_fan_on
                0x0000000000001494       0x5c ./src/model/model.o
                0x0000000000001494                model_is_fan_on
 .text.model_get_active_alarms
                0x00000000000014f0       0xb6 ./src/model/model.o
                0x00000000000014f0                model_get_active_alarms
 .text.model_fix_alarms
                0x00000000000015a6       0x5a ./src/model/model.o
                0x00000000000015a6                model_fix_alarms
 .text.model_clear_alarms
                0x0000000000001600       0x32 ./src/model/model.o
                0x0000000000001600                model_clear_alarms
 .text.model_get_relay_map
                0x0000000000001632       0xc6 ./src/model/model.o
                0x0000000000001632                model_get_relay_map
 .text.get_pwm_fan_percentage
                0x00000000000016f8       0x3c ./src/model/model.o
 .text.model_get_pwm_drum_percentage
                0x0000000000001734       0x36 ./src/model/model.o
                0x0000000000001734                model_get_pwm_drum_percentage
 .text.model_get_pwm_fan_percentage
                0x000000000000176a       0x36 ./src/model/model.o
                0x000000000000176a                model_get_pwm_fan_percentage
 .text.model_manage
                0x00000000000017a0      0x114 ./src/model/model.o
                0x00000000000017a0                model_manage
 .text.model_reset_burner
                0x00000000000018b4       0x3e ./src/model/model.o
                0x00000000000018b4                model_reset_burner
 .text.model_cycles_exceeded
                0x00000000000018f2       0x40 ./src/model/model.o
                0x00000000000018f2                model_cycles_exceeded
 .text.controller_init
                0x0000000000001932       0x3e ./src/controller/controller.o
                0x0000000000001932                controller_init
 .text.controller_manage
                0x0000000000001970       0xb6 ./src/controller/controller.o
                0x0000000000001970                controller_manage
 .text.controller_power_off
                0x0000000000001a26       0x28 ./src/controller/controller.o
                0x0000000000001a26                controller_power_off
 .text.update_coin_reader_inhibit
                0x0000000000001a4e        0xa ./src/controller/observer.o
 .text.update_alarms
                0x0000000000001a58       0x18 ./src/controller/observer.o
 .text.update_pwm
                0x0000000000001a70       0x1c ./src/controller/observer.o
 .text.refresh_relays
                0x0000000000001a8c       0x22 ./src/controller/observer.o
 .text.update_relays
                0x0000000000001aae       0x12 ./src/controller/observer.o
 .text.observer_manage
                0x0000000000001ac0       0x3a ./src/controller/observer.o
                0x0000000000001ac0                observer_manage
 .text.observer_init
                0x0000000000001afa       0xaa ./src/controller/observer.o
                0x0000000000001afa                observer_init
 .text.bsp_adc_init
                0x0000000000001ba4       0x7e ./src/bsp/adc.o
                0x0000000000001ba4                bsp_adc_init
 .text.bsp_adc_manage
                0x0000000000001c22       0xa2 ./src/bsp/adc.o
                0x0000000000001c22                bsp_adc_manage
 .text.bsp_adc_get
                0x0000000000001cc4       0x38 ./src/bsp/adc.o
                0x0000000000001cc4                bsp_adc_get
 .text.bsp_adc_callback
                0x0000000000001cfc        0x2 ./src/bsp/adc.o
                0x0000000000001cfc                bsp_adc_callback
 .text.bsp_coin_reader_enable
                0x0000000000001cfe       0x2e ./src/bsp/coin_reader.o
                0x0000000000001cfe                bsp_coin_reader_enable
 .text.bsp_coin_reader_init
                0x0000000000001d2c       0x1a ./src/bsp/coin_reader.o
                0x0000000000001d2c                bsp_coin_reader_init
 .text.bsp_coin_reader_manage
                0x0000000000001d46       0x86 ./src/bsp/coin_reader.o
                0x0000000000001d46                bsp_coin_reader_manage
 .text.bsp_coin_reader_read
                0x0000000000001dcc       0x1c ./src/bsp/coin_reader.o
                0x0000000000001dcc                bsp_coin_reader_read
 .text.bsp_coin_reader_clear
                0x0000000000001de8       0x26 ./src/bsp/coin_reader.o
                0x0000000000001de8                bsp_coin_reader_clear
 .text.bsp_digin_init
                0x0000000000001e0e       0x10 ./src/bsp/digin.o
                0x0000000000001e0e                bsp_digin_init
 .text.bsp_digin_is_ready
                0x0000000000001e1e       0x14 ./src/bsp/digin.o
                0x0000000000001e1e                bsp_digin_is_ready
 .text.bsp_digin_manage
                0x0000000000001e32       0xa6 ./src/bsp/digin.o
                0x0000000000001e32                bsp_digin_manage
 .text.bsp_digin_get_bitmap
                0x0000000000001ed8        0xc ./src/bsp/digin.o
                0x0000000000001ed8                bsp_digin_get_bitmap
 .text.bsp_heartbit_manage
                0x0000000000001ee4       0xac ./src/bsp/heartbit.o
                0x0000000000001ee4                bsp_heartbit_manage
 .text.bsp_power_off_init
                0x0000000000001f90       0x58 ./src/bsp/power_off.o
                0x0000000000001f90                bsp_power_off_init
 .text.bsp_power_off_save
                0x0000000000001fe8       0x36 ./src/bsp/power_off.o
                0x0000000000001fe8                bsp_power_off_save
 .text.bsp_power_off_load
                0x000000000000201e       0x1e ./src/bsp/power_off.o
                0x000000000000201e                bsp_power_off_load
 .text.vee_callback
                0x000000000000203c        0x2 ./src/bsp/power_off.o
                0x000000000000203c                vee_callback
 .text.bsp_pwm_init
                0x000000000000203e       0x5e ./src/bsp/pwm.o
                0x000000000000203e                bsp_pwm_init
 .text.bsp_pwm_update
                0x000000000000209c       0x5e ./src/bsp/pwm.o
                0x000000000000209c                bsp_pwm_update
 .text.bsp_relay_update
                0x00000000000020fa       0x36 ./src/bsp/relay.o
                0x00000000000020fa                bsp_relay_update
 .text.bsp_rs232_init
                0x0000000000002130       0x16 ./src/bsp/rs232.o
                0x0000000000002130                bsp_rs232_init
 .text.bsp_rs232_write
                0x0000000000002146       0x1a ./src/bsp/rs232.o
                0x0000000000002146                bsp_rs232_write
 .text.bsp_rs232_read
                0x0000000000002160       0x26 ./src/bsp/rs232.o
                0x0000000000002160                bsp_rs232_read
 .text.bsp_rs232_flush
                0x0000000000002186        0xe ./src/bsp/rs232.o
                0x0000000000002186                bsp_rs232_flush
 .text.rs232_callback
                0x0000000000002194       0x50 ./src/bsp/rs232.o
                0x0000000000002194                rs232_callback
 .text.bsp_rs232_timed_out
                0x00000000000021e4       0x1c ./src/bsp/rs232.o
                0x00000000000021e4                bsp_rs232_timed_out
 .text.spi_master_exchange
                0x0000000000002200       0xac ./src/bsp/spi.o
                0x0000000000002200                spi_master_exchange
 .text.SysTick_Handler
                0x00000000000022ac       0x10 ./src/bsp/system.o
                0x00000000000022ac                SysTick_Handler
 .text.bsp_system_init
                0x00000000000022bc       0x56 ./src/bsp/system.o
                0x00000000000022bc                bsp_system_init
 .text.bsp_system_get_millis
                0x0000000000002312        0xc ./src/bsp/system.o
                0x0000000000002312                bsp_system_get_millis
 .text.crc8_ccitt
                0x000000000000231e       0x1e ./src/bsp/temperature_humidity_probe.o
 .text.temperature_humidity_probe_read
                0x000000000000233c       0x88 ./src/bsp/temperature_humidity_probe.o
                0x000000000000233c                temperature_humidity_probe_read
 .text.static_allocator
                0x00000000000023c4       0x28 ./src/adapters/modbus_server.o
 .text.exception_callback
                0x00000000000023ec        0x4 ./src/adapters/modbus_server.o
 .text.register_callback
                0x00000000000023f0      0x3c8 ./src/adapters/modbus_server.o
 .text.modbusBufferInit
                0x00000000000027b8       0x12 ./src/adapters/modbus_server.o
                0x00000000000027b8                modbusBufferInit
 .text.modbusBufferAllocateADU
                0x00000000000027ca       0x34 ./src/adapters/modbus_server.o
                0x00000000000027ca                modbusBufferAllocateADU
 .text.modbusBufferFree
                0x00000000000027fe        0xc ./src/adapters/modbus_server.o
                0x00000000000027fe                modbusBufferFree
 *fill*         0x000000000000280a        0x2 ff
 .text.modbusCRC
                0x000000000000280c       0x3c ./src/adapters/modbus_server.o
                0x000000000000280c                modbusCRC
 .text.modbusSlaveInit
                0x0000000000002848       0x1e ./src/adapters/modbus_server.o
                0x0000000000002848                modbusSlaveInit
 .text.modbusBuildException
                0x0000000000002866       0x32 ./src/adapters/modbus_server.o
                0x0000000000002866                modbusBuildException
 .text.modbusParseRequest01020304
                0x0000000000002898      0x1a2 ./src/adapters/modbus_server.o
                0x0000000000002898                modbusParseRequest01020304
 .text.modbusParseRequest1516
                0x0000000000002a3a      0x1b2 ./src/adapters/modbus_server.o
                0x0000000000002a3a                modbusParseRequest1516
 .text.modbusParseRequest
                0x0000000000002bec       0x34 ./src/adapters/modbus_server.o
                0x0000000000002bec                modbusParseRequest
 .text.modbusParseRequestRTU
                0x0000000000002c20       0xe0 ./src/adapters/modbus_server.o
                0x0000000000002c20                modbusParseRequestRTU
 .text.modbus_server_init
                0x0000000000002d00       0x6e ./src/adapters/modbus_server.o
                0x0000000000002d00                modbus_server_init
 .text.modbus_server_manage
                0x0000000000002d6e       0x74 ./src/adapters/modbus_server.o
                0x0000000000002d6e                modbus_server_manage
 .text.hal_entry
                0x0000000000002de2       0x56 ./src/hal_entry.o
                0x0000000000002de2                hal_entry
 .text.R_BSP_WarmStart
                0x0000000000002e38       0x2e ./src/hal_entry.o
                0x0000000000002e38                R_BSP_WarmStart
 .text.main     0x0000000000002e66        0xa ./ra_gen/main.o
                0x0000000000002e66                main
 .text.RM_VEE_FLASH_RecordPtrGet
                0x0000000000002e70       0x20 ./ra/fsp/src/rm_vee_flash/rm_vee_flash.o
                0x0000000000002e70                RM_VEE_FLASH_RecordPtrGet
 .text.rm_vee_call_callback
                0x0000000000002e90       0x34 ./ra/fsp/src/rm_vee_flash/rm_vee_flash.o
 .text.rm_vee_flash_err_handle
                0x0000000000002ec4       0x16 ./ra/fsp/src/rm_vee_flash/rm_vee_flash.o
 .text.rm_vee_get_next_id
                0x0000000000002eda       0x24 ./ra/fsp/src/rm_vee_flash/rm_vee_flash.o
 .text.rm_vee_write_seg_hdr
                0x0000000000002efe       0x22 ./ra/fsp/src/rm_vee_flash/rm_vee_flash.o
 .text.rm_vee_state_get
                0x0000000000002f20       0x1e ./ra/fsp/src/rm_vee_flash/rm_vee_flash.o
 .text.rm_vee_blocking_blankcheck
                0x0000000000002f3e       0x76 ./ra/fsp/src/rm_vee_flash/rm_vee_flash.o
 .text.rm_vee_load_record_table
                0x0000000000002fb4       0x92 ./ra/fsp/src/rm_vee_flash/rm_vee_flash.o
 .text.rm_vee_blocking_erase
                0x0000000000003046       0x60 ./ra/fsp/src/rm_vee_flash/rm_vee_flash.o
 .text.rm_vee_blocking_erase_segment
                0x00000000000030a6       0x14 ./ra/fsp/src/rm_vee_flash/rm_vee_flash.o
 .text.rm_vee_blocking_write
                0x00000000000030ba       0x5e ./ra/fsp/src/rm_vee_flash/rm_vee_flash.o
 .text.rm_vee_inspect_segments
                0x0000000000003118       0xf0 ./ra/fsp/src/rm_vee_flash/rm_vee_flash.o
 .text.rm_vee_internal_open
                0x0000000000003208       0x50 ./ra/fsp/src/rm_vee_flash/rm_vee_flash.o
 .text.rm_vee_restore_previous_seg
                0x0000000000003258       0x22 ./ra/fsp/src/rm_vee_flash/rm_vee_flash.o
 .text.rm_vee_init_record_xfer
                0x000000000000327a       0x54 ./ra/fsp/src/rm_vee_flash/rm_vee_flash.o
 .text.rm_vee_xfer_next_chunk
                0x00000000000032ce       0x52 ./ra/fsp/src/rm_vee_flash/rm_vee_flash.o
 .text.rm_vee_start_seg_refresh
                0x0000000000003320       0x94 ./ra/fsp/src/rm_vee_flash/rm_vee_flash.o
 .text.RM_VEE_FLASH_Open
                0x00000000000033b4       0xf8 ./ra/fsp/src/rm_vee_flash/rm_vee_flash.o
                0x00000000000033b4                RM_VEE_FLASH_Open
 .text.rm_vee_internal_write_rec
                0x00000000000034ac       0x50 ./ra/fsp/src/rm_vee_flash/rm_vee_flash.o
 .text.RM_VEE_FLASH_RecordWrite
                0x00000000000034fc       0x16 ./ra/fsp/src/rm_vee_flash/rm_vee_flash.o
                0x00000000000034fc                RM_VEE_FLASH_RecordWrite
 .text.rm_vee_refresh_next_data_source
                0x0000000000003512       0x2e ./ra/fsp/src/rm_vee_flash/rm_vee_flash.o
 .text.rm_vee_flash_callback
                0x0000000000003540      0x208 ./ra/fsp/src/rm_vee_flash/rm_vee_flash.o
                0x0000000000003540                rm_vee_flash_callback
 .text.R_SCI_UART_Read
                0x0000000000003748        0x8 ./ra/fsp/src/r_sci_uart/r_sci_uart.o
                0x0000000000003748                R_SCI_UART_Read
 .text.R_SCI_UART_Write
                0x0000000000003750       0x50 ./ra/fsp/src/r_sci_uart/r_sci_uart.o
                0x0000000000003750                R_SCI_UART_Write
 .text.R_SCI_UART_CallbackSet
                0x00000000000037a0        0xa ./ra/fsp/src/r_sci_uart/r_sci_uart.o
                0x00000000000037a0                R_SCI_UART_CallbackSet
 .text.R_SCI_UART_InfoGet
                0x00000000000037aa        0xc ./ra/fsp/src/r_sci_uart/r_sci_uart.o
                0x00000000000037aa                R_SCI_UART_InfoGet
 .text.R_SCI_UART_Abort
                0x00000000000037b6       0x28 ./ra/fsp/src/r_sci_uart/r_sci_uart.o
                0x00000000000037b6                R_SCI_UART_Abort
 .text.R_SCI_UART_ReadStop
                0x00000000000037de        0xc ./ra/fsp/src/r_sci_uart/r_sci_uart.o
                0x00000000000037de                R_SCI_UART_ReadStop
 .text.r_sci_uart_baud_set
                0x00000000000037ea       0x2a ./ra/fsp/src/r_sci_uart/r_sci_uart.o
 .text.r_sci_uart_config_set
                0x0000000000003814       0x98 ./ra/fsp/src/r_sci_uart/r_sci_uart.o
 .text.R_SCI_UART_BaudSet
                0x00000000000038ac       0x24 ./ra/fsp/src/r_sci_uart/r_sci_uart.o
                0x00000000000038ac                R_SCI_UART_BaudSet
 .text.r_sci_uart_call_callback
                0x00000000000038d0       0x44 ./ra/fsp/src/r_sci_uart/r_sci_uart.o
 .text.R_SCI_UART_Close
                0x0000000000003914       0x60 ./ra/fsp/src/r_sci_uart/r_sci_uart.o
                0x0000000000003914                R_SCI_UART_Close
 .text.r_sci_irq_cfg
                0x0000000000003974       0x20 ./ra/fsp/src/r_sci_uart/r_sci_uart.o
 .text.r_sci_irqs_cfg
                0x0000000000003994       0x36 ./ra/fsp/src/r_sci_uart/r_sci_uart.o
 .text.R_SCI_UART_Open
                0x00000000000039ca      0x100 ./ra/fsp/src/r_sci_uart/r_sci_uart.o
                0x00000000000039ca                R_SCI_UART_Open
 *fill*         0x0000000000003aca        0x2 ff
 .text.sci_uart_txi_isr
                0x0000000000003acc       0x90 ./ra/fsp/src/r_sci_uart/r_sci_uart.o
                0x0000000000003acc                sci_uart_txi_isr
 .text.sci_uart_rxi_isr
                0x0000000000003b5c       0x8c ./ra/fsp/src/r_sci_uart/r_sci_uart.o
                0x0000000000003b5c                sci_uart_rxi_isr
 .text.sci_uart_tei_isr
                0x0000000000003be8       0x38 ./ra/fsp/src/r_sci_uart/r_sci_uart.o
                0x0000000000003be8                sci_uart_tei_isr
 .text.sci_uart_eri_isr
                0x0000000000003c20       0x66 ./ra/fsp/src/r_sci_uart/r_sci_uart.o
                0x0000000000003c20                sci_uart_eri_isr
 .text.R_IOPORT_Close
                0x0000000000003c86        0x8 ./ra/fsp/src/r_ioport/r_ioport.o
                0x0000000000003c86                R_IOPORT_Close
 .text.R_IOPORT_PinRead
                0x0000000000003c8e       0x22 ./ra/fsp/src/r_ioport/r_ioport.o
                0x0000000000003c8e                R_IOPORT_PinRead
 .text.R_IOPORT_PortRead
                0x0000000000003cb0       0x16 ./ra/fsp/src/r_ioport/r_ioport.o
                0x0000000000003cb0                R_IOPORT_PortRead
 .text.R_IOPORT_PortWrite
                0x0000000000003cc6       0x1e ./ra/fsp/src/r_ioport/r_ioport.o
                0x0000000000003cc6                R_IOPORT_PortWrite
 .text.R_IOPORT_PinWrite
                0x0000000000003ce4       0x2c ./ra/fsp/src/r_ioport/r_ioport.o
                0x0000000000003ce4                R_IOPORT_PinWrite
 .text.R_IOPORT_PortDirectionSet
                0x0000000000003d10       0x24 ./ra/fsp/src/r_ioport/r_ioport.o
                0x0000000000003d10                R_IOPORT_PortDirectionSet
 .text.R_IOPORT_PortEventInputRead
                0x0000000000003d34       0x18 ./ra/fsp/src/r_ioport/r_ioport.o
                0x0000000000003d34                R_IOPORT_PortEventInputRead
 .text.R_IOPORT_PinEventInputRead
                0x0000000000003d4c       0x30 ./ra/fsp/src/r_ioport/r_ioport.o
                0x0000000000003d4c                R_IOPORT_PinEventInputRead
 .text.R_IOPORT_PortEventOutputWrite
                0x0000000000003d7c       0x1e ./ra/fsp/src/r_ioport/r_ioport.o
                0x0000000000003d7c                R_IOPORT_PortEventOutputWrite
 .text.r_ioport_hw_pin_event_output_data_write
                0x0000000000003d9a       0x2a ./ra/fsp/src/r_ioport/r_ioport.o
 .text.R_IOPORT_PinEventOutputWrite
                0x0000000000003dc4       0x12 ./ra/fsp/src/r_ioport/r_ioport.o
                0x0000000000003dc4                R_IOPORT_PinEventOutputWrite
 *fill*         0x0000000000003dd6        0x2 ff
 .text.r_ioport_pfs_write
                0x0000000000003dd8       0x44 ./ra/fsp/src/r_ioport/r_ioport.o
 .text.r_ioport_pins_config
                0x0000000000003e1c       0xa0 ./ra/fsp/src/r_ioport/r_ioport.o
 .text.R_IOPORT_Open
                0x0000000000003ebc       0x16 ./ra/fsp/src/r_ioport/r_ioport.o
                0x0000000000003ebc                R_IOPORT_Open
 .text.R_IOPORT_PinsCfg
                0x0000000000003ed2        0xc ./ra/fsp/src/r_ioport/r_ioport.o
                0x0000000000003ed2                R_IOPORT_PinsCfg
 .text.R_IOPORT_PinCfg
                0x0000000000003ede       0x7a ./ra/fsp/src/r_ioport/r_ioport.o
                0x0000000000003ede                R_IOPORT_PinCfg
 .text.R_ICU_ExternalIrqEnable
                0x0000000000003f58        0xe ./ra/fsp/src/r_icu/r_icu.o
                0x0000000000003f58                R_ICU_ExternalIrqEnable
 .text.r_icu_isr
                0x0000000000003f66       0x5c ./ra/fsp/src/r_icu/r_icu.o
                0x0000000000003f66                r_icu_isr
 .text.R_GPT_Start
                0x0000000000003fc2        0xa ./ra/fsp/src/r_gpt/r_gpt.o
                0x0000000000003fc2                R_GPT_Start
 .text.gpt_common_open
                0x0000000000003fcc       0x2e ./ra/fsp/src/r_gpt/r_gpt.o
 .text.gpt_hardware_events_disable
                0x0000000000003ffa       0x1c ./ra/fsp/src/r_gpt/r_gpt.o
 .text.gpt_calculate_duty_cycle
                0x0000000000004016       0x64 ./ra/fsp/src/r_gpt/r_gpt.o
 *fill*         0x000000000000407a        0x2 ff
 .text.R_GPT_DutyCycleSet
                0x000000000000407c       0xb8 ./ra/fsp/src/r_gpt/r_gpt.o
                0x000000000000407c                R_GPT_DutyCycleSet
 .text.gpt_clock_frequency_get
                0x0000000000004134       0x34 ./ra/fsp/src/r_gpt/r_gpt.o
 .text.R_GPT_InfoGet
                0x0000000000004168       0x1a ./ra/fsp/src/r_gpt/r_gpt.o
                0x0000000000004168                R_GPT_InfoGet
 .text.gpt_gtior_calculate
                0x0000000000004182       0x2a ./ra/fsp/src/r_gpt/r_gpt.o
 .text.r_gpt_init_compare_match_channel
                0x00000000000041ac       0x26 ./ra/fsp/src/r_gpt/r_gpt.o
 .text.r_gpt_enable_irq
                0x00000000000041d2        0xe ./ra/fsp/src/r_gpt/r_gpt.o
 .text.gpt_hardware_initialize
                0x00000000000041e0      0x1ac ./ra/fsp/src/r_gpt/r_gpt.o
 .text.R_GPT_Open
                0x000000000000438c       0x28 ./ra/fsp/src/r_gpt/r_gpt.o
                0x000000000000438c                R_GPT_Open
 .text.R_FLASH_LP_StatusGet
                0x00000000000043b4       0x22 ./ra/fsp/src/r_flash_lp/r_flash_lp.o
                0x00000000000043b4                R_FLASH_LP_StatusGet
 .text.R_FLASH_LP_AccessWindowSet
                0x00000000000043d6        0x4 ./ra/fsp/src/r_flash_lp/r_flash_lp.o
                0x00000000000043d6                R_FLASH_LP_AccessWindowSet
 .text.R_FLASH_LP_AccessWindowClear
                0x00000000000043da        0x4 ./ra/fsp/src/r_flash_lp/r_flash_lp.o
                0x00000000000043da                R_FLASH_LP_AccessWindowClear
 .text.R_FLASH_LP_IdCodeSet
                0x00000000000043de        0x4 ./ra/fsp/src/r_flash_lp/r_flash_lp.o
                0x00000000000043de                R_FLASH_LP_IdCodeSet
 .text.R_FLASH_LP_StartUpAreaSelect
                0x00000000000043e2        0x4 ./ra/fsp/src/r_flash_lp/r_flash_lp.o
                0x00000000000043e2                R_FLASH_LP_StartUpAreaSelect
 .text.R_FLASH_LP_BankSwap
                0x00000000000043e6        0x4 ./ra/fsp/src/r_flash_lp/r_flash_lp.o
                0x00000000000043e6                R_FLASH_LP_BankSwap
 .text.R_FLASH_LP_InfoGet
                0x00000000000043ea       0x1e ./ra/fsp/src/r_flash_lp/r_flash_lp.o
                0x00000000000043ea                R_FLASH_LP_InfoGet
 .text.R_FLASH_LP_CallbackSet
                0x0000000000004408        0x4 ./ra/fsp/src/r_flash_lp/r_flash_lp.o
                0x0000000000004408                R_FLASH_LP_CallbackSet
 .text.r_flash_lp_init
                0x000000000000440c       0xac ./ra/fsp/src/r_flash_lp/r_flash_lp.o
 .text.r_flash_lp_df_write_operation
                0x00000000000044b8       0x30 ./ra/fsp/src/r_flash_lp/r_flash_lp.o
 .text.r_flash_lp_process_command
                0x00000000000044e8       0x3a ./ra/fsp/src/r_flash_lp/r_flash_lp.o
 .text.r_flash_lp_delay_us
                0x0000000000004522       0x10 ./ra/fsp/src/r_flash_lp/r_flash_lp.o
 .text.r_flash_lp_setup
                0x0000000000004532       0xa4 ./ra/fsp/src/r_flash_lp/r_flash_lp.o
 .text.r_flash_lp_write_fpmcr
                0x00000000000045d6       0x2a ./ra/fsp/src/r_flash_lp/r_flash_lp.o
 .text.r_flash_lp_pe_mode_exit
                0x0000000000004600       0x58 ./ra/fsp/src/r_flash_lp/r_flash_lp.o
 .text.r_flash_lp_command_finish
                0x0000000000004658       0x6a ./ra/fsp/src/r_flash_lp/r_flash_lp.o
 *fill*         0x00000000000046c2        0x2 ff
 .text.r_flash_lp_df_enter_pe_mode
                0x00000000000046c4       0x40 ./ra/fsp/src/r_flash_lp/r_flash_lp.o
 .text.r_flash_lp_set_fisr
                0x0000000000004704       0x54 ./ra/fsp/src/r_flash_lp/r_flash_lp.o
 .text.R_FLASH_LP_Open
                0x0000000000004758       0x40 ./ra/fsp/src/r_flash_lp/r_flash_lp.o
                0x0000000000004758                R_FLASH_LP_Open
 .text.R_FLASH_LP_UpdateFlashClockFreq
                0x0000000000004798       0x14 ./ra/fsp/src/r_flash_lp/r_flash_lp.o
                0x0000000000004798                R_FLASH_LP_UpdateFlashClockFreq
 .text.r_flash_lp_reset
                0x00000000000047ac       0x3e ./ra/fsp/src/r_flash_lp/r_flash_lp.o
 .text.r_flash_lp_wait_for_ready
                0x00000000000047ea       0x40 ./ra/fsp/src/r_flash_lp/r_flash_lp.o
 .text.r_flash_lp_df_write_monitor
                0x000000000000482a       0x30 ./ra/fsp/src/r_flash_lp/r_flash_lp.o
 .text.R_FLASH_LP_Reset
                0x000000000000485a        0xa ./ra/fsp/src/r_flash_lp/r_flash_lp.o
                0x000000000000485a                R_FLASH_LP_Reset
 .text.r_flash_lp_df_write
                0x0000000000004864       0x56 ./ra/fsp/src/r_flash_lp/r_flash_lp.o
 .text.R_FLASH_LP_Write
                0x00000000000048ba        0xe ./ra/fsp/src/r_flash_lp/r_flash_lp.o
                0x00000000000048ba                R_FLASH_LP_Write
 .text.r_flash_lp_df_erase
                0x00000000000048c8       0x4c ./ra/fsp/src/r_flash_lp/r_flash_lp.o
 .text.R_FLASH_LP_Erase
                0x0000000000004914       0x22 ./ra/fsp/src/r_flash_lp/r_flash_lp.o
                0x0000000000004914                R_FLASH_LP_Erase
 .text.r_flash_lp_df_blankcheck
                0x0000000000004936       0x68 ./ra/fsp/src/r_flash_lp/r_flash_lp.o
 .text.R_FLASH_LP_BlankCheck
                0x000000000000499e       0x30 ./ra/fsp/src/r_flash_lp/r_flash_lp.o
                0x000000000000499e                R_FLASH_LP_BlankCheck
 .text.R_FLASH_LP_Close
                0x00000000000049ce       0x1c ./ra/fsp/src/r_flash_lp/r_flash_lp.o
                0x00000000000049ce                R_FLASH_LP_Close
 .text.fcu_frdyi_isr
                0x00000000000049ea       0xe6 ./ra/fsp/src/r_flash_lp/r_flash_lp.o
                0x00000000000049ea                fcu_frdyi_isr
 .text.R_ADC_ScanStart
                0x0000000000004ad0        0xa ./ra/fsp/src/r_adc/r_adc.o
                0x0000000000004ad0                R_ADC_ScanStart
 .text.R_ADC_Read
                0x0000000000004ada        0xe ./ra/fsp/src/r_adc/r_adc.o
                0x0000000000004ada                R_ADC_Read
 .text.r_adc_sensor_sample_state_calculation
                0x0000000000004ae8       0x48 ./ra/fsp/src/r_adc/r_adc.o
 .text.r_adc_sensor_cfg
                0x0000000000004b30       0x6c ./ra/fsp/src/r_adc/r_adc.o
 .text.r_adc_call_callback
                0x0000000000004b9c       0x3a ./ra/fsp/src/r_adc/r_adc.o
 .text.r_adc_open_sub
                0x0000000000004bd6       0xfc ./ra/fsp/src/r_adc/r_adc.o
 .text.r_adc_irq_enable
                0x0000000000004cd2        0xe ./ra/fsp/src/r_adc/r_adc.o
 .text.R_ADC_Open
                0x0000000000004ce0       0x6a ./ra/fsp/src/r_adc/r_adc.o
                0x0000000000004ce0                R_ADC_Open
 *fill*         0x0000000000004d4a        0x2 ff
 .text.r_adc_scan_cfg
                0x0000000000004d4c      0x15c ./ra/fsp/src/r_adc/r_adc.o
 .text.R_ADC_ScanCfg
                0x0000000000004ea8       0x12 ./ra/fsp/src/r_adc/r_adc.o
                0x0000000000004ea8                R_ADC_ScanCfg
 .text.r_adc_scan_end_common_isr
                0x0000000000004eba       0x52 ./ra/fsp/src/r_adc/r_adc.o
 .text.adc_scan_end_isr
                0x0000000000004f0c        0xa ./ra/fsp/src/r_adc/r_adc.o
                0x0000000000004f0c                adc_scan_end_isr
 .text.bsp_prv_operating_mode_opccr_set
                0x0000000000004f16       0x5c ./ra/fsp/src/bsp/mcu/all/bsp_clocks.o
 .text.bsp_prv_sosc_init
                0x0000000000004f72       0x12 ./ra/fsp/src/bsp/mcu/all/bsp_clocks.o
 .text.SystemCoreClockUpdate
                0x0000000000004f84       0x2e ./ra/fsp/src/bsp/mcu/all/bsp_clocks.o
                0x0000000000004f84                SystemCoreClockUpdate
 .text.bsp_clock_freq_var_init
                0x0000000000004fb2       0x38 ./ra/fsp/src/bsp/mcu/all/bsp_clocks.o
 .text.bsp_prv_clock_set_hard_reset
                0x0000000000004fea       0x20 ./ra/fsp/src/bsp/mcu/all/bsp_clocks.o
 *fill*         0x000000000000500a        0x2 ff
 .text.bsp_clock_init
                0x000000000000500c       0x80 ./ra/fsp/src/bsp/mcu/all/bsp_clocks.o
                0x000000000000500c                bsp_clock_init
 .text.R_BSP_Init_RTC
                0x000000000000508c       0x10 ./ra/fsp/src/bsp/mcu/all/bsp_clocks.o
                0x000000000000508c                R_BSP_Init_RTC
 .text.bsp_init_internal
                0x000000000000509c        0x2 ./ra/fsp/src/bsp/mcu/all/bsp_common.o
                0x000000000000509c                bsp_init
                0x000000000000509c                bsp_init_internal
 .text.__assert_func
                0x000000000000509e        0x4 ./ra/fsp/src/bsp/mcu/all/bsp_common.o
                0x000000000000509e                __assert_func
 .text.bsp_prv_software_delay_loop
                0x00000000000050a2        0x8 ./ra/fsp/src/bsp/mcu/all/bsp_delay.o
                0x00000000000050a2                bsp_prv_software_delay_loop
 .text.R_BSP_SoftwareDelay
                0x00000000000050aa       0x56 ./ra/fsp/src/bsp/mcu/all/bsp_delay.o
                0x00000000000050aa                R_BSP_SoftwareDelay
 .text.bsp_group_irq_call
                0x0000000000005100       0x14 ./ra/fsp/src/bsp/mcu/all/bsp_group_irq.o
 .text.NMI_Handler
                0x0000000000005114       0x44 ./ra/fsp/src/bsp/mcu/all/bsp_group_irq.o
                0x0000000000005114                NMI_Handler
 .text.R_BSP_IrqStatusClear
                0x0000000000005158       0x1c ./ra/fsp/src/bsp/mcu/all/bsp_irq.o
                0x0000000000005158                R_BSP_IrqStatusClear
 .text.R_BSP_IrqClearPending
                0x0000000000005174       0x26 ./ra/fsp/src/bsp/mcu/all/bsp_irq.o
                0x0000000000005174                R_BSP_IrqClearPending
 .text.R_BSP_IrqCfg
                0x000000000000519a       0x44 ./ra/fsp/src/bsp/mcu/all/bsp_irq.o
                0x000000000000519a                R_BSP_IrqCfg
 .text.R_BSP_IrqEnableNoClear
                0x00000000000051de       0x18 ./ra/fsp/src/bsp/mcu/all/bsp_irq.o
                0x00000000000051de                R_BSP_IrqEnableNoClear
 .text.R_BSP_IrqEnable
                0x00000000000051f6       0x10 ./ra/fsp/src/bsp/mcu/all/bsp_irq.o
                0x00000000000051f6                R_BSP_IrqEnable
 .text.R_BSP_IrqDisable
                0x0000000000005206       0x22 ./ra/fsp/src/bsp/mcu/all/bsp_irq.o
                0x0000000000005206                R_BSP_IrqDisable
 .text.R_BSP_IrqCfgEnable
                0x0000000000005228       0x10 ./ra/fsp/src/bsp/mcu/all/bsp_irq.o
                0x0000000000005228                R_BSP_IrqCfgEnable
 .text.bsp_irq_cfg
                0x0000000000005238       0x2c ./ra/fsp/src/bsp/mcu/all/bsp_irq.o
                0x0000000000005238                bsp_irq_cfg
 .text.R_BSP_RegisterProtectEnable
                0x0000000000005264       0x70 ./ra/fsp/src/bsp/mcu/all/bsp_register_protection.o
                0x0000000000005264                R_BSP_RegisterProtectEnable
 .text.R_BSP_RegisterProtectDisable
                0x00000000000052d4       0x5c ./ra/fsp/src/bsp/mcu/all/bsp_register_protection.o
                0x00000000000052d4                R_BSP_RegisterProtectDisable
 .text._sbrk    0x0000000000005330       0x5c ./ra/fsp/src/bsp/mcu/all/bsp_sbrk.o
                0x0000000000005330                _sbrk
 .text.Default_Handler
                0x000000000000538c        0x4 ./ra/fsp/src/bsp/cmsis/Device/RENESAS/Source/startup.o
                0x000000000000538c                DebugMon_Handler
                0x000000000000538c                HardFault_Handler
                0x000000000000538c                PendSV_Handler
                0x000000000000538c                UsageFault_Handler
                0x000000000000538c                SecureFault_Handler
                0x000000000000538c                Default_Handler
                0x000000000000538c                MemManage_Handler
                0x000000000000538c                SVC_Handler
                0x000000000000538c                BusFault_Handler
 .text.Reset_Handler
                0x0000000000005390        0xc ./ra/fsp/src/bsp/cmsis/Device/RENESAS/Source/startup.o
                0x0000000000005390                Reset_Handler
 .text.bsp_reset_trng_circuit
                0x000000000000539c       0x7c ./ra/fsp/src/bsp/cmsis/Device/RENESAS/Source/system.o
 .text.SystemInit
                0x0000000000005418       0xdc ./ra/fsp/src/bsp/cmsis/Device/RENESAS/Source/system.o
                0x0000000000005418                SystemInit
 .text.add_callback
                0x00000000000054f4       0x76 ./libs/c-watcher/src/watcher.o
 .text.add_arg  0x000000000000556a       0x76 ./libs/c-watcher/src/watcher.o
 .text.debouncer_callback
                0x00000000000055e0       0x12 ./libs/c-watcher/src/watcher.o
 .text.is_debounced
                0x00000000000055f2       0x20 ./libs/c-watcher/src/watcher.o
 .text.trigger_debouncer_entry
                0x0000000000005612       0x3c ./libs/c-watcher/src/watcher.o
 .text.add_entry_static
                0x000000000000564e      0x258 ./libs/c-watcher/src/watcher.o
 .text.watcher_init
                0x00000000000058a6       0x36 ./libs/c-watcher/src/watcher.o
                0x00000000000058a6                watcher_init
 .text.watcher_add_entry
                0x00000000000058dc       0x3c ./libs/c-watcher/src/watcher.o
                0x00000000000058dc                watcher_add_entry
 .text.watcher_trigger_entry
                0x0000000000005918       0x92 ./libs/c-watcher/src/watcher.o
                0x0000000000005918                watcher_trigger_entry
 .text.watcher_watch
                0x00000000000059aa       0xe8 ./libs/c-watcher/src/watcher.o
                0x00000000000059aa                watcher_watch
 .text.stopwatch_init
                0x0000000000005a92        0xe ./libs/c-stopwatch/src/stopwatch.o
                0x0000000000005a92                stopwatch_init
 .text.stopwatch_resume
                0x0000000000005aa0        0xc ./libs/c-stopwatch/src/stopwatch.o
                0x0000000000005aa0                stopwatch_resume
 .text.stopwatch_pause
                0x0000000000005aac       0x1c ./libs/c-stopwatch/src/stopwatch.o
                0x0000000000005aac                stopwatch_pause
 .text.stopwatch_reset
                0x0000000000005ac8        0x8 ./libs/c-stopwatch/src/stopwatch.o
                0x0000000000005ac8                stopwatch_reset
 .text.stopwatch_set
                0x0000000000005ad0        0x4 ./libs/c-stopwatch/src/stopwatch.o
                0x0000000000005ad0                stopwatch_set
 .text.stopwatch_is_paused
                0x0000000000005ad4        0x4 ./libs/c-stopwatch/src/stopwatch.o
                0x0000000000005ad4                stopwatch_is_paused
 .text.stopwatch_get_elapsed
                0x0000000000005ad8       0x18 ./libs/c-stopwatch/src/stopwatch.o
                0x0000000000005ad8                stopwatch_get_elapsed
 .text.stopwatch_get_remaining
                0x0000000000005af0       0x16 ./libs/c-stopwatch/src/stopwatch.o
                0x0000000000005af0                stopwatch_get_remaining
 .text.stopwatch_is_done
                0x0000000000005b06       0x30 ./libs/c-stopwatch/src/stopwatch.o
                0x0000000000005b06                stopwatch_is_done
 .text.stopwatch_timer_init
                0x0000000000005b36       0x28 ./libs/c-stopwatch/src/stopwatch_timer.o
                0x0000000000005b36                stopwatch_timer_init
 .text.stopwatch_timer_set_period
                0x0000000000005b5e        0x8 ./libs/c-stopwatch/src/stopwatch_timer.o
                0x0000000000005b5e                stopwatch_timer_set_period
 .text.stopwatch_timer_resume
                0x0000000000005b66        0x8 ./libs/c-stopwatch/src/stopwatch_timer.o
                0x0000000000005b66                stopwatch_timer_resume
 .text.stopwatch_timer_reset
                0x0000000000005b6e       0x10 ./libs/c-stopwatch/src/stopwatch_timer.o
                0x0000000000005b6e                stopwatch_timer_reset
 .text.stopwatch_timer_pause
                0x0000000000005b7e        0x8 ./libs/c-stopwatch/src/stopwatch_timer.o
                0x0000000000005b7e                stopwatch_timer_pause
 .text.stopwatch_timer_manage
                0x0000000000005b86       0x52 ./libs/c-stopwatch/src/stopwatch_timer.o
                0x0000000000005b86                stopwatch_timer_manage
 .text.stopwatch_timer_set_arg
                0x0000000000005bd8        0x4 ./libs/c-stopwatch/src/stopwatch_timer.o
                0x0000000000005bd8                stopwatch_timer_set_arg
 .text.debounce_filter_init
                0x0000000000005bdc       0x1a ./libs/c-debounce/src/debounce.o
                0x0000000000005bdc                debounce_filter_init
 .text.debounce_filter_single
                0x0000000000005bf6       0x68 ./libs/c-debounce/src/debounce.o
                0x0000000000005bf6                debounce_filter_single
 .text.debounce_filter
                0x0000000000005c5e       0x34 ./libs/c-debounce/src/debounce.o
                0x0000000000005c5e                debounce_filter
 .text.pulse_filter_init
                0x0000000000005c92       0x1e ./libs/c-debounce/src/pulsecounter.o
                0x0000000000005c92                pulse_filter_init
 .text.pulse_filter
                0x0000000000005cb0       0xb6 ./libs/c-debounce/src/pulsecounter.o
                0x0000000000005cb0                pulse_filter
 *fill*         0x0000000000005d66        0x2 ff
 .text          0x0000000000005d68       0x3c /home/maldus/Local/renesas/e2_studio/toolchains/gcc_arm/10_3_2021_10/gcc-arm-none-eabi-10.3-2021.10/bin/../lib/gcc/arm-none-eabi/10.3.1/thumb/v8-m.base/nofp/libgcc.a(_clzsi2.o)
                0x0000000000005d68                __clzsi2
 .text          0x0000000000005da4       0x40 /home/maldus/Local/renesas/e2_studio/toolchains/gcc_arm/10_3_2021_10/gcc-arm-none-eabi-10.3-2021.10/bin/../lib/gcc/arm-none-eabi/10.3.1/thumb/v8-m.base/nofp/libgcc.a(_aeabi_uldivmod.o)
                0x0000000000005da4                __aeabi_uldivmod
 .text          0x0000000000005de4       0x5c /home/maldus/Local/renesas/e2_studio/toolchains/gcc_arm/10_3_2021_10/gcc-arm-none-eabi-10.3-2021.10/bin/../lib/gcc/arm-none-eabi/10.3.1/thumb/v8-m.base/nofp/libgcc.a(_muldi3.o)
                0x0000000000005de4                __aeabi_lmul
                0x0000000000005de4                __muldi3
 .text          0x0000000000005e40      0x3b4 /home/maldus/Local/renesas/e2_studio/toolchains/gcc_arm/10_3_2021_10/gcc-arm-none-eabi-10.3-2021.10/bin/../lib/gcc/arm-none-eabi/10.3.1/thumb/v8-m.base/nofp/libgcc.a(_udivmoddi4.o)
                0x0000000000005e40                __udivmoddi4
 .text          0x00000000000061f4        0x4 /home/maldus/Local/renesas/e2_studio/toolchains/gcc_arm/10_3_2021_10/gcc-arm-none-eabi-10.3-2021.10/bin/../lib/gcc/arm-none-eabi/10.3.1/thumb/v8-m.base/nofp/libgcc.a(_dvmd_tls.o)
                0x00000000000061f4                __aeabi_ldiv0
                0x00000000000061f4                __aeabi_idiv0
 .text.__errno  0x00000000000061f8        0xc /home/maldus/Local/renesas/e2_studio/toolchains/gcc_arm/10_3_2021_10/gcc-arm-none-eabi-10.3-2021.10/bin/../lib/gcc/arm-none-eabi/10.3.1/../../../../arm-none-eabi/lib/thumb/v8-m.base/nofp/libg_nano.a(lib_a-errno.o)
                0x00000000000061f8                __errno
 .text.free     0x0000000000006204       0x14 /home/maldus/Local/renesas/e2_studio/toolchains/gcc_arm/10_3_2021_10/gcc-arm-none-eabi-10.3-2021.10/bin/../lib/gcc/arm-none-eabi/10.3.1/../../../../arm-none-eabi/lib/thumb/v8-m.base/nofp/libg_nano.a(lib_a-malloc.o)
                0x0000000000006204                free
 .text.memcmp   0x0000000000006218       0x1c /home/maldus/Local/renesas/e2_studio/toolchains/gcc_arm/10_3_2021_10/gcc-arm-none-eabi-10.3-2021.10/bin/../lib/gcc/arm-none-eabi/10.3.1/../../../../arm-none-eabi/lib/thumb/v8-m.base/nofp/libg_nano.a(lib_a-memcmp.o)
                0x0000000000006218                memcmp
 .text.memcpy   0x0000000000006234       0x12 /home/maldus/Local/renesas/e2_studio/toolchains/gcc_arm/10_3_2021_10/gcc-arm-none-eabi-10.3-2021.10/bin/../lib/gcc/arm-none-eabi/10.3.1/../../../../arm-none-eabi/lib/thumb/v8-m.base/nofp/libg_nano.a(lib_a-memcpy-stub.o)
                0x0000000000006234                memcpy
 .text.memset   0x0000000000006246       0x10 /home/maldus/Local/renesas/e2_studio/toolchains/gcc_arm/10_3_2021_10/gcc-arm-none-eabi-10.3-2021.10/bin/../lib/gcc/arm-none-eabi/10.3.1/../../../../arm-none-eabi/lib/thumb/v8-m.base/nofp/libg_nano.a(lib_a-memset.o)
                0x0000000000006246                memset
 *fill*         0x0000000000006256        0x2 ff
 .text._free_r  0x0000000000006258       0x8c /home/maldus/Local/renesas/e2_studio/toolchains/gcc_arm/10_3_2021_10/gcc-arm-none-eabi-10.3-2021.10/bin/../lib/gcc/arm-none-eabi/10.3.1/../../../../arm-none-eabi/lib/thumb/v8-m.base/nofp/libg_nano.a(lib_a-nano-freer.o)
                0x0000000000006258                _free_r
 .text.sbrk_aligned
                0x00000000000062e4       0x40 /home/maldus/Local/renesas/e2_studio/toolchains/gcc_arm/10_3_2021_10/gcc-arm-none-eabi-10.3-2021.10/bin/../lib/gcc/arm-none-eabi/10.3.1/../../../../arm-none-eabi/lib/thumb/v8-m.base/nofp/libg_nano.a(lib_a-nano-mallocr.o)
 .text._malloc_r
                0x0000000000006324       0xec /home/maldus/Local/renesas/e2_studio/toolchains/gcc_arm/10_3_2021_10/gcc-arm-none-eabi-10.3-2021.10/bin/../lib/gcc/arm-none-eabi/10.3.1/../../../../arm-none-eabi/lib/thumb/v8-m.base/nofp/libg_nano.a(lib_a-nano-mallocr.o)
                0x0000000000006324                _malloc_r
 .text.realloc  0x0000000000006410       0x14 /home/maldus/Local/renesas/e2_studio/toolchains/gcc_arm/10_3_2021_10/gcc-arm-none-eabi-10.3-2021.10/bin/../lib/gcc/arm-none-eabi/10.3.1/../../../../arm-none-eabi/lib/thumb/v8-m.base/nofp/libg_nano.a(lib_a-realloc.o)
                0x0000000000006410                realloc
 .text._sbrk_r  0x0000000000006424       0x20 /home/maldus/Local/renesas/e2_studio/toolchains/gcc_arm/10_3_2021_10/gcc-arm-none-eabi-10.3-2021.10/bin/../lib/gcc/arm-none-eabi/10.3.1/../../../../arm-none-eabi/lib/thumb/v8-m.base/nofp/libg_nano.a(lib_a-sbrkr.o)
                0x0000000000006424                _sbrk_r
 .text.__malloc_lock
                0x0000000000006444       0x10 /home/maldus/Local/renesas/e2_studio/toolchains/gcc_arm/10_3_2021_10/gcc-arm-none-eabi-10.3-2021.10/bin/../lib/gcc/arm-none-eabi/10.3.1/../../../../arm-none-eabi/lib/thumb/v8-m.base/nofp/libg_nano.a(lib_a-mlock.o)
                0x0000000000006444                __malloc_lock
 .text.__malloc_unlock
                0x0000000000006454       0x10 /home/maldus/Local/renesas/e2_studio/toolchains/gcc_arm/10_3_2021_10/gcc-arm-none-eabi-10.3-2021.10/bin/../lib/gcc/arm-none-eabi/10.3.1/../../../../arm-none-eabi/lib/thumb/v8-m.base/nofp/libg_nano.a(lib_a-mlock.o)
                0x0000000000006454                __malloc_unlock
 .text._realloc_r
                0x0000000000006464       0x5c /home/maldus/Local/renesas/e2_studio/toolchains/gcc_arm/10_3_2021_10/gcc-arm-none-eabi-10.3-2021.10/bin/../lib/gcc/arm-none-eabi/10.3.1/../../../../arm-none-eabi/lib/thumb/v8-m.base/nofp/libg_nano.a(lib_a-nano-reallocr.o)
                0x0000000000006464                _realloc_r
 .text.__retarget_lock_acquire_recursive
                0x00000000000064c0        0x2 /home/maldus/Local/renesas/e2_studio/toolchains/gcc_arm/10_3_2021_10/gcc-arm-none-eabi-10.3-2021.10/bin/../lib/gcc/arm-none-eabi/10.3.1/../../../../arm-none-eabi/lib/thumb/v8-m.base/nofp/libg_nano.a(lib_a-lock.o)
                0x00000000000064c0                __retarget_lock_acquire_recursive
 .text.__retarget_lock_release_recursive
                0x00000000000064c2        0x2 /home/maldus/Local/renesas/e2_studio/toolchains/gcc_arm/10_3_2021_10/gcc-arm-none-eabi-10.3-2021.10/bin/../lib/gcc/arm-none-eabi/10.3.1/../../../../arm-none-eabi/lib/thumb/v8-m.base/nofp/libg_nano.a(lib_a-lock.o)
                0x00000000000064c2                __retarget_lock_release_recursive
 .text._malloc_usable_size_r
                0x00000000000064c4       0x10 /home/maldus/Local/renesas/e2_studio/toolchains/gcc_arm/10_3_2021_10/gcc-arm-none-eabi-10.3-2021.10/bin/../lib/gcc/arm-none-eabi/10.3.1/../../../../arm-none-eabi/lib/thumb/v8-m.base/nofp/libg_nano.a(lib_a-nano-msizer.o)
                0x00000000000064c4                _malloc_usable_size_r
 *(.version)
 .version       0x00000000000064d4       0x50 ./ra/fsp/src/bsp/mcu/all/bsp_common.o
 *(.init)
 .init          0x0000000000006524        0x4 /home/maldus/Local/renesas/e2_studio/toolchains/gcc_arm/10_3_2021_10/gcc-arm-none-eabi-10.3-2021.10/bin/../lib/gcc/arm-none-eabi/10.3.1/thumb/v8-m.base/nofp/crti.o
                0x0000000000006524                _init
 .init          0x0000000000006528        0x8 /home/maldus/Local/renesas/e2_studio/toolchains/gcc_arm/10_3_2021_10/gcc-arm-none-eabi-10.3-2021.10/bin/../lib/gcc/arm-none-eabi/10.3.1/thumb/v8-m.base/nofp/crtn.o
 *(.fini)
 .fini          0x0000000000006530        0x4 /home/maldus/Local/renesas/e2_studio/toolchains/gcc_arm/10_3_2021_10/gcc-arm-none-eabi-10.3-2021.10/bin/../lib/gcc/arm-none-eabi/10.3.1/thumb/v8-m.base/nofp/crti.o
                0x0000000000006530                _fini
 .fini          0x0000000000006534        0x8 /home/maldus/Local/renesas/e2_studio/toolchains/gcc_arm/10_3_2021_10/gcc-arm-none-eabi-10.3-2021.10/bin/../lib/gcc/arm-none-eabi/10.3.1/thumb/v8-m.base/nofp/crtn.o
 *crtbegin.o(.ctors)
 *crtbegin?.o(.ctors)
 *(EXCLUDE_FILE(*crtend.o *crtend?.o) .ctors)
 *(SORT_BY_NAME(.ctors.*))
 *(.ctors)
 *crtbegin.o(.dtors)
 *crtbegin?.o(.dtors)
 *(EXCLUDE_FILE(*crtend.o *crtend?.o) .dtors)
 *(SORT_BY_NAME(.dtors.*))
 *(.dtors)
 *(.rodata*)
 .rodata.crc16_ccitt_table
                0x000000000000653c      0x200 ./src/services/crc16-ccitt.o
 .rodata.running_event_manager
                0x000000000000673c       0x28 ./src/model/cycle.o
 .rodata.managers
                0x0000000000006764       0x3c ./src/model/cycle.o
 .rodata.managers
                0x00000000000067a0       0x24 ./src/model/heating.o
 .rodata.get_pwm_drum_percentage.str1.4
                0x00000000000067c4       0x25 ./src/model/model.o
 *fill*         0x00000000000067e9        0x3 ff
 .rodata.model_pwoff_deserialize.str1.4
                0x00000000000067ec       0x1b ./src/model/model.o
 *fill*         0x0000000000006807        0x1 ff
 .rodata.__func__.0
                0x0000000000006808       0x16 ./src/model/model.o
 *fill*         0x000000000000681e        0x2 ff
 .rodata.__func__.1
                0x0000000000006820       0x13 ./src/model/model.o
 *fill*         0x0000000000006833        0x1 ff
 .rodata.__func__.12
                0x0000000000006834       0x1e ./src/model/model.o
 *fill*         0x0000000000006852        0x2 ff
 .rodata.__func__.15
                0x0000000000006854       0x1b ./src/model/model.o
 *fill*         0x000000000000686f        0x1 ff
 .rodata.__func__.16
                0x0000000000006870       0x17 ./src/model/model.o
 *fill*         0x0000000000006887        0x1 ff
 .rodata.__func__.18
                0x0000000000006888       0x1e ./src/model/model.o
 *fill*         0x00000000000068a6        0x2 ff
 .rodata.__func__.19
                0x00000000000068a8       0x13 ./src/model/model.o
 *fill*         0x00000000000068bb        0x1 ff
 .rodata.__func__.2
                0x00000000000068bc       0x16 ./src/model/model.o
 *fill*         0x00000000000068d2        0x2 ff
 .rodata.__func__.20
                0x00000000000068d4       0x1c ./src/model/model.o
 .rodata.__func__.21
                0x00000000000068f0       0x12 ./src/model/model.o
 *fill*         0x0000000000006902        0x2 ff
 .rodata.__func__.22
                0x0000000000006904       0x15 ./src/model/model.o
 *fill*         0x0000000000006919        0x3 ff
 .rodata.__func__.24
                0x000000000000691c       0x16 ./src/model/model.o
 *fill*         0x0000000000006932        0x2 ff
 .rodata.__func__.28
                0x0000000000006934       0x12 ./src/model/model.o
 *fill*         0x0000000000006946        0x2 ff
 .rodata.__func__.29
                0x0000000000006948       0x18 ./src/model/model.o
 .rodata.__func__.30
                0x0000000000006960       0x16 ./src/model/model.o
 *fill*         0x0000000000006976        0x2 ff
 .rodata.__func__.31
                0x0000000000006978       0x15 ./src/model/model.o
 *fill*         0x000000000000698d        0x3 ff
 .rodata.__func__.32
                0x0000000000006990       0x1d ./src/model/model.o
 *fill*         0x00000000000069ad        0x3 ff
 .rodata.__func__.33
                0x00000000000069b0       0x18 ./src/model/model.o
 .rodata.__func__.34
                0x00000000000069c8       0x17 ./src/model/model.o
 *fill*         0x00000000000069df        0x1 ff
 .rodata.__func__.35
                0x00000000000069e0       0x1e ./src/model/model.o
 *fill*         0x00000000000069fe        0x2 ff
 .rodata.__func__.36
                0x0000000000006a00       0x14 ./src/model/model.o
 .rodata.__func__.37
                0x0000000000006a14       0x12 ./src/model/model.o
 *fill*         0x0000000000006a26        0x2 ff
 .rodata.__func__.38
                0x0000000000006a28       0x16 ./src/model/model.o
 *fill*         0x0000000000006a3e        0x2 ff
 .rodata.__func__.39
                0x0000000000006a40       0x20 ./src/model/model.o
 .rodata.__func__.40
                0x0000000000006a60       0x18 ./src/model/model.o
 .rodata.__func__.41
                0x0000000000006a78       0x17 ./src/model/model.o
 *fill*         0x0000000000006a8f        0x1 ff
 .rodata.__func__.42
                0x0000000000006a90       0x1d ./src/model/model.o
 *fill*         0x0000000000006aad        0x3 ff
 .rodata.__func__.43
                0x0000000000006ab0       0x20 ./src/model/model.o
 .rodata.__func__.44
                0x0000000000006ad0       0x11 ./src/model/model.o
 *fill*         0x0000000000006ae1        0x3 ff
 .rodata.__func__.45
                0x0000000000006ae4       0x13 ./src/model/model.o
 *fill*         0x0000000000006af7        0x1 ff
 .rodata.__func__.46
                0x0000000000006af8        0xd ./src/model/model.o
 *fill*         0x0000000000006b05        0x3 ff
 .rodata.__func__.47
                0x0000000000006b08        0xb ./src/model/model.o
 *fill*         0x0000000000006b13        0x1 ff
 .rodata.__func__.6
                0x0000000000006b14       0x1e ./src/model/model.o
 *fill*         0x0000000000006b32        0x2 ff
 .rodata.__func__.7
                0x0000000000006b34       0x10 ./src/model/model.o
 .rodata.__func__.8
                0x0000000000006b44       0x14 ./src/model/model.o
 .rodata.__func__.9
                0x0000000000006b58       0x13 ./src/model/model.o
 *fill*         0x0000000000006b6b        0x1 ff
 .rodata.bsp_adc_init.str1.4
                0x0000000000006b6c       0x25 ./src/bsp/adc.o
 *fill*         0x0000000000006b91        0x3 ff
 .rodata        0x0000000000006b94       0x10 ./src/bsp/adc.o
 .rodata.__func__.1
                0x0000000000006ba4        0xd ./src/bsp/adc.o
 *fill*         0x0000000000006bb1        0x3 ff
 .rodata        0x0000000000006bb4        0xc ./src/bsp/coin_reader.o
 .rodata        0x0000000000006bc0       0x10 ./src/bsp/digin.o
 .rodata.bsp_power_off_init.str1.4
                0x0000000000006bd0       0x2b ./src/bsp/power_off.o
 *fill*         0x0000000000006bfb        0x1 ff
 .rodata.__func__.0
                0x0000000000006bfc       0x13 ./src/bsp/power_off.o
 *fill*         0x0000000000006c0f        0x1 ff
 .rodata.__func__.1
                0x0000000000006c10       0x13 ./src/bsp/power_off.o
 *fill*         0x0000000000006c23        0x1 ff
 .rodata.bsp_pwm_init.str1.4
                0x0000000000006c24       0x11 ./src/bsp/pwm.o
                                         0x25 (size before relaxing)
 *fill*         0x0000000000006c35        0x3 ff
 .rodata.__func__.0
                0x0000000000006c38        0xf ./src/bsp/pwm.o
 *fill*         0x0000000000006c47        0x1 ff
 .rodata.__func__.1
                0x0000000000006c48        0xd ./src/bsp/pwm.o
 *fill*         0x0000000000006c55        0x3 ff
 .rodata        0x0000000000006c58        0xe ./src/bsp/relay.o
 *fill*         0x0000000000006c66        0x2 ff
 .rodata.CRC_TABLE
                0x0000000000006c68      0x100 ./src/bsp/temperature_humidity_probe.o
 .rodata.register_callback
                0x0000000000006d68      0x158 ./src/adapters/modbus_server.o
 .rodata.modbus_server_init.str1.4
                0x0000000000006ec0       0x50 ./src/adapters/modbus_server.o
 .rodata.__func__.1
                0x0000000000006f10       0x13 ./src/adapters/modbus_server.o
 *fill*         0x0000000000006f23        0x1 ff
 .rodata.g_ioport
                0x0000000000006f24        0xc ./ra_gen/common_data.o
                0x0000000000006f24                g_ioport
 .rodata.g_adc0_cfg
                0x0000000000006f30       0x18 ./ra_gen/hal_data.o
                0x0000000000006f30                g_adc0_cfg
 .rodata.g_adc0_cfg_extend
                0x0000000000006f48        0xb ./ra_gen/hal_data.o
                0x0000000000006f48                g_adc0_cfg_extend
 *fill*         0x0000000000006f53        0x1 ff
 .rodata.g_adc0_channel_cfg
                0x0000000000006f54       0x14 ./ra_gen/hal_data.o
                0x0000000000006f54                g_adc0_channel_cfg
 .rodata.g_flash0
                0x0000000000006f68        0xc ./ra_gen/hal_data.o
                0x0000000000006f68                g_flash0
 .rodata.g_flash0_cfg
                0x0000000000006f74       0x14 ./ra_gen/hal_data.o
                0x0000000000006f74                g_flash0_cfg
 .rodata.g_timer_pwm_cfg
                0x0000000000006f88       0x20 ./ra_gen/hal_data.o
                0x0000000000006f88                g_timer_pwm_cfg
 .rodata.g_timer_pwm_extend
                0x0000000000006fa8       0x3c ./ra_gen/hal_data.o
                0x0000000000006fa8                g_timer_pwm_extend
 .rodata.g_uart0
                0x0000000000006fe4        0xc ./ra_gen/hal_data.o
                0x0000000000006fe4                g_uart0
 .rodata.g_uart0_cfg
                0x0000000000006ff0       0x20 ./ra_gen/hal_data.o
                0x0000000000006ff0                g_uart0_cfg
 .rodata.g_uart0_cfg_extend
                0x0000000000007010       0x14 ./ra_gen/hal_data.o
                0x0000000000007010                g_uart0_cfg_extend
 .rodata.g_vee0_cfg
                0x0000000000007024       0x24 ./ra_gen/hal_data.o
                0x0000000000007024                g_vee0_cfg
 .rodata.g_vee0_cfg_ext
                0x0000000000007048        0x4 ./ra_gen/hal_data.o
                0x0000000000007048                g_vee0_cfg_ext
 .rodata.g_bsp_pin_cfg
                0x000000000000704c        0xc ./ra_gen/pin_data.o
                0x000000000000704c                g_bsp_pin_cfg
 .rodata.g_bsp_pin_cfg_data
                0x0000000000007058      0x148 ./ra_gen/pin_data.o
                0x0000000000007058                g_bsp_pin_cfg_data
 .rodata.g_interrupt_event_link_select
                0x00000000000071a0       0x20 ./ra_gen/vector_data.o
                0x00000000000071a0                g_interrupt_event_link_select
 .rodata.rm_vee_flash_callback
                0x00000000000071c0       0x2c ./ra/fsp/src/rm_vee_flash/rm_vee_flash.o
 .rodata.g_uart_on_sci
                0x00000000000071ec       0x24 ./ra/fsp/src/r_sci_uart/r_sci_uart.o
                0x00000000000071ec                g_uart_on_sci
 .rodata.g_ioport_on_ioport
                0x0000000000007210       0x34 ./ra/fsp/src/r_ioport/r_ioport.o
                0x0000000000007210                g_ioport_on_ioport
 .rodata.g_code_flash_macro_info
                0x0000000000007244       0x10 ./ra/fsp/src/r_flash_lp/r_flash_lp.o
                0x0000000000007244                g_code_flash_macro_info
 .rodata.g_data_flash_macro_info
                0x0000000000007254       0x10 ./ra/fsp/src/r_flash_lp/r_flash_lp.o
                0x0000000000007254                g_data_flash_macro_info
 .rodata.g_flash_code_region
                0x0000000000007264        0x8 ./ra/fsp/src/r_flash_lp/r_flash_lp.o
 .rodata.g_flash_data_region
                0x000000000000726c        0x8 ./ra/fsp/src/r_flash_lp/r_flash_lp.o
 .rodata.g_flash_on_flash_lp
                0x0000000000007274       0x3c ./ra/fsp/src/r_flash_lp/r_flash_lp.o
                0x0000000000007274                g_flash_on_flash_lp
 .rodata.g_prcr_masks
                0x00000000000072b0        0x8 ./ra/fsp/src/bsp/mcu/all/bsp_register_protection.o
                0x00000000000072b8                __usb_dev_descriptor_start_fs = .
 *(.usb_device_desc_fs*)
                0x00000000000072b8                __usb_cfg_descriptor_start_fs = .
 *(.usb_config_desc_fs*)
                0x00000000000072b8                __usb_interface_descriptor_start_fs = .
 *(.usb_interface_desc_fs*)
                0x00000000000072b8                __usb_descriptor_end_fs = .
                0x00000000000072b8                __usb_dev_descriptor_start_hs = .
 *(.usb_device_desc_hs*)
                0x00000000000072b8                __usb_cfg_descriptor_start_hs = .
 *(.usb_config_desc_hs*)
                0x00000000000072b8                __usb_interface_descriptor_start_hs = .
 *(.usb_interface_desc_hs*)
                0x00000000000072b8                __usb_descriptor_end_hs = .
 *(.eh_frame*)
 .eh_frame      0x00000000000072b8        0x0 /home/maldus/Local/renesas/e2_studio/toolchains/gcc_arm/10_3_2021_10/gcc-arm-none-eabi-10.3-2021.10/bin/../lib/gcc/arm-none-eabi/10.3.1/thumb/v8-m.base/nofp/crtbegin.o
 .eh_frame      0x00000000000072b8        0x4 /home/maldus/Local/renesas/e2_studio/toolchains/gcc_arm/10_3_2021_10/gcc-arm-none-eabi-10.3-2021.10/bin/../lib/gcc/arm-none-eabi/10.3.1/thumb/v8-m.base/nofp/crtend.o
                0x00000000000072bc                __ROM_End = .
                0x00000000000000c0                __Vectors_Size = (__Vectors_End - __Vectors)

.glue_7         0x00000000000072bc        0x0
 .glue_7        0x00000000000072bc        0x0 linker stubs

.glue_7t        0x00000000000072bc        0x0
 .glue_7t       0x00000000000072bc        0x0 linker stubs

.vfp11_veneer   0x00000000000072bc        0x0
 .vfp11_veneer  0x00000000000072bc        0x0 linker stubs

.v4_bx          0x00000000000072bc        0x0
 .v4_bx         0x00000000000072bc        0x0 linker stubs

.iplt           0x00000000000072bc        0x0
 .iplt          0x00000000000072bc        0x0 /home/maldus/Local/renesas/e2_studio/toolchains/gcc_arm/10_3_2021_10/gcc-arm-none-eabi-10.3-2021.10/bin/../lib/gcc/arm-none-eabi/10.3.1/thumb/v8-m.base/nofp/crtbegin.o
                0x00000000000072bc                . = .
                0x00000000000072bc                __itcm_data_pre_location = .

.itcm_data      0x0000000000000000        0x0 load address 0x00000000000072c0
                0x0000000000000000                __tz_ITCM_S = ABSOLUTE (ITCM_START)
                0x0000000000000000                __itcm_data_start = .
 *(.itcm_data*)
                0x0000000000000000                . = ALIGN (0x8)
                0x0000000000000000                __itcm_data_end = .
                0x0000000000000000                __tz_ITCM_N = DEFINED (ITCM_NS_START)?ABSOLUTE (ITCM_NS_START):ALIGN (__itcm_data_end, 0x2000)
                0x00000000000072c0                __itcm_data_init_start = LOADADDR (.itcm_data)
                0x00000000000072c0                __itcm_data_init_end = (LOADADDR (.itcm_data) + SIZEOF (.itcm_data))
                0x0000000000000001                ASSERT (((ORIGIN (ITCM) % 0x8) == 0x0), ITCM memory region origin must be aligned to 8 bytes.)
                0x0000000000000001                ASSERT (((LENGTH (ITCM) % 0x8) == 0x0), ITCM memory region length must be a multiple of 8 bytes.)
                0x0000000000000001                ASSERT (((LOADADDR (.itcm_data) % 0x10) == 0x0), .itcm_data section must be aligned to 16 bytes.)
                0x0000000000000001                ASSERT (((SIZEOF (.itcm_data) % 0x8) == 0x0), .itcm_data section size must be a multiple of 8 bytes.)
                0x00000000000072bc                . = (SIZEOF (.itcm_data) > 0x0)?__itcm_data_init_end:__itcm_data_pre_location
                0x00000000000072bc                __exidx_start = .

/DISCARD/
 *(.ARM.extab* .gnu.linkonce.armextab.*)
 *(.ARM.exidx* .gnu.linkonce.armexidx.*)
                0x00000000000072bc                __exidx_end = .
                0x00000000000072bc                __etext = .
                0x0000000020000000                __tz_RAM_S = ORIGIN (RAM)

.fsp_dtc_vector_table
                0x0000000020000000        0x0
                0x0000000020000000                . = ORIGIN (RAM)
 *(.fsp_dtc_vector_table)

.data           0x0000000020000000       0x90 load address 0x00000000000072bc
                0x0000000020000000                __data_start__ = .
                0x0000000020000000                . = ALIGN (0x4)
                0x0000000020000000                __Code_In_RAM_Start = .
 *(.code_in_ram*)
                0x0000000020000000                __Code_In_RAM_End = .
 *(vtable)
 *(.data.*)
 .data.modbusSlaveDefaultFunctions
                0x0000000020000000       0x20 ./src/adapters/modbus_server.o
                0x0000000020000000                modbusSlaveDefaultFunctions
 .data.g_uart0_baud_setting
                0x0000000020000020        0x4 ./ra_gen/hal_data.o
                0x0000000020000020                g_uart0_baud_setting
 .data._impure_ptr
                0x0000000020000024        0x4 /home/maldus/Local/renesas/e2_studio/toolchains/gcc_arm/10_3_2021_10/gcc-arm-none-eabi-10.3-2021.10/bin/../lib/gcc/arm-none-eabi/10.3.1/../../../../arm-none-eabi/lib/thumb/v8-m.base/nofp/libg_nano.a(lib_a-impure.o)
                0x0000000020000024                _impure_ptr
 .data.impure_data
                0x0000000020000028       0x60 /home/maldus/Local/renesas/e2_studio/toolchains/gcc_arm/10_3_2021_10/gcc-arm-none-eabi-10.3-2021.10/bin/../lib/gcc/arm-none-eabi/10.3.1/../../../../arm-none-eabi/lib/thumb/v8-m.base/nofp/libg_nano.a(lib_a-impure.o)
 *(.data)
                0x0000000020000088                . = ALIGN (0x4)
                0x0000000020000088                PROVIDE (__preinit_array_start = .)
 *(.preinit_array)
                0x0000000020000088                PROVIDE (__preinit_array_end = .)
                0x0000000020000088                . = ALIGN (0x4)
                0x0000000020000088                PROVIDE (__init_array_start = .)
 *(SORT_BY_NAME(.init_array.*))
 *(.init_array)
 .init_array    0x0000000020000088        0x4 /home/maldus/Local/renesas/e2_studio/toolchains/gcc_arm/10_3_2021_10/gcc-arm-none-eabi-10.3-2021.10/bin/../lib/gcc/arm-none-eabi/10.3.1/thumb/v8-m.base/nofp/crtbegin.o
                0x000000002000008c                PROVIDE (__init_array_end = .)
                0x000000002000008c                . = ALIGN (0x4)
                [!provide]                        PROVIDE (__fini_array_start = .)
 *(SORT_BY_NAME(.fini_array.*))
 *(.fini_array)
 .fini_array    0x000000002000008c        0x4 /home/maldus/Local/renesas/e2_studio/toolchains/gcc_arm/10_3_2021_10/gcc-arm-none-eabi-10.3-2021.10/bin/../lib/gcc/arm-none-eabi/10.3.1/thumb/v8-m.base/nofp/crtbegin.o
                [!provide]                        PROVIDE (__fini_array_end = .)
 *(.jcr*)
                0x0000000020000090                . = ALIGN (0x4)
                0x0000000020000090                __data_end__ = .

.igot.plt       0x0000000020000090        0x0 load address 0x000000000000734c
 .igot.plt      0x0000000020000090        0x0 /home/maldus/Local/renesas/e2_studio/toolchains/gcc_arm/10_3_2021_10/gcc-arm-none-eabi-10.3-2021.10/bin/../lib/gcc/arm-none-eabi/10.3.1/thumb/v8-m.base/nofp/crtbegin.o
                0x0000000020000090                . = .
                0x000000000000734c                __dtcm_data_pre_location = (LOADADDR (.data) + SIZEOF (.data))

.dtcm_data      0x0000000000000000        0x0 load address 0x0000000000007350
                0x0000000000000000                __tz_DTCM_S = ABSOLUTE (DTCM_START)
                0x0000000000000000                __dtcm_data_start = .
 *(.dtcm_data*)
                0x0000000000000000                . = ALIGN (0x8)
                0x0000000000000000                __dtcm_data_end = .
                0x0000000000000000                . = __dtcm_data_end

.dtcm_bss       0x0000000000000000        0x0
                0x0000000000000000                __dtcm_bss_start = .
 *(.dtcm_bss*)
                0x0000000000000000                . = ALIGN (0x8)
                0x0000000000000000                __dtcm_bss_end = .
                0x0000000000000000                __tz_DTCM_N = DEFINED (DTCM_NS_START)?ABSOLUTE (DTCM_NS_START):ALIGN (__dtcm_bss_end, 0x2000)
                0x0000000000007350                __dtcm_data_init_start = LOADADDR (.dtcm_data)
                0x0000000000007350                __dtcm_data_init_end = (LOADADDR (.dtcm_data) + SIZEOF (.dtcm_data))
                0x0000000000000001                ASSERT (((ORIGIN (DTCM) % 0x8) == 0x0), DTCM memory region origin must be aligned to 8 bytes.)
                0x0000000000000001                ASSERT (((LENGTH (DTCM) % 0x8) == 0x0), DTCM memory region length must be a multiple of 8 bytes.)
                0x0000000000000001                ASSERT ((LOADADDR (.dtcm_bss) == ADDR (.dtcm_bss)), .dtcm_bss has (VMA != LMA) but should be NOLOAD (VMA == LMA).)
                0x0000000000000001                ASSERT (((LOADADDR (.dtcm_data) % 0x10) == 0x0), .dtcm_data section must be aligned to 16 bytes.)
                0x0000000000000001                ASSERT (((SIZEOF (.dtcm_data) % 0x8) == 0x0), .dtcm_data section size must be a multiple of 8 bytes.)
                0x0000000000000001                ASSERT (((LOADADDR (.dtcm_bss) % 0x8) == 0x0), .dtcm_bss section must be aligned to 8 bytes.)
                0x0000000000000001                ASSERT (((SIZEOF (.dtcm_bss) % 0x8) == 0x0), .dtcm_bss section size must be a multiple of 8 bytes.)
                0x0000000000000001                ASSERT ((__dtcm_bss_start == __dtcm_data_end), .dtcm_bss section is not adjacent to .dtcm_data section.)
                0x000000000000734c                . = (SIZEOF (.dtcm_data) > 0x0)?__dtcm_data_init_end:__dtcm_data_pre_location
                0x000000000000734c                sgstubs_pre_location = .
                0x0000000000007400                SGSTUBS_LOC = (DEFINED (PROJECT_SECURE) && DEFINED (FLASH_NSC_START))?ABSOLUTE (FLASH_NSC_START):ALIGN (0x400)

.gnu.sgstubs    0x0000000000007400        0x0
                0x0000000000007400                __tz_FLASH_C = DEFINED (FLASH_NSC_START)?ABSOLUTE (FLASH_NSC_START):__RESERVE_NS_RAM?ABSOLUTE ((FLASH_START + FLASH_LENGTH)):ALIGN (0x400)
                0x0000000000007400                _start_sg = .
 *(.gnu.sgstubs*)
                0x0000000000007400                . = ALIGN (0x20)
                0x0000000000007400                _end_sg = .
                0x0000000000008000                __tz_FLASH_N = DEFINED (FLASH_NS_START)?ABSOLUTE (FLASH_NS_START):__RESERVE_NS_RAM?ABSOLUTE ((FLASH_START + FLASH_LENGTH)):(FLASH_LENGTH < 0x8000)?FLASH_LENGTH:ALIGN (0x8000)
                0x0000000000008000                FLASH_NS_IMAGE_START = DEFINED (FLASH_NS_IMAGE_START)?FLASH_NS_IMAGE_START:__tz_FLASH_N
                0x0000000060000000                __tz_QSPI_FLASH_S = ORIGIN (QSPI_FLASH)

.qspi_flash     0x0000000060000000        0x0
                0x0000000060000000                __qspi_flash_start__ = .
 *(.qspi_flash*)
 *(.code_in_qspi*)
                0x0000000060000000                __qspi_flash_end__ = .
                0x0000000000000000                __qspi_flash_code_size__ = (__qspi_flash_end__ - __qspi_flash_start__)
                0x000000000000734c                __qspi_flash_code_addr__ = sgstubs_pre_location

.qspi_non_retentive
                0x0000000060000000        0x0 load address 0x000000000000734c
                0x0000000060000000                __qspi_non_retentive_start__ = .
 *(.qspi_non_retentive*)
                0x0000000060000000                __qspi_non_retentive_end__ = .
                0x0000000000000000                __qspi_non_retentive_size__ = (__qspi_non_retentive_end__ - __qspi_non_retentive_start__)
                0x0000000004000000                __qspi_region_max_size__ = 0x4000000
                0x0000000060000000                __qspi_region_start_address__ = __qspi_flash_start__
                0x0000000064000000                __qspi_region_end_address__ = (__qspi_flash_start__ + __qspi_region_max_size__)
                0x0000000060000000                __tz_QSPI_FLASH_N = __qspi_non_retentive_end__

.OSPI_DEVICE_0_NO_LOAD
                0x0000000080020000        0x0
                0x0000000080020000                . = ALIGN (0x4)
                0x0000000080020000                __ospi_device_0_start__ = .
 *(.ospi_device_0_no_load*)
                0x0000000080020000                . = ALIGN (0x4)
                0x0000000080020000                __ospi_device_0_end__ = .

.OSPI_DEVICE_1_NO_LOAD
                0x0000000080030000        0x0
                0x0000000080030000                . = ALIGN (0x4)
                0x0000000080030000                __ospi_device_1_start__ = .
 *(.ospi_device_1_no_load*)
                0x0000000080030000                . = ALIGN (0x4)
                0x0000000080030000                __ospi_device_1_end__ = .
                0x0000000080020000                __tz_OSPI_DEVICE_0_S = ORIGIN (OSPI_DEVICE_0)

.OSPI_DEVICE_0  0x0000000080020000        0x0
                0x0000000080020000                __ospi_device_0_start__ = .
 *(.ospi_device_0*)
 *(.code_in_ospi_device_0*)
                0x0000000080020000                __ospi_device_0_end__ = .
                0x0000000000000000                __ospi_device_0_code_size__ = (__ospi_device_0_end__ - __ospi_device_0_start__)
                0x000000000000734c                __ospi_device_0_code_addr__ = (sgstubs_pre_location + SIZEOF (.qspi_non_retentive))

.ospi_device_0_non_retentive
                0x0000000080020000        0x0 load address 0x000000000000734c
                0x0000000080020000                __ospi_device_0_non_retentive_start__ = .
 *(.ospi_device_0_non_retentive*)
                0x0000000080020000                __ospi_device_0_non_retentive_end__ = .
                0x0000000000000000                __ospi_device_0_non_retentive_size__ = (__ospi_device_0_non_retentive_end__ - __ospi_device_0_non_retentive_start__)
                0x0000000008000000                __ospi_device_0_region_max_size__ = 0x8000000
                0x0000000080020000                __ospi_device_0_region_start_address__ = __ospi_device_0_start__
                0x0000000088020000                __ospi_device_0_region_end_address__ = (__ospi_device_0_start__ + __ospi_device_0_region_max_size__)
                0x0000000080020000                __tz_OSPI_DEVICE_0_N = __ospi_device_0_non_retentive_end__
                0x0000000080030000                __tz_OSPI_DEVICE_1_S = ORIGIN (OSPI_DEVICE_1)

.OSPI_DEVICE_1  0x0000000080030000        0x0
                0x0000000080030000                __ospi_device_1_start__ = .
 *(.ospi_device_1*)
 *(.code_in_ospi_device_1*)
                0x0000000080030000                __ospi_device_1_end__ = .