Archive member included to satisfy reference by file (symbol)

/home/maldus/Local/renesas/e2_studio/toolchains/gcc_arm/10_3_2021_10/gcc-arm-none-eabi-10.3-2021.10/bin/../lib/gcc/arm-none-eabi/10.3.1/thumb/v8-m.base/nofp/libgcc.a(_clzsi2.o)
                              ./ra/fsp/src/r_adc/r_adc.o (__clzsi2)
/home/maldus/Local/renesas/e2_studio/toolchains/gcc_arm/10_3_2021_10/gcc-arm-none-eabi-10.3-2021.10/bin/../lib/gcc/arm-none-eabi/10.3.1/thumb/v8-m.base/nofp/libgcc.a(_aeabi_ldivmod.o)
                              ./ra/fsp/src/r_sci_uart/r_sci_uart.o (__aeabi_ldivmod)
/home/maldus/Local/renesas/e2_studio/toolchains/gcc_arm/10_3_2021_10/gcc-arm-none-eabi-10.3-2021.10/bin/../lib/gcc/arm-none-eabi/10.3.1/thumb/v8-m.base/nofp/libgcc.a(_aeabi_uldivmod.o)
                              ./src/bsp/pwm.o (__aeabi_uldivmod)
/home/maldus/Local/renesas/e2_studio/toolchains/gcc_arm/10_3_2021_10/gcc-arm-none-eabi-10.3-2021.10/bin/../lib/gcc/arm-none-eabi/10.3.1/thumb/v8-m.base/nofp/libgcc.a(_muldi3.o)
                              ./src/bsp/pwm.o (__aeabi_lmul)
/home/maldus/Local/renesas/e2_studio/toolchains/gcc_arm/10_3_2021_10/gcc-arm-none-eabi-10.3-2021.10/bin/../lib/gcc/arm-none-eabi/10.3.1/thumb/v8-m.base/nofp/libgcc.a(_udivmoddi4.o)
                              /home/maldus/Local/renesas/e2_studio/toolchains/gcc_arm/10_3_2021_10/gcc-arm-none-eabi-10.3-2021.10/bin/../lib/gcc/arm-none-eabi/10.3.1/thumb/v8-m.base/nofp/libgcc.a(_aeabi_uldivmod.o) (__udivmoddi4)
/home/maldus/Local/renesas/e2_studio/toolchains/gcc_arm/10_3_2021_10/gcc-arm-none-eabi-10.3-2021.10/bin/../lib/gcc/arm-none-eabi/10.3.1/thumb/v8-m.base/nofp/libgcc.a(bpabi.o)
                              /home/maldus/Local/renesas/e2_studio/toolchains/gcc_arm/10_3_2021_10/gcc-arm-none-eabi-10.3-2021.10/bin/../lib/gcc/arm-none-eabi/10.3.1/thumb/v8-m.base/nofp/libgcc.a(_aeabi_ldivmod.o) (__gnu_ldivmod_helper)
/home/maldus/Local/renesas/e2_studio/toolchains/gcc_arm/10_3_2021_10/gcc-arm-none-eabi-10.3-2021.10/bin/../lib/gcc/arm-none-eabi/10.3.1/thumb/v8-m.base/nofp/libgcc.a(_dvmd_tls.o)
                              /home/maldus/Local/renesas/e2_studio/toolchains/gcc_arm/10_3_2021_10/gcc-arm-none-eabi-10.3-2021.10/bin/../lib/gcc/arm-none-eabi/10.3.1/thumb/v8-m.base/nofp/libgcc.a(_aeabi_ldivmod.o) (__aeabi_ldiv0)
/home/maldus/Local/renesas/e2_studio/toolchains/gcc_arm/10_3_2021_10/gcc-arm-none-eabi-10.3-2021.10/bin/../lib/gcc/arm-none-eabi/10.3.1/thumb/v8-m.base/nofp/libgcc.a(_divdi3.o)
                              /home/maldus/Local/renesas/e2_studio/toolchains/gcc_arm/10_3_2021_10/gcc-arm-none-eabi-10.3-2021.10/bin/../lib/gcc/arm-none-eabi/10.3.1/thumb/v8-m.base/nofp/libgcc.a(bpabi.o) (__divdi3)
/home/maldus/Local/renesas/e2_studio/toolchains/gcc_arm/10_3_2021_10/gcc-arm-none-eabi-10.3-2021.10/bin/../lib/gcc/arm-none-eabi/10.3.1/../../../../arm-none-eabi/lib/thumb/v8-m.base/nofp/libg_nano.a(lib_a-errno.o)
                              ./ra/fsp/src/bsp/mcu/all/bsp_sbrk.o (__errno)
/home/maldus/Local/renesas/e2_studio/toolchains/gcc_arm/10_3_2021_10/gcc-arm-none-eabi-10.3-2021.10/bin/../lib/gcc/arm-none-eabi/10.3.1/../../../../arm-none-eabi/lib/thumb/v8-m.base/nofp/libg_nano.a(lib_a-exit.o)
                              /home/maldus/Local/renesas/e2_studio/toolchains/gcc_arm/10_3_2021_10/gcc-arm-none-eabi-10.3-2021.10/bin/../lib/gcc/arm-none-eabi/10.3.1/../../../../arm-none-eabi/lib/thumb/v8-m.base/nofp/crt0.o (exit)
/home/maldus/Local/renesas/e2_studio/toolchains/gcc_arm/10_3_2021_10/gcc-arm-none-eabi-10.3-2021.10/bin/../lib/gcc/arm-none-eabi/10.3.1/../../../../arm-none-eabi/lib/thumb/v8-m.base/nofp/libg_nano.a(lib_a-impure.o)
                              /home/maldus/Local/renesas/e2_studio/toolchains/gcc_arm/10_3_2021_10/gcc-arm-none-eabi-10.3-2021.10/bin/../lib/gcc/arm-none-eabi/10.3.1/../../../../arm-none-eabi/lib/thumb/v8-m.base/nofp/libg_nano.a(lib_a-exit.o) (_global_impure_ptr)
/home/maldus/Local/renesas/e2_studio/toolchains/gcc_arm/10_3_2021_10/gcc-arm-none-eabi-10.3-2021.10/bin/../lib/gcc/arm-none-eabi/10.3.1/../../../../arm-none-eabi/lib/thumb/v8-m.base/nofp/libg_nano.a(lib_a-init.o)
                              /home/maldus/Local/renesas/e2_studio/toolchains/gcc_arm/10_3_2021_10/gcc-arm-none-eabi-10.3-2021.10/bin/../lib/gcc/arm-none-eabi/10.3.1/../../../../arm-none-eabi/lib/thumb/v8-m.base/nofp/crt0.o (__libc_init_array)
/home/maldus/Local/renesas/e2_studio/toolchains/gcc_arm/10_3_2021_10/gcc-arm-none-eabi-10.3-2021.10/bin/../lib/gcc/arm-none-eabi/10.3.1/../../../../arm-none-eabi/lib/thumb/v8-m.base/nofp/libg_nano.a(lib_a-malloc.o)
                              ./src/controller/observer.o (free)
/home/maldus/Local/renesas/e2_studio/toolchains/gcc_arm/10_3_2021_10/gcc-arm-none-eabi-10.3-2021.10/bin/../lib/gcc/arm-none-eabi/10.3.1/../../../../arm-none-eabi/lib/thumb/v8-m.base/nofp/libg_nano.a(lib_a-memcmp.o)
                              ./libs/c-watcher/src/watcher.o (memcmp)
[...]
Memory Configuration

Name             Origin             Length             Attributes
ITCM             0x0000000000000000 0x0000000000000000 xr
DTCM             0x0000000000000000 0x0000000000000000 xrw
FLASH            0x0000000000000000 0x0000000000040000 xr
RAM              0x0000000020000000 0x0000000000008000 xrw
DATA_FLASH       0x0000000040100000 0x0000000000002000 xr
QSPI_FLASH       0x0000000060000000 0x0000000000000000 xr
OSPI_DEVICE_0    0x0000000080020000 0x0000000000000000 xr
OSPI_DEVICE_1    0x0000000080030000 0x0000000000000000 xr
OSPI_DEVICE_0_RAM 0x0000000080020000 0x0000000000000000 xrw
OSPI_DEVICE_1_RAM 0x0000000080030000 0x0000000000000000 xrw
SDRAM            0x0000000080010000 0x0000000000000000 xrw
OPTION_SETTING   0x0000000000000000 0x0000000000000000 r
OPTION_SETTING_OFS 0x0000000000000000 0x0000000000000018 r
OPTION_SETTING_SAS 0x0000000000000034 0x0000000000000000 r
OPTION_SETTING_S 0x0000000080000000 0x0000000000000000 r
ID_CODE          0x0000000001010018 0x0000000000000020 xr
*default*        0x0000000000000000 0xffffffffffffffff

Linker script and memory map

LOAD /home/maldus/Local/renesas/e2_studio/toolchains/gcc_arm/10_3_2021_10/gcc-arm-none-eabi-10.3-2021.10/bin/../lib/gcc/arm-none-eabi/10.3.1/thumb/v8-m.base/nofp/crti.o
LOAD /home/maldus/Local/renesas/e2_studio/toolchains/gcc_arm/10_3_2021_10/gcc-arm-none-eabi-10.3-2021.10/bin/../lib/gcc/arm-none-eabi/10.3.1/thumb/v8-m.base/nofp/crtbegin.o
LOAD /home/maldus/Local/renesas/e2_studio/toolchains/gcc_arm/10_3_2021_10/gcc-arm-none-eabi-10.3-2021.10/bin/../lib/gcc/arm-none-eabi/10.3.1/../../../../arm-none-eabi/lib/thumb/v8-m.base/nofp/crt0.o
START GROUP
LOAD ./src/services/crc16-ccitt.o
LOAD ./src/model/cycle.o
LOAD ./src/model/heating.o
LOAD ./src/model/model.o
LOAD ./src/controller/controller.o
LOAD ./src/controller/observer.o
LOAD ./src/bsp/adc.o
LOAD ./src/bsp/coin_reader.o
LOAD ./src/bsp/digin.o
LOAD ./src/bsp/heartbit.o
LOAD ./src/bsp/power_off.o
LOAD ./src/bsp/pwm.o
LOAD ./src/bsp/relay.o
LOAD ./src/bsp/rs232.o
LOAD ./src/bsp/spi.o
LOAD ./src/bsp/system.o
LOAD ./src/bsp/temperature_humidity_probe.o
LOAD ./src/adapters/modbus_server.o
LOAD ./src/hal_entry.o
LOAD ./ra_gen/common_data.o
LOAD ./ra_gen/hal_data.o
LOAD ./ra_gen/main.o
LOAD ./ra_gen/pin_data.o
LOAD ./ra_gen/vector_data.o
LOAD ./ra/fsp/src/rm_vee_flash/rm_vee_flash.o
LOAD ./ra/fsp/src/r_sci_uart/r_sci_uart.o
LOAD ./ra/fsp/src/r_ioport/r_ioport.o
LOAD ./ra/fsp/src/r_icu/r_icu.o
LOAD ./ra/fsp/src/r_gpt/r_gpt.o
LOAD ./ra/fsp/src/r_flash_lp/r_flash_lp.o
LOAD ./ra/fsp/src/r_adc/r_adc.o
LOAD ./ra/fsp/src/bsp/mcu/ra2l1/bsp_power.o
LOAD ./ra/fsp/src/bsp/mcu/all/bsp_clocks.o
LOAD ./ra/fsp/src/bsp/mcu/all/bsp_common.o
LOAD ./ra/fsp/src/bsp/mcu/all/bsp_delay.o
LOAD ./ra/fsp/src/bsp/mcu/all/bsp_group_irq.o
LOAD ./ra/fsp/src/bsp/mcu/all/bsp_guard.o
LOAD ./ra/fsp/src/bsp/mcu/all/bsp_io.o
LOAD ./ra/fsp/src/bsp/mcu/all/bsp_irq.o
LOAD ./ra/fsp/src/bsp/mcu/all/bsp_macl.o
LOAD ./ra/fsp/src/bsp/mcu/all/bsp_register_protection.o
LOAD ./ra/fsp/src/bsp/mcu/all/bsp_rom_registers.o
LOAD ./ra/fsp/src/bsp/mcu/all/bsp_sbrk.o
LOAD ./ra/fsp/src/bsp/mcu/all/bsp_sdram.o
LOAD ./ra/fsp/src/bsp/mcu/all/bsp_security.o
LOAD ./ra/fsp/src/bsp/cmsis/Device/RENESAS/Source/startup.o
LOAD ./ra/fsp/src/bsp/cmsis/Device/RENESAS/Source/system.o
LOAD ./libs/c-watcher/src/watcher.o
LOAD ./libs/c-stopwatch/src/stopwatch.o
LOAD ./libs/c-stopwatch/src/stopwatch_timer.o
LOAD ./libs/c-debounce/src/debounce.o
LOAD ./libs/c-debounce/src/keypad.o
LOAD ./libs/c-debounce/src/pulsecounter.o
END GROUP
START GROUP
LOAD /home/maldus/Local/renesas/e2_studio/toolchains/gcc_arm/10_3_2021_10/gcc-arm-none-eabi-10.3-2021.10/bin/../lib/gcc/arm-none-eabi/10.3.1/thumb/v8-m.base/nofp/libgcc.a
LOAD /home/maldus/Local/renesas/e2_studio/toolchains/gcc_arm/10_3_2021_10/gcc-arm-none-eabi-10.3-2021.10/bin/../lib/gcc/arm-none-eabi/10.3.1/../../../../arm-none-eabi/lib/thumb/v8-m.base/nofp/libg_nano.a
LOAD /home/maldus/Local/renesas/e2_studio/toolchains/gcc_arm/10_3_2021_10/gcc-arm-none-eabi-10.3-2021.10/bin/../lib/gcc/arm-none-eabi/10.3.1/../../../../arm-none-eabi/lib/thumb/v8-m.base/nofp/libc_nano.a
END GROUP
START GROUP
LOAD /home/maldus/Local/renesas/e2_studio/toolchains/gcc_arm/10_3_2021_10/gcc-arm-none-eabi-10.3-2021.10/bin/../lib/gcc/arm-none-eabi/10.3.1/thumb/v8-m.base/nofp/libgcc.a
LOAD /home/maldus/Local/renesas/e2_studio/toolchains/gcc_arm/10_3_2021_10/gcc-arm-none-eabi-10.3-2021.10/bin/../lib/gcc/arm-none-eabi/10.3.1/../../../../arm-none-eabi/lib/thumb/v8-m.base/nofp/libc_nano.a
END GROUP
LOAD /home/maldus/Local/renesas/e2_studio/toolchains/gcc_arm/10_3_2021_10/gcc-arm-none-eabi-10.3-2021.10/bin/../lib/gcc/arm-none-eabi/10.3.1/thumb/v8-m.base/nofp/crtend.o
LOAD /home/maldus/Local/renesas/e2_studio/toolchains/gcc_arm/10_3_2021_10/gcc-arm-none-eabi-10.3-2021.10/bin/../lib/gcc/arm-none-eabi/10.3.1/thumb/v8-m.base/nofp/crtn.o
                0x0000000020000000                RAM_START = 0x20000000
                0x0000000000008000                RAM_LENGTH = 0x8000
                0x0000000000000000                FLASH_START = 0x0
                0x0000000000040000                FLASH_LENGTH = 0x40000
                0x0000000040100000                DATA_FLASH_START = 0x40100000
                0x0000000000002000                DATA_FLASH_LENGTH = 0x2000
                0x0000000000000000                OPTION_SETTING_START = 0x0
                0x0000000000000000                OPTION_SETTING_LENGTH = 0x0
                0x0000000080000000                OPTION_SETTING_S_START = 0x80000000
                0x0000000000000000                OPTION_SETTING_S_LENGTH = 0x0
                0x0000000001010018                ID_CODE_START = 0x1010018
                0x0000000000000020                ID_CODE_LENGTH = 0x20
                0x0000000080010000                SDRAM_START = 0x80010000
                0x0000000000000000                SDRAM_LENGTH = 0x0
                0x0000000060000000                QSPI_FLASH_START = 0x60000000
                0x0000000000000000                QSPI_FLASH_LENGTH = 0x0
                0x0000000080020000                OSPI_DEVICE_0_START = 0x80020000
                0x0000000000000000                OSPI_DEVICE_0_LENGTH = 0x0
                0x0000000080030000                OSPI_DEVICE_1_START = 0x80030000
                0x0000000000000000                OSPI_DEVICE_1_LENGTH = 0x0
                0x0000000000000000                QSPI_FLASH_PRV_LENGTH = DEFINED (QSPI_FLASH_SIZE)?ABSOLUTE (QSPI_FLASH_SIZE):ABSOLUTE (QSPI_FLASH_LENGTH)
                0x0000000000000000                OSPI_DEVICE_0_PRV_LENGTH = DEFINED (OSPI_DEVICE_0_SIZE)?ABSOLUTE (OSPI_DEVICE_0_SIZE):ABSOLUTE (OSPI_DEVICE_0_LENGTH)
                0x0000000000000000                OSPI_DEVICE_1_PRV_LENGTH = DEFINED (OSPI_DEVICE_1_SIZE)?ABSOLUTE (OSPI_DEVICE_1_SIZE):ABSOLUTE (OSPI_DEVICE_1_LENGTH)
                0x0000000000000000                __RESERVE_NS_RAM = ((! (DEFINED (PROJECT_NONSECURE)) && DEFINED (RAM_NS_BUFFER_LENGTH)) && (OPTION_SETTING_S_LENGTH != 0x0))
                0x0000000000000000                ITCM_START = DEFINED (ITCM_START)?ITCM_START:0x0
                0x0000000000000000                ITCM_LENGTH = DEFINED (ITCM_LENGTH)?ITCM_LENGTH:0x0
                0x0000000000000000                DTCM_START = DEFINED (DTCM_START)?DTCM_START:0x0
                0x0000000000000000                DTCM_LENGTH = DEFINED (DTCM_LENGTH)?DTCM_LENGTH:0x0
                0x0000000000000000                RAM_NS_BUFFER_BLOCK_LENGTH = DEFINED (RAM_NS_BUFFER_LENGTH)?ALIGN (RAM_NS_BUFFER_LENGTH, 0x2000):0x0
                0x0000000000000000                RAM_NS_BUFFER_LENGTH = DEFINED (RAM_NS_BUFFER_LENGTH)?RAM_NS_BUFFER_LENGTH:0x0
                0x0000000020008000                RAM_NS_BUFFER_START = ((RAM_START + RAM_LENGTH) - RAM_NS_BUFFER_LENGTH)
                0x0000000020008000                RAM_NS_BUFFER_BLOCK_START = ((RAM_START + RAM_LENGTH) - RAM_NS_BUFFER_BLOCK_LENGTH)
                0x0000000000000080                OPTION_SETTING_START_NS = DEFINED (PROJECT_NONSECURE)?OPTION_SETTING_START:(OPTION_SETTING_START + 0x80)
                0x0000000000000001                __bl_FSP_BOOTABLE_IMAGE = 0x1
                0x0000000000000001                __bln_FSP_BOOTABLE_IMAGE = 0x1
                0x0000000000000000                PROJECT_SECURE_OR_FLAT = (((! (DEFINED (PROJECT_NONSECURE)) || DEFINED (PROJECT_SECURE)) && OPTION_SETTING_LENGTH) && ! (DEFINED (FSP_BOOTABLE_IMAGE)))
                0x0000000000000000                USE_OPTION_SETTING_NS = (DEFINED (PROJECT_NONSECURE) && ! (DEFINED (FSP_BOOTABLE_IMAGE)))
                0x0000000000000000                __bl_FLASH_IMAGE_START = ! (DEFINED (FLASH_BOOTLOADER_LENGTH))?0x0:(FLASH_APPLICATION_IMAGE_NUMBER == 0x1)?((FLASH_START + FLASH_BOOTLOADER_LENGTH) + FLASH_BOOTLOADER_HEADER_LENGTH):(DEFINED (BOOTLOADER_SECONDARY_USE_QSPI) || DEFINED (BOOTLOADER_SECONDARY_USE_OSPI_B))?(((FLASH_START + FLASH_BOOTLOADER_LENGTH) + FLASH_BOOTLOADER_SCRATCH_LENGTH) + FLASH_BOOTLOADER_HEADER_LENGTH):((((FLASH_START + FLASH_BOOTLOADER_LENGTH) + FLASH_BOOTLOADER_SCRATCH_LENGTH) + FLASH_APPLICATION_S_LENGTH) + FLASH_BOOTLOADER_HEADER_LENGTH)
                0x0000000000000000                __bl_FLASH_IMAGE_LENGTH = ! (DEFINED (FLASH_BOOTLOADER_LENGTH))?0x0:(FLASH_APPLICATION_S_LENGTH - FLASH_BOOTLOADER_HEADER_LENGTH)
                0x0000000000000000                __bl_FLASH_IMAGE_END = (__bl_FLASH_IMAGE_START + __bl_FLASH_IMAGE_LENGTH)
                0x0000000000000000                __bl_XIP_SECONDARY_FLASH_IMAGE_START = ! (DEFINED (FLASH_BOOTLOADER_LENGTH))?0x0:((FLASH_BOOTLOADER_LENGTH + FLASH_APPLICATION_S_LENGTH) + FLASH_BOOTLOADER_HEADER_LENGTH)
                0x0000000000000000                __bl_XIP_SECONDARY_FLASH_IMAGE_END = (__bl_XIP_SECONDARY_FLASH_IMAGE_START + __bl_FLASH_IMAGE_LENGTH)
                0x0000000000000000                __bl_FLASH_NS_START = ! (DEFINED (FLASH_BOOTLOADER_LENGTH))?0x0:(FLASH_APPLICATION_NS_LENGTH == 0x0)?__bl_FLASH_IMAGE_END:((__bl_FLASH_IMAGE_START - FLASH_BOOTLOADER_HEADER_LENGTH) + FLASH_APPLICATION_S_LENGTH)
                0x0000000000000000                __bl_FLASH_NSC_START = ! (DEFINED (FLASH_BOOTLOADER_LENGTH))?0x0:(FLASH_APPLICATION_NS_LENGTH == 0x0)?__bl_FLASH_IMAGE_END:(__bl_FLASH_IMAGE_END - FLASH_APPLICATION_NSC_LENGTH)
                0x0000000000000000                __bl_RAM_NS_START = ! (DEFINED (FLASH_BOOTLOADER_LENGTH))?0x0:(FLASH_APPLICATION_NS_LENGTH == 0x0)?(RAM_START + RAM_LENGTH):((RAM_START + RAM_LENGTH) - RAM_APPLICATION_NS_LENGTH)
                0x0000000000000000                __bl_RAM_NSC_START = ! (DEFINED (FLASH_BOOTLOADER_LENGTH))?0x0:(FLASH_APPLICATION_NS_LENGTH == 0x0)?(RAM_START + RAM_LENGTH):(__bl_RAM_NS_START - RAM_APPLICATION_NSC_LENGTH)
                0x0000000000000000                __bl_FLASH_NS_IMAGE_START = ! (DEFINED (FLASH_BOOTLOADER_LENGTH))?0x0:(FLASH_APPLICATION_NS_LENGTH == 0x0)?__bl_FLASH_IMAGE_END:(__bl_FLASH_NS_START + FLASH_BOOTLOADER_HEADER_LENGTH_2)
                0x0000000000000000                __bln_FLASH_IMAGE_START = (__bl_FLASH_NS_IMAGE_START | ! (DEFINED (NS_OFFSET_START))?0x0:NS_OFFSET_START)
                0x0000000000000000                __bln_FLASH_IMAGE_LENGTH = ! (DEFINED (FLASH_BOOTLOADER_LENGTH))?0x0:(FLASH_APPLICATION_NS_LENGTH == 0x0)?__bl_FLASH_IMAGE_END:(FLASH_APPLICATION_NS_LENGTH - FLASH_BOOTLOADER_HEADER_LENGTH_2)
                0x0000000000000000                XIP_SECONDARY_SLOT_IMAGE = DEFINED (XIP_SECONDARY_SLOT_IMAGE)?XIP_SECONDARY_SLOT_IMAGE:0x0
                0x0000000000000000                FLASH_ORIGIN = ! (DEFINED (FLASH_IMAGE_START))?FLASH_START:(XIP_SECONDARY_SLOT_IMAGE == 0x1)?XIP_SECONDARY_FLASH_IMAGE_START:FLASH_IMAGE_START
                0x0000000000040000                LIMITED_FLASH_LENGTH = DEFINED (FLASH_IMAGE_LENGTH)?FLASH_IMAGE_LENGTH:DEFINED (FLASH_BOOTLOADER_LENGTH)?FLASH_BOOTLOADER_LENGTH:FLASH_LENGTH
                0x0000000000000034                OPTION_SETTING_SAS_SIZE = 0x34
                0x0000000000000000                OPTION_SETTING_SAS_LENGTH = ! (DEFINED (OPTION_SETTING_LENGTH))?0x0:(OPTION_SETTING_LENGTH == 0x0)?0x0:(OPTION_SETTING_LENGTH - OPTION_SETTING_SAS_SIZE)
START GROUP
LOAD /home/maldus/Local/renesas/e2_studio/toolchains/gcc_arm/10_3_2021_10/gcc-arm-none-eabi-10.3-2021.10/bin/../lib/gcc/arm-none-eabi/10.3.1/thumb/v8-m.base/nofp/libgcc.a
LOAD /home/maldus/Local/renesas/e2_studio/toolchains/gcc_arm/10_3_2021_10/gcc-arm-none-eabi-10.3-2021.10/bin/../lib/gcc/arm-none-eabi/10.3.1/../../../../arm-none-eabi/lib/thumb/v8-m.base/nofp/libc.a
LOAD /home/maldus/Local/renesas/e2_studio/toolchains/gcc_arm/10_3_2021_10/gcc-arm-none-eabi-10.3-2021.10/bin/../lib/gcc/arm-none-eabi/10.3.1/../../../../arm-none-eabi/lib/thumb/v8-m.base/nofp/libm.a
END GROUP

.text           0x0000000000000000     0x7a90
                0x0000000000000000                __tz_FLASH_S = ABSOLUTE (FLASH_START)
                0x0000000000000000                __ROM_Start = .
 *(.fixed_vectors*)
 .fixed_vectors
                0x0000000000000000       0x40 ./ra/fsp/src/bsp/cmsis/Device/RENESAS/Source/startup.o
                0x0000000000000000                __Vectors
 *(.application_vectors*)
 .application_vectors
                0x0000000000000040       0x80 ./ra_gen/vector_data.o
                0x0000000000000040                g_vector_table
                0x00000000000000c0                __Vectors_End = .
 *(.flash_gap*)
                0x0000000000000400                . = (OPTION_SETTING_LENGTH > 0x0)?.:(__ROM_Start + 0x400)
 *fill*         0x00000000000000c0      0x340 ff
 *(.rom_registers*)
 .rom_registers
                0x0000000000000400       0x3c ./ra/fsp/src/bsp/mcu/all/bsp_rom_registers.o
 *(.mcuboot_sce9_key*)
 *(.text*)
 .text          0x000000000000043c       0x50 /home/maldus/Local/renesas/e2_studio/toolchains/gcc_arm/10_3_2021_10/gcc-arm-none-eabi-10.3-2021.10/bin/../lib/gcc/arm-none-eabi/10.3.1/thumb/v8-m.base/nofp/crtbegin.o
 .text.crc16_ccitt
                0x000000000000048c       0x2a ./src/services/crc16-ccitt.o
                0x000000000000048c                crc16_ccitt
 .text.paused_exit
                0x00000000000004b6       0x14 ./src/model/cycle.o
 .text.fix_timer
                0x00000000000004ca       0x2c ./src/model/cycle.o
 .text.paused_entry
                0x00000000000004f6       0x72 ./src/model/cycle.o
 .text.configure_temperature_timer
                0x0000000000000568       0x1c ./src/model/cycle.o
 .text.start_everything
                0x0000000000000584       0x74 ./src/model/cycle.o
 .text.paused_event_manager
                0x00000000000005f8       0x44 ./src/model/cycle.o
 .text.running_event_manager
                0x000000000000063c      0x130 ./src/model/cycle.o
 .text.standby_event_manager
                0x000000000000076c      0x10c ./src/model/cycle.o
 .text.wait_start_event_manager
                0x0000000000000878       0x98 ./src/model/cycle.o
 .text.stop_everything
                0x0000000000000910       0x82 ./src/model/cycle.o
 .text.stopped_entry
                0x0000000000000992        0x8 ./src/model/cycle.o
 .text.stopped_event_manager
                0x000000000000099a       0xa6 ./src/model/cycle.o
 .text.cycle_send_event
                0x0000000000000a40       0x4c ./src/model/cycle.o
                0x0000000000000a40                cycle_send_event
 .text.timer_event_callback
                0x0000000000000a8c       0x10 ./src/model/cycle.o
 .text.cycle_init
                0x0000000000000a9c       0x5c ./src/model/cycle.o
                0x0000000000000a9c                cycle_init
 .text.cycle_manage
                0x0000000000000af8       0x38 ./src/model/cycle.o
                0x0000000000000af8                cycle_manage
 .text.cycle_change_remaining_time
                0x0000000000000b30       0x44 ./src/model/cycle.o
                0x0000000000000b30                cycle_change_remaining_time
 .text.cycle_cold_start
                0x0000000000000b74       0x18 ./src/model/cycle.o
                0x0000000000000b74                cycle_cold_start
 .text.cycle_check
                0x0000000000000b8c       0x10 ./src/model/cycle.o
                0x0000000000000b8c                cycle_check
 .text.cycle_increase_duration
                0x0000000000000b9c       0x2e ./src/model/cycle.o
                0x0000000000000b9c                cycle_increase_duration
 .text.setpoint_reached_event_manager
                0x0000000000000bca       0x38 ./src/model/heating.o
 .text.on_event_manager
                0x0000000000000c02       0x38 ./src/model/heating.o
 .text.off_event_manager
                0x0000000000000c3a       0x2c ./src/model/heating.o
 .text.on_entry
                0x0000000000000c66        0xe ./src/model/heating.o
 .text.on_exit  0x0000000000000c74       0x1c ./src/model/heating.o
 .text.heating_send_event
                0x0000000000000c90       0x4c ./src/model/heating.o
                0x0000000000000c90                heating_send_event
 .text.heating_init
                0x0000000000000cdc       0x14 ./src/model/heating.o
                0x0000000000000cdc                heating_init
 .text.heating_manage
                0x0000000000000cf0        0xe ./src/model/heating.o
                0x0000000000000cf0                heating_manage
 .text.heating_on
                0x0000000000000cfe        0xe ./src/model/heating.o
                0x0000000000000cfe                heating_on
 .text.heating_off
                0x0000000000000d0c        0xe ./src/model/heating.o
                0x0000000000000d0c                heating_off
 .text.ptc_temperature_from_adc_value
                0x0000000000000d1a       0x2e ./src/model/model.o
 .text.is_input_active
                0x0000000000000d48       0x20 ./src/model/model.o
 .text.get_pwm_drum_percentage
                0x0000000000000d68       0x3e ./src/model/model.o
 .text.set_drum_timestamp
                0x0000000000000da6       0x16 ./src/model/model.o
 .text.communication_is_missing
                0x0000000000000dbc       0x18 ./src/model/model.o
 .text.model_init
                0x0000000000000dd4       0x48 ./src/model/model.o
                0x0000000000000dd4                model_init
 .text.model_is_inverter_alarm_active
                0x0000000000000e1c       0x2e ./src/model/model.o
                0x0000000000000e1c                model_is_inverter_alarm_active
 .text.model_is_emergency_alarm_active
                0x0000000000000e4a       0x2e ./src/model/model.o
                0x0000000000000e4a                model_is_emergency_alarm_active
 .text.model_is_filter_alarm_active
                0x0000000000000e78       0x2e ./src/model/model.o
                0x0000000000000e78                model_is_filter_alarm_active
 .text.model_is_porthole_open
                0x0000000000000ea6       0x2e ./src/model/model.o
                0x0000000000000ea6                model_is_porthole_open
 .text.model_cycle_resume
                0x0000000000000ed4       0x10 ./src/model/model.o
                0x0000000000000ed4                model_cycle_resume
 .text.model_cycle_pause
                0x0000000000000ee4       0x10 ./src/model/model.o
                0x0000000000000ee4                model_cycle_pause
 .text.model_cycle_stop
                0x0000000000000ef4       0x10 ./src/model/model.o
                0x0000000000000ef4                model_cycle_stop
 .text.model_get_step_duration_seconds
                0x0000000000000f04       0x32 ./src/model/model.o
                0x0000000000000f04                model_get_step_duration_seconds
 *fill*         0x0000000000000f36        0x2 ff
 .text.model_is_step_endless
                0x0000000000000f38       0x38 ./src/model/model.o
                0x0000000000000f38                model_is_step_endless
 .text.model_get_cycle_remaining_time
                0x0000000000000f70       0x2a ./src/model/model.o
                0x0000000000000f70                model_get_cycle_remaining_time
 .text.model_is_cycle_on
                0x0000000000000f9a       0x30 ./src/model/model.o
                0x0000000000000f9a                model_is_cycle_on
 .text.model_update_sensors
                0x0000000000000fca       0xac ./src/model/model.o
                0x0000000000000fca                model_update_sensors
 .text.model_pwoff_deserialize
                0x0000000000001076      0x176 ./src/model/model.o
                0x0000000000001076                model_pwoff_deserialize
 .text.model_clear_coins
                0x00000000000011ec       0x30 ./src/model/model.o
                0x00000000000011ec                model_clear_coins
 .text.model_heating_enabled
                0x000000000000121c       0x2e ./src/model/model.o
                0x000000000000121c                model_heating_enabled
 .text.model_ciclo_continuo
                0x000000000000124a       0x3c ./src/model/model.o
                0x000000000000124a                model_ciclo_continuo
 .text.model_ciclo_fermo
                0x0000000000001286       0x2e ./src/model/model.o
                0x0000000000001286                model_ciclo_fermo
 .text.model_get_elapsed_seconds
                0x00000000000012b4       0x5a ./src/model/model.o
                0x00000000000012b4                model_get_elapsed_seconds
 .text.model_get_remaining_seconds
                0x000000000000130e       0x5a ./src/model/model.o
                0x000000000000130e                model_get_remaining_seconds
 .text.model_get_setpoint
                0x0000000000001368       0x2a ./src/model/model.o
                0x0000000000001368                model_get_setpoint
 .text.model_get_default_temperature
                0x0000000000001392       0x6e ./src/model/model.o
                0x0000000000001392                model_get_default_temperature
 .text.model_add_work_time_ms
                0x0000000000001400       0x36 ./src/model/model.o
                0x0000000000001400                model_add_work_time_ms
 .text.model_add_rotation_time_ms
                0x0000000000001436       0x36 ./src/model/model.o
                0x0000000000001436                model_add_rotation_time_ms
 .text.model_add_ventilation_time_ms
                0x000000000000146c       0x36 ./src/model/model.o
                0x000000000000146c                model_add_ventilation_time_ms
 .text.model_add_heating_time_ms
                0x00000000000014a2       0x36 ./src/model/model.o
                0x00000000000014a2                model_add_heating_time_ms
 .text.model_over_safety_temperature
                0x00000000000014d8       0x3a ./src/model/model.o
                0x00000000000014d8                model_over_safety_temperature
 .text.model_drum_forward
                0x0000000000001512       0x3a ./src/model/model.o
                0x0000000000001512                model_drum_forward
 .text.model_drum_backward
                0x000000000000154c       0x3a ./src/model/model.o
                0x000000000000154c                model_drum_backward
 .text.model_drum_stop
                0x0000000000001586       0x4e ./src/model/model.o
                0x0000000000001586                model_drum_stop
 .text.model_is_drum_running_forward
                0x00000000000015d4       0x32 ./src/model/model.o
                0x00000000000015d4                model_is_drum_running_forward
 .text.model_is_cycle_active
                0x0000000000001606       0x40 ./src/model/model.o
                0x0000000000001606                model_is_cycle_active
 .text.model_pwoff_serialize
                0x0000000000001646      0x152 ./src/model/model.o
                0x0000000000001646                model_pwoff_serialize
 .text.model_is_fan_on
                0x0000000000001798       0x5c ./src/model/model.o
                0x0000000000001798                model_is_fan_on
 .text.model_get_active_alarms
                0x00000000000017f4       0xde ./src/model/model.o
                0x00000000000017f4                model_get_active_alarms
 .text.model_fix_alarms
                0x00000000000018d2       0x66 ./src/model/model.o
                0x00000000000018d2                model_fix_alarms
 .text.model_clear_alarms
                0x0000000000001938       0x36 ./src/model/model.o
                0x0000000000001938                model_clear_alarms
 .text.model_get_relay_map
                0x000000000000196e       0xd2 ./src/model/model.o
                0x000000000000196e                model_get_relay_map
 .text.get_pwm_fan_percentage
                0x0000000000001a40       0x3c ./src/model/model.o
 .text.model_get_pwm_drum_percentage
                0x0000000000001a7c       0x46 ./src/model/model.o
                0x0000000000001a7c                model_get_pwm_drum_percentage
 .text.model_get_pwm_fan_percentage
                0x0000000000001ac2       0x46 ./src/model/model.o
                0x0000000000001ac2                model_get_pwm_fan_percentage
 .text.model_manage
                0x0000000000001b08      0x160 ./src/model/model.o
                0x0000000000001b08                model_manage
 .text.model_reset_burner
                0x0000000000001c68       0x3e ./src/model/model.o
                0x0000000000001c68                model_reset_burner
 .text.model_cycles_exceeded
                0x0000000000001ca6       0x42 ./src/model/model.o
                0x0000000000001ca6                model_cycles_exceeded
 .text.model_cycle_over
                0x0000000000001ce8       0x60 ./src/model/model.o
                0x0000000000001ce8                model_cycle_over
 .text.controller_init
                0x0000000000001d48       0x38 ./src/controller/controller.o
                0x0000000000001d48                controller_init
 .text.controller_manage
                0x0000000000001d80       0xb6 ./src/controller/controller.o
                0x0000000000001d80                controller_manage
 .text.controller_power_off
                0x0000000000001e36       0x3c ./src/controller/controller.o
                0x0000000000001e36                controller_power_off
 .text.update_coin_reader_inhibit
                0x0000000000001e72        0xa ./src/controller/observer.o
 .text.update_alarms
                0x0000000000001e7c       0x18 ./src/controller/observer.o
 .text.update_pwm
                0x0000000000001e94       0x1c ./src/controller/observer.o
 .text.refresh_relays
                0x0000000000001eb0       0x22 ./src/controller/observer.o
 .text.update_relays
                0x0000000000001ed2       0x12 ./src/controller/observer.o
 .text.observer_manage
                0x0000000000001ee4       0x3a ./src/controller/observer.o
                0x0000000000001ee4                observer_manage
 .text.observer_init
                0x0000000000001f1e       0xaa ./src/controller/observer.o
                0x0000000000001f1e                observer_init
 .text.bsp_adc_init
                0x0000000000001fc8       0x7e ./src/bsp/adc.o
                0x0000000000001fc8                bsp_adc_init
 .text.bsp_adc_manage
                0x0000000000002046       0xa2 ./src/bsp/adc.o
                0x0000000000002046                bsp_adc_manage
 .text.bsp_adc_get
                0x00000000000020e8       0x38 ./src/bsp/adc.o
                0x00000000000020e8                bsp_adc_get
 .text.bsp_adc_callback
                0x0000000000002120        0x2 ./src/bsp/adc.o
                0x0000000000002120                bsp_adc_callback
 .text.bsp_coin_reader_enable
                0x0000000000002122       0x2e ./src/bsp/coin_reader.o
                0x0000000000002122                bsp_coin_reader_enable
 .text.bsp_coin_reader_init
                0x0000000000002150       0x1a ./src/bsp/coin_reader.o
                0x0000000000002150                bsp_coin_reader_init
 .text.bsp_coin_reader_manage
                0x000000000000216a       0x86 ./src/bsp/coin_reader.o
                0x000000000000216a                bsp_coin_reader_manage
 .text.bsp_coin_reader_read
                0x00000000000021f0       0x1c ./src/bsp/coin_reader.o
                0x00000000000021f0                bsp_coin_reader_read
 .text.bsp_coin_reader_clear
                0x000000000000220c       0x26 ./src/bsp/coin_reader.o
                0x000000000000220c                bsp_coin_reader_clear
 .text.bsp_digin_init
                0x0000000000002232       0x10 ./src/bsp/digin.o
                0x0000000000002232                bsp_digin_init
 .text.bsp_digin_is_ready
                0x0000000000002242       0x14 ./src/bsp/digin.o
                0x0000000000002242                bsp_digin_is_ready
 .text.bsp_digin_manage
                0x0000000000002256       0xa6 ./src/bsp/digin.o
                0x0000000000002256                bsp_digin_manage
 .text.bsp_digin_get_bitmap
                0x00000000000022fc        0xc ./src/bsp/digin.o
                0x00000000000022fc                bsp_digin_get_bitmap
 .text.bsp_heartbit_manage
                0x0000000000002308       0xac ./src/bsp/heartbit.o
                0x0000000000002308                bsp_heartbit_manage
 .text.power_off_callback
                0x00000000000023b4       0x22 ./src/bsp/power_off.o
                0x00000000000023b4                power_off_callback
 .text.bsp_power_off_init
                0x00000000000023d6       0xb4 ./src/bsp/power_off.o
                0x00000000000023d6                bsp_power_off_init
 .text.bsp_power_off_save
                0x000000000000248a       0x36 ./src/bsp/power_off.o
                0x000000000000248a                bsp_power_off_save
 .text.bsp_power_off_load
                0x00000000000024c0       0x1e ./src/bsp/power_off.o
                0x00000000000024c0                bsp_power_off_load
 .text.vee_callback
                0x00000000000024de        0xe ./src/bsp/power_off.o
                0x00000000000024de                vee_callback
 .text.bsp_pwm_init
                0x00000000000024ec       0x5e ./src/bsp/pwm.o
                0x00000000000024ec                bsp_pwm_init
 .text.bsp_pwm_update
                0x000000000000254a       0x5e ./src/bsp/pwm.o
                0x000000000000254a                bsp_pwm_update
 .text.bsp_relay_update
                0x00000000000025a8       0x36 ./src/bsp/relay.o
                0x00000000000025a8                bsp_relay_update
 .text.bsp_rs232_init
                0x00000000000025de       0x16 ./src/bsp/rs232.o
                0x00000000000025de                bsp_rs232_init
 .text.bsp_rs232_write
                0x00000000000025f4       0x1a ./src/bsp/rs232.o
                0x00000000000025f4                bsp_rs232_write
 .text.bsp_rs232_read
                0x000000000000260e       0x26 ./src/bsp/rs232.o
                0x000000000000260e                bsp_rs232_read
 .text.bsp_rs232_flush
                0x0000000000002634        0xe ./src/bsp/rs232.o
                0x0000000000002634                bsp_rs232_flush
 .text.rs232_callback
                0x0000000000002642       0x50 ./src/bsp/rs232.o
                0x0000000000002642                rs232_callback
 .text.bsp_rs232_timed_out
                0x0000000000002692       0x1c ./src/bsp/rs232.o
                0x0000000000002692                bsp_rs232_timed_out
 .text.spi_master_exchange
                0x00000000000026ae       0xac ./src/bsp/spi.o
                0x00000000000026ae                spi_master_exchange
 .text.SysTick_Handler
                0x000000000000275a       0x10 ./src/bsp/system.o
                0x000000000000275a                SysTick_Handler
 .text.bsp_system_init
                0x000000000000276a       0x56 ./src/bsp/system.o
                0x000000000000276a                bsp_system_init
 .text.bsp_system_get_millis
                0x00000000000027c0        0xc ./src/bsp/system.o
                0x00000000000027c0                bsp_system_get_millis
 .text.crc8_ccitt
                0x00000000000027cc       0x1e ./src/bsp/temperature_humidity_probe.o
 .text.temperature_humidity_probe_read
                0x00000000000027ea       0x88 ./src/bsp/temperature_humidity_probe.o
                0x00000000000027ea                temperature_humidity_probe_read
 .text.static_allocator
                0x0000000000002872       0x28 ./src/adapters/modbus_server.o
 .text.exception_callback
                0x000000000000289a        0x4 ./src/adapters/modbus_server.o
 *fill*         0x000000000000289e        0x2 ff
 .text.register_callback
                0x00000000000028a0      0x42c ./src/adapters/modbus_server.o
 .text.modbusBufferInit
                0x0000000000002ccc       0x12 ./src/adapters/modbus_server.o
                0x0000000000002ccc                modbusBufferInit
 .text.modbusBufferAllocateADU
                0x0000000000002cde       0x34 ./src/adapters/modbus_server.o
                0x0000000000002cde                modbusBufferAllocateADU
 .text.modbusBufferFree
                0x0000000000002d12        0xc ./src/adapters/modbus_server.o
                0x0000000000002d12                modbusBufferFree
 *fill*         0x0000000000002d1e        0x2 ff
 .text.modbusCRC
                0x0000000000002d20       0x3c ./src/adapters/modbus_server.o
                0x0000000000002d20                modbusCRC
 .text.modbusSlaveInit
                0x0000000000002d5c       0x1e ./src/adapters/modbus_server.o
                0x0000000000002d5c                modbusSlaveInit
 .text.modbusBuildException
                0x0000000000002d7a       0x32 ./src/adapters/modbus_server.o
                0x0000000000002d7a                modbusBuildException
 .text.modbusParseRequest01020304
                0x0000000000002dac      0x1a2 ./src/adapters/modbus_server.o
                0x0000000000002dac                modbusParseRequest01020304
 .text.modbusParseRequest1516
                0x0000000000002f4e      0x1b2 ./src/adapters/modbus_server.o
                0x0000000000002f4e                modbusParseRequest1516
 .text.modbusParseRequest
                0x0000000000003100       0x34 ./src/adapters/modbus_server.o
                0x0000000000003100                modbusParseRequest
 .text.modbusParseRequestRTU
                0x0000000000003134       0xe0 ./src/adapters/modbus_server.o
                0x0000000000003134                modbusParseRequestRTU
 .text.modbus_server_init
                0x0000000000003214       0x6e ./src/adapters/modbus_server.o
                0x0000000000003214                modbus_server_init
 .text.modbus_server_manage
                0x0000000000003282       0x7a ./src/adapters/modbus_server.o
                0x0000000000003282                modbus_server_manage
 .text.hal_entry
                0x00000000000032fc       0x86 ./src/hal_entry.o
                0x00000000000032fc                hal_entry
 .text.R_BSP_WarmStart
                0x0000000000003382       0x2e ./src/hal_entry.o
                0x0000000000003382                R_BSP_WarmStart
 .text.main     0x00000000000033b0        0xa ./ra_gen/main.o
                0x00000000000033b0                main
 .text.RM_VEE_FLASH_RecordPtrGet
                0x00000000000033ba       0x20 ./ra/fsp/src/rm_vee_flash/rm_vee_flash.o
                0x00000000000033ba                RM_VEE_FLASH_RecordPtrGet
 .text.rm_vee_call_callback
                0x00000000000033da       0x3a ./ra/fsp/src/rm_vee_flash/rm_vee_flash.o
 .text.rm_vee_flash_err_handle
                0x0000000000003414       0x16 ./ra/fsp/src/rm_vee_flash/rm_vee_flash.o
 .text.rm_vee_get_next_id
                0x000000000000342a       0x30 ./ra/fsp/src/rm_vee_flash/rm_vee_flash.o
 .text.rm_vee_write_seg_hdr
                0x000000000000345a       0x2a ./ra/fsp/src/rm_vee_flash/rm_vee_flash.o
 .text.rm_vee_state_get
                0x0000000000003484       0x1e ./ra/fsp/src/rm_vee_flash/rm_vee_flash.o
 .text.rm_vee_blocking_blankcheck
                0x00000000000034a2       0x80 ./ra/fsp/src/rm_vee_flash/rm_vee_flash.o
 .text.rm_vee_load_record_table
                0x0000000000003522       0xa2 ./ra/fsp/src/rm_vee_flash/rm_vee_flash.o
 .text.rm_vee_blocking_erase
                0x00000000000035c4       0x66 ./ra/fsp/src/rm_vee_flash/rm_vee_flash.o
 .text.rm_vee_blocking_erase_segment
                0x000000000000362a       0x16 ./ra/fsp/src/rm_vee_flash/rm_vee_flash.o
 .text.rm_vee_blocking_write
                0x0000000000003640       0x64 ./ra/fsp/src/rm_vee_flash/rm_vee_flash.o
 .text.rm_vee_inspect_segments
                0x00000000000036a4      0x100 ./ra/fsp/src/rm_vee_flash/rm_vee_flash.o
 .text.rm_vee_internal_open
                0x00000000000037a4       0x54 ./ra/fsp/src/rm_vee_flash/rm_vee_flash.o
 .text.rm_vee_restore_previous_seg
                0x00000000000037f8       0x26 ./ra/fsp/src/rm_vee_flash/rm_vee_flash.o
 .text.rm_vee_init_record_xfer
                0x000000000000381e       0x60 ./ra/fsp/src/rm_vee_flash/rm_vee_flash.o
 .text.rm_vee_xfer_next_chunk
                0x000000000000387e       0x68 ./ra/fsp/src/rm_vee_flash/rm_vee_flash.o
 .text.rm_vee_start_seg_refresh
                0x00000000000038e6       0xa4 ./ra/fsp/src/rm_vee_flash/rm_vee_flash.o
 *fill*         0x000000000000398a        0x2 ff
 .text.RM_VEE_FLASH_Open
                0x000000000000398c      0x108 ./ra/fsp/src/rm_vee_flash/rm_vee_flash.o
                0x000000000000398c                RM_VEE_FLASH_Open
 .text.rm_vee_internal_write_rec
                0x0000000000003a94       0x5e ./ra/fsp/src/rm_vee_flash/rm_vee_flash.o
 .text.RM_VEE_FLASH_RecordWrite
                0x0000000000003af2       0x16 ./ra/fsp/src/rm_vee_flash/rm_vee_flash.o
                0x0000000000003af2                RM_VEE_FLASH_RecordWrite
 .text.RM_VEE_FLASH_Refresh
                0x0000000000003b08       0x22 ./ra/fsp/src/rm_vee_flash/rm_vee_flash.o
                0x0000000000003b08                RM_VEE_FLASH_Refresh
 .text.rm_vee_refresh_next_data_source
                0x0000000000003b2a       0x36 ./ra/fsp/src/rm_vee_flash/rm_vee_flash.o
 .text.rm_vee_flash_callback
                0x0000000000003b60      0x248 ./ra/fsp/src/rm_vee_flash/rm_vee_flash.o
                0x0000000000003b60                rm_vee_flash_callback
 .text.R_SCI_UART_Read
                0x0000000000003da8        0x8 ./ra/fsp/src/r_sci_uart/r_sci_uart.o
                0x0000000000003da8                R_SCI_UART_Read
 .text.R_SCI_UART_Write
                0x0000000000003db0       0x50 ./ra/fsp/src/r_sci_uart/r_sci_uart.o
                0x0000000000003db0                R_SCI_UART_Write
 .text.R_SCI_UART_CallbackSet
                0x0000000000003e00        0xa ./ra/fsp/src/r_sci_uart/r_sci_uart.o
                0x0000000000003e00                R_SCI_UART_CallbackSet
 .text.R_SCI_UART_InfoGet
                0x0000000000003e0a        0xc ./ra/fsp/src/r_sci_uart/r_sci_uart.o
                0x0000000000003e0a                R_SCI_UART_InfoGet
 .text.R_SCI_UART_Abort
                0x0000000000003e16       0x28 ./ra/fsp/src/r_sci_uart/r_sci_uart.o
                0x0000000000003e16                R_SCI_UART_Abort
 .text.R_SCI_UART_ReadStop
                0x0000000000003e3e        0xc ./ra/fsp/src/r_sci_uart/r_sci_uart.o
                0x0000000000003e3e                R_SCI_UART_ReadStop
 .text.r_sci_uart_baud_set
                0x0000000000003e4a       0x2a ./ra/fsp/src/r_sci_uart/r_sci_uart.o
 .text.r_sci_uart_config_set
                0x0000000000003e74       0x98 ./ra/fsp/src/r_sci_uart/r_sci_uart.o
 .text.R_SCI_UART_BaudSet
                0x0000000000003f0c       0x24 ./ra/fsp/src/r_sci_uart/r_sci_uart.o
                0x0000000000003f0c                R_SCI_UART_BaudSet
 .text.r_sci_uart_call_callback
                0x0000000000003f30       0x44 ./ra/fsp/src/r_sci_uart/r_sci_uart.o
 .text.R_SCI_UART_Close
                0x0000000000003f74       0x60 ./ra/fsp/src/r_sci_uart/r_sci_uart.o
                0x0000000000003f74                R_SCI_UART_Close
 .text.r_sci_irq_cfg
                0x0000000000003fd4       0x20 ./ra/fsp/src/r_sci_uart/r_sci_uart.o
 .text.r_sci_irqs_cfg
                0x0000000000003ff4       0x36 ./ra/fsp/src/r_sci_uart/r_sci_uart.o
 .text.R_SCI_UART_Open
                0x000000000000402a      0x100 ./ra/fsp/src/r_sci_uart/r_sci_uart.o
                0x000000000000402a                R_SCI_UART_Open
 *fill*         0x000000000000412a        0x2 ff
 .text.sci_uart_txi_isr
                0x000000000000412c       0x90 ./ra/fsp/src/r_sci_uart/r_sci_uart.o
                0x000000000000412c                sci_uart_txi_isr
 .text.sci_uart_rxi_isr
                0x00000000000041bc       0x8c ./ra/fsp/src/r_sci_uart/r_sci_uart.o
                0x00000000000041bc                sci_uart_rxi_isr
 .text.sci_uart_tei_isr
                0x0000000000004248       0x38 ./ra/fsp/src/r_sci_uart/r_sci_uart.o
                0x0000000000004248                sci_uart_tei_isr
 .text.sci_uart_eri_isr
                0x0000000000004280       0x66 ./ra/fsp/src/r_sci_uart/r_sci_uart.o
                0x0000000000004280                sci_uart_eri_isr
 .text.R_IOPORT_Close
                0x00000000000042e6        0x8 ./ra/fsp/src/r_ioport/r_ioport.o
                0x00000000000042e6                R_IOPORT_Close
 .text.R_IOPORT_PinRead
                0x00000000000042ee       0x22 ./ra/fsp/src/r_ioport/r_ioport.o
                0x00000000000042ee                R_IOPORT_PinRead
 .text.R_IOPORT_PortRead
                0x0000000000004310       0x16 ./ra/fsp/src/r_ioport/r_ioport.o
                0x0000000000004310                R_IOPORT_PortRead
 .text.R_IOPORT_PortWrite
                0x0000000000004326       0x1e ./ra/fsp/src/r_ioport/r_ioport.o
                0x0000000000004326                R_IOPORT_PortWrite
 .text.R_IOPORT_PinWrite
                0x0000000000004344       0x2c ./ra/fsp/src/r_ioport/r_ioport.o
                0x0000000000004344                R_IOPORT_PinWrite
 .text.R_IOPORT_PortDirectionSet
                0x0000000000004370       0x24 ./ra/fsp/src/r_ioport/r_ioport.o
                0x0000000000004370                R_IOPORT_PortDirectionSet
 .text.R_IOPORT_PortEventInputRead
                0x0000000000004394       0x18 ./ra/fsp/src/r_ioport/r_ioport.o
                0x0000000000004394                R_IOPORT_PortEventInputRead
 .text.R_IOPORT_PinEventInputRead
                0x00000000000043ac       0x30 ./ra/fsp/src/r_ioport/r_ioport.o
                0x00000000000043ac                R_IOPORT_PinEventInputRead
 .text.R_IOPORT_PortEventOutputWrite
                0x00000000000043dc       0x1e ./ra/fsp/src/r_ioport/r_ioport.o
                0x00000000000043dc                R_IOPORT_PortEventOutputWrite
 .text.r_ioport_hw_pin_event_output_data_write
                0x00000000000043fa       0x2a ./ra/fsp/src/r_ioport/r_ioport.o
 .text.R_IOPORT_PinEventOutputWrite
                0x0000000000004424       0x12 ./ra/fsp/src/r_ioport/r_ioport.o
                0x0000000000004424                R_IOPORT_PinEventOutputWrite
 *fill*         0x0000000000004436        0x2 ff
 .text.r_ioport_pfs_write
                0x0000000000004438       0x44 ./ra/fsp/src/r_ioport/r_ioport.o
 .text.r_ioport_pins_config
                0x000000000000447c       0xa0 ./ra/fsp/src/r_ioport/r_ioport.o
 .text.R_IOPORT_Open
                0x000000000000451c       0x16 ./ra/fsp/src/r_ioport/r_ioport.o
                0x000000000000451c                R_IOPORT_Open
 .text.R_IOPORT_PinsCfg
                0x0000000000004532        0xc ./ra/fsp/src/r_ioport/r_ioport.o
                0x0000000000004532                R_IOPORT_PinsCfg
 .text.R_IOPORT_PinCfg
                0x000000000000453e       0x7a ./ra/fsp/src/r_ioport/r_ioport.o
                0x000000000000453e                R_IOPORT_PinCfg
 .text.R_ICU_ExternalIrqOpen
                0x00000000000045b8       0x68 ./ra/fsp/src/r_icu/r_icu.o
                0x00000000000045b8                R_ICU_ExternalIrqOpen
 .text.R_ICU_ExternalIrqEnable
                0x0000000000004620        0xe ./ra/fsp/src/r_icu/r_icu.o
                0x0000000000004620                R_ICU_ExternalIrqEnable
 .text.r_icu_isr
                0x000000000000462e       0x5c ./ra/fsp/src/r_icu/r_icu.o
                0x000000000000462e                r_icu_isr
 .text.R_GPT_Start
                0x000000000000468a        0xa ./ra/fsp/src/r_gpt/r_gpt.o
                0x000000000000468a                R_GPT_Start
 .text.gpt_common_open
                0x0000000000004694       0x2e ./ra/fsp/src/r_gpt/r_gpt.o
 .text.gpt_hardware_events_disable
                0x00000000000046c2       0x1c ./ra/fsp/src/r_gpt/r_gpt.o
 .text.gpt_calculate_duty_cycle
                0x00000000000046de       0x64 ./ra/fsp/src/r_gpt/r_gpt.o
 *fill*         0x0000000000004742        0x2 ff
 .text.R_GPT_DutyCycleSet
                0x0000000000004744       0xb8 ./ra/fsp/src/r_gpt/r_gpt.o
                0x0000000000004744                R_GPT_DutyCycleSet
 .text.gpt_clock_frequency_get
                0x00000000000047fc       0x34 ./ra/fsp/src/r_gpt/r_gpt.o
 .text.R_GPT_InfoGet
                0x0000000000004830       0x1a ./ra/fsp/src/r_gpt/r_gpt.o
                0x0000000000004830                R_GPT_InfoGet
 .text.gpt_gtior_calculate
                0x000000000000484a       0x2a ./ra/fsp/src/r_gpt/r_gpt.o
 .text.r_gpt_init_compare_match_channel
                0x0000000000004874       0x26 ./ra/fsp/src/r_gpt/r_gpt.o
 .text.r_gpt_enable_irq
                0x000000000000489a        0xe ./ra/fsp/src/r_gpt/r_gpt.o
 .text.gpt_hardware_initialize
                0x00000000000048a8      0x1ac ./ra/fsp/src/r_gpt/r_gpt.o
 .text.R_GPT_Open
                0x0000000000004a54       0x28 ./ra/fsp/src/r_gpt/r_gpt.o
                0x0000000000004a54                R_GPT_Open
 .text.R_FLASH_LP_StatusGet
                0x0000000000004a7c       0x22 ./ra/fsp/src/r_flash_lp/r_flash_lp.o
                0x0000000000004a7c                R_FLASH_LP_StatusGet
 .text.R_FLASH_LP_AccessWindowSet
                0x0000000000004a9e        0x4 ./ra/fsp/src/r_flash_lp/r_flash_lp.o
                0x0000000000004a9e                R_FLASH_LP_AccessWindowSet
 .text.R_FLASH_LP_AccessWindowClear
                0x0000000000004aa2        0x4 ./ra/fsp/src/r_flash_lp/r_flash_lp.o
                0x0000000000004aa2                R_FLASH_LP_AccessWindowClear
 .text.R_FLASH_LP_IdCodeSet
                0x0000000000004aa6        0x4 ./ra/fsp/src/r_flash_lp/r_flash_lp.o
                0x0000000000004aa6                R_FLASH_LP_IdCodeSet
 .text.R_FLASH_LP_StartUpAreaSelect
                0x0000000000004aaa        0x4 ./ra/fsp/src/r_flash_lp/r_flash_lp.o
                0x0000000000004aaa                R_FLASH_LP_StartUpAreaSelect
 .text.R_FLASH_LP_BankSwap
                0x0000000000004aae        0x4 ./ra/fsp/src/r_flash_lp/r_flash_lp.o
                0x0000000000004aae                R_FLASH_LP_BankSwap
 .text.R_FLASH_LP_InfoGet
                0x0000000000004ab2       0x1e ./ra/fsp/src/r_flash_lp/r_flash_lp.o
                0x0000000000004ab2                R_FLASH_LP_InfoGet
 .text.R_FLASH_LP_CallbackSet
                0x0000000000004ad0        0x4 ./ra/fsp/src/r_flash_lp/r_flash_lp.o
                0x0000000000004ad0                R_FLASH_LP_CallbackSet
 .text.r_flash_lp_init
                0x0000000000004ad4       0xac ./ra/fsp/src/r_flash_lp/r_flash_lp.o
 .text.r_flash_lp_df_write_operation
                0x0000000000004b80       0x30 ./ra/fsp/src/r_flash_lp/r_flash_lp.o
 .text.r_flash_lp_process_command
                0x0000000000004bb0       0x3a ./ra/fsp/src/r_flash_lp/r_flash_lp.o
 .text.r_flash_lp_delay_us
                0x0000000000004bea       0x10 ./ra/fsp/src/r_flash_lp/r_flash_lp.o
 .text.r_flash_lp_setup
                0x0000000000004bfa       0xa4 ./ra/fsp/src/r_flash_lp/r_flash_lp.o
 .text.r_flash_lp_write_fpmcr
                0x0000000000004c9e       0x2a ./ra/fsp/src/r_flash_lp/r_flash_lp.o
 .text.r_flash_lp_pe_mode_exit
                0x0000000000004cc8       0x58 ./ra/fsp/src/r_flash_lp/r_flash_lp.o
 .text.r_flash_lp_command_finish
                0x0000000000004d20       0x6a ./ra/fsp/src/r_flash_lp/r_flash_lp.o
 *fill*         0x0000000000004d8a        0x2 ff
 .text.r_flash_lp_df_enter_pe_mode
                0x0000000000004d8c       0x40 ./ra/fsp/src/r_flash_lp/r_flash_lp.o
 .text.r_flash_lp_set_fisr
                0x0000000000004dcc       0x54 ./ra/fsp/src/r_flash_lp/r_flash_lp.o
 .text.R_FLASH_LP_Open
                0x0000000000004e20       0x40 ./ra/fsp/src/r_flash_lp/r_flash_lp.o
                0x0000000000004e20                R_FLASH_LP_Open
 .text.R_FLASH_LP_UpdateFlashClockFreq
                0x0000000000004e60       0x14 ./ra/fsp/src/r_flash_lp/r_flash_lp.o
                0x0000000000004e60                R_FLASH_LP_UpdateFlashClockFreq
 .text.r_flash_lp_reset
                0x0000000000004e74       0x3e ./ra/fsp/src/r_flash_lp/r_flash_lp.o
 .text.r_flash_lp_wait_for_ready
                0x0000000000004eb2       0x40 ./ra/fsp/src/r_flash_lp/r_flash_lp.o
 .text.r_flash_lp_df_write_monitor
                0x0000000000004ef2       0x30 ./ra/fsp/src/r_flash_lp/r_flash_lp.o
 .text.R_FLASH_LP_Reset
                0x0000000000004f22        0xa ./ra/fsp/src/r_flash_lp/r_flash_lp.o
                0x0000000000004f22                R_FLASH_LP_Reset
 .text.r_flash_lp_df_write
                0x0000000000004f2c       0x56 ./ra/fsp/src/r_flash_lp/r_flash_lp.o
 .text.R_FLASH_LP_Write
                0x0000000000004f82        0xe ./ra/fsp/src/r_flash_lp/r_flash_lp.o
                0x0000000000004f82                R_FLASH_LP_Write
 .text.r_flash_lp_df_erase
                0x0000000000004f90       0x4c ./ra/fsp/src/r_flash_lp/r_flash_lp.o
 .text.R_FLASH_LP_Erase
                0x0000000000004fdc       0x22 ./ra/fsp/src/r_flash_lp/r_flash_lp.o
                0x0000000000004fdc                R_FLASH_LP_Erase
 .text.r_flash_lp_df_blankcheck
                0x0000000000004ffe       0x68 ./ra/fsp/src/r_flash_lp/r_flash_lp.o
 .text.R_FLASH_LP_BlankCheck
                0x0000000000005066       0x30 ./ra/fsp/src/r_flash_lp/r_flash_lp.o
                0x0000000000005066                R_FLASH_LP_BlankCheck
 .text.R_FLASH_LP_Close
                0x0000000000005096       0x1c ./ra/fsp/src/r_flash_lp/r_flash_lp.o
                0x0000000000005096                R_FLASH_LP_Close
 .text.fcu_frdyi_isr
                0x00000000000050b2       0xe6 ./ra/fsp/src/r_flash_lp/r_flash_lp.o
                0x00000000000050b2                fcu_frdyi_isr
 .text.R_ADC_ScanStart
                0x0000000000005198        0xa ./ra/fsp/src/r_adc/r_adc.o
                0x0000000000005198                R_ADC_ScanStart
 .text.R_ADC_Read
                0x00000000000051a2        0xe ./ra/fsp/src/r_adc/r_adc.o
                0x00000000000051a2                R_ADC_Read
 .text.r_adc_sensor_sample_state_calculation
                0x00000000000051b0       0x48 ./ra/fsp/src/r_adc/r_adc.o
 .text.r_adc_sensor_cfg
                0x00000000000051f8       0x6c ./ra/fsp/src/r_adc/r_adc.o
 .text.r_adc_call_callback
                0x0000000000005264       0x3a ./ra/fsp/src/r_adc/r_adc.o
 .text.r_adc_open_sub
                0x000000000000529e       0xfc ./ra/fsp/src/r_adc/r_adc.o
 .text.r_adc_irq_enable
                0x000000000000539a        0xe ./ra/fsp/src/r_adc/r_adc.o
 .text.R_ADC_Open
                0x00000000000053a8       0x6a ./ra/fsp/src/r_adc/r_adc.o
                0x00000000000053a8                R_ADC_Open
 *fill*         0x0000000000005412        0x2 ff
 .text.r_adc_scan_cfg
                0x0000000000005414      0x15c ./ra/fsp/src/r_adc/r_adc.o
 .text.R_ADC_ScanCfg
                0x0000000000005570       0x12 ./ra/fsp/src/r_adc/r_adc.o
                0x0000000000005570                R_ADC_ScanCfg
 .text.r_adc_scan_end_common_isr
                0x0000000000005582       0x52 ./ra/fsp/src/r_adc/r_adc.o
 .text.adc_scan_end_isr
                0x00000000000055d4        0xa ./ra/fsp/src/r_adc/r_adc.o
                0x00000000000055d4                adc_scan_end_isr
 .text.bsp_prv_operating_mode_opccr_set
                0x00000000000055de       0x5c ./ra/fsp/src/bsp/mcu/all/bsp_clocks.o
 .text.bsp_prv_sosc_init
                0x000000000000563a       0x12 ./ra/fsp/src/bsp/mcu/all/bsp_clocks.o
 .text.SystemCoreClockUpdate
                0x000000000000564c       0x2e ./ra/fsp/src/bsp/mcu/all/bsp_clocks.o
                0x000000000000564c                SystemCoreClockUpdate
 .text.bsp_clock_freq_var_init
                0x000000000000567a       0x38 ./ra/fsp/src/bsp/mcu/all/bsp_clocks.o
 .text.bsp_prv_clock_set_hard_reset
                0x00000000000056b2       0x20 ./ra/fsp/src/bsp/mcu/all/bsp_clocks.o
 *fill*         0x00000000000056d2        0x2 ff
 .text.bsp_clock_init
                0x00000000000056d4       0x80 ./ra/fsp/src/bsp/mcu/all/bsp_clocks.o
                0x00000000000056d4                bsp_clock_init
 .text.R_BSP_Init_RTC
                0x0000000000005754       0x10 ./ra/fsp/src/bsp/mcu/all/bsp_clocks.o
                0x0000000000005754                R_BSP_Init_RTC
 .text.bsp_init_internal
                0x0000000000005764        0x2 ./ra/fsp/src/bsp/mcu/all/bsp_common.o
                0x0000000000005764                bsp_init
                0x0000000000005764                bsp_init_internal
 .text.__assert_func
                0x0000000000005766        0x4 ./ra/fsp/src/bsp/mcu/all/bsp_common.o
                0x0000000000005766                __assert_func
 .text.bsp_prv_software_delay_loop
                0x000000000000576a        0x8 ./ra/fsp/src/bsp/mcu/all/bsp_delay.o
                0x000000000000576a                bsp_prv_software_delay_loop
 .text.R_BSP_SoftwareDelay
                0x0000000000005772       0x56 ./ra/fsp/src/bsp/mcu/all/bsp_delay.o
                0x0000000000005772                R_BSP_SoftwareDelay
 .text.bsp_group_irq_call
                0x00000000000057c8       0x14 ./ra/fsp/src/bsp/mcu/all/bsp_group_irq.o
 .text.NMI_Handler
                0x00000000000057dc       0x44 ./ra/fsp/src/bsp/mcu/all/bsp_group_irq.o
                0x00000000000057dc                NMI_Handler
 .text.R_BSP_IrqStatusClear
                0x0000000000005820       0x1c ./ra/fsp/src/bsp/mcu/all/bsp_irq.o
                0x0000000000005820                R_BSP_IrqStatusClear
 .text.R_BSP_IrqClearPending
                0x000000000000583c       0x26 ./ra/fsp/src/bsp/mcu/all/bsp_irq.o
                0x000000000000583c                R_BSP_IrqClearPending
 .text.R_BSP_IrqCfg
                0x0000000000005862       0x44 ./ra/fsp/src/bsp/mcu/all/bsp_irq.o
                0x0000000000005862                R_BSP_IrqCfg
 .text.R_BSP_IrqEnableNoClear
                0x00000000000058a6       0x18 ./ra/fsp/src/bsp/mcu/all/bsp_irq.o
                0x00000000000058a6                R_BSP_IrqEnableNoClear
 .text.R_BSP_IrqEnable
                0x00000000000058be       0x10 ./ra/fsp/src/bsp/mcu/all/bsp_irq.o
                0x00000000000058be                R_BSP_IrqEnable
 .text.R_BSP_IrqDisable
                0x00000000000058ce       0x22 ./ra/fsp/src/bsp/mcu/all/bsp_irq.o
                0x00000000000058ce                R_BSP_IrqDisable
 .text.R_BSP_IrqCfgEnable
                0x00000000000058f0       0x10 ./ra/fsp/src/bsp/mcu/all/bsp_irq.o
                0x00000000000058f0                R_BSP_IrqCfgEnable
 .text.bsp_irq_cfg
                0x0000000000005900       0x2c ./ra/fsp/src/bsp/mcu/all/bsp_irq.o
                0x0000000000005900                bsp_irq_cfg
 .text.R_BSP_RegisterProtectEnable
                0x000000000000592c       0x70 ./ra/fsp/src/bsp/mcu/all/bsp_register_protection.o
                0x000000000000592c                R_BSP_RegisterProtectEnable
 .text.R_BSP_RegisterProtectDisable
                0x000000000000599c       0x5c ./ra/fsp/src/bsp/mcu/all/bsp_register_protection.o
                0x000000000000599c                R_BSP_RegisterProtectDisable
 .text._sbrk    0x00000000000059f8       0x5c ./ra/fsp/src/bsp/mcu/all/bsp_sbrk.o
                0x00000000000059f8                _sbrk
 .text.Default_Handler
                0x0000000000005a54        0x4 ./ra/fsp/src/bsp/cmsis/Device/RENESAS/Source/startup.o
                0x0000000000005a54                DebugMon_Handler
                0x0000000000005a54                HardFault_Handler
                0x0000000000005a54                PendSV_Handler
                0x0000000000005a54                UsageFault_Handler
                0x0000000000005a54                SecureFault_Handler
                0x0000000000005a54                Default_Handler
                0x0000000000005a54                MemManage_Handler
                0x0000000000005a54                SVC_Handler
                0x0000000000005a54                BusFault_Handler
 .text.Reset_Handler
                0x0000000000005a58        0xc ./ra/fsp/src/bsp/cmsis/Device/RENESAS/Source/startup.o
                0x0000000000005a58                Reset_Handler
 .text.bsp_reset_trng_circuit
                0x0000000000005a64       0x7c ./ra/fsp/src/bsp/cmsis/Device/RENESAS/Source/system.o
 .text.SystemInit
                0x0000000000005ae0       0xdc ./ra/fsp/src/bsp/cmsis/Device/RENESAS/Source/system.o
                0x0000000000005ae0                SystemInit
 .text.add_callback
                0x0000000000005bbc       0x76 ./libs/c-watcher/src/watcher.o
 .text.add_arg  0x0000000000005c32       0x76 ./libs/c-watcher/src/watcher.o
 .text.debouncer_callback
                0x0000000000005ca8       0x12 ./libs/c-watcher/src/watcher.o
 .text.is_debounced
                0x0000000000005cba       0x20 ./libs/c-watcher/src/watcher.o
 .text.trigger_debouncer_entry
                0x0000000000005cda       0x3c ./libs/c-watcher/src/watcher.o
 .text.add_entry_static
                0x0000000000005d16      0x258 ./libs/c-watcher/src/watcher.o
 .text.watcher_init
                0x0000000000005f6e       0x36 ./libs/c-watcher/src/watcher.o
                0x0000000000005f6e                watcher_init
 .text.watcher_add_entry
                0x0000000000005fa4       0x3c ./libs/c-watcher/src/watcher.o
                0x0000000000005fa4                watcher_add_entry
 .text.watcher_trigger_entry
                0x0000000000005fe0       0x92 ./libs/c-watcher/src/watcher.o
                0x0000000000005fe0                watcher_trigger_entry
 .text.watcher_watch
                0x0000000000006072       0xe8 ./libs/c-watcher/src/watcher.o
                0x0000000000006072                watcher_watch
 .text.stopwatch_init
                0x000000000000615a        0xe ./libs/c-stopwatch/src/stopwatch.o
                0x000000000000615a                stopwatch_init
 .text.stopwatch_resume
                0x0000000000006168        0xc ./libs/c-stopwatch/src/stopwatch.o
                0x0000000000006168                stopwatch_resume
 .text.stopwatch_pause
                0x0000000000006174       0x1c ./libs/c-stopwatch/src/stopwatch.o
                0x0000000000006174                stopwatch_pause
 .text.stopwatch_reset
                0x0000000000006190        0x8 ./libs/c-stopwatch/src/stopwatch.o
                0x0000000000006190                stopwatch_reset
 .text.stopwatch_set
                0x0000000000006198        0x4 ./libs/c-stopwatch/src/stopwatch.o
                0x0000000000006198                stopwatch_set
 .text.stopwatch_is_paused
                0x000000000000619c        0x4 ./libs/c-stopwatch/src/stopwatch.o
                0x000000000000619c                stopwatch_is_paused
 .text.stopwatch_get_elapsed
                0x00000000000061a0       0x18 ./libs/c-stopwatch/src/stopwatch.o
                0x00000000000061a0                stopwatch_get_elapsed
 .text.stopwatch_get_remaining
                0x00000000000061b8       0x16 ./libs/c-stopwatch/src/stopwatch.o
                0x00000000000061b8                stopwatch_get_remaining
 .text.stopwatch_get_total_time
                0x00000000000061ce        0x4 ./libs/c-stopwatch/src/stopwatch.o
                0x00000000000061ce                stopwatch_get_total_time
 .text.stopwatch_is_done
                0x00000000000061d2       0x30 ./libs/c-stopwatch/src/stopwatch.o
                0x00000000000061d2                stopwatch_is_done
 .text.stopwatch_timer_init
                0x0000000000006202       0x28 ./libs/c-stopwatch/src/stopwatch_timer.o
                0x0000000000006202                stopwatch_timer_init
 .text.stopwatch_timer_set_period
                0x000000000000622a        0x8 ./libs/c-stopwatch/src/stopwatch_timer.o
                0x000000000000622a                stopwatch_timer_set_period
 .text.stopwatch_timer_resume
                0x0000000000006232        0x8 ./libs/c-stopwatch/src/stopwatch_timer.o
                0x0000000000006232                stopwatch_timer_resume
 .text.stopwatch_timer_reset
                0x000000000000623a       0x10 ./libs/c-stopwatch/src/stopwatch_timer.o
                0x000000000000623a                stopwatch_timer_reset
 .text.stopwatch_timer_pause
                0x000000000000624a        0x8 ./libs/c-stopwatch/src/stopwatch_timer.o
                0x000000000000624a                stopwatch_timer_pause
 .text.stopwatch_timer_manage
                0x0000000000006252       0x52 ./libs/c-stopwatch/src/stopwatch_timer.o
                0x0000000000006252                stopwatch_timer_manage
 .text.stopwatch_timer_set_arg
                0x00000000000062a4        0x4 ./libs/c-stopwatch/src/stopwatch_timer.o
                0x00000000000062a4                stopwatch_timer_set_arg
 .text.debounce_filter_init
                0x00000000000062a8       0x1a ./libs/c-debounce/src/debounce.o
                0x00000000000062a8                debounce_filter_init
 .text.debounce_filter_single
                0x00000000000062c2       0x68 ./libs/c-debounce/src/debounce.o
                0x00000000000062c2                debounce_filter_single
 .text.debounce_filter
                0x000000000000632a       0x34 ./libs/c-debounce/src/debounce.o
                0x000000000000632a                debounce_filter
 .text.pulse_filter_init
                0x000000000000635e       0x1e ./libs/c-debounce/src/pulsecounter.o
                0x000000000000635e                pulse_filter_init
 .text.pulse_filter
                0x000000000000637c       0xb6 ./libs/c-debounce/src/pulsecounter.o
                0x000000000000637c                pulse_filter
 *fill*         0x0000000000006432        0x2 ff
 .text          0x0000000000006434       0x3c /home/maldus/Local/renesas/e2_studio/toolchains/gcc_arm/10_3_2021_10/gcc-arm-none-eabi-10.3-2021.10/bin/../lib/gcc/arm-none-eabi/10.3.1/thumb/v8-m.base/nofp/libgcc.a(_clzsi2.o)
                0x0000000000006434                __clzsi2
 .text          0x0000000000006470       0x40 /home/maldus/Local/renesas/e2_studio/toolchains/gcc_arm/10_3_2021_10/gcc-arm-none-eabi-10.3-2021.10/bin/../lib/gcc/arm-none-eabi/10.3.1/thumb/v8-m.base/nofp/libgcc.a(_aeabi_uldivmod.o)
                0x0000000000006470                __aeabi_uldivmod
 .text          0x00000000000064b0       0x5c /home/maldus/Local/renesas/e2_studio/toolchains/gcc_arm/10_3_2021_10/gcc-arm-none-eabi-10.3-2021.10/bin/../lib/gcc/arm-none-eabi/10.3.1/thumb/v8-m.base/nofp/libgcc.a(_muldi3.o)
                0x00000000000064b0                __aeabi_lmul
                0x00000000000064b0                __muldi3
 .text          0x000000000000650c      0x3b4 /home/maldus/Local/renesas/e2_studio/toolchains/gcc_arm/10_3_2021_10/gcc-arm-none-eabi-10.3-2021.10/bin/../lib/gcc/arm-none-eabi/10.3.1/thumb/v8-m.base/nofp/libgcc.a(_udivmoddi4.o)
                0x000000000000650c                __udivmoddi4
 .text          0x00000000000068c0        0x4 /home/maldus/Local/renesas/e2_studio/toolchains/gcc_arm/10_3_2021_10/gcc-arm-none-eabi-10.3-2021.10/bin/../lib/gcc/arm-none-eabi/10.3.1/thumb/v8-m.base/nofp/libgcc.a(_dvmd_tls.o)
                0x00000000000068c0                __aeabi_ldiv0
                0x00000000000068c0                __aeabi_idiv0
 .text.__errno  0x00000000000068c4        0xc /home/maldus/Local/renesas/e2_studio/toolchains/gcc_arm/10_3_2021_10/gcc-arm-none-eabi-10.3-2021.10/bin/../lib/gcc/arm-none-eabi/10.3.1/../../../../arm-none-eabi/lib/thumb/v8-m.base/nofp/libg_nano.a(lib_a-errno.o)
                0x00000000000068c4                __errno
 .text.free     0x00000000000068d0       0x14 /home/maldus/Local/renesas/e2_studio/toolchains/gcc_arm/10_3_2021_10/gcc-arm-none-eabi-10.3-2021.10/bin/../lib/gcc/arm-none-eabi/10.3.1/../../../../arm-none-eabi/lib/thumb/v8-m.base/nofp/libg_nano.a(lib_a-malloc.o)
                0x00000000000068d0                free
 .text.memcmp   0x00000000000068e4       0x1c /home/maldus/Local/renesas/e2_studio/toolchains/gcc_arm/10_3_2021_10/gcc-arm-none-eabi-10.3-2021.10/bin/../lib/gcc/arm-none-eabi/10.3.1/../../../../arm-none-eabi/lib/thumb/v8-m.base/nofp/libg_nano.a(lib_a-memcmp.o)
                0x00000000000068e4                memcmp
 .text.memcpy   0x0000000000006900       0x12 /home/maldus/Local/renesas/e2_studio/toolchains/gcc_arm/10_3_2021_10/gcc-arm-none-eabi-10.3-2021.10/bin/../lib/gcc/arm-none-eabi/10.3.1/../../../../arm-none-eabi/lib/thumb/v8-m.base/nofp/libg_nano.a(lib_a-memcpy-stub.o)
                0x0000000000006900                memcpy
 .text.memset   0x0000000000006912       0x10 /home/maldus/Local/renesas/e2_studio/toolchains/gcc_arm/10_3_2021_10/gcc-arm-none-eabi-10.3-2021.10/bin/../lib/gcc/arm-none-eabi/10.3.1/../../../../arm-none-eabi/lib/thumb/v8-m.base/nofp/libg_nano.a(lib_a-memset.o)
                0x0000000000006912                memset
 *fill*         0x0000000000006922        0x2 ff
 .text._free_r  0x0000000000006924       0x8c /home/maldus/Local/renesas/e2_studio/toolchains/gcc_arm/10_3_2021_10/gcc-arm-none-eabi-10.3-2021.10/bin/../lib/gcc/arm-none-eabi/10.3.1/../../../../arm-none-eabi/lib/thumb/v8-m.base/nofp/libg_nano.a(lib_a-nano-freer.o)
                0x0000000000006924                _free_r
 .text.sbrk_aligned
                0x00000000000069b0       0x40 /home/maldus/Local/renesas/e2_studio/toolchains/gcc_arm/10_3_2021_10/gcc-arm-none-eabi-10.3-2021.10/bin/../lib/gcc/arm-none-eabi/10.3.1/../../../../arm-none-eabi/lib/thumb/v8-m.base/nofp/libg_nano.a(lib_a-nano-mallocr.o)
 .text._malloc_r
                0x00000000000069f0       0xec /home/maldus/Local/renesas/e2_studio/toolchains/gcc_arm/10_3_2021_10/gcc-arm-none-eabi-10.3-2021.10/bin/../lib/gcc/arm-none-eabi/10.3.1/../../../../arm-none-eabi/lib/thumb/v8-m.base/nofp/libg_nano.a(lib_a-nano-mallocr.o)
                0x00000000000069f0                _malloc_r
 .text.realloc  0x0000000000006adc       0x14 /home/maldus/Local/renesas/e2_studio/toolchains/gcc_arm/10_3_2021_10/gcc-arm-none-eabi-10.3-2021.10/bin/../lib/gcc/arm-none-eabi/10.3.1/../../../../arm-none-eabi/lib/thumb/v8-m.base/nofp/libg_nano.a(lib_a-realloc.o)
                0x0000000000006adc                realloc
 .text._sbrk_r  0x0000000000006af0       0x20 /home/maldus/Local/renesas/e2_studio/toolchains/gcc_arm/10_3_2021_10/gcc-arm-none-eabi-10.3-2021.10/bin/../lib/gcc/arm-none-eabi/10.3.1/../../../../arm-none-eabi/lib/thumb/v8-m.base/nofp/libg_nano.a(lib_a-sbrkr.o)
                0x0000000000006af0                _sbrk_r
 .text.__malloc_lock
                0x0000000000006b10       0x10 /home/maldus/Local/renesas/e2_studio/toolchains/gcc_arm/10_3_2021_10/gcc-arm-none-eabi-10.3-2021.10/bin/../lib/gcc/arm-none-eabi/10.3.1/../../../../arm-none-eabi/lib/thumb/v8-m.base/nofp/libg_nano.a(lib_a-mlock.o)
                0x0000000000006b10                __malloc_lock
 .text.__malloc_unlock
                0x0000000000006b20       0x10 /home/maldus/Local/renesas/e2_studio/toolchains/gcc_arm/10_3_2021_10/gcc-arm-none-eabi-10.3-2021.10/bin/../lib/gcc/arm-none-eabi/10.3.1/../../../../arm-none-eabi/lib/thumb/v8-m.base/nofp/libg_nano.a(lib_a-mlock.o)
                0x0000000000006b20                __malloc_unlock
 .text._realloc_r
                0x0000000000006b30       0x5c /home/maldus/Local/renesas/e2_studio/toolchains/gcc_arm/10_3_2021_10/gcc-arm-none-eabi-10.3-2021.10/bin/../lib/gcc/arm-none-eabi/10.3.1/../../../../arm-none-eabi/lib/thumb/v8-m.base/nofp/libg_nano.a(lib_a-nano-reallocr.o)
                0x0000000000006b30                _realloc_r
 .text.__retarget_lock_acquire_recursive
                0x0000000000006b8c        0x2 /home/maldus/Local/renesas/e2_studio/toolchains/gcc_arm/10_3_2021_10/gcc-arm-none-eabi-10.3-2021.10/bin/../lib/gcc/arm-none-eabi/10.3.1/../../../../arm-none-eabi/lib/thumb/v8-m.base/nofp/libg_nano.a(lib_a-lock.o)
                0x0000000000006b8c                __retarget_lock_acquire_recursive
 .text.__retarget_lock_release_recursive
                0x0000000000006b8e        0x2 /home/maldus/Local/renesas/e2_studio/toolchains/gcc_arm/10_3_2021_10/gcc-arm-none-eabi-10.3-2021.10/bin/../lib/gcc/arm-none-eabi/10.3.1/../../../../arm-none-eabi/lib/thumb/v8-m.base/nofp/libg_nano.a(lib_a-lock.o)
                0x0000000000006b8e                __retarget_lock_release_recursive
 .text._malloc_usable_size_r
                0x0000000000006b90       0x10 /home/maldus/Local/renesas/e2_studio/toolchains/gcc_arm/10_3_2021_10/gcc-arm-none-eabi-10.3-2021.10/bin/../lib/gcc/arm-none-eabi/10.3.1/../../../../arm-none-eabi/lib/thumb/v8-m.base/nofp/libg_nano.a(lib_a-nano-msizer.o)
                0x0000000000006b90                _malloc_usable_size_r
 *(.version)
 .version       0x0000000000006ba0       0x50 ./ra/fsp/src/bsp/mcu/all/bsp_common.o
 *(.init)
 .init          0x0000000000006bf0        0x4 /home/maldus/Local/renesas/e2_studio/toolchains/gcc_arm/10_3_2021_10/gcc-arm-none-eabi-10.3-2021.10/bin/../lib/gcc/arm-none-eabi/10.3.1/thumb/v8-m.base/nofp/crti.o
                0x0000000000006bf0                _init
 .init          0x0000000000006bf4        0x8 /home/maldus/Local/renesas/e2_studio/toolchains/gcc_arm/10_3_2021_10/gcc-arm-none-eabi-10.3-2021.10/bin/../lib/gcc/arm-none-eabi/10.3.1/thumb/v8-m.base/nofp/crtn.o
 *(.fini)
 .fini          0x0000000000006bfc        0x4 /home/maldus/Local/renesas/e2_studio/toolchains/gcc_arm/10_3_2021_10/gcc-arm-none-eabi-10.3-2021.10/bin/../lib/gcc/arm-none-eabi/10.3.1/thumb/v8-m.base/nofp/crti.o
                0x0000000000006bfc                _fini
 .fini          0x0000000000006c00        0x8 /home/maldus/Local/renesas/e2_studio/toolchains/gcc_arm/10_3_2021_10/gcc-arm-none-eabi-10.3-2021.10/bin/../lib/gcc/arm-none-eabi/10.3.1/thumb/v8-m.base/nofp/crtn.o
 *crtbegin.o(.ctors)
 *crtbegin?.o(.ctors)
 *(EXCLUDE_FILE(*crtend.o *crtend?.o) .ctors)
 *(SORT_BY_NAME(.ctors.*))
 *(.ctors)
 *crtbegin.o(.dtors)
 *crtbegin?.o(.dtors)
 *(EXCLUDE_FILE(*crtend.o *crtend?.o) .dtors)
 *(SORT_BY_NAME(.dtors.*))
 *(.dtors)
 *(.rodata*)
 .rodata.crc16_ccitt_table
                0x0000000000006c08      0x200 ./src/services/crc16-ccitt.o
 .rodata.running_event_manager
                0x0000000000006e08       0x2c ./src/model/cycle.o
 .rodata.standby_event_manager
                0x0000000000006e34       0x2c ./src/model/cycle.o
 .rodata.wait_start_event_manager
                0x0000000000006e60       0x2c ./src/model/cycle.o
 .rodata.managers
                0x0000000000006e8c       0x3c ./src/model/cycle.o
 .rodata.managers
                0x0000000000006ec8       0x24 ./src/model/heating.o
 .rodata.get_pwm_drum_percentage.str1.4
                0x0000000000006eec       0x25 ./src/model/model.o
 *fill*         0x0000000000006f11        0x3 ff
 .rodata.model_pwoff_deserialize.str1.4
                0x0000000000006f14       0x1b ./src/model/model.o
 *fill*         0x0000000000006f2f        0x1 ff
 .rodata.__func__.0
                0x0000000000006f30       0x11 ./src/model/model.o
 *fill*         0x0000000000006f41        0x3 ff
 .rodata.__func__.1
                0x0000000000006f44       0x16 ./src/model/model.o
 *fill*         0x0000000000006f5a        0x2 ff
 .rodata.__func__.10
                0x0000000000006f5c       0x13 ./src/model/model.o
 *fill*         0x0000000000006f6f        0x1 ff
 .rodata.__func__.13
                0x0000000000006f70       0x1e ./src/model/model.o
 *fill*         0x0000000000006f8e        0x2 ff
 .rodata.__func__.14
                0x0000000000006f90       0x1a ./src/model/model.o
 *fill*         0x0000000000006faa        0x2 ff
 .rodata.__func__.15
                0x0000000000006fac       0x1e ./src/model/model.o
 *fill*         0x0000000000006fca        0x2 ff
 .rodata.__func__.16
                0x0000000000006fcc       0x1b ./src/model/model.o
 *fill*         0x0000000000006fe7        0x1 ff
 .rodata.__func__.17
                0x0000000000006fe8       0x17 ./src/model/model.o
 *fill*         0x0000000000006fff        0x1 ff
 .rodata.__func__.19
                0x0000000000007000       0x1e ./src/model/model.o
 *fill*         0x000000000000701e        0x2 ff
 .rodata.__func__.2
                0x0000000000007020       0x13 ./src/model/model.o
 *fill*         0x0000000000007033        0x1 ff
 .rodata.__func__.20
                0x0000000000007034       0x13 ./src/model/model.o
 *fill*         0x0000000000007047        0x1 ff
 .rodata.__func__.21
                0x0000000000007048       0x1c ./src/model/model.o
 .rodata.__func__.22
                0x0000000000007064       0x1a ./src/model/model.o
 *fill*         0x000000000000707e        0x2 ff
 .rodata.__func__.23
                0x0000000000007080       0x12 ./src/model/model.o
 *fill*         0x0000000000007092        0x2 ff
 .rodata.__func__.24
                0x0000000000007094       0x15 ./src/model/model.o
 *fill*         0x00000000000070a9        0x3 ff
 .rodata.__func__.26
                0x00000000000070ac       0x16 ./src/model/model.o
 *fill*         0x00000000000070c2        0x2 ff
 .rodata.__func__.3
                0x00000000000070c4       0x16 ./src/model/model.o
 *fill*         0x00000000000070da        0x2 ff
 .rodata.__func__.30
                0x00000000000070dc       0x12 ./src/model/model.o
 *fill*         0x00000000000070ee        0x2 ff
 .rodata.__func__.31
                0x00000000000070f0       0x18 ./src/model/model.o
 .rodata.__func__.32
                0x0000000000007108       0x16 ./src/model/model.o
 *fill*         0x000000000000711e        0x2 ff
 .rodata.__func__.33
                0x0000000000007120       0x15 ./src/model/model.o
 *fill*         0x0000000000007135        0x3 ff
 .rodata.__func__.34
                0x0000000000007138       0x1d ./src/model/model.o
 *fill*         0x0000000000007155        0x3 ff
 .rodata.__func__.35
                0x0000000000007158       0x18 ./src/model/model.o
 .rodata.__func__.36
                0x0000000000007170       0x17 ./src/model/model.o
 *fill*         0x0000000000007187        0x1 ff
 .rodata.__func__.37
                0x0000000000007188       0x1e ./src/model/model.o
 *fill*         0x00000000000071a6        0x2 ff
 .rodata.__func__.38
                0x00000000000071a8       0x14 ./src/model/model.o
 .rodata.__func__.39
                0x00000000000071bc       0x12 ./src/model/model.o
 *fill*         0x00000000000071ce        0x2 ff
 .rodata.__func__.40
                0x00000000000071d0       0x16 ./src/model/model.o
 *fill*         0x00000000000071e6        0x2 ff
 .rodata.__func__.41
                0x00000000000071e8       0x20 ./src/model/model.o
 .rodata.__func__.42
                0x0000000000007208       0x18 ./src/model/model.o
 .rodata.__func__.43
                0x0000000000007220       0x17 ./src/model/model.o
 *fill*         0x0000000000007237        0x1 ff
 .rodata.__func__.44
                0x0000000000007238       0x1d ./src/model/model.o
 *fill*         0x0000000000007255        0x3 ff
 .rodata.__func__.45
                0x0000000000007258       0x20 ./src/model/model.o
 .rodata.__func__.46
                0x0000000000007278       0x1f ./src/model/model.o
 *fill*         0x0000000000007297        0x1 ff
 .rodata.__func__.47
                0x0000000000007298       0x11 ./src/model/model.o
 *fill*         0x00000000000072a9        0x3 ff
 .rodata.__func__.48
                0x00000000000072ac       0x13 ./src/model/model.o
 *fill*         0x00000000000072bf        0x1 ff
 .rodata.__func__.49
                0x00000000000072c0        0xd ./src/model/model.o
 *fill*         0x00000000000072cd        0x3 ff
 .rodata.__func__.50
                0x00000000000072d0        0xb ./src/model/model.o
 *fill*         0x00000000000072db        0x1 ff
 .rodata.__func__.7
                0x00000000000072dc       0x1e ./src/model/model.o
 *fill*         0x00000000000072fa        0x2 ff
 .rodata.__func__.8
                0x00000000000072fc       0x10 ./src/model/model.o
 .rodata.__func__.9
                0x000000000000730c       0x14 ./src/model/model.o
 .rodata.bsp_adc_init.str1.4
                0x0000000000007320       0x25 ./src/bsp/adc.o
 *fill*         0x0000000000007345        0x3 ff
 .rodata        0x0000000000007348       0x10 ./src/bsp/adc.o
 .rodata.__func__.1
                0x0000000000007358        0xd ./src/bsp/adc.o
 *fill*         0x0000000000007365        0x3 ff
 .rodata        0x0000000000007368        0xc ./src/bsp/coin_reader.o
 .rodata        0x0000000000007374       0x10 ./src/bsp/digin.o
 .rodata.rm_vee_example.str1.4
                0x0000000000007384       0x2b ./src/bsp/power_off.o
 *fill*         0x00000000000073af        0x1 ff
 .rodata.__func__.0
                0x00000000000073b0       0x13 ./src/bsp/power_off.o
 *fill*         0x00000000000073c3        0x1 ff
 .rodata.__func__.1
                0x00000000000073c4       0x13 ./src/bsp/power_off.o
 *fill*         0x00000000000073d7        0x1 ff
 .rodata.bsp_pwm_init.str1.4
                0x00000000000073d8       0x11 ./src/bsp/pwm.o
                                         0x25 (size before relaxing)
 *fill*         0x00000000000073e9        0x3 ff
 .rodata.__func__.0
                0x00000000000073ec        0xf ./src/bsp/pwm.o
 *fill*         0x00000000000073fb        0x1 ff
 .rodata.__func__.1
                0x00000000000073fc        0xd ./src/bsp/pwm.o
 *fill*         0x0000000000007409        0x3 ff
 .rodata        0x000000000000740c        0xe ./src/bsp/relay.o
 *fill*         0x000000000000741a        0x2 ff
 .rodata.CRC_TABLE
                0x000000000000741c      0x100 ./src/bsp/temperature_humidity_probe.o
 .rodata.register_callback
                0x000000000000751c      0x164 ./src/adapters/modbus_server.o
 .rodata.modbus_server_init.str1.4
                0x0000000000007680       0x50 ./src/adapters/modbus_server.o
 .rodata.__func__.1
                0x00000000000076d0       0x13 ./src/adapters/modbus_server.o
 *fill*         0x00000000000076e3        0x1 ff
 .rodata.g_external_irq0_cfg
                0x00000000000076e4       0x14 ./ra_gen/common_data.o
                0x00000000000076e4                g_external_irq0_cfg
 .rodata.g_ioport
                0x00000000000076f8        0xc ./ra_gen/common_data.o
                0x00000000000076f8                g_ioport
 .rodata.g_adc0_cfg
                0x0000000000007704       0x18 ./ra_gen/hal_data.o
                0x0000000000007704                g_adc0_cfg
 .rodata.g_adc0_cfg_extend
                0x000000000000771c        0xb ./ra_gen/hal_data.o
                0x000000000000771c                g_adc0_cfg_extend
 *fill*         0x0000000000007727        0x1 ff
 .rodata.g_adc0_channel_cfg
                0x0000000000007728       0x14 ./ra_gen/hal_data.o
                0x0000000000007728                g_adc0_channel_cfg
 .rodata.g_flash0
                0x000000000000773c        0xc ./ra_gen/hal_data.o
                0x000000000000773c                g_flash0
 .rodata.g_flash0_cfg
                0x0000000000007748       0x14 ./ra_gen/hal_data.o
                0x0000000000007748                g_flash0_cfg
 .rodata.g_timer_pwm_cfg
                0x000000000000775c       0x20 ./ra_gen/hal_data.o
                0x000000000000775c                g_timer_pwm_cfg
 .rodata.g_timer_pwm_extend
                0x000000000000777c       0x3c ./ra_gen/hal_data.o
                0x000000000000777c                g_timer_pwm_extend
 .rodata.g_uart0
                0x00000000000077b8        0xc ./ra_gen/hal_data.o
                0x00000000000077b8                g_uart0
 .rodata.g_uart0_cfg
                0x00000000000077c4       0x20 ./ra_gen/hal_data.o
                0x00000000000077c4                g_uart0_cfg
 .rodata.g_uart0_cfg_extend
                0x00000000000077e4       0x14 ./ra_gen/hal_data.o
                0x00000000000077e4                g_uart0_cfg_extend
 .rodata.g_vee0_cfg
                0x00000000000077f8       0x24 ./ra_gen/hal_data.o
                0x00000000000077f8                g_vee0_cfg
 .rodata.g_vee0_cfg_ext
                0x000000000000781c        0x4 ./ra_gen/hal_data.o
                0x000000000000781c                g_vee0_cfg_ext
 .rodata.g_bsp_pin_cfg
                0x0000000000007820        0xc ./ra_gen/pin_data.o
                0x0000000000007820                g_bsp_pin_cfg
 .rodata.g_bsp_pin_cfg_data
                0x000000000000782c      0x148 ./ra_gen/pin_data.o
                0x000000000000782c                g_bsp_pin_cfg_data
 .rodata.g_interrupt_event_link_select
                0x0000000000007974       0x20 ./ra_gen/vector_data.o
                0x0000000000007974                g_interrupt_event_link_select
 .rodata.rm_vee_flash_callback
                0x0000000000007994       0x2c ./ra/fsp/src/rm_vee_flash/rm_vee_flash.o
 .rodata.g_uart_on_sci
                0x00000000000079c0       0x24 ./ra/fsp/src/r_sci_uart/r_sci_uart.o
                0x00000000000079c0                g_uart_on_sci
 .rodata.g_ioport_on_ioport
                0x00000000000079e4       0x34 ./ra/fsp/src/r_ioport/r_ioport.o
                0x00000000000079e4                g_ioport_on_ioport
 .rodata.g_code_flash_macro_info
                0x0000000000007a18       0x10 ./ra/fsp/src/r_flash_lp/r_flash_lp.o
                0x0000000000007a18                g_code_flash_macro_info
 .rodata.g_data_flash_macro_info
                0x0000000000007a28       0x10 ./ra/fsp/src/r_flash_lp/r_flash_lp.o
                0x0000000000007a28                g_data_flash_macro_info
 .rodata.g_flash_code_region
                0x0000000000007a38        0x8 ./ra/fsp/src/r_flash_lp/r_flash_lp.o
 .rodata.g_flash_data_region
                0x0000000000007a40        0x8 ./ra/fsp/src/r_flash_lp/r_flash_lp.o
 .rodata.g_flash_on_flash_lp
                0x0000000000007a48       0x3c ./ra/fsp/src/r_flash_lp/r_flash_lp.o
                0x0000000000007a48                g_flash_on_flash_lp
 .rodata.g_prcr_masks
                0x0000000000007a84        0x8 ./ra/fsp/src/bsp/mcu/all/bsp_register_protection.o
                0x0000000000007a8c                __usb_dev_descriptor_start_fs = .
 *(.usb_device_desc_fs*)
                0x0000000000007a8c                __usb_cfg_descriptor_start_fs = .
 *(.usb_config_desc_fs*)
                0x0000000000007a8c                __usb_interface_descriptor_start_fs = .
 *(.usb_interface_desc_fs*)
                0x0000000000007a8c                __usb_descriptor_end_fs = .
                0x0000000000007a8c                __usb_dev_descriptor_start_hs = .
 *(.usb_device_desc_hs*)
                0x0000000000007a8c                __usb_cfg_descriptor_start_hs = .
 *(.usb_config_desc_hs*)
                0x0000000000007a8c                __usb_interface_descriptor_start_hs = .
 *(.usb_interface_desc_hs*)
                0x0000000000007a8c                __usb_descriptor_end_hs = .
 *(.eh_frame*)
 .eh_frame      0x0000000000007a8c        0x0 /home/maldus/Local/renesas/e2_studio/toolchains/gcc_arm/10_3_2021_10/gcc-arm-none-eabi-10.3-2021.10/bin/../lib/gcc/arm-none-eabi/10.3.1/thumb/v8-m.base/nofp/crtbegin.o
 .eh_frame      0x0000000000007a8c        0x4 /home/maldus/Local/renesas/e2_studio/toolchains/gcc_arm/10_3_2021_10/gcc-arm-none-eabi-10.3-2021.10/bin/../lib/gcc/arm-none-eabi/10.3.1/thumb/v8-m.base/nofp/crtend.o
                0x0000000000007a90                __ROM_End = .
                0x00000000000000c0                __Vectors_Size = (__Vectors_End - __Vectors)

.glue_7         0x0000000000007a90        0x0
 .glue_7        0x0000000000007a90        0x0 linker stubs

.glue_7t        0x0000000000007a90        0x0
 .glue_7t       0x0000000000007a90        0x0 linker stubs

.vfp11_veneer   0x0000000000007a90        0x0
 .vfp11_veneer  0x0000000000007a90        0x0 linker stubs

.v4_bx          0x0000000000007a90        0x0
 .v4_bx         0x0000000000007a90        0x0 linker stubs

.iplt           0x0000000000007a90        0x0
 .iplt          0x0000000000007a90        0x0 /home/maldus/Local/renesas/e2_studio/toolchains/gcc_arm/10_3_2021_10/gcc-arm-none-eabi-10.3-2021.10/bin/../lib/gcc/arm-none-eabi/10.3.1/thumb/v8-m.base/nofp/crtbegin.o
                0x0000000000007a90                . = .
                0x0000000000007a90                __itcm_data_pre_location = .

.itcm_data      0x0000000000000000        0x0 load address 0x0000000000007a90
                0x0000000000000000                __tz_ITCM_S = ABSOLUTE (ITCM_START)
                0x0000000000000000                __itcm_data_start = .
 *(.itcm_data*)
                0x0000000000000000                . = ALIGN (0x8)
                0x0000000000000000                __itcm_data_end = .
                0x0000000000000000                __tz_ITCM_N = DEFINED (ITCM_NS_START)?ABSOLUTE (ITCM_NS_START):ALIGN (__itcm_data_end, 0x2000)
                0x0000000000007a90                __itcm_data_init_start = LOADADDR (.itcm_data)
                0x0000000000007a90                __itcm_data_init_end = (LOADADDR (.itcm_data) + SIZEOF (.itcm_data))
                0x0000000000000001                ASSERT (((ORIGIN (ITCM) % 0x8) == 0x0), ITCM memory region origin must be aligned to 8 bytes.)
                0x0000000000000001                ASSERT (((LENGTH (ITCM) % 0x8) == 0x0), ITCM memory region length must be a multiple of 8 bytes.)
                0x0000000000000001                ASSERT (((LOADADDR (.itcm_data) % 0x10) == 0x0), .itcm_data section must be aligned to 16 bytes.)
                0x0000000000000001                ASSERT (((SIZEOF (.itcm_data) % 0x8) == 0x0), .itcm_data section size must be a multiple of 8 bytes.)
                0x0000000000007a90                . = (SIZEOF (.itcm_data) > 0x0)?__itcm_data_init_end:__itcm_data_pre_location
                0x0000000000007a90                __exidx_start = .

/DISCARD/
 *(.ARM.extab* .gnu.linkonce.armextab.*)
 *(.ARM.exidx* .gnu.linkonce.armexidx.*)
                0x0000000000007a90                __exidx_end = .
                0x0000000000007a90                __etext = .
                0x0000000020000000                __tz_RAM_S = ORIGIN (RAM)

.fsp_dtc_vector_table
                0x0000000020000000        0x0
                0x0000000020000000                . = ORIGIN (RAM)
 *(.fsp_dtc_vector_table)

.data           0x0000000020000000       0x90 load address 0x0000000000007a90
                0x0000000020000000                __data_start__ = .
                0x0000000020000000                . = ALIGN (0x4)
                0x0000000020000000                __Code_In_RAM_Start = .
 *(.code_in_ram*)
                0x0000000020000000                __Code_In_RAM_End = .
 *(vtable)
 *(.data.*)
 .data.modbusSlaveDefaultFunctions
                0x0000000020000000       0x20 ./src/adapters/modbus_server.o
                0x0000000020000000                modbusSlaveDefaultFunctions
 .data.g_uart0_baud_setting
                0x0000000020000020        0x4 ./ra_gen/hal_data.o
                0x0000000020000020                g_uart0_baud_setting
 .data._impure_ptr
                0x0000000020000024        0x4 /home/maldus/Local/renesas/e2_studio/toolchains/gcc_arm/10_3_2021_10/gcc-arm-none-eabi-10.3-2021.10/bin/../lib/gcc/arm-none-eabi/10.3.1/../../../../arm-none-eabi/lib/thumb/v8-m.base/nofp/libg_nano.a(lib_a-impure.o)
                0x0000000020000024                _impure_ptr
 .data.impure_data
                0x0000000020000028       0x60 /home/maldus/Local/renesas/e2_studio/toolchains/gcc_arm/10_3_2021_10/gcc-arm-none-eabi-10.3-2021.10/bin/../lib/gcc/arm-none-eabi/10.3.1/../../../../arm-none-eabi/lib/thumb/v8-m.base/nofp/libg_nano.a(lib_a-impure.o)
 *(.data)
                0x0000000020000088                . = ALIGN (0x4)
                0x0000000020000088                PROVIDE (__preinit_array_start = .)
 *(.preinit_array)
                0x0000000020000088                PROVIDE (__preinit_array_end = .)
                0x0000000020000088                . = ALIGN (0x4)
                0x0000000020000088                PROVIDE (__init_array_start = .)
 *(SORT_BY_NAME(.init_array.*))
 *(.init_array)
 .init_array    0x0000000020000088        0x4 /home/maldus/Local/renesas/e2_studio/toolchains/gcc_arm/10_3_2021_10/gcc-arm-none-eabi-10.3-2021.10/bin/../lib/gcc/arm-none-eabi/10.3.1/thumb/v8-m.base/nofp/crtbegin.o
                0x000000002000008c                PROVIDE (__init_array_end = .)
                0x000000002000008c                . = ALIGN (0x4)
                [!provide]                        PROVIDE (__fini_array_start = .)
 *(SORT_BY_NAME(.fini_array.*))
 *(.fini_array)
 .fini_array    0x000000002000008c        0x4 /home/maldus/Local/renesas/e2_studio/toolchains/gcc_arm/10_3_2021_10/gcc-arm-none-eabi-10.3-2021.10/bin/../lib/gcc/arm-none-eabi/10.3.1/thumb/v8-m.base/nofp/crtbegin.o
                [!provide]                        PROVIDE (__fini_array_end = .)
 *(.jcr*)
                0x0000000020000090                . = ALIGN (0x4)
                0x0000000020000090                __data_end__ = .

.igot.plt       0x0000000020000090        0x0 load address 0x0000000000007b20
 .igot.plt      0x0000000020000090        0x0 /home/maldus/Local/renesas/e2_studio/toolchains/gcc_arm/10_3_2021_10/gcc-arm-none-eabi-10.3-2021.10/bin/../lib/gcc/arm-none-eabi/10.3.1/thumb/v8-m.base/nofp/crtbegin.o
                0x0000000020000090                . = .
                0x0000000000007b20                __dtcm_data_pre_location = (LOADADDR (.data) + SIZEOF (.data))

.dtcm_data      0x0000000000000000        0x0 load address 0x0000000000007b20
                0x0000000000000000                __tz_DTCM_S = ABSOLUTE (DTCM_START)
                0x0000000000000000                __dtcm_data_start = .
 *(.dtcm_data*)
                0x0000000000000000                . = ALIGN (0x8)
                0x0000000000000000                __dtcm_data_end = .
                0x0000000000000000                . = __dtcm_data_end

.dtcm_bss       0x0000000000000000        0x0
                0x0000000000000000                __dtcm_bss_start = .
 *(.dtcm_bss*)
                0x0000000000000000                . = ALIGN (0x8)
                0x0000000000000000                __dtcm_bss_end = .
                0x0000000000000000                __tz_DTCM_N = DEFINED (DTCM_NS_START)?ABSOLUTE (DTCM_NS_START):ALIGN (__dtcm_bss_end, 0x2000)
                0x0000000000007b20                __dtcm_data_init_start = LOADADDR (.dtcm_data)
                0x0000000000007b20                __dtcm_data_init_end = (LOADADDR (.dtcm_data) + SIZEOF (.dtcm_data))
                0x0000000000000001                ASSERT (((ORIGIN (DTCM) % 0x8) == 0x0), DTCM memory region origin must be aligned to 8 bytes.)
                0x0000000000000001                ASSERT (((LENGTH (DTCM) % 0x8) == 0x0), DTCM memory region length must be a multiple of 8 bytes.)
                0x0000000000000001                ASSERT ((LOADADDR (.dtcm_bss) == ADDR (.dtcm_bss)), .dtcm_bss has (VMA != LMA) but should be NOLOAD (VMA == LMA).)
                0x0000000000000001                ASSERT (((LOADADDR (.dtcm_data) % 0x10) == 0x0), .dtcm_data section must be aligned to 16 bytes.)
                0x0000000000000001                ASSERT (((SIZEOF (.dtcm_data) % 0x8) == 0x0), .dtcm_data section size must be a multiple of 8 bytes.)
                0x0000000000000001                ASSERT (((LOADADDR (.dtcm_bss) % 0x8) == 0x0), .dtcm_bss section must be aligned to 8 bytes.)
                0x0000000000000001                ASSERT (((SIZEOF (.dtcm_bss) % 0x8) == 0x0), .dtcm_bss section size must be a multiple of 8 bytes.)
                0x0000000000000001                ASSERT ((__dtcm_bss_start == __dtcm_data_end), .dtcm_bss section is not adjacent to .dtcm_data section.)
                0x0000000000007b20                . = (SIZEOF (.dtcm_data) > 0x0)?__dtcm_data_init_end:__dtcm_data_pre_location
                0x0000000000007b20                sgstubs_pre_location = .
                0x0000000000007c00                SGSTUBS_LOC = (DEFINED (PROJECT_SECURE) && DEFINED (FLASH_NSC_START))?ABSOLUTE (FLASH_NSC_START):ALIGN (0x400)

.gnu.sgstubs    0x0000000000007c00        0x0
                0x0000000000007c00                __tz_FLASH_C = DEFINED (FLASH_NSC_START)?ABSOLUTE (FLASH_NSC_START):__RESERVE_NS_RAM?ABSOLUTE ((FLASH_START + FLASH_LENGTH)):ALIGN (0x400)
                0x0000000000007c00                _start_sg = .
 *(.gnu.sgstubs*)
                0x0000000000007c00                . = ALIGN (0x20)
                0x0000000000007c00                _end_sg = .
                0x0000000000008000                __tz_FLASH_N = DEFINED (FLASH_NS_START)?ABSOLUTE (FLASH_NS_START):__RESERVE_NS_RAM?ABSOLUTE ((FLASH_START + FLASH_LENGTH)):(FLASH_LENGTH < 0x8000)?FLASH_LENGTH:ALIGN (0x8000)
                0x0000000000008000                FLASH_NS_IMAGE_START = DEFINED (FLASH_NS_IMAGE_START)?FLASH_NS_IMAGE_START:__tz_FLASH_N
                0x0000000060000000                __tz_QSPI_FLASH_S = ORIGIN (QSPI_FLASH)

.qspi_flash     0x0000000060000000        0x0
                0x0000000060000000                __qspi_flash_start__ = .
 *(.qspi_flash*)
 *(.code_in_qspi*)
                0x0000000060000000                __qspi_flash_end__ = .
                0x0000000000000000                __qspi_flash_code_size__ = (__qspi_flash_end__ - __qspi_flash_start__)
                0x0000000000007b20                __qspi_flash_code_addr__ = sgstubs_pre_location

.qspi_non_retentive
                0x0000000060000000        0x0 load address 0x0000000000007b20
                0x0000000060000000                __qspi_non_retentive_start__ = .
 *(.qspi_non_retentive*)