Archive member included to satisfy reference by file (symbol)

/home/maldus/Local/renesas/e2_studio/toolchains/gcc_arm/13_2-Rel1/arm-gnu-toolchain-13.2.Rel1-x86_64-arm-none-eabi/bin/../lib/gcc/arm-none-eabi/13.2.1/thumb/v8-m.base/nofp/libgcc.a(_clzsi2.o)
                              ./ra/fsp/src/r_adc/r_adc.o (__clzsi2)
/home/maldus/Local/renesas/e2_studio/toolchains/gcc_arm/13_2-Rel1/arm-gnu-toolchain-13.2.Rel1-x86_64-arm-none-eabi/bin/../lib/gcc/arm-none-eabi/13.2.1/thumb/v8-m.base/nofp/libgcc.a(_aeabi_ldivmod.o)
                              ./ra/fsp/src/r_sci_uart/r_sci_uart.o (__aeabi_ldivmod)
/home/maldus/Local/renesas/e2_studio/toolchains/gcc_arm/13_2-Rel1/arm-gnu-toolchain-13.2.Rel1-x86_64-arm-none-eabi/bin/../lib/gcc/arm-none-eabi/13.2.1/thumb/v8-m.base/nofp/libgcc.a(_aeabi_uldivmod.o)
                              ./src/bsp/pwm.o (__aeabi_uldivmod)
/home/maldus/Local/renesas/e2_studio/toolchains/gcc_arm/13_2-Rel1/arm-gnu-toolchain-13.2.Rel1-x86_64-arm-none-eabi/bin/../lib/gcc/arm-none-eabi/13.2.1/thumb/v8-m.base/nofp/libgcc.a(_muldi3.o)
                              ./src/bsp/pwm.o (__aeabi_lmul)
/home/maldus/Local/renesas/e2_studio/toolchains/gcc_arm/13_2-Rel1/arm-gnu-toolchain-13.2.Rel1-x86_64-arm-none-eabi/bin/../lib/gcc/arm-none-eabi/13.2.1/thumb/v8-m.base/nofp/libgcc.a(_udivmoddi4.o)
                              /home/maldus/Local/renesas/e2_studio/toolchains/gcc_arm/13_2-Rel1/arm-gnu-toolchain-13.2.Rel1-x86_64-arm-none-eabi/bin/../lib/gcc/arm-none-eabi/13.2.1/thumb/v8-m.base/nofp/libgcc.a(_aeabi_uldivmod.o) (__udivmoddi4)
/home/maldus/Local/renesas/e2_studio/toolchains/gcc_arm/13_2-Rel1/arm-gnu-toolchain-13.2.Rel1-x86_64-arm-none-eabi/bin/../lib/gcc/arm-none-eabi/13.2.1/thumb/v8-m.base/nofp/libgcc.a(bpabi.o)
                              /home/maldus/Local/renesas/e2_studio/toolchains/gcc_arm/13_2-Rel1/arm-gnu-toolchain-13.2.Rel1-x86_64-arm-none-eabi/bin/../lib/gcc/arm-none-eabi/13.2.1/thumb/v8-m.base/nofp/libgcc.a(_aeabi_ldivmod.o) (__gnu_ldivmod_helper)
/home/maldus/Local/renesas/e2_studio/toolchains/gcc_arm/13_2-Rel1/arm-gnu-toolchain-13.2.Rel1-x86_64-arm-none-eabi/bin/../lib/gcc/arm-none-eabi/13.2.1/thumb/v8-m.base/nofp/libgcc.a(_dvmd_tls.o)
                              /home/maldus/Local/renesas/e2_studio/toolchains/gcc_arm/13_2-Rel1/arm-gnu-toolchain-13.2.Rel1-x86_64-arm-none-eabi/bin/../lib/gcc/arm-none-eabi/13.2.1/thumb/v8-m.base/nofp/libgcc.a(_aeabi_ldivmod.o) (__aeabi_ldiv0)
/home/maldus/Local/renesas/e2_studio/toolchains/gcc_arm/13_2-Rel1/arm-gnu-toolchain-13.2.Rel1-x86_64-arm-none-eabi/bin/../lib/gcc/arm-none-eabi/13.2.1/thumb/v8-m.base/nofp/libgcc.a(_divdi3.o)
                              /home/maldus/Local/renesas/e2_studio/toolchains/gcc_arm/13_2-Rel1/arm-gnu-toolchain-13.2.Rel1-x86_64-arm-none-eabi/bin/../lib/gcc/arm-none-eabi/13.2.1/thumb/v8-m.base/nofp/libgcc.a(bpabi.o) (__divdi3)
/home/maldus/Local/renesas/e2_studio/toolchains/gcc_arm/13_2-Rel1/arm-gnu-toolchain-13.2.Rel1-x86_64-arm-none-eabi/bin/../lib/gcc/arm-none-eabi/13.2.1/../../../../arm-none-eabi/lib/thumb/v8-m.base/nofp/libg_nano.a(libc_a-exit.o)
                              /home/maldus/Local/renesas/e2_studio/toolchains/gcc_arm/13_2-Rel1/arm-gnu-toolchain-13.2.Rel1-x86_64-arm-none-eabi/bin/../lib/gcc/arm-none-eabi/13.2.1/../../../../arm-none-eabi/lib/thumb/v8-m.base/nofp/crt0.o (exit)
/home/maldus/Local/renesas/e2_studio/toolchains/gcc_arm/13_2-Rel1/arm-gnu-toolchain-13.2.Rel1-x86_64-arm-none-eabi/bin/../lib/gcc/arm-none-eabi/13.2.1/../../../../arm-none-eabi/lib/thumb/v8-m.base/nofp/libg_nano.a(libc_a-init.o)
                              /home/maldus/Local/renesas/e2_studio/toolchains/gcc_arm/13_2-Rel1/arm-gnu-toolchain-13.2.Rel1-x86_64-arm-none-eabi/bin/../lib/gcc/arm-none-eabi/13.2.1/../../../../arm-none-eabi/lib/thumb/v8-m.base/nofp/crt0.o (__libc_init_array)
/home/maldus/Local/renesas/e2_studio/toolchains/gcc_arm/13_2-Rel1/arm-gnu-toolchain-13.2.Rel1-x86_64-arm-none-eabi/bin/../lib/gcc/arm-none-eabi/13.2.1/../../../../arm-none-eabi/lib/thumb/v8-m.base/nofp/libg_nano.a(libc_a-memcpy-stub.o)
                              ./src/bsp/power_off.o (memcpy)
/home/maldus/Local/renesas/e2_studio/toolchains/gcc_arm/13_2-Rel1/arm-gnu-toolchain-13.2.Rel1-x86_64-arm-none-eabi/bin/../lib/gcc/arm-none-eabi/13.2.1/../../../../arm-none-eabi/lib/thumb/v8-m.base/nofp/libg_nano.a(libc_a-malloc.o)
                              ./src/controller/observer.o (free)
/home/maldus/Local/renesas/e2_studio/toolchains/gcc_arm/13_2-Rel1/arm-gnu-toolchain-13.2.Rel1-x86_64-arm-none-eabi/bin/../lib/gcc/arm-none-eabi/13.2.1/../../../../arm-none-eabi/lib/thumb/v8-m.base/nofp/libg_nano.a(libc_a-mallocr.o)
                              /home/maldus/Local/renesas/e2_studio/toolchains/gcc_arm/13_2-Rel1/arm-gnu-toolchain-13.2.Rel1-x86_64-arm-none-eabi/bin/../lib/gcc/arm-none-eabi/13.2.1/../../../../arm-none-eabi/lib/thumb/v8-m.base/nofp/libg_nano.a(libc_a-malloc.o) (_malloc_r)
[...]
Memory Configuration

Name             Origin             Length             Attributes
ITCM             0x00000000         0x00000000         xr
DTCM             0x00000000         0x00000000         xrw
FLASH            0x00000000         0x00040000         xr
RAM              0x20000000         0x00008000         xrw
DATA_FLASH       0x40100000         0x00002000         xr
QSPI_FLASH       0x60000000         0x00000000         xr
OSPI_DEVICE_0    0x80020000         0x00000000         xr
OSPI_DEVICE_1    0x80030000         0x00000000         xr
OSPI_DEVICE_0_RAM 0x80020000         0x00000000         xrw
OSPI_DEVICE_1_RAM 0x80030000         0x00000000         xrw
SDRAM            0x80010000         0x00000000         xrw
OPTION_SETTING   0x00000000         0x00000000         r
OPTION_SETTING_OFS 0x00000000         0x00000018         r
OPTION_SETTING_SAS 0x00000034         0x00000000         r
OPTION_SETTING_S 0x80000000         0x00000000         r
ID_CODE          0x01010018         0x00000020         xr
*default*        0x00000000         0xffffffff

Linker script and memory map

LOAD /home/maldus/Local/renesas/e2_studio/toolchains/gcc_arm/13_2-Rel1/arm-gnu-toolchain-13.2.Rel1-x86_64-arm-none-eabi/bin/../lib/gcc/arm-none-eabi/13.2.1/thumb/v8-m.base/nofp/crti.o
LOAD /home/maldus/Local/renesas/e2_studio/toolchains/gcc_arm/13_2-Rel1/arm-gnu-toolchain-13.2.Rel1-x86_64-arm-none-eabi/bin/../lib/gcc/arm-none-eabi/13.2.1/thumb/v8-m.base/nofp/crtbegin.o
LOAD /home/maldus/Local/renesas/e2_studio/toolchains/gcc_arm/13_2-Rel1/arm-gnu-toolchain-13.2.Rel1-x86_64-arm-none-eabi/bin/../lib/gcc/arm-none-eabi/13.2.1/../../../../arm-none-eabi/lib/thumb/v8-m.base/nofp/crt0.o
START GROUP
LOAD ./src/services/crc16-ccitt.o
LOAD ./src/model/cycle.o
LOAD ./src/model/heating.o
LOAD ./src/model/model.o
LOAD ./src/controller/controller.o
LOAD ./src/controller/observer.o
LOAD ./src/bsp/adc.o
LOAD ./src/bsp/coin_reader.o
LOAD ./src/bsp/digin.o
LOAD ./src/bsp/heartbit.o
LOAD ./src/bsp/power_off.o
LOAD ./src/bsp/pwm.o
LOAD ./src/bsp/relay.o
LOAD ./src/bsp/rs232.o
LOAD ./src/bsp/spi.o
LOAD ./src/bsp/system.o
LOAD ./src/bsp/temperature_humidity_probe.o
LOAD ./src/adapters/modbus_server.o
LOAD ./src/hal_entry.o
LOAD ./ra_gen/common_data.o
LOAD ./ra_gen/hal_data.o
LOAD ./ra_gen/main.o
LOAD ./ra_gen/pin_data.o
LOAD ./ra_gen/vector_data.o
LOAD ./ra/fsp/src/r_sci_uart/r_sci_uart.o
LOAD ./ra/fsp/src/r_ioport/r_ioport.o
LOAD ./ra/fsp/src/r_icu/r_icu.o
LOAD ./ra/fsp/src/r_gpt/r_gpt.o
LOAD ./ra/fsp/src/r_flash_lp/r_flash_lp.o
LOAD ./ra/fsp/src/r_adc/r_adc.o
LOAD ./ra/fsp/src/bsp/mcu/ra2l1/bsp_power.o
LOAD ./ra/fsp/src/bsp/mcu/all/bsp_clocks.o
LOAD ./ra/fsp/src/bsp/mcu/all/bsp_common.o
LOAD ./ra/fsp/src/bsp/mcu/all/bsp_delay.o
LOAD ./ra/fsp/src/bsp/mcu/all/bsp_group_irq.o
LOAD ./ra/fsp/src/bsp/mcu/all/bsp_guard.o
LOAD ./ra/fsp/src/bsp/mcu/all/bsp_io.o
LOAD ./ra/fsp/src/bsp/mcu/all/bsp_irq.o
LOAD ./ra/fsp/src/bsp/mcu/all/bsp_macl.o
LOAD ./ra/fsp/src/bsp/mcu/all/bsp_register_protection.o
LOAD ./ra/fsp/src/bsp/mcu/all/bsp_rom_registers.o
LOAD ./ra/fsp/src/bsp/mcu/all/bsp_sbrk.o
LOAD ./ra/fsp/src/bsp/mcu/all/bsp_sdram.o
LOAD ./ra/fsp/src/bsp/mcu/all/bsp_security.o
LOAD ./ra/fsp/src/bsp/cmsis/Device/RENESAS/Source/startup.o
LOAD ./ra/fsp/src/bsp/cmsis/Device/RENESAS/Source/system.o
LOAD ./libs/c-watcher/src/watcher.o
LOAD ./libs/c-stopwatch/src/stopwatch.o
LOAD ./libs/c-stopwatch/src/stopwatch_timer.o
LOAD ./libs/c-debounce/src/debounce.o
LOAD ./libs/c-debounce/src/keypad.o
LOAD ./libs/c-debounce/src/pulsecounter.o
END GROUP
START GROUP
LOAD /home/maldus/Local/renesas/e2_studio/toolchains/gcc_arm/13_2-Rel1/arm-gnu-toolchain-13.2.Rel1-x86_64-arm-none-eabi/bin/../lib/gcc/arm-none-eabi/13.2.1/thumb/v8-m.base/nofp/libgcc.a
LOAD /home/maldus/Local/renesas/e2_studio/toolchains/gcc_arm/13_2-Rel1/arm-gnu-toolchain-13.2.Rel1-x86_64-arm-none-eabi/bin/../lib/gcc/arm-none-eabi/13.2.1/../../../../arm-none-eabi/lib/thumb/v8-m.base/nofp/libg_nano.a
LOAD /home/maldus/Local/renesas/e2_studio/toolchains/gcc_arm/13_2-Rel1/arm-gnu-toolchain-13.2.Rel1-x86_64-arm-none-eabi/bin/../lib/gcc/arm-none-eabi/13.2.1/../../../../arm-none-eabi/lib/thumb/v8-m.base/nofp/libc_nano.a
END GROUP
START GROUP
LOAD /home/maldus/Local/renesas/e2_studio/toolchains/gcc_arm/13_2-Rel1/arm-gnu-toolchain-13.2.Rel1-x86_64-arm-none-eabi/bin/../lib/gcc/arm-none-eabi/13.2.1/thumb/v8-m.base/nofp/libgcc.a
LOAD /home/maldus/Local/renesas/e2_studio/toolchains/gcc_arm/13_2-Rel1/arm-gnu-toolchain-13.2.Rel1-x86_64-arm-none-eabi/bin/../lib/gcc/arm-none-eabi/13.2.1/../../../../arm-none-eabi/lib/thumb/v8-m.base/nofp/libc_nano.a
END GROUP
LOAD /home/maldus/Local/renesas/e2_studio/toolchains/gcc_arm/13_2-Rel1/arm-gnu-toolchain-13.2.Rel1-x86_64-arm-none-eabi/bin/../lib/gcc/arm-none-eabi/13.2.1/thumb/v8-m.base/nofp/crtend.o
LOAD /home/maldus/Local/renesas/e2_studio/toolchains/gcc_arm/13_2-Rel1/arm-gnu-toolchain-13.2.Rel1-x86_64-arm-none-eabi/bin/../lib/gcc/arm-none-eabi/13.2.1/thumb/v8-m.base/nofp/crtn.o
                0x20000000                        RAM_START = 0x20000000
                0x00008000                        RAM_LENGTH = 0x8000
                0x00000000                        FLASH_START = 0x0
                0x00040000                        FLASH_LENGTH = 0x40000
                0x40100000                        DATA_FLASH_START = 0x40100000
                0x00002000                        DATA_FLASH_LENGTH = 0x2000
                0x00000000                        OPTION_SETTING_START = 0x0
                0x00000000                        OPTION_SETTING_LENGTH = 0x0
                0x80000000                        OPTION_SETTING_S_START = 0x80000000
                0x00000000                        OPTION_SETTING_S_LENGTH = 0x0
                0x01010018                        ID_CODE_START = 0x1010018
                0x00000020                        ID_CODE_LENGTH = 0x20
                0x80010000                        SDRAM_START = 0x80010000
                0x00000000                        SDRAM_LENGTH = 0x0
                0x60000000                        QSPI_FLASH_START = 0x60000000
                0x00000000                        QSPI_FLASH_LENGTH = 0x0
                0x80020000                        OSPI_DEVICE_0_START = 0x80020000
                0x00000000                        OSPI_DEVICE_0_LENGTH = 0x0
                0x80030000                        OSPI_DEVICE_1_START = 0x80030000
                0x00000000                        OSPI_DEVICE_1_LENGTH = 0x0
                0x00000000                        QSPI_FLASH_PRV_LENGTH = DEFINED (QSPI_FLASH_SIZE)?ABSOLUTE (QSPI_FLASH_SIZE):ABSOLUTE (QSPI_FLASH_LENGTH)
                0x00000000                        OSPI_DEVICE_0_PRV_LENGTH = DEFINED (OSPI_DEVICE_0_SIZE)?ABSOLUTE (OSPI_DEVICE_0_SIZE):ABSOLUTE (OSPI_DEVICE_0_LENGTH)
                0x00000000                        OSPI_DEVICE_1_PRV_LENGTH = DEFINED (OSPI_DEVICE_1_SIZE)?ABSOLUTE (OSPI_DEVICE_1_SIZE):ABSOLUTE (OSPI_DEVICE_1_LENGTH)
                0x00000000                        __RESERVE_NS_RAM = ((! (DEFINED (PROJECT_NONSECURE)) && DEFINED (RAM_NS_BUFFER_LENGTH)) && (OPTION_SETTING_S_LENGTH != 0x0))
                0x00000000                        ITCM_START = DEFINED (ITCM_START)?ITCM_START:0x0
                0x00000000                        ITCM_LENGTH = DEFINED (ITCM_LENGTH)?ITCM_LENGTH:0x0
                0x00000000                        DTCM_START = DEFINED (DTCM_START)?DTCM_START:0x0
                0x00000000                        DTCM_LENGTH = DEFINED (DTCM_LENGTH)?DTCM_LENGTH:0x0
                0x00000000                        RAM_NS_BUFFER_BLOCK_LENGTH = DEFINED (RAM_NS_BUFFER_LENGTH)?ALIGN (RAM_NS_BUFFER_LENGTH, 0x2000):0x0
                0x00000000                        RAM_NS_BUFFER_LENGTH = DEFINED (RAM_NS_BUFFER_LENGTH)?RAM_NS_BUFFER_LENGTH:0x0
                0x20008000                        RAM_NS_BUFFER_START = ((RAM_START + RAM_LENGTH) - RAM_NS_BUFFER_LENGTH)
                0x20008000                        RAM_NS_BUFFER_BLOCK_START = ((RAM_START + RAM_LENGTH) - RAM_NS_BUFFER_BLOCK_LENGTH)
                0x00000080                        OPTION_SETTING_START_NS = DEFINED (PROJECT_NONSECURE)?OPTION_SETTING_START:(OPTION_SETTING_START + 0x80)
                0x00000001                        __bl_FSP_BOOTABLE_IMAGE = 0x1
                0x00000001                        __bln_FSP_BOOTABLE_IMAGE = 0x1
                0x00000000                        PROJECT_SECURE_OR_FLAT = (((! (DEFINED (PROJECT_NONSECURE)) || DEFINED (PROJECT_SECURE)) && OPTION_SETTING_LENGTH) && ! (DEFINED (FSP_BOOTABLE_IMAGE)))
                0x00000000                        USE_OPTION_SETTING_NS = (DEFINED (PROJECT_NONSECURE) && ! (DEFINED (FSP_BOOTABLE_IMAGE)))
                0x00000000                        __bl_FLASH_IMAGE_START = ! (DEFINED (FLASH_BOOTLOADER_LENGTH))?0x0:(FLASH_APPLICATION_IMAGE_NUMBER == 0x1)?((FLASH_START + FLASH_BOOTLOADER_LENGTH) + FLASH_BOOTLOADER_HEADER_LENGTH):(DEFINED (BOOTLOADER_SECONDARY_USE_QSPI) || DEFINED (BOOTLOADER_SECONDARY_USE_OSPI_B))?(((FLASH_START + FLASH_BOOTLOADER_LENGTH) + FLASH_BOOTLOADER_SCRATCH_LENGTH) + FLASH_BOOTLOADER_HEADER_LENGTH):((((FLASH_START + FLASH_BOOTLOADER_LENGTH) + FLASH_BOOTLOADER_SCRATCH_LENGTH) + FLASH_APPLICATION_S_LENGTH) + FLASH_BOOTLOADER_HEADER_LENGTH)
                0x00000000                        __bl_FLASH_IMAGE_LENGTH = ! (DEFINED (FLASH_BOOTLOADER_LENGTH))?0x0:(FLASH_APPLICATION_S_LENGTH - FLASH_BOOTLOADER_HEADER_LENGTH)
                0x00000000                        __bl_FLASH_IMAGE_END = (__bl_FLASH_IMAGE_START + __bl_FLASH_IMAGE_LENGTH)
                0x00000000                        __bl_XIP_SECONDARY_FLASH_IMAGE_START = ! (DEFINED (FLASH_BOOTLOADER_LENGTH))?0x0:((FLASH_BOOTLOADER_LENGTH + FLASH_APPLICATION_S_LENGTH) + FLASH_BOOTLOADER_HEADER_LENGTH)
                0x00000000                        __bl_XIP_SECONDARY_FLASH_IMAGE_END = (__bl_XIP_SECONDARY_FLASH_IMAGE_START + __bl_FLASH_IMAGE_LENGTH)
                0x00000000                        __bl_FLASH_NS_START = ! (DEFINED (FLASH_BOOTLOADER_LENGTH))?0x0:(FLASH_APPLICATION_NS_LENGTH == 0x0)?__bl_FLASH_IMAGE_END:((__bl_FLASH_IMAGE_START - FLASH_BOOTLOADER_HEADER_LENGTH) + FLASH_APPLICATION_S_LENGTH)
                0x00000000                        __bl_FLASH_NSC_START = ! (DEFINED (FLASH_BOOTLOADER_LENGTH))?0x0:(FLASH_APPLICATION_NS_LENGTH == 0x0)?__bl_FLASH_IMAGE_END:(__bl_FLASH_IMAGE_END - FLASH_APPLICATION_NSC_LENGTH)
                0x00000000                        __bl_RAM_NS_START = ! (DEFINED (FLASH_BOOTLOADER_LENGTH))?0x0:(FLASH_APPLICATION_NS_LENGTH == 0x0)?(RAM_START + RAM_LENGTH):((RAM_START + RAM_LENGTH) - RAM_APPLICATION_NS_LENGTH)
                0x00000000                        __bl_RAM_NSC_START = ! (DEFINED (FLASH_BOOTLOADER_LENGTH))?0x0:(FLASH_APPLICATION_NS_LENGTH == 0x0)?(RAM_START + RAM_LENGTH):(__bl_RAM_NS_START - RAM_APPLICATION_NSC_LENGTH)
                0x00000000                        __bl_FLASH_NS_IMAGE_START = ! (DEFINED (FLASH_BOOTLOADER_LENGTH))?0x0:(FLASH_APPLICATION_NS_LENGTH == 0x0)?__bl_FLASH_IMAGE_END:(__bl_FLASH_NS_START + FLASH_BOOTLOADER_HEADER_LENGTH_2)
                0x00000000                        __bln_FLASH_IMAGE_START = (__bl_FLASH_NS_IMAGE_START | ! (DEFINED (NS_OFFSET_START))?0x0:NS_OFFSET_START)
                0x00000000                        __bln_FLASH_IMAGE_LENGTH = ! (DEFINED (FLASH_BOOTLOADER_LENGTH))?0x0:(FLASH_APPLICATION_NS_LENGTH == 0x0)?__bl_FLASH_IMAGE_END:(FLASH_APPLICATION_NS_LENGTH - FLASH_BOOTLOADER_HEADER_LENGTH_2)
                0x00000000                        XIP_SECONDARY_SLOT_IMAGE = DEFINED (XIP_SECONDARY_SLOT_IMAGE)?XIP_SECONDARY_SLOT_IMAGE:0x0
                0x00000000                        FLASH_ORIGIN = ! (DEFINED (FLASH_IMAGE_START))?FLASH_START:(XIP_SECONDARY_SLOT_IMAGE == 0x1)?XIP_SECONDARY_FLASH_IMAGE_START:FLASH_IMAGE_START
                0x00040000                        LIMITED_FLASH_LENGTH = DEFINED (FLASH_IMAGE_LENGTH)?FLASH_IMAGE_LENGTH:DEFINED (FLASH_BOOTLOADER_LENGTH)?FLASH_BOOTLOADER_LENGTH:FLASH_LENGTH
                0x00000034                        OPTION_SETTING_SAS_SIZE = 0x34
                0x00000000                        OPTION_SETTING_SAS_LENGTH = ! (DEFINED (OPTION_SETTING_LENGTH))?0x0:(OPTION_SETTING_LENGTH == 0x0)?0x0:(OPTION_SETTING_LENGTH - OPTION_SETTING_SAS_SIZE)
START GROUP
LOAD /home/maldus/Local/renesas/e2_studio/toolchains/gcc_arm/13_2-Rel1/arm-gnu-toolchain-13.2.Rel1-x86_64-arm-none-eabi/bin/../lib/gcc/arm-none-eabi/13.2.1/thumb/v8-m.base/nofp/libgcc.a
LOAD /home/maldus/Local/renesas/e2_studio/toolchains/gcc_arm/13_2-Rel1/arm-gnu-toolchain-13.2.Rel1-x86_64-arm-none-eabi/bin/../lib/gcc/arm-none-eabi/13.2.1/../../../../arm-none-eabi/lib/thumb/v8-m.base/nofp/libc.a
LOAD /home/maldus/Local/renesas/e2_studio/toolchains/gcc_arm/13_2-Rel1/arm-gnu-toolchain-13.2.Rel1-x86_64-arm-none-eabi/bin/../lib/gcc/arm-none-eabi/13.2.1/../../../../arm-none-eabi/lib/thumb/v8-m.base/nofp/libm.a
END GROUP

.text           0x00000000     0x7274
                0x00000000                        __tz_FLASH_S = ABSOLUTE (FLASH_START)
                0x00000000                        __ROM_Start = .
 *(.fixed_vectors*)
 .fixed_vectors
                0x00000000       0x40 ./ra/fsp/src/bsp/cmsis/Device/RENESAS/Source/startup.o
                0x00000000                __Vectors
 *(.application_vectors*)
 .application_vectors
                0x00000040       0x80 ./ra_gen/vector_data.o
                0x00000040                g_vector_table
                0x000000c0                        __Vectors_End = .
 *(.flash_gap*)
                0x00000400                        . = (OPTION_SETTING_LENGTH > 0x0)?.:(__ROM_Start + 0x400)
 *fill*         0x000000c0      0x340 ff
 *(.rom_registers*)
 .rom_registers
                0x00000400       0x3c ./ra/fsp/src/bsp/mcu/all/bsp_rom_registers.o
 *(.mcuboot_sce9_key*)
 *(.text*)
 .text.deregister_tm_clones
                0x0000043c       0x24 /home/maldus/Local/renesas/e2_studio/toolchains/gcc_arm/13_2-Rel1/arm-gnu-toolchain-13.2.Rel1-x86_64-arm-none-eabi/bin/../lib/gcc/arm-none-eabi/13.2.1/thumb/v8-m.base/nofp/crtbegin.o
 .text.register_tm_clones
                0x00000460       0x2c /home/maldus/Local/renesas/e2_studio/toolchains/gcc_arm/13_2-Rel1/arm-gnu-toolchain-13.2.Rel1-x86_64-arm-none-eabi/bin/../lib/gcc/arm-none-eabi/13.2.1/thumb/v8-m.base/nofp/crtbegin.o
 .text.__do_global_dtors_aux
                0x0000048c       0x30 /home/maldus/Local/renesas/e2_studio/toolchains/gcc_arm/13_2-Rel1/arm-gnu-toolchain-13.2.Rel1-x86_64-arm-none-eabi/bin/../lib/gcc/arm-none-eabi/13.2.1/thumb/v8-m.base/nofp/crtbegin.o
 .text.frame_dummy
                0x000004bc       0x28 /home/maldus/Local/renesas/e2_studio/toolchains/gcc_arm/13_2-Rel1/arm-gnu-toolchain-13.2.Rel1-x86_64-arm-none-eabi/bin/../lib/gcc/arm-none-eabi/13.2.1/thumb/v8-m.base/nofp/crtbegin.o
 .text.crc16_ccitt
                0x000004e4       0x2a ./src/services/crc16-ccitt.o
                0x000004e4                crc16_ccitt
 .text.paused_exit
                0x0000050e       0x14 ./src/model/cycle.o
 .text.fix_timer
                0x00000522       0x26 ./src/model/cycle.o
 .text.paused_entry
                0x00000548       0x62 ./src/model/cycle.o
 .text.start_everything
                0x000005aa       0x50 ./src/model/cycle.o
 .text.should_time_be_running
                0x000005fa       0x20 ./src/model/cycle.o
 .text.paused_event_manager
                0x0000061a       0x64 ./src/model/cycle.o
 .text.prepare_cycle_time
                0x0000067e       0x26 ./src/model/cycle.o
 .text.running_event_manager
                0x000006a4      0x140 ./src/model/cycle.o
 .text.standby_event_manager
                0x000007e4       0xd8 ./src/model/cycle.o
 .text.wait_start_event_manager
                0x000008bc       0x8c ./src/model/cycle.o
 .text.stopped_event_manager
                0x00000948       0x8e ./src/model/cycle.o
 .text.stop_everything
                0x000009d6       0x66 ./src/model/cycle.o
 .text.stopped_entry
                0x00000a3c        0x8 ./src/model/cycle.o
 .text.cycle_send_event
                0x00000a44       0x4c ./src/model/cycle.o
                0x00000a44                cycle_send_event
 .text.timer_event_callback
                0x00000a90       0x10 ./src/model/cycle.o
 .text.cycle_init
                0x00000aa0       0x56 ./src/model/cycle.o
                0x00000aa0                cycle_init
 .text.cycle_change_remaining_time
                0x00000af6       0x44 ./src/model/cycle.o
                0x00000af6                cycle_change_remaining_time
 .text.cycle_cold_start
                0x00000b3a       0x18 ./src/model/cycle.o
                0x00000b3a                cycle_cold_start
 .text.cycle_check
                0x00000b52       0x10 ./src/model/cycle.o
                0x00000b52                cycle_check
 .text.cycle_manage
                0x00000b62       0x3e ./src/model/cycle.o
                0x00000b62                cycle_manage
 .text.cycle_set_duration
                0x00000ba0       0x5e ./src/model/cycle.o
                0x00000ba0                cycle_set_duration
 .text.cycle_increase_duration
                0x00000bfe       0x2e ./src/model/cycle.o
                0x00000bfe                cycle_increase_duration
 .text.setpoint_reached_entry
                0x00000c2c       0x14 ./src/model/heating.o
 .text.setpoint_reached_event_manager
                0x00000c40       0x46 ./src/model/heating.o
 .text.on_event_manager
                0x00000c86       0x48 ./src/model/heating.o
 .text.off_event_manager
                0x00000cce       0x3e ./src/model/heating.o
 .text.on_exit  0x00000d0c       0x1c ./src/model/heating.o
 .text.on_entry
                0x00000d28       0x1c ./src/model/heating.o
 .text.heating_send_event
                0x00000d44       0x4c ./src/model/heating.o
                0x00000d44                heating_send_event
 .text.heating_init
                0x00000d90       0x14 ./src/model/heating.o
                0x00000d90                heating_init
 .text.heating_manage
                0x00000da4       0x3e ./src/model/heating.o
                0x00000da4                heating_manage
 .text.heating_on
                0x00000de2        0xe ./src/model/heating.o
                0x00000de2                heating_on
 .text.heating_off
                0x00000df0        0xe ./src/model/heating.o
                0x00000df0                heating_off
 .text.ptc_temperature_from_adc_value
                0x00000dfe       0x2e ./src/model/model.o
 .text.is_input_active
                0x00000e2c       0x1a ./src/model/model.o
 .text.is_payment_present
                0x00000e46       0x20 ./src/model/model.o
 .text.get_pwm_drum_percentage
                0x00000e66       0x3e ./src/model/model.o
 .text.set_drum_timestamp
                0x00000ea4       0x16 ./src/model/model.o
 .text.communication_is_missing
                0x00000eba       0x18 ./src/model/model.o
 .text.model_init
                0x00000ed2       0x48 ./src/model/model.o
                0x00000ed2                model_init
 .text.model_is_inverter_alarm_active
                0x00000f1a       0x2e ./src/model/model.o
                0x00000f1a                model_is_inverter_alarm_active
 .text.model_is_emergency_alarm_active
                0x00000f48       0x2e ./src/model/model.o
                0x00000f48                model_is_emergency_alarm_active
 .text.model_is_filter_alarm_active
                0x00000f76       0x2e ./src/model/model.o
                0x00000f76                model_is_filter_alarm_active
 .text.model_is_porthole_open
                0x00000fa4       0x2e ./src/model/model.o
                0x00000fa4                model_is_porthole_open
 .text.model_get_pressure
                0x00000fd2       0x48 ./src/model/model.o
                0x00000fd2                model_get_pressure
 .text.model_cycle_resume
                0x0000101a       0x10 ./src/model/model.o
                0x0000101a                model_cycle_resume
 .text.model_cycle_pause
                0x0000102a       0x10 ./src/model/model.o
                0x0000102a                model_cycle_pause
 .text.model_cycle_standby
                0x0000103a       0x10 ./src/model/model.o
                0x0000103a                model_cycle_standby
 .text.model_cycle_stop
                0x0000104a       0x10 ./src/model/model.o
                0x0000104a                model_cycle_stop
 .text.model_get_step_duration_seconds
                0x0000105a       0x32 ./src/model/model.o
                0x0000105a                model_get_step_duration_seconds
 .text.model_is_step_endless
                0x0000108c       0x38 ./src/model/model.o
                0x0000108c                model_is_step_endless
 .text.model_get_cycle_remaining_time
                0x000010c4       0x2a ./src/model/model.o
                0x000010c4                model_get_cycle_remaining_time
 .text.model_is_cycle_on
                0x000010ee       0x32 ./src/model/model.o
                0x000010ee                model_is_cycle_on
 .text.model_get_pwm_drum_percentage
                0x00001120       0x38 ./src/model/model.o
                0x00001120                model_get_pwm_drum_percentage
 .text.model_update_sensors
                0x00001158       0xe8 ./src/model/model.o
                0x00001158                model_update_sensors
 .text.model_pwoff_serialize
                0x00001240      0x130 ./src/model/model.o
                0x00001240                model_pwoff_serialize
 .text.model_pwoff_deserialize
                0x00001370      0x15e ./src/model/model.o
                0x00001370                model_pwoff_deserialize
 .text.model_clear_coins
                0x000014ce       0x30 ./src/model/model.o
                0x000014ce                model_clear_coins
 .text.model_heating_enabled
                0x000014fe       0x2e ./src/model/model.o
                0x000014fe                model_heating_enabled
 .text.model_ciclo_continuo
                0x0000152c       0x3c ./src/model/model.o
                0x0000152c                model_ciclo_continuo
 .text.model_get_elapsed_seconds
                0x00001568       0x5a ./src/model/model.o
                0x00001568                model_get_elapsed_seconds
 .text.model_get_remaining_seconds
                0x000015c2       0x5a ./src/model/model.o
                0x000015c2                model_get_remaining_seconds
 .text.model_get_setpoint
                0x0000161c       0x2a ./src/model/model.o
                0x0000161c                model_get_setpoint
 .text.model_get_default_temperature
                0x00001646       0x6c ./src/model/model.o
                0x00001646                model_get_default_temperature
 .text.model_add_work_time_ms
                0x000016b2       0x34 ./src/model/model.o
                0x000016b2                model_add_work_time_ms
 .text.model_add_rotation_time_ms
                0x000016e6       0x34 ./src/model/model.o
                0x000016e6                model_add_rotation_time_ms
 .text.model_add_ventilation_time_ms
                0x0000171a       0x34 ./src/model/model.o
                0x0000171a                model_add_ventilation_time_ms
 .text.model_add_heating_time_ms
                0x0000174e       0x34 ./src/model/model.o
                0x0000174e                model_add_heating_time_ms
 .text.model_over_safety_temperature
                0x00001782       0x3a ./src/model/model.o
                0x00001782                model_over_safety_temperature
 .text.model_drum_forward
                0x000017bc       0x32 ./src/model/model.o
                0x000017bc                model_drum_forward
 .text.model_drum_backward
                0x000017ee       0x32 ./src/model/model.o
                0x000017ee                model_drum_backward
 .text.model_drum_stop
                0x00001820       0x4e ./src/model/model.o
                0x00001820                model_drum_stop
 .text.model_is_drum_running_forward
                0x0000186e       0x32 ./src/model/model.o
                0x0000186e                model_is_drum_running_forward
 .text.model_is_cycle_active
                0x000018a0       0x40 ./src/model/model.o
                0x000018a0                model_is_cycle_active
 .text.model_is_fan_on
                0x000018e0       0x6a ./src/model/model.o
                0x000018e0                model_is_fan_on
 .text.model_get_active_alarms
                0x0000194a      0x10c ./src/model/model.o
                0x0000194a                model_get_active_alarms
 .text.model_fix_alarms
                0x00001a56       0x60 ./src/model/model.o
                0x00001a56                model_fix_alarms
 .text.model_clear_alarms
                0x00001ab6       0x3a ./src/model/model.o
                0x00001ab6                model_clear_alarms
 .text.model_get_relay_map
                0x00001af0      0x114 ./src/model/model.o
                0x00001af0                model_get_relay_map
 .text.get_pwm_fan_percentage
                0x00001c04       0x3c ./src/model/model.o
 .text.model_get_pwm_fan_percentage
                0x00001c40       0x38 ./src/model/model.o
                0x00001c40                model_get_pwm_fan_percentage
 .text.model_manage
                0x00001c78      0x1bc ./src/model/model.o
                0x00001c78                model_manage
 .text.model_reset_burner
                0x00001e34       0x3e ./src/model/model.o
                0x00001e34                model_reset_burner
 .text.model_cycle_over
                0x00001e72       0x5e ./src/model/model.o
                0x00001e72                model_cycle_over
 .text.model_is_time_held_by_humidity
                0x00001ed0       0x20 ./src/model/model.o
                0x00001ed0                model_is_time_held_by_humidity
 .text.model_is_time_held_by_temperature
                0x00001ef0       0x14 ./src/model/model.o
                0x00001ef0                model_is_time_held_by_temperature
 .text.controller_init
                0x00001f04       0x36 ./src/controller/controller.o
                0x00001f04                controller_init
 .text.controller_manage
                0x00001f3a       0xda ./src/controller/controller.o
                0x00001f3a                controller_manage
 .text.controller_power_off
                0x00002014       0x36 ./src/controller/controller.o
                0x00002014                controller_power_off
 .text.update_coin_reader_inhibit
                0x0000204a        0xa ./src/controller/observer.o
 .text.update_alarms
                0x00002054       0x18 ./src/controller/observer.o
 .text.update_pwm
                0x0000206c       0x1c ./src/controller/observer.o
 .text.refresh_relays
                0x00002088       0x22 ./src/controller/observer.o
 .text.update_relays
                0x000020aa       0x12 ./src/controller/observer.o
 .text.observer_manage
                0x000020bc       0x3a ./src/controller/observer.o
                0x000020bc                observer_manage
 .text.observer_init
                0x000020f6       0xaa ./src/controller/observer.o
                0x000020f6                observer_init
 .text.bsp_adc_init
                0x000021a0       0x7e ./src/bsp/adc.o
                0x000021a0                bsp_adc_init
 .text.bsp_adc_manage
                0x0000221e       0xa2 ./src/bsp/adc.o
                0x0000221e                bsp_adc_manage
 .text.bsp_adc_get
                0x000022c0       0x38 ./src/bsp/adc.o
                0x000022c0                bsp_adc_get
 .text.bsp_adc_callback
                0x000022f8        0x2 ./src/bsp/adc.o
                0x000022f8                bsp_adc_callback
 .text.bsp_coin_reader_enable
                0x000022fa       0x2e ./src/bsp/coin_reader.o
                0x000022fa                bsp_coin_reader_enable
 .text.bsp_coin_reader_init
                0x00002328       0x1a ./src/bsp/coin_reader.o
                0x00002328                bsp_coin_reader_init
 .text.bsp_coin_reader_manage
                0x00002342       0x86 ./src/bsp/coin_reader.o
                0x00002342                bsp_coin_reader_manage
 .text.bsp_coin_reader_read
                0x000023c8       0x1c ./src/bsp/coin_reader.o
                0x000023c8                bsp_coin_reader_read
 .text.bsp_coin_reader_clear
                0x000023e4       0x20 ./src/bsp/coin_reader.o
                0x000023e4                bsp_coin_reader_clear
 .text.bsp_digin_init
                0x00002404       0x10 ./src/bsp/digin.o
                0x00002404                bsp_digin_init
 .text.bsp_digin_is_ready
                0x00002414       0x14 ./src/bsp/digin.o
                0x00002414                bsp_digin_is_ready
 .text.bsp_digin_manage
                0x00002428       0xa6 ./src/bsp/digin.o
                0x00002428                bsp_digin_manage
 .text.bsp_digin_get_bitmap
                0x000024ce        0xc ./src/bsp/digin.o
                0x000024ce                bsp_digin_get_bitmap
 .text.bsp_heartbit_manage
                0x000024da       0xac ./src/bsp/heartbit.o
                0x000024da                bsp_heartbit_manage
 .text.erase_block
                0x00002586       0x3e ./src/bsp/power_off.o
 .text.find_last_sub_block_index
                0x000025c4       0x82 ./src/bsp/power_off.o
 .text.power_off_callback
                0x00002646       0x1c ./src/bsp/power_off.o
                0x00002646                power_off_callback
 .text.bsp_power_off_init
                0x00002662      0x10e ./src/bsp/power_off.o
                0x00002662                bsp_power_off_init
 .text.bsp_power_off_save
                0x00002770       0x9a ./src/bsp/power_off.o
                0x00002770                bsp_power_off_save
 .text.bsp_power_off_load
                0x0000280a       0x4e ./src/bsp/power_off.o
                0x0000280a                bsp_power_off_load
 .text.bsp_pwm_init
                0x00002858       0x5e ./src/bsp/pwm.o
                0x00002858                bsp_pwm_init
 .text.bsp_pwm_update
                0x000028b6       0x5e ./src/bsp/pwm.o
                0x000028b6                bsp_pwm_update
 .text.bsp_relay_update
                0x00002914       0x3a ./src/bsp/relay.o
                0x00002914                bsp_relay_update
 .text.bsp_rs232_init
                0x0000294e       0x16 ./src/bsp/rs232.o
                0x0000294e                bsp_rs232_init
 .text.bsp_rs232_write
                0x00002964       0x1a ./src/bsp/rs232.o
                0x00002964                bsp_rs232_write
 .text.bsp_rs232_read
                0x0000297e       0x26 ./src/bsp/rs232.o
                0x0000297e                bsp_rs232_read
 .text.bsp_rs232_flush
                0x000029a4        0xe ./src/bsp/rs232.o
                0x000029a4                bsp_rs232_flush
 .text.rs232_callback
                0x000029b2       0x50 ./src/bsp/rs232.o
                0x000029b2                rs232_callback
 .text.bsp_rs232_timed_out
                0x00002a02       0x1c ./src/bsp/rs232.o
                0x00002a02                bsp_rs232_timed_out
 .text.spi_master_exchange
                0x00002a1e       0xb2 ./src/bsp/spi.o
                0x00002a1e                spi_master_exchange
 .text.SysTick_Config
                0x00002ad0       0x3a ./src/bsp/system.o
 .text.SysTick_Handler
                0x00002b0a       0x10 ./src/bsp/system.o
                0x00002b0a                SysTick_Handler
 .text.bsp_system_init
                0x00002b1a       0x2a ./src/bsp/system.o
                0x00002b1a                bsp_system_init
 .text.bsp_system_get_millis
                0x00002b44        0xc ./src/bsp/system.o
                0x00002b44                bsp_system_get_millis
 .text.crc8_ccitt
                0x00002b50       0x1e ./src/bsp/temperature_humidity_probe.o
 .text.temperature_humidity_probe_read
                0x00002b6e       0xa6 ./src/bsp/temperature_humidity_probe.o
                0x00002b6e                temperature_humidity_probe_read
 .text.modbusMaskWrite
                0x00002c14       0x2c ./src/adapters/modbus_server.o
 .text.modbusIsOk
                0x00002c40       0x18 ./src/adapters/modbus_server.o
 .text.static_allocator
                0x00002c58       0x28 ./src/adapters/modbus_server.o
 .text.exception_callback
                0x00002c80        0x4 ./src/adapters/modbus_server.o
 .text.register_callback
                0x00002c84      0x548 ./src/adapters/modbus_server.o
 .text.modbusBufferInit
                0x000031cc       0x12 ./src/adapters/modbus_server.o
                0x000031cc                modbusBufferInit
 .text.modbusBufferAllocateADU
                0x000031de       0x32 ./src/adapters/modbus_server.o
                0x000031de                modbusBufferAllocateADU
 .text.modbusBufferFree
                0x00003210        0xc ./src/adapters/modbus_server.o
                0x00003210                modbusBufferFree
 .text.modbusCRC
                0x0000321c       0x38 ./src/adapters/modbus_server.o
                0x0000321c                modbusCRC
 .text.modbusSlaveInit
                0x00003254       0x1e ./src/adapters/modbus_server.o
                0x00003254                modbusSlaveInit
 .text.modbusBuildException
                0x00003272       0x32 ./src/adapters/modbus_server.o
                0x00003272                modbusBuildException
 .text.modbusParseRequest01020304
                0x000032a4      0x180 ./src/adapters/modbus_server.o
                0x000032a4                modbusParseRequest01020304
 .text.modbusParseRequest1516
                0x00003424      0x1b6 ./src/adapters/modbus_server.o
                0x00003424                modbusParseRequest1516
 .text.modbusParseRequest
                0x000035da       0x32 ./src/adapters/modbus_server.o
                0x000035da                modbusParseRequest
 .text.modbusParseRequestRTU
                0x0000360c       0xd4 ./src/adapters/modbus_server.o
                0x0000360c                modbusParseRequestRTU
 .text.modbus_server_init
                0x000036e0       0x5e ./src/adapters/modbus_server.o
                0x000036e0                modbus_server_init
 .text.modbus_server_manage
                0x0000373e       0x66 ./src/adapters/modbus_server.o
                0x0000373e                modbus_server_manage
 .text.hal_entry
                0x000037a4       0x86 ./src/hal_entry.o
                0x000037a4                hal_entry
 .text.R_BSP_WarmStart
                0x0000382a       0x2e ./src/hal_entry.o
                0x0000382a                R_BSP_WarmStart
 .text.main     0x00003858        0xa ./ra_gen/main.o
                0x00003858                main
 .text.R_SCI_UART_Read
                0x00003862        0x8 ./ra/fsp/src/r_sci_uart/r_sci_uart.o
                0x00003862                R_SCI_UART_Read
 *fill*         0x0000386a        0x2 ff
 .text.R_SCI_UART_Write
                0x0000386c       0x50 ./ra/fsp/src/r_sci_uart/r_sci_uart.o
                0x0000386c                R_SCI_UART_Write
 .text.R_SCI_UART_CallbackSet
                0x000038bc        0xa ./ra/fsp/src/r_sci_uart/r_sci_uart.o
                0x000038bc                R_SCI_UART_CallbackSet
 .text.R_SCI_UART_InfoGet
                0x000038c6        0xc ./ra/fsp/src/r_sci_uart/r_sci_uart.o
                0x000038c6                R_SCI_UART_InfoGet
 .text.R_SCI_UART_Abort
                0x000038d2       0x28 ./ra/fsp/src/r_sci_uart/r_sci_uart.o
                0x000038d2                R_SCI_UART_Abort
 .text.R_SCI_UART_ReadStop
                0x000038fa        0xc ./ra/fsp/src/r_sci_uart/r_sci_uart.o
                0x000038fa                R_SCI_UART_ReadStop
 .text.r_sci_uart_baud_set
                0x00003906       0x2a ./ra/fsp/src/r_sci_uart/r_sci_uart.o
 .text.r_sci_uart_config_set
                0x00003930       0x98 ./ra/fsp/src/r_sci_uart/r_sci_uart.o
 .text.R_SCI_UART_BaudSet
                0x000039c8       0x24 ./ra/fsp/src/r_sci_uart/r_sci_uart.o
                0x000039c8                R_SCI_UART_BaudSet
 .text.r_sci_uart_call_callback
                0x000039ec       0x4c ./ra/fsp/src/r_sci_uart/r_sci_uart.o
 .text.R_SCI_UART_Close
                0x00003a38       0x60 ./ra/fsp/src/r_sci_uart/r_sci_uart.o
                0x00003a38                R_SCI_UART_Close
 .text.r_sci_irq_cfg
                0x00003a98       0x20 ./ra/fsp/src/r_sci_uart/r_sci_uart.o
 .text.r_sci_irqs_cfg
                0x00003ab8       0x36 ./ra/fsp/src/r_sci_uart/r_sci_uart.o
 .text.R_SCI_UART_Open
                0x00003aee      0x100 ./ra/fsp/src/r_sci_uart/r_sci_uart.o
                0x00003aee                R_SCI_UART_Open
 *fill*         0x00003bee        0x2 ff
 .text.sci_uart_txi_isr
                0x00003bf0       0x8c ./ra/fsp/src/r_sci_uart/r_sci_uart.o
                0x00003bf0                sci_uart_txi_isr
 .text.sci_uart_rxi_isr
                0x00003c7c       0x8c ./ra/fsp/src/r_sci_uart/r_sci_uart.o
                0x00003c7c                sci_uart_rxi_isr
 .text.sci_uart_tei_isr
                0x00003d08       0x38 ./ra/fsp/src/r_sci_uart/r_sci_uart.o
                0x00003d08                sci_uart_tei_isr
 .text.sci_uart_eri_isr
                0x00003d40       0x66 ./ra/fsp/src/r_sci_uart/r_sci_uart.o
                0x00003d40                sci_uart_eri_isr
 .text.R_BSP_PinAccessEnable
                0x00003da6       0x3a ./ra/fsp/src/r_ioport/r_ioport.o
 .text.R_BSP_PinAccessDisable
                0x00003de0       0x46 ./ra/fsp/src/r_ioport/r_ioport.o
 .text.R_IOPORT_Close
                0x00003e26        0x8 ./ra/fsp/src/r_ioport/r_ioport.o
                0x00003e26                R_IOPORT_Close
 .text.R_IOPORT_PinRead
                0x00003e2e       0x22 ./ra/fsp/src/r_ioport/r_ioport.o
                0x00003e2e                R_IOPORT_PinRead
 .text.R_IOPORT_PortRead
                0x00003e50       0x16 ./ra/fsp/src/r_ioport/r_ioport.o
                0x00003e50                R_IOPORT_PortRead
 .text.R_IOPORT_PortWrite
                0x00003e66       0x22 ./ra/fsp/src/r_ioport/r_ioport.o
                0x00003e66                R_IOPORT_PortWrite
 .text.R_IOPORT_PinWrite
                0x00003e88       0x2c ./ra/fsp/src/r_ioport/r_ioport.o
                0x00003e88                R_IOPORT_PinWrite
 .text.R_IOPORT_PortDirectionSet
                0x00003eb4       0x24 ./ra/fsp/src/r_ioport/r_ioport.o
                0x00003eb4                R_IOPORT_PortDirectionSet
 .text.R_IOPORT_PortEventInputRead
                0x00003ed8       0x18 ./ra/fsp/src/r_ioport/r_ioport.o
                0x00003ed8                R_IOPORT_PortEventInputRead
 .text.R_IOPORT_PinEventInputRead
                0x00003ef0       0x30 ./ra/fsp/src/r_ioport/r_ioport.o
                0x00003ef0                R_IOPORT_PinEventInputRead
 .text.R_IOPORT_PortEventOutputWrite
                0x00003f20       0x22 ./ra/fsp/src/r_ioport/r_ioport.o
                0x00003f20                R_IOPORT_PortEventOutputWrite
 .text.r_ioport_hw_pin_event_output_data_write
                0x00003f42       0x2a ./ra/fsp/src/r_ioport/r_ioport.o
 .text.R_IOPORT_PinEventOutputWrite
                0x00003f6c       0x12 ./ra/fsp/src/r_ioport/r_ioport.o
                0x00003f6c                R_IOPORT_PinEventOutputWrite
 *fill*         0x00003f7e        0x2 ff
 .text.r_ioport_pfs_write
                0x00003f80       0x44 ./ra/fsp/src/r_ioport/r_ioport.o
 .text.r_ioport_pins_config
                0x00003fc4       0x2a ./ra/fsp/src/r_ioport/r_ioport.o
 .text.R_IOPORT_Open
                0x00003fee       0x16 ./ra/fsp/src/r_ioport/r_ioport.o
                0x00003fee                R_IOPORT_Open
 .text.R_IOPORT_PinsCfg
                0x00004004        0xc ./ra/fsp/src/r_ioport/r_ioport.o
                0x00004004                R_IOPORT_PinsCfg
 .text.R_IOPORT_PinCfg
                0x00004010       0x1a ./ra/fsp/src/r_ioport/r_ioport.o
                0x00004010                R_IOPORT_PinCfg
 .text.R_ICU_ExternalIrqOpen
                0x0000402a       0x68 ./ra/fsp/src/r_icu/r_icu.o
                0x0000402a                R_ICU_ExternalIrqOpen
 .text.R_ICU_ExternalIrqEnable
                0x00004092        0xe ./ra/fsp/src/r_icu/r_icu.o
                0x00004092                R_ICU_ExternalIrqEnable
 .text.r_icu_isr
                0x000040a0       0x60 ./ra/fsp/src/r_icu/r_icu.o
                0x000040a0                r_icu_isr
 .text.R_GPT_Start
                0x00004100        0xa ./ra/fsp/src/r_gpt/r_gpt.o
                0x00004100                R_GPT_Start
 .text.gpt_common_open
                0x0000410a       0x2e ./ra/fsp/src/r_gpt/r_gpt.o
 .text.gpt_hardware_events_disable
                0x00004138       0x1c ./ra/fsp/src/r_gpt/r_gpt.o
 .text.gpt_calculate_duty_cycle
                0x00004154       0x64 ./ra/fsp/src/r_gpt/r_gpt.o
 .text.R_GPT_DutyCycleSet
                0x000041b8       0xbc ./ra/fsp/src/r_gpt/r_gpt.o
                0x000041b8                R_GPT_DutyCycleSet
 .text.gpt_clock_frequency_get
                0x00004274       0x34 ./ra/fsp/src/r_gpt/r_gpt.o
 .text.R_GPT_InfoGet
                0x000042a8       0x1a ./ra/fsp/src/r_gpt/r_gpt.o
                0x000042a8                R_GPT_InfoGet
 .text.gpt_gtior_calculate
                0x000042c2       0x2a ./ra/fsp/src/r_gpt/r_gpt.o
 .text.r_gpt_init_compare_match_channel
                0x000042ec       0x26 ./ra/fsp/src/r_gpt/r_gpt.o
 .text.r_gpt_enable_irq
                0x00004312        0xe ./ra/fsp/src/r_gpt/r_gpt.o
 .text.gpt_hardware_initialize
                0x00004320      0x1ac ./ra/fsp/src/r_gpt/r_gpt.o
 .text.R_GPT_Open
                0x000044cc       0x28 ./ra/fsp/src/r_gpt/r_gpt.o
                0x000044cc                R_GPT_Open
 .text.r_flash_lp_init
                0x000044f4       0xb4 ./ra/fsp/src/r_flash_lp/r_flash_lp.o
 .text.r_flash_lp_df_write_operation
                0x000045a8       0x30 ./ra/fsp/src/r_flash_lp/r_flash_lp.o
 .text.r_flash_lp_process_command
                0x000045d8       0x3a ./ra/fsp/src/r_flash_lp/r_flash_lp.o
 .text.r_flash_lp_delay_us
                0x00004612       0x10 ./ra/fsp/src/r_flash_lp/r_flash_lp.o
 .text.r_flash_lp_setup
                0x00004622       0xa4 ./ra/fsp/src/r_flash_lp/r_flash_lp.o
 .text.r_flash_lp_write_fpmcr
                0x000046c6       0x2a ./ra/fsp/src/r_flash_lp/r_flash_lp.o
 .text.r_flash_lp_df_enter_pe_mode
                0x000046f0       0x30 ./ra/fsp/src/r_flash_lp/r_flash_lp.o
 .text.r_flash_lp_pe_mode_exit
                0x00004720       0x58 ./ra/fsp/src/r_flash_lp/r_flash_lp.o
 .text.r_flash_lp_reset
                0x00004778       0x3e ./ra/fsp/src/r_flash_lp/r_flash_lp.o
 .text.r_flash_lp_command_finish
                0x000047b6       0x6a ./ra/fsp/src/r_flash_lp/r_flash_lp.o
 .text.r_flash_lp_wait_for_ready
                0x00004820       0x40 ./ra/fsp/src/r_flash_lp/r_flash_lp.o
 .text.r_flash_lp_df_write_monitor
                0x00004860       0x30 ./ra/fsp/src/r_flash_lp/r_flash_lp.o
 .text.r_flash_lp_df_write
                0x00004890       0x40 ./ra/fsp/src/r_flash_lp/r_flash_lp.o
 .text.R_FLASH_LP_Write
                0x000048d0        0xe ./ra/fsp/src/r_flash_lp/r_flash_lp.o
                0x000048d0                R_FLASH_LP_Write
 .text.r_flash_lp_df_erase
                0x000048de       0x4c ./ra/fsp/src/r_flash_lp/r_flash_lp.o
 .text.R_FLASH_LP_Erase
                0x0000492a       0x16 ./ra/fsp/src/r_flash_lp/r_flash_lp.o
                0x0000492a                R_FLASH_LP_Erase
 .text.r_flash_lp_set_fisr
                0x00004940       0x54 ./ra/fsp/src/r_flash_lp/r_flash_lp.o
 .text.R_FLASH_LP_Open
                0x00004994       0x2a ./ra/fsp/src/r_flash_lp/r_flash_lp.o
                0x00004994                R_FLASH_LP_Open
 .text.R_ADC_ScanStart
                0x000049be        0xa ./ra/fsp/src/r_adc/r_adc.o
                0x000049be                R_ADC_ScanStart
 .text.R_ADC_Read
                0x000049c8        0xe ./ra/fsp/src/r_adc/r_adc.o
                0x000049c8                R_ADC_Read
 .text.r_adc_sensor_sample_state_calculation
                0x000049d6       0x48 ./ra/fsp/src/r_adc/r_adc.o
 .text.r_adc_sensor_cfg
                0x00004a1e       0x6c ./ra/fsp/src/r_adc/r_adc.o
 .text.r_adc_call_callback
                0x00004a8a       0x3a ./ra/fsp/src/r_adc/r_adc.o
 .text.r_adc_open_sub
                0x00004ac4       0xfc ./ra/fsp/src/r_adc/r_adc.o
 .text.r_adc_irq_enable
                0x00004bc0        0xe ./ra/fsp/src/r_adc/r_adc.o
 .text.R_ADC_Open
                0x00004bce       0x6a ./ra/fsp/src/r_adc/r_adc.o
                0x00004bce                R_ADC_Open
 .text.r_adc_scan_cfg
                0x00004c38      0x188 ./ra/fsp/src/r_adc/r_adc.o
 .text.R_ADC_ScanCfg
                0x00004dc0       0x12 ./ra/fsp/src/r_adc/r_adc.o
                0x00004dc0                R_ADC_ScanCfg
 .text.r_adc_scan_end_common_isr
                0x00004dd2       0x52 ./ra/fsp/src/r_adc/r_adc.o
 .text.adc_scan_end_isr
                0x00004e24        0xa ./ra/fsp/src/r_adc/r_adc.o
                0x00004e24                adc_scan_end_isr
 .text.bsp_prv_operating_mode_opccr_set
                0x00004e2e       0x5c ./ra/fsp/src/bsp/mcu/all/bsp_clocks.o
 .text.bsp_prv_sosc_init
                0x00004e8a       0x12 ./ra/fsp/src/bsp/mcu/all/bsp_clocks.o
 .text.SystemCoreClockUpdate
                0x00004e9c       0x2e ./ra/fsp/src/bsp/mcu/all/bsp_clocks.o
                0x00004e9c                SystemCoreClockUpdate
 .text.bsp_clock_freq_var_init
                0x00004eca       0x38 ./ra/fsp/src/bsp/mcu/all/bsp_clocks.o
 .text.bsp_prv_clock_set_hard_reset
                0x00004f02       0x20 ./ra/fsp/src/bsp/mcu/all/bsp_clocks.o
 *fill*         0x00004f22        0x2 ff
 .text.bsp_clock_init
                0x00004f24       0x80 ./ra/fsp/src/bsp/mcu/all/bsp_clocks.o
                0x00004f24                bsp_clock_init
 .text.R_BSP_Init_RTC
                0x00004fa4       0x10 ./ra/fsp/src/bsp/mcu/all/bsp_clocks.o
                0x00004fa4                R_BSP_Init_RTC
 .text.bsp_init_internal
                0x00004fb4        0x2 ./ra/fsp/src/bsp/mcu/all/bsp_common.o
                0x00004fb4                bsp_init
                0x00004fb4                bsp_init_internal
 .text.__assert_func
                0x00004fb6        0x4 ./ra/fsp/src/bsp/mcu/all/bsp_common.o
                0x00004fb6                __assert_func
 .text.bsp_prv_software_delay_loop
                0x00004fba        0x8 ./ra/fsp/src/bsp/mcu/all/bsp_delay.o
                0x00004fba                bsp_prv_software_delay_loop
 .text.R_BSP_SoftwareDelay
                0x00004fc2       0x56 ./ra/fsp/src/bsp/mcu/all/bsp_delay.o
                0x00004fc2                R_BSP_SoftwareDelay
 .text.bsp_group_irq_call
                0x00005018       0x14 ./ra/fsp/src/bsp/mcu/all/bsp_group_irq.o
 .text.NMI_Handler
                0x0000502c       0x44 ./ra/fsp/src/bsp/mcu/all/bsp_group_irq.o
                0x0000502c                NMI_Handler
 .text.R_BSP_IrqStatusClear
                0x00005070       0x1c ./ra/fsp/src/bsp/mcu/all/bsp_irq.o
                0x00005070                R_BSP_IrqStatusClear
 .text.R_BSP_IrqClearPending
                0x0000508c       0x26 ./ra/fsp/src/bsp/mcu/all/bsp_irq.o
                0x0000508c                R_BSP_IrqClearPending
 .text.R_BSP_IrqCfg
                0x000050b2       0x44 ./ra/fsp/src/bsp/mcu/all/bsp_irq.o
                0x000050b2                R_BSP_IrqCfg
 .text.R_BSP_IrqEnableNoClear
                0x000050f6       0x18 ./ra/fsp/src/bsp/mcu/all/bsp_irq.o
                0x000050f6                R_BSP_IrqEnableNoClear
 .text.R_BSP_IrqEnable
                0x0000510e       0x10 ./ra/fsp/src/bsp/mcu/all/bsp_irq.o
                0x0000510e                R_BSP_IrqEnable
 .text.R_BSP_IrqDisable
                0x0000511e       0x22 ./ra/fsp/src/bsp/mcu/all/bsp_irq.o
                0x0000511e                R_BSP_IrqDisable
 .text.R_BSP_IrqCfgEnable
                0x00005140       0x10 ./ra/fsp/src/bsp/mcu/all/bsp_irq.o
                0x00005140                R_BSP_IrqCfgEnable
 .text.bsp_irq_cfg
                0x00005150       0x2c ./ra/fsp/src/bsp/mcu/all/bsp_irq.o
                0x00005150                bsp_irq_cfg
 .text.R_BSP_RegisterProtectEnable
                0x0000517c       0x70 ./ra/fsp/src/bsp/mcu/all/bsp_register_protection.o
                0x0000517c                R_BSP_RegisterProtectEnable
 .text.R_BSP_RegisterProtectDisable
                0x000051ec       0x5c ./ra/fsp/src/bsp/mcu/all/bsp_register_protection.o
                0x000051ec                R_BSP_RegisterProtectDisable
 .text._sbrk    0x00005248       0x5c ./ra/fsp/src/bsp/mcu/all/bsp_sbrk.o
                0x00005248                _sbrk
 .text.Default_Handler
                0x000052a4        0x4 ./ra/fsp/src/bsp/cmsis/Device/RENESAS/Source/startup.o
                0x000052a4                DebugMon_Handler
                0x000052a4                HardFault_Handler
                0x000052a4                PendSV_Handler
                0x000052a4                UsageFault_Handler
                0x000052a4                SecureFault_Handler
                0x000052a4                Default_Handler
                0x000052a4                MemManage_Handler
                0x000052a4                SVC_Handler
                0x000052a4                BusFault_Handler
 .text.Reset_Handler
                0x000052a8        0xc ./ra/fsp/src/bsp/cmsis/Device/RENESAS/Source/startup.o
                0x000052a8                Reset_Handler
 .text.bsp_reset_trng_circuit
                0x000052b4       0x7c ./ra/fsp/src/bsp/cmsis/Device/RENESAS/Source/system.o
 .text.SystemInit
                0x00005330       0xdc ./ra/fsp/src/bsp/cmsis/Device/RENESAS/Source/system.o
                0x00005330                SystemInit
 .text.add_callback
                0x0000540c       0x76 ./libs/c-watcher/src/watcher.o
 .text.add_arg  0x00005482       0x76 ./libs/c-watcher/src/watcher.o
 .text.debouncer_callback
                0x000054f8       0x12 ./libs/c-watcher/src/watcher.o
 .text.is_debounced
                0x0000550a       0x20 ./libs/c-watcher/src/watcher.o
 .text.trigger_debouncer_entry
                0x0000552a       0x3a ./libs/c-watcher/src/watcher.o
 .text.add_entry_static
                0x00005564      0x25e ./libs/c-watcher/src/watcher.o
 .text.watcher_init
                0x000057c2       0x36 ./libs/c-watcher/src/watcher.o
                0x000057c2                watcher_init
 .text.watcher_add_entry
                0x000057f8       0x3c ./libs/c-watcher/src/watcher.o
                0x000057f8                watcher_add_entry
 .text.watcher_trigger_entry
                0x00005834       0x92 ./libs/c-watcher/src/watcher.o
                0x00005834                watcher_trigger_entry
 .text.watcher_watch
                0x000058c6       0xe2 ./libs/c-watcher/src/watcher.o
                0x000058c6                watcher_watch
 .text.stopwatch_init
                0x000059a8        0xe ./libs/c-stopwatch/src/stopwatch.o
                0x000059a8                stopwatch_init
 .text.stopwatch_resume
                0x000059b6        0xc ./libs/c-stopwatch/src/stopwatch.o
                0x000059b6                stopwatch_resume
 .text.stopwatch_pause
                0x000059c2       0x1a ./libs/c-stopwatch/src/stopwatch.o
                0x000059c2                stopwatch_pause
 .text.stopwatch_reset
                0x000059dc        0x8 ./libs/c-stopwatch/src/stopwatch.o
                0x000059dc                stopwatch_reset
 .text.stopwatch_set
                0x000059e4        0x4 ./libs/c-stopwatch/src/stopwatch.o
                0x000059e4                stopwatch_set
 .text.stopwatch_is_paused
                0x000059e8        0x4 ./libs/c-stopwatch/src/stopwatch.o
                0x000059e8                stopwatch_is_paused
 .text.stopwatch_get_elapsed
                0x000059ec       0x18 ./libs/c-stopwatch/src/stopwatch.o
                0x000059ec                stopwatch_get_elapsed
 .text.stopwatch_get_remaining
                0x00005a04       0x16 ./libs/c-stopwatch/src/stopwatch.o
                0x00005a04                stopwatch_get_remaining
 .text.stopwatch_get_total_time
                0x00005a1a        0x4 ./libs/c-stopwatch/src/stopwatch.o
                0x00005a1a                stopwatch_get_total_time
 .text.stopwatch_is_done
                0x00005a1e       0x2e ./libs/c-stopwatch/src/stopwatch.o
                0x00005a1e                stopwatch_is_done
 .text.stopwatch_timer_init
                0x00005a4c       0x28 ./libs/c-stopwatch/src/stopwatch_timer.o
                0x00005a4c                stopwatch_timer_init
 .text.stopwatch_timer_set_period
                0x00005a74        0x8 ./libs/c-stopwatch/src/stopwatch_timer.o
                0x00005a74                stopwatch_timer_set_period
 .text.stopwatch_timer_set_autoreload
                0x00005a7c       0x12 ./libs/c-stopwatch/src/stopwatch_timer.o
                0x00005a7c                stopwatch_timer_set_autoreload
 .text.stopwatch_timer_resume
                0x00005a8e        0x8 ./libs/c-stopwatch/src/stopwatch_timer.o
                0x00005a8e                stopwatch_timer_resume
 .text.stopwatch_timer_reset
                0x00005a96       0x10 ./libs/c-stopwatch/src/stopwatch_timer.o
                0x00005a96                stopwatch_timer_reset
 .text.stopwatch_timer_pause
                0x00005aa6        0x8 ./libs/c-stopwatch/src/stopwatch_timer.o
                0x00005aa6                stopwatch_timer_pause
 .text.stopwatch_timer_manage
                0x00005aae       0x52 ./libs/c-stopwatch/src/stopwatch_timer.o
                0x00005aae                stopwatch_timer_manage
 .text.debounce_filter_init
                0x00005b00       0x1a ./libs/c-debounce/src/debounce.o
                0x00005b00                debounce_filter_init
 .text.debounce_filter_single
                0x00005b1a       0x68 ./libs/c-debounce/src/debounce.o
                0x00005b1a                debounce_filter_single
 .text.debounce_filter
                0x00005b82       0x34 ./libs/c-debounce/src/debounce.o
                0x00005b82                debounce_filter
 .text.pulse_filter_init
                0x00005bb6       0x1e ./libs/c-debounce/src/pulsecounter.o
                0x00005bb6                pulse_filter_init
 .text.pulse_filter
                0x00005bd4       0xb6 ./libs/c-debounce/src/pulsecounter.o
                0x00005bd4                pulse_filter
 *fill*         0x00005c8a        0x2 ff
 .text          0x00005c8c       0x3c /home/maldus/Local/renesas/e2_studio/toolchains/gcc_arm/13_2-Rel1/arm-gnu-toolchain-13.2.Rel1-x86_64-arm-none-eabi/bin/../lib/gcc/arm-none-eabi/13.2.1/thumb/v8-m.base/nofp/libgcc.a(_clzsi2.o)
                0x00005c8c                __clzsi2
 .text          0x00005cc8       0x40 /home/maldus/Local/renesas/e2_studio/toolchains/gcc_arm/13_2-Rel1/arm-gnu-toolchain-13.2.Rel1-x86_64-arm-none-eabi/bin/../lib/gcc/arm-none-eabi/13.2.1/thumb/v8-m.base/nofp/libgcc.a(_aeabi_uldivmod.o)
                0x00005cc8                __aeabi_uldivmod
 .text.__muldi3
                0x00005d08       0x5c /home/maldus/Local/renesas/e2_studio/toolchains/gcc_arm/13_2-Rel1/arm-gnu-toolchain-13.2.Rel1-x86_64-arm-none-eabi/bin/../lib/gcc/arm-none-eabi/13.2.1/thumb/v8-m.base/nofp/libgcc.a(_muldi3.o)
                0x00005d08                __aeabi_lmul
                0x00005d08                __muldi3
 .text.__udivmoddi4
                0x00005d64      0x390 /home/maldus/Local/renesas/e2_studio/toolchains/gcc_arm/13_2-Rel1/arm-gnu-toolchain-13.2.Rel1-x86_64-arm-none-eabi/bin/../lib/gcc/arm-none-eabi/13.2.1/thumb/v8-m.base/nofp/libgcc.a(_udivmoddi4.o)
                0x00005d64                __udivmoddi4
 .text          0x000060f4        0x4 /home/maldus/Local/renesas/e2_studio/toolchains/gcc_arm/13_2-Rel1/arm-gnu-toolchain-13.2.Rel1-x86_64-arm-none-eabi/bin/../lib/gcc/arm-none-eabi/13.2.1/thumb/v8-m.base/nofp/libgcc.a(_dvmd_tls.o)
                0x000060f4                __aeabi_ldiv0
                0x000060f4                __aeabi_idiv0
 .text.memcpy   0x000060f8       0x12 /home/maldus/Local/renesas/e2_studio/toolchains/gcc_arm/13_2-Rel1/arm-gnu-toolchain-13.2.Rel1-x86_64-arm-none-eabi/bin/../lib/gcc/arm-none-eabi/13.2.1/../../../../arm-none-eabi/lib/thumb/v8-m.base/nofp/libg_nano.a(libc_a-memcpy-stub.o)
                0x000060f8                memcpy
 *fill*         0x0000610a        0x2 ff
 .text.free     0x0000610c       0x14 /home/maldus/Local/renesas/e2_studio/toolchains/gcc_arm/13_2-Rel1/arm-gnu-toolchain-13.2.Rel1-x86_64-arm-none-eabi/bin/../lib/gcc/arm-none-eabi/13.2.1/../../../../arm-none-eabi/lib/thumb/v8-m.base/nofp/libg_nano.a(libc_a-malloc.o)
                0x0000610c                free
 .text.sbrk_aligned
                0x00006120       0x44 /home/maldus/Local/renesas/e2_studio/toolchains/gcc_arm/13_2-Rel1/arm-gnu-toolchain-13.2.Rel1-x86_64-arm-none-eabi/bin/../lib/gcc/arm-none-eabi/13.2.1/../../../../arm-none-eabi/lib/thumb/v8-m.base/nofp/libg_nano.a(libc_a-mallocr.o)
 .text._malloc_r
                0x00006164      0x100 /home/maldus/Local/renesas/e2_studio/toolchains/gcc_arm/13_2-Rel1/arm-gnu-toolchain-13.2.Rel1-x86_64-arm-none-eabi/bin/../lib/gcc/arm-none-eabi/13.2.1/../../../../arm-none-eabi/lib/thumb/v8-m.base/nofp/libg_nano.a(libc_a-mallocr.o)
                0x00006164                _malloc_r
 .text.__malloc_lock
                0x00006264       0x10 /home/maldus/Local/renesas/e2_studio/toolchains/gcc_arm/13_2-Rel1/arm-gnu-toolchain-13.2.Rel1-x86_64-arm-none-eabi/bin/../lib/gcc/arm-none-eabi/13.2.1/../../../../arm-none-eabi/lib/thumb/v8-m.base/nofp/libg_nano.a(libc_a-mlock.o)
                0x00006264                __malloc_lock
 .text.__malloc_unlock
                0x00006274       0x10 /home/maldus/Local/renesas/e2_studio/toolchains/gcc_arm/13_2-Rel1/arm-gnu-toolchain-13.2.Rel1-x86_64-arm-none-eabi/bin/../lib/gcc/arm-none-eabi/13.2.1/../../../../arm-none-eabi/lib/thumb/v8-m.base/nofp/libg_nano.a(libc_a-mlock.o)
                0x00006274                __malloc_unlock
 .text.realloc  0x00006284       0x14 /home/maldus/Local/renesas/e2_studio/toolchains/gcc_arm/13_2-Rel1/arm-gnu-toolchain-13.2.Rel1-x86_64-arm-none-eabi/bin/../lib/gcc/arm-none-eabi/13.2.1/../../../../arm-none-eabi/lib/thumb/v8-m.base/nofp/libg_nano.a(libc_a-realloc.o)
                0x00006284                realloc
 .text._sbrk_r  0x00006298       0x20 /home/maldus/Local/renesas/e2_studio/toolchains/gcc_arm/13_2-Rel1/arm-gnu-toolchain-13.2.Rel1-x86_64-arm-none-eabi/bin/../lib/gcc/arm-none-eabi/13.2.1/../../../../arm-none-eabi/lib/thumb/v8-m.base/nofp/libg_nano.a(libc_a-sbrkr.o)
                0x00006298                _sbrk_r
 .text.__errno  0x000062b8        0xc /home/maldus/Local/renesas/e2_studio/toolchains/gcc_arm/13_2-Rel1/arm-gnu-toolchain-13.2.Rel1-x86_64-arm-none-eabi/bin/../lib/gcc/arm-none-eabi/13.2.1/../../../../arm-none-eabi/lib/thumb/v8-m.base/nofp/libg_nano.a(libc_a-errno.o)
                0x000062b8                __errno
 .text.memcmp   0x000062c4       0x1c /home/maldus/Local/renesas/e2_studio/toolchains/gcc_arm/13_2-Rel1/arm-gnu-toolchain-13.2.Rel1-x86_64-arm-none-eabi/bin/../lib/gcc/arm-none-eabi/13.2.1/../../../../arm-none-eabi/lib/thumb/v8-m.base/nofp/libg_nano.a(libc_a-memcmp.o)
                0x000062c4                memcmp
 .text.memset   0x000062e0       0x10 /home/maldus/Local/renesas/e2_studio/toolchains/gcc_arm/13_2-Rel1/arm-gnu-toolchain-13.2.Rel1-x86_64-arm-none-eabi/bin/../lib/gcc/arm-none-eabi/13.2.1/../../../../arm-none-eabi/lib/thumb/v8-m.base/nofp/libg_nano.a(libc_a-memset.o)
                0x000062e0                memset
 .text._realloc_r
                0x000062f0       0x5a /home/maldus/Local/renesas/e2_studio/toolchains/gcc_arm/13_2-Rel1/arm-gnu-toolchain-13.2.Rel1-x86_64-arm-none-eabi/bin/../lib/gcc/arm-none-eabi/13.2.1/../../../../arm-none-eabi/lib/thumb/v8-m.base/nofp/libg_nano.a(libc_a-reallocr.o)
                0x000062f0                _realloc_r
 *fill*         0x0000634a        0x2 ff
 .text._free_r  0x0000634c       0x90 /home/maldus/Local/renesas/e2_studio/toolchains/gcc_arm/13_2-Rel1/arm-gnu-toolchain-13.2.Rel1-x86_64-arm-none-eabi/bin/../lib/gcc/arm-none-eabi/13.2.1/../../../../arm-none-eabi/lib/thumb/v8-m.base/nofp/libg_nano.a(libc_a-freer.o)
                0x0000634c                _free_r
 .text.__retarget_lock_acquire_recursive
                0x000063dc        0x2 /home/maldus/Local/renesas/e2_studio/toolchains/gcc_arm/13_2-Rel1/arm-gnu-toolchain-13.2.Rel1-x86_64-arm-none-eabi/bin/../lib/gcc/arm-none-eabi/13.2.1/../../../../arm-none-eabi/lib/thumb/v8-m.base/nofp/libg_nano.a(libc_a-lock.o)
                0x000063dc                __retarget_lock_acquire_recursive
 .text.__retarget_lock_release_recursive
                0x000063de        0x2 /home/maldus/Local/renesas/e2_studio/toolchains/gcc_arm/13_2-Rel1/arm-gnu-toolchain-13.2.Rel1-x86_64-arm-none-eabi/bin/../lib/gcc/arm-none-eabi/13.2.1/../../../../arm-none-eabi/lib/thumb/v8-m.base/nofp/libg_nano.a(libc_a-lock.o)
                0x000063de                __retarget_lock_release_recursive
 .text._malloc_usable_size_r
                0x000063e0       0x10 /home/maldus/Local/renesas/e2_studio/toolchains/gcc_arm/13_2-Rel1/arm-gnu-toolchain-13.2.Rel1-x86_64-arm-none-eabi/bin/../lib/gcc/arm-none-eabi/13.2.1/../../../../arm-none-eabi/lib/thumb/v8-m.base/nofp/libg_nano.a(libc_a-msizer.o)
                0x000063e0                _malloc_usable_size_r
 *(.version)
 .version       0x000063f0       0x50 ./ra/fsp/src/bsp/mcu/all/bsp_common.o
 *(.init)
 .init          0x00006440        0x4 /home/maldus/Local/renesas/e2_studio/toolchains/gcc_arm/13_2-Rel1/arm-gnu-toolchain-13.2.Rel1-x86_64-arm-none-eabi/bin/../lib/gcc/arm-none-eabi/13.2.1/thumb/v8-m.base/nofp/crti.o
                0x00006440                _init
 .init          0x00006444        0x8 /home/maldus/Local/renesas/e2_studio/toolchains/gcc_arm/13_2-Rel1/arm-gnu-toolchain-13.2.Rel1-x86_64-arm-none-eabi/bin/../lib/gcc/arm-none-eabi/13.2.1/thumb/v8-m.base/nofp/crtn.o
 *(.fini)
 .fini          0x0000644c        0x4 /home/maldus/Local/renesas/e2_studio/toolchains/gcc_arm/13_2-Rel1/arm-gnu-toolchain-13.2.Rel1-x86_64-arm-none-eabi/bin/../lib/gcc/arm-none-eabi/13.2.1/thumb/v8-m.base/nofp/crti.o
                0x0000644c                _fini
 .fini          0x00006450        0x8 /home/maldus/Local/renesas/e2_studio/toolchains/gcc_arm/13_2-Rel1/arm-gnu-toolchain-13.2.Rel1-x86_64-arm-none-eabi/bin/../lib/gcc/arm-none-eabi/13.2.1/thumb/v8-m.base/nofp/crtn.o
 *crtbegin.o(.ctors)
 *crtbegin?.o(.ctors)
 *(EXCLUDE_FILE(*crtend.o *crtend?.o) .ctors)
 *(SORT_BY_NAME(.ctors.*))
 *(.ctors)
 *crtbegin.o(.dtors)
 *crtbegin?.o(.dtors)
 *(EXCLUDE_FILE(*crtend.o *crtend?.o) .dtors)
 *(SORT_BY_NAME(.dtors.*))
 *(.dtors)
 *(.rodata*)
 .rodata.crc16_ccitt_table
                0x00006458      0x200 ./src/services/crc16-ccitt.o
 .rodata.running_event_manager
                0x00006658       0x2c ./src/model/cycle.o
 .rodata.wait_start_event_manager
                0x00006684       0x2c ./src/model/cycle.o
 .rodata.managers
                0x000066b0       0x3c ./src/model/cycle.o
 .rodata.managers
                0x000066ec       0x24 ./src/model/heating.o
 .rodata.get_pwm_drum_percentage.str1.4
                0x00006710      0x120 ./src/model/model.o
                                 0x25 (size before relaxing)
 .rodata.model_pwoff_serialize.str1.4
                0x00006830       0x1b ./src/model/model.o
 .rodata.__func__.0
                0x00006830       0x11 ./src/model/model.o
 *fill*         0x00006841        0x3 ff
 .rodata.__func__.1
                0x00006844       0x13 ./src/model/model.o
 *fill*         0x00006857        0x1 ff
 .rodata.__func__.2
                0x00006858       0x16 ./src/model/model.o
 *fill*         0x0000686e        0x2 ff
 .rodata.__func__.4
                0x00006870       0x1e ./src/model/model.o
 *fill*         0x0000688e        0x2 ff
 .rodata.__func__.5
                0x00006890       0x10 ./src/model/model.o
 .rodata.__func__.6
                0x000068a0       0x14 ./src/model/model.o
 .rodata.__func__.7
                0x000068b4       0x13 ./src/model/model.o
 *fill*         0x000068c7        0x1 ff
 .rodata.__func__.8
                0x000068c8       0x1e ./src/model/model.o
 *fill*         0x000068e6        0x2 ff
 .rodata.__func__.9
                0x000068e8       0x1a ./src/model/model.o
 *fill*         0x00006902        0x2 ff
 .rodata.__func__.10
                0x00006904       0x1e ./src/model/model.o
 *fill*         0x00006922        0x2 ff
 .rodata.__func__.11
                0x00006924       0x1b ./src/model/model.o
 *fill*         0x0000693f        0x1 ff
 .rodata.__func__.12
                0x00006940       0x17 ./src/model/model.o
 *fill*         0x00006957        0x1 ff
 .rodata.__func__.13
                0x00006958       0x1e ./src/model/model.o
 *fill*         0x00006976        0x2 ff
 .rodata.__func__.14
                0x00006978       0x13 ./src/model/model.o
 *fill*         0x0000698b        0x1 ff
 .rodata.__func__.15
                0x0000698c       0x1c ./src/model/model.o
 .rodata.__func__.16
                0x000069a8       0x1a ./src/model/model.o
 *fill*         0x000069c2        0x2 ff
 .rodata.__func__.18
                0x000069c4       0x15 ./src/model/model.o
 *fill*         0x000069d9        0x3 ff
 .rodata.__func__.20
                0x000069dc       0x16 ./src/model/model.o
 *fill*         0x000069f2        0x2 ff
 .rodata.__func__.21
                0x000069f4       0x12 ./src/model/model.o
 *fill*         0x00006a06        0x2 ff
 .rodata.__func__.22
                0x00006a08       0x18 ./src/model/model.o
 .rodata.__func__.23
                0x00006a20       0x16 ./src/model/model.o
 *fill*         0x00006a36        0x2 ff
 .rodata.__func__.24
                0x00006a38       0x15 ./src/model/model.o
 *fill*         0x00006a4d        0x3 ff
 .rodata.__func__.25
                0x00006a50       0x17 ./src/model/model.o
 *fill*         0x00006a67        0x1 ff
 .rodata.__func__.26
                0x00006a68       0x1d ./src/model/model.o
 *fill*         0x00006a85        0x3 ff
 .rodata.__func__.27
                0x00006a88       0x18 ./src/model/model.o
 .rodata.__func__.28
                0x00006aa0       0x1e ./src/model/model.o
 *fill*         0x00006abe        0x2 ff
 .rodata.__func__.29
                0x00006ac0       0x14 ./src/model/model.o
 .rodata.__func__.30
                0x00006ad4       0x12 ./src/model/model.o
 *fill*         0x00006ae6        0x2 ff
 .rodata.__func__.31
                0x00006ae8       0x16 ./src/model/model.o
 *fill*         0x00006afe        0x2 ff
 .rodata.__func__.32
                0x00006b00       0x20 ./src/model/model.o
 .rodata.__func__.33
                0x00006b20       0x18 ./src/model/model.o
 .rodata.__func__.34
                0x00006b38       0x13 ./src/model/model.o
 *fill*         0x00006b4b        0x1 ff
 .rodata.__func__.35
                0x00006b4c       0x17 ./src/model/model.o
 *fill*         0x00006b63        0x1 ff
 .rodata.__func__.36
                0x00006b64       0x1d ./src/model/model.o
 *fill*         0x00006b81        0x3 ff
 .rodata.__func__.37
                0x00006b84       0x20 ./src/model/model.o
 .rodata.__func__.38
                0x00006ba4       0x1f ./src/model/model.o
 *fill*         0x00006bc3        0x1 ff
 .rodata.__func__.39
                0x00006bc4       0x11 ./src/model/model.o
 *fill*         0x00006bd5        0x3 ff
 .rodata.__func__.40
                0x00006bd8       0x13 ./src/model/model.o
 *fill*         0x00006beb        0x1 ff
 .rodata.__func__.41
                0x00006bec        0xd ./src/model/model.o
 *fill*         0x00006bf9        0x3 ff
 .rodata.__func__.42
                0x00006bfc        0xb ./src/model/model.o
 .rodata.bsp_adc_init.str1.4
                0x00006c07       0x25 ./src/bsp/adc.o
 *fill*         0x00006c07        0x1 ff
 .rodata.__func__.1
                0x00006c08        0xd ./src/bsp/adc.o
 *fill*         0x00006c15        0x3 ff
 .rodata        0x00006c18       0x10 ./src/bsp/adc.o
 .rodata        0x00006c28        0xc ./src/bsp/coin_reader.o
 .rodata        0x00006c34       0x10 ./src/bsp/digin.o
 .rodata.erase_block.str1.4
                0x00006c44       0x2b ./src/bsp/power_off.o
 .rodata.bsp_power_off_save.str1.4
                0x00006c44       0x19 ./src/bsp/power_off.o
 .rodata.__func__.0
                0x00006c44       0x13 ./src/bsp/power_off.o
 *fill*         0x00006c57        0x1 ff
 .rodata.__func__.1
                0x00006c58       0x13 ./src/bsp/power_off.o
 *fill*         0x00006c6b        0x1 ff
 .rodata.__func__.2
                0x00006c6c        0xc ./src/bsp/power_off.o
 .rodata.__func__.3
                0x00006c78       0x13 ./src/bsp/power_off.o
 .rodata.bsp_pwm_init.str1.4
                0x00006c8b       0x25 ./src/bsp/pwm.o
 *fill*         0x00006c8b        0x1 ff
 .rodata.__func__.0
                0x00006c8c        0xf ./src/bsp/pwm.o
 *fill*         0x00006c9b        0x1 ff
 .rodata.__func__.1
                0x00006c9c        0xd ./src/bsp/pwm.o
 *fill*         0x00006ca9        0x3 ff
 .rodata        0x00006cac        0xe ./src/bsp/relay.o
 .rodata.temperature_humidity_probe_read.str1.4
                0x00006cba        0x6 ./src/bsp/temperature_humidity_probe.o
 *fill*         0x00006cba        0x2 ff
 .rodata.CRC_TABLE
                0x00006cbc      0x100 ./src/bsp/temperature_humidity_probe.o
 .rodata.register_callback
                0x00006dbc      0x1c4 ./src/adapters/modbus_server.o
 .rodata.modbus_server_init.str1.4
                0x00006f80       0x50 ./src/adapters/modbus_server.o
 .rodata.__func__.1
                0x00006f80       0x13 ./src/adapters/modbus_server.o
 *fill*         0x00006f93        0x1 ff
 .rodata.g_ioport
                0x00006f94        0xc ./ra_gen/common_data.o
                0x00006f94                g_ioport
 .rodata.g_external_irq0_cfg
                0x00006fa0       0x14 ./ra_gen/common_data.o
                0x00006fa0                g_external_irq0_cfg
 .rodata.g_uart0
                0x00006fb4        0xc ./ra_gen/hal_data.o
                0x00006fb4                g_uart0
 .rodata.g_uart0_cfg
                0x00006fc0       0x20 ./ra_gen/hal_data.o
                0x00006fc0                g_uart0_cfg
 .rodata.g_uart0_cfg_extend
                0x00006fe0       0x14 ./ra_gen/hal_data.o
                0x00006fe0                g_uart0_cfg_extend
 .rodata.g_adc0_channel_cfg
                0x00006ff4       0x14 ./ra_gen/hal_data.o
                0x00006ff4                g_adc0_channel_cfg
 .rodata.g_adc0_cfg
                0x00007008       0x18 ./ra_gen/hal_data.o
                0x00007008                g_adc0_cfg
 .rodata.g_adc0_cfg_extend
                0x00007020        0xb ./ra_gen/hal_data.o
                0x00007020                g_adc0_cfg_extend
 *fill*         0x0000702b        0x1 ff
 .rodata.g_timer_pwm_cfg
                0x0000702c       0x20 ./ra_gen/hal_data.o
                0x0000702c                g_timer_pwm_cfg
 .rodata.g_timer_pwm_extend
                0x0000704c       0x3c ./ra_gen/hal_data.o
                0x0000704c                g_timer_pwm_extend
 .rodata.g_flash_cfg
                0x00007088       0x14 ./ra_gen/hal_data.o
                0x00007088                g_flash_cfg
 .rodata.g_bsp_pin_cfg
                0x0000709c        0xc ./ra_gen/pin_data.o
                0x0000709c                g_bsp_pin_cfg
 .rodata.g_bsp_pin_cfg_data
                0x000070a8      0x148 ./ra_gen/pin_data.o
                0x000070a8                g_bsp_pin_cfg_data
 .rodata.g_interrupt_event_link_select
                0x000071f0       0x20 ./ra_gen/vector_data.o
                0x000071f0                g_interrupt_event_link_select
 .rodata.g_uart_on_sci
                0x00007210       0x24 ./ra/fsp/src/r_sci_uart/r_sci_uart.o
                0x00007210                g_uart_on_sci
 .rodata.g_ioport_on_ioport
                0x00007234       0x34 ./ra/fsp/src/r_ioport/r_ioport.o
                0x00007234                g_ioport_on_ioport
 .rodata.g_prcr_masks
                0x00007268        0x8 ./ra/fsp/src/bsp/mcu/all/bsp_register_protection.o
                0x00007270                        __usb_dev_descriptor_start_fs = .
 *(.usb_device_desc_fs*)
                0x00007270                        __usb_cfg_descriptor_start_fs = .
 *(.usb_config_desc_fs*)
                0x00007270                        __usb_interface_descriptor_start_fs = .
 *(.usb_interface_desc_fs*)
                0x00007270                        __usb_descriptor_end_fs = .
                0x00007270                        __usb_dev_descriptor_start_hs = .
 *(.usb_device_desc_hs*)
                0x00007270                        __usb_cfg_descriptor_start_hs = .
 *(.usb_config_desc_hs*)
                0x00007270                        __usb_interface_descriptor_start_hs = .
 *(.usb_interface_desc_hs*)
                0x00007270                        __usb_descriptor_end_hs = .
 *(.eh_frame*)
 .eh_frame      0x00007270        0x0 /home/maldus/Local/renesas/e2_studio/toolchains/gcc_arm/13_2-Rel1/arm-gnu-toolchain-13.2.Rel1-x86_64-arm-none-eabi/bin/../lib/gcc/arm-none-eabi/13.2.1/thumb/v8-m.base/nofp/crtbegin.o
 .eh_frame      0x00007270        0x4 /home/maldus/Local/renesas/e2_studio/toolchains/gcc_arm/13_2-Rel1/arm-gnu-toolchain-13.2.Rel1-x86_64-arm-none-eabi/bin/../lib/gcc/arm-none-eabi/13.2.1/thumb/v8-m.base/nofp/crtend.o
                0x00007274                        __ROM_End = .
                0x000000c0                        __Vectors_Size = (__Vectors_End - __Vectors)

.glue_7         0x00007274        0x0
 .glue_7        0x00007274        0x0 linker stubs

.glue_7t        0x00007274        0x0
 .glue_7t       0x00007274        0x0 linker stubs

.vfp11_veneer   0x00007274        0x0
 .vfp11_veneer  0x00007274        0x0 linker stubs

.v4_bx          0x00007274        0x0
 .v4_bx         0x00007274        0x0 linker stubs

.iplt           0x00007274        0x0
 .iplt          0x00007274        0x0 /home/maldus/Local/renesas/e2_studio/toolchains/gcc_arm/13_2-Rel1/arm-gnu-toolchain-13.2.Rel1-x86_64-arm-none-eabi/bin/../lib/gcc/arm-none-eabi/13.2.1/thumb/v8-m.base/nofp/crtbegin.o
                0x00007274                        . = .
                0x00007274                        __itcm_data_pre_location = .

.itcm_data      0x00000000        0x0 load address 0x00007280
                0x00000000                        __tz_ITCM_S = ABSOLUTE (ITCM_START)
                0x00000000                        __itcm_data_start = .
 *(.itcm_data*)
                0x00000000                        . = ALIGN (0x8)
                0x00000000                        __itcm_data_end = .
                0x00000000                        __tz_ITCM_N = DEFINED (ITCM_NS_START)?ABSOLUTE (ITCM_NS_START):ALIGN (__itcm_data_end, 0x2000)
                0x00007280                        __itcm_data_init_start = LOADADDR (.itcm_data)
                0x00007280                        __itcm_data_init_end = (LOADADDR (.itcm_data) + SIZEOF (.itcm_data))
                0x00000001                        ASSERT (((ORIGIN (ITCM) % 0x8) == 0x0), ITCM memory region origin must be aligned to 8 bytes.)
                0x00000001                        ASSERT (((LENGTH (ITCM) % 0x8) == 0x0), ITCM memory region length must be a multiple of 8 bytes.)
                0x00000001                        ASSERT (((LOADADDR (.itcm_data) % 0x10) == 0x0), .itcm_data section must be aligned to 16 bytes.)
                0x00000001                        ASSERT (((SIZEOF (.itcm_data) % 0x8) == 0x0), .itcm_data section size must be a multiple of 8 bytes.)
                0x00007274                        . = (SIZEOF (.itcm_data) > 0x0)?__itcm_data_init_end:__itcm_data_pre_location
                0x00007274                        __exidx_start = .

/DISCARD/
 *(.ARM.extab* .gnu.linkonce.armextab.*)
 *(.ARM.exidx* .gnu.linkonce.armexidx.*)
                0x00007274                        __exidx_end = .
                0x00007274                        __etext = .
                0x20000000                        __tz_RAM_S = ORIGIN (RAM)

.fsp_dtc_vector_table
                0x20000000        0x0
                0x20000000                        . = ORIGIN (RAM)
 *(.fsp_dtc_vector_table)

.data           0x20000000       0x7c load address 0x00007274
                0x20000000                        __data_start__ = .
                0x20000000                        . = ALIGN (0x4)
                0x20000000                        __Code_In_RAM_Start = .
 *(.code_in_ram*)
                0x20000000                        __Code_In_RAM_End = .
 *(vtable)
 *(.data.*)
 .data.modbusSlaveDefaultFunctions
                0x20000000       0x20 ./src/adapters/modbus_server.o
                0x20000000                modbusSlaveDefaultFunctions
 .data.g_uart0_baud_setting
                0x20000020        0x4 ./ra_gen/hal_data.o
                0x20000020                g_uart0_baud_setting
 .data._impure_ptr
                0x20000024        0x4 /home/maldus/Local/renesas/e2_studio/toolchains/gcc_arm/13_2-Rel1/arm-gnu-toolchain-13.2.Rel1-x86_64-arm-none-eabi/bin/../lib/gcc/arm-none-eabi/13.2.1/../../../../arm-none-eabi/lib/thumb/v8-m.base/nofp/libg_nano.a(libc_a-impure.o)
                0x20000024                _impure_ptr
 .data._impure_data
                0x20000028       0x4c /home/maldus/Local/renesas/e2_studio/toolchains/gcc_arm/13_2-Rel1/arm-gnu-toolchain-13.2.Rel1-x86_64-arm-none-eabi/bin/../lib/gcc/arm-none-eabi/13.2.1/../../../../arm-none-eabi/lib/thumb/v8-m.base/nofp/libg_nano.a(libc_a-impure.o)
                0x20000028                _impure_data
 *(.data)
                0x20000074                        . = ALIGN (0x4)
                0x20000074                        PROVIDE (__preinit_array_start = .)
 *(.preinit_array)
                0x20000074                        PROVIDE (__preinit_array_end = .)
                0x20000074                        . = ALIGN (0x4)
                0x20000074                        PROVIDE (__init_array_start = .)
 *(SORT_BY_NAME(.init_array.*))
 *(.init_array)
 .init_array    0x20000074        0x4 /home/maldus/Local/renesas/e2_studio/toolchains/gcc_arm/13_2-Rel1/arm-gnu-toolchain-13.2.Rel1-x86_64-arm-none-eabi/bin/../lib/gcc/arm-none-eabi/13.2.1/thumb/v8-m.base/nofp/crtbegin.o
                0x20000078                        PROVIDE (__init_array_end = .)
                0x20000078                        . = ALIGN (0x4)
                [!provide]                        PROVIDE (__fini_array_start = .)
 *(SORT_BY_NAME(.fini_array.*))
 *(.fini_array)
 .fini_array    0x20000078        0x4 /home/maldus/Local/renesas/e2_studio/toolchains/gcc_arm/13_2-Rel1/arm-gnu-toolchain-13.2.Rel1-x86_64-arm-none-eabi/bin/../lib/gcc/arm-none-eabi/13.2.1/thumb/v8-m.base/nofp/crtbegin.o
                [!provide]                        PROVIDE (__fini_array_end = .)
 *(.jcr*)
                0x2000007c                        . = ALIGN (0x4)
                0x2000007c                        __data_end__ = .

.tm_clone_table
                0x2000007c        0x0 load address 0x000072f0
 .tm_clone_table
                0x2000007c        0x0 /home/maldus/Local/renesas/e2_studio/toolchains/gcc_arm/13_2-Rel1/arm-gnu-toolchain-13.2.Rel1-x86_64-arm-none-eabi/bin/../lib/gcc/arm-none-eabi/13.2.1/thumb/v8-m.base/nofp/crtbegin.o
 .tm_clone_table
                0x2000007c        0x0 /home/maldus/Local/renesas/e2_studio/toolchains/gcc_arm/13_2-Rel1/arm-gnu-toolchain-13.2.Rel1-x86_64-arm-none-eabi/bin/../lib/gcc/arm-none-eabi/13.2.1/thumb/v8-m.base/nofp/crtend.o

.igot.plt       0x2000007c        0x0 load address 0x000072f0
 .igot.plt      0x2000007c        0x0 /home/maldus/Local/renesas/e2_studio/toolchains/gcc_arm/13_2-Rel1/arm-gnu-toolchain-13.2.Rel1-x86_64-arm-none-eabi/bin/../lib/gcc/arm-none-eabi/13.2.1/thumb/v8-m.base/nofp/crtbegin.o
                0x2000007c                        . = .
                0x000072f0                        __dtcm_data_pre_location = (LOADADDR (.data) + SIZEOF (.data))

.dtcm_data      0x00000000        0x0 load address 0x000072f0
                0x00000000                        __tz_DTCM_S = ABSOLUTE (DTCM_START)
                0x00000000                        __dtcm_data_start = .
 *(.dtcm_data*)
                0x00000000                        . = ALIGN (0x8)
                0x00000000                        __dtcm_data_end = .
                0x00000000                        . = __dtcm_data_end

.dtcm_bss       0x00000000        0x0
                0x00000000                        __dtcm_bss_start = .
 *(.dtcm_bss*)
                0x00000000                        . = ALIGN (0x8)
                0x00000000                        __dtcm_bss_end = .
                0x00000000                        __tz_DTCM_N = DEFINED (DTCM_NS_START)?ABSOLUTE (DTCM_NS_START):ALIGN (__dtcm_bss_end, 0x2000)
                0x000072f0                        __dtcm_data_init_start = LOADADDR (.dtcm_data)
                0x000072f0                        __dtcm_data_init_end = (LOADADDR (.dtcm_data) + SIZEOF (.dtcm_data))
                0x00000001                        ASSERT (((ORIGIN (DTCM) % 0x8) == 0x0), DTCM memory region origin must be aligned to 8 bytes.)
                0x00000001                        ASSERT (((LENGTH (DTCM) % 0x8) == 0x0), DTCM memory region length must be a multiple of 8 bytes.)
                0x00000001                        ASSERT ((LOADADDR (.dtcm_bss) == ADDR (.dtcm_bss)), .dtcm_bss has (VMA != LMA) but should be NOLOAD (VMA == LMA).)
                0x00000001                        ASSERT (((LOADADDR (.dtcm_data) % 0x10) == 0x0), .dtcm_data section must be aligned to 16 bytes.)
                0x00000001                        ASSERT (((SIZEOF (.dtcm_data) % 0x8) == 0x0), .dtcm_data section size must be a multiple of 8 bytes.)
                0x00000001                        ASSERT (((LOADADDR (.dtcm_bss) % 0x8) == 0x0), .dtcm_bss section must be aligned to 8 bytes.)
                0x00000001                        ASSERT (((SIZEOF (.dtcm_bss) % 0x8) == 0x0), .dtcm_bss section size must be a multiple of 8 bytes.)
                0x00000001                        ASSERT ((__dtcm_bss_start == __dtcm_data_end), .dtcm_bss section is not adjacent to .dtcm_data section.)
                0x000072f0                        . = (SIZEOF (.dtcm_data) > 0x0)?__dtcm_data_init_end:__dtcm_data_pre_location
                0x000072f0                        sgstubs_pre_location = .
                0x00007400                        SGSTUBS_LOC = (DEFINED (PROJECT_SECURE) && DEFINED (FLASH_NSC_START))?ABSOLUTE (FLASH_NSC_START):ALIGN (0x400)

.gnu.sgstubs    0x00007400        0x0
                0x00007400                        __tz_FLASH_C = DEFINED (FLASH_NSC_START)?ABSOLUTE (FLASH_NSC_START):__RESERVE_NS_RAM?ABSOLUTE ((FLASH_START + FLASH_LENGTH)):ALIGN (0x400)
                0x00007400                        _start_sg = .
 *(.gnu.sgstubs*)
                0x00007400                        . = ALIGN (0x20)
                0x00007400                        _end_sg = .
                0x00008000                        __tz_FLASH_N = DEFINED (FLASH_NS_START)?ABSOLUTE (FLASH_NS_START):__RESERVE_NS_RAM?ABSOLUTE ((FLASH_START + FLASH_LENGTH)):(FLASH_LENGTH < 0x8000)?FLASH_LENGTH:ALIGN (0x8000)
                0x00008000                        FLASH_NS_IMAGE_START = DEFINED (FLASH_NS_IMAGE_START)?FLASH_NS_IMAGE_START:__tz_FLASH_N
                0x60000000                        __tz_QSPI_FLASH_S = ORIGIN (QSPI_FLASH)

.qspi_flash     0x60000000        0x0
                0x60000000                        __qspi_flash_start__ = .
 *(.qspi_flash*)
 *(.code_in_qspi*)
                0x60000000                        __qspi_flash_end__ = .
                0x00000000                        __qspi_flash_code_size__ = (__qspi_flash_end__ - __qspi_flash_start__)
                0x000072f0                        __qspi_flash_code_addr__ = sgstubs_pre_location

.qspi_non_retentive
                0x60000000        0x0 load address 0x000072f0
                0x60000000                        __qspi_non_retentive_start__ = .
 *(.qspi_non_retentive*)
                0x60000000                        __qspi_non_retentive_end__ = .
                0x00000000                        __qspi_non_retentive_size__ = (__qspi_non_retentive_end__ - __qspi_non_retentive_start__)
                0x04000000                        __qspi_region_max_size__ = 0x4000000
                0x60000000                        __qspi_region_start_address__ = __qspi_flash_start__
                0x64000000                        __qspi_region_end_address__ = (__qspi_flash_start__ + __qspi_region_max_size__)
                0x60000000                        __tz_QSPI_FLASH_N = __qspi_non_retentive_end__

.OSPI_DEVICE_0_NO_LOAD
                0x80020000        0x0
                0x80020000                        . = ALIGN (0x4)
                0x80020000                        __ospi_device_0_start__ = .
 *(.ospi_device_0_no_load*)
                0x80020000                        . = ALIGN (0x4)
                0x80020000                        __ospi_device_0_end__ = .

.OSPI_DEVICE_1_NO_LOAD
                0x80030000        0x0
                0x80030000                        . = ALIGN (0x4)
                0x80030000                        __ospi_device_1_start__ = .
 *(.ospi_device_1_no_load*)
                0x80030000                        . = ALIGN (0x4)
                0x80030000                        __ospi_device_1_end__ = .
                0x80020000                        __tz_OSPI_DEVICE_0_S = ORIGIN (OSPI_DEVICE_0)

.OSPI_DEVICE_0  0x80020000        0x0
                0x80020000                        __ospi_device_0_start__ = .
 *(.ospi_device_0*)
 *(.code_in_ospi_device_0*)
                0x80020000                        __ospi_device_0_end__ = .
                0x00000000                        __ospi_device_0_code_size__ = (__ospi_device_0_end__ - __ospi_device_0_start__)
                0x000072f0                        __ospi_device_0_code_addr__ = (sgstubs_pre_location + SIZEOF (.qspi_non_retentive))

.ospi_device_0_non_retentive
                0x80020000        0x0 load address 0x000072f0
                0x80020000                        __ospi_device_0_non_retentive_start__ = .
 *(.ospi_device_0_non_retentive*)
                0x80020000                        __ospi_device_0_non_retentive_end__ = .
                0x00000000                        __ospi_device_0_non_retentive_size__ = (__ospi_device_0_non_retentive_end__ - __ospi_device_0_non_retentive_start__)
                0x08000000                        __ospi_device_0_region_max_size__ = 0x8000000
                0x80020000                        __ospi_device_0_region_start_address__ = __ospi_device_0_start__
                0x88020000                        __ospi_device_0_region_end_address__ = (__ospi_device_0_start__ + __ospi_device_0_region_max_size__)
                0x80020000                        __tz_OSPI_DEVICE_0_N = __ospi_device_0_non_retentive_end__
                0x80030000                        __tz_OSPI_DEVICE_1_S = ORIGIN (OSPI_DEVICE_1)

.OSPI_DEVICE_1  0x80030000        0x0
                0x80030000                        __ospi_device_1_start__ = .
 *(.ospi_device_1*)
 *(.code_in_ospi_device_1*)
                0x80030000                        __ospi_device_1_end__ = .
                0x00000000                        __ospi_device_1_code_size__ = (__ospi_device_1_end__ - __ospi_device_1_start__)
                0x000072f0                        __ospi_device_1_code_addr__ = (sgstubs_pre_location + (SIZEOF (.qspi_non_retentive) + SIZEOF (.ospi_device_0_non_retentive)))

.ospi_device_1_non_retentive
                0x80030000        0x0 load address 0x000072f0
                0x80030000                        __ospi_device_1_non_retentive_start__ = .
 *(.ospi_device_1_non_retentive*)
                0x80030000                        __ospi_device_1_non_retentive_end__ = .
                0x00000000                        __ospi_device_1_non_retentive_size__ = (__ospi_device_1_non_retentive_end__ - __ospi_device_1_non_retentive_start__)
                0x10000000                        __ospi_device_1_region_max_size__ = 0x10000000
                0x80030000                        __ospi_device_1_region_start_address__ = __ospi_device_1_start__
                0x90030000                        __ospi_device_1_region_end_address__ = (__ospi_device_1_start__ + __ospi_device_1_region_max_size__)
                0x80030000                        __tz_OSPI_DEVICE_1_N = __ospi_device_1_non_retentive_end__

.noinit         0x2000007c       0x14
                0x2000007c                        . = ALIGN (0x4)
                0x2000007c                        __noinit_start = .
 *(.noinit*)
 .noinit        0x2000007c       0x14 ./ra/fsp/src/bsp/mcu/all/bsp_clocks.o
                0x20000090                        . = ALIGN (0x8)
 *(.heap.*)
                0x20000090                        __noinit_end = .

.bss            0x20000090      0x888
                0x20000090                        . = ALIGN (0x4)
                0x20000090                        __bss_start__ = .
 *(.bss*)
 .bss.completed.1
                0x20000090        0x1 /home/maldus/Local/renesas/e2_studio/toolchains/gcc_arm/13_2-Rel1/arm-gnu-toolchain-13.2.Rel1-x86_64-arm-none-eabi/bin/../lib/gcc/arm-none-eabi/13.2.1/thumb/v8-m.base/nofp/crtbegin.o
 *fill*         0x20000091        0x3 
 .bss.object.0  0x20000094       0x18 /home/maldus/Local/renesas/e2_studio/toolchains/gcc_arm/13_2-Rel1/arm-gnu-toolchain-13.2.Rel1-x86_64-arm-none-eabi/bin/../lib/gcc/arm-none-eabi/13.2.1/thumb/v8-m.base/nofp/crtbegin.o
 .bss.ts.0      0x200000ac        0x4 ./src/controller/controller.o
 .bss.state     0x200000b0        0x6 ./src/controller/observer.o
 *fill*         0x200000b6        0x2 
 .bss.watcher   0x200000b8       0x38 ./src/controller/observer.o
 .bss.ts.0      0x200000f0        0x4 ./src/bsp/adc.o
 .bss.temp1_samples
                0x200000f4       0x14 ./src/bsp/adc.o
 .bss.temp_samples
                0x20000108       0x14 ./src/bsp/adc.o
 .bss.press1_samples
                0x2000011c       0x14 ./src/bsp/adc.o
 .bss.samples_index
                0x20000130        0x2 ./src/bsp/adc.o
 *fill*         0x20000132        0x2 
 .bss.ts.0      0x20000134        0x4 ./src/bsp/coin_reader.o
 .bss.filter    0x20000138      0x108 ./src/bsp/coin_reader.o
 .bss.ts.0      0x20000240        0x4 ./src/bsp/digin.o
 .bss.ready     0x20000244        0x1 ./src/bsp/digin.o
 *fill*         0x20000245        0x3 
 .bss.filter    0x20000248       0x88 ./src/bsp/digin.o
 .bss.timestamp.0
                0x200002d0        0x4 ./src/bsp/heartbit.o
 .bss.blink.1   0x200002d4        0x1 ./src/bsp/heartbit.o
 *fill*         0x200002d5        0x3 
 .bss.current_counter
                0x200002d8        0x4 ./src/bsp/power_off.o
 .bss.next_sub_block_index
                0x200002dc        0x2 ./src/bsp/power_off.o
 .bss.last_sub_block_index
                0x200002de        0x2 ./src/bsp/power_off.o
 .bss.user_data
                0x200002e0        0x4 ./src/bsp/power_off.o
 .bss.user_callback
                0x200002e4        0x4 ./src/bsp/power_off.o
 .bss.pwm_periph_period
                0x200002e8        0x4 ./src/bsp/pwm.o
 .bss.last_reception_timestamp
                0x200002ec        0x4 ./src/bsp/rs232.o
 .bss.receive_buffer
                0x200002f0       0xff ./src/bsp/rs232.o
 *fill*         0x200003ef        0x1 
 .bss.receive_index
                0x200003f0        0x4 ./src/bsp/rs232.o
 .bss.millis    0x200003f4        0x4 ./src/bsp/system.o
 .bss.response.0
                0x200003f8      0x100 ./src/adapters/modbus_server.o
 .bss.modbus_minion
                0x200004f8       0x24 ./src/adapters/modbus_server.o
 .bss.model.0   0x2000051c      0x128 ./src/hal_entry.o
 .bss.g_ioport_ctrl
                0x20000644        0x8 ./ra_gen/common_data.o
                0x20000644                g_ioport_ctrl
 .bss.g_external_irq0_ctrl
                0x2000064c       0x10 ./ra_gen/common_data.o
                0x2000064c                g_external_irq0_ctrl
 .bss.g_uart0_ctrl
                0x2000065c       0x30 ./ra_gen/hal_data.o
                0x2000065c                g_uart0_ctrl
 .bss.g_adc0_ctrl
                0x2000068c       0x24 ./ra_gen/hal_data.o
                0x2000068c                g_adc0_ctrl
 .bss.g_timer_pwm_ctrl
                0x200006b0       0x20 ./ra_gen/hal_data.o
                0x200006b0                g_timer_pwm_ctrl
 .bss.g_flash_ctrl
                0x200006d0       0x38 ./ra_gen/hal_data.o
                0x200006d0                g_flash_ctrl
 .bss.g_bsp_group_irq_sources
                0x20000708       0x34 ./ra/fsp/src/bsp/mcu/all/bsp_group_irq.o
                0x20000708                g_bsp_group_irq_sources
 .bss.g_protect_pfswe_counter
                0x2000073c        0x4 ./ra/fsp/src/bsp/mcu/all/bsp_io.o
                0x2000073c                g_protect_pfswe_counter
 .bss.gp_renesas_isr_context
                0x20000740       0x80 ./ra/fsp/src/bsp/mcu/all/bsp_irq.o
                0x20000740                gp_renesas_isr_context
 .bss.g_protect_counters
                0x200007c0        0x8 ./ra/fsp/src/bsp/mcu/all/bsp_register_protection.o
                0x200007c0                g_protect_counters
 .bss.current_heap_end.0
                0x200007c8        0x4 ./ra/fsp/src/bsp/mcu/all/bsp_sbrk.o
 .bss.SystemCoreClock
                0x200007cc        0x4 ./ra/fsp/src/bsp/cmsis/Device/RENESAS/Source/system.o
                0x200007cc                SystemCoreClock
 .bss.__malloc_sbrk_start