Archive member included to satisfy reference by file (symbol)

/home/maldus/Local/renesas/e2_studio/toolchains/gcc_arm/10_3_2021_10/gcc-arm-none-eabi-10.3-2021.10/bin/../lib/gcc/arm-none-eabi/10.3.1/thumb/v8-m.base/nofp/libgcc.a(_clzsi2.o)
                              ./ra/fsp/src/r_adc/r_adc.o (__clzsi2)
/home/maldus/Local/renesas/e2_studio/toolchains/gcc_arm/10_3_2021_10/gcc-arm-none-eabi-10.3-2021.10/bin/../lib/gcc/arm-none-eabi/10.3.1/thumb/v8-m.base/nofp/libgcc.a(_aeabi_ldivmod.o)
                              ./ra/fsp/src/r_sci_uart/r_sci_uart.o (__aeabi_ldivmod)
/home/maldus/Local/renesas/e2_studio/toolchains/gcc_arm/10_3_2021_10/gcc-arm-none-eabi-10.3-2021.10/bin/../lib/gcc/arm-none-eabi/10.3.1/thumb/v8-m.base/nofp/libgcc.a(_muldi3.o)
                              ./ra/fsp/src/r_sci_uart/r_sci_uart.o (__aeabi_lmul)
/home/maldus/Local/renesas/e2_studio/toolchains/gcc_arm/10_3_2021_10/gcc-arm-none-eabi-10.3-2021.10/bin/../lib/gcc/arm-none-eabi/10.3.1/thumb/v8-m.base/nofp/libgcc.a(bpabi.o)
                              /home/maldus/Local/renesas/e2_studio/toolchains/gcc_arm/10_3_2021_10/gcc-arm-none-eabi-10.3-2021.10/bin/../lib/gcc/arm-none-eabi/10.3.1/thumb/v8-m.base/nofp/libgcc.a(_aeabi_ldivmod.o) (__gnu_ldivmod_helper)
/home/maldus/Local/renesas/e2_studio/toolchains/gcc_arm/10_3_2021_10/gcc-arm-none-eabi-10.3-2021.10/bin/../lib/gcc/arm-none-eabi/10.3.1/thumb/v8-m.base/nofp/libgcc.a(_dvmd_tls.o)
                              /home/maldus/Local/renesas/e2_studio/toolchains/gcc_arm/10_3_2021_10/gcc-arm-none-eabi-10.3-2021.10/bin/../lib/gcc/arm-none-eabi/10.3.1/thumb/v8-m.base/nofp/libgcc.a(_aeabi_ldivmod.o) (__aeabi_ldiv0)
/home/maldus/Local/renesas/e2_studio/toolchains/gcc_arm/10_3_2021_10/gcc-arm-none-eabi-10.3-2021.10/bin/../lib/gcc/arm-none-eabi/10.3.1/thumb/v8-m.base/nofp/libgcc.a(_divdi3.o)
                              /home/maldus/Local/renesas/e2_studio/toolchains/gcc_arm/10_3_2021_10/gcc-arm-none-eabi-10.3-2021.10/bin/../lib/gcc/arm-none-eabi/10.3.1/thumb/v8-m.base/nofp/libgcc.a(bpabi.o) (__divdi3)
/home/maldus/Local/renesas/e2_studio/toolchains/gcc_arm/10_3_2021_10/gcc-arm-none-eabi-10.3-2021.10/bin/../lib/gcc/arm-none-eabi/10.3.1/../../../../arm-none-eabi/lib/thumb/v8-m.base/nofp/libg_nano.a(lib_a-errno.o)
                              ./ra/fsp/src/bsp/mcu/all/bsp_sbrk.o (__errno)
/home/maldus/Local/renesas/e2_studio/toolchains/gcc_arm/10_3_2021_10/gcc-arm-none-eabi-10.3-2021.10/bin/../lib/gcc/arm-none-eabi/10.3.1/../../../../arm-none-eabi/lib/thumb/v8-m.base/nofp/libg_nano.a(lib_a-exit.o)
                              /home/maldus/Local/renesas/e2_studio/toolchains/gcc_arm/10_3_2021_10/gcc-arm-none-eabi-10.3-2021.10/bin/../lib/gcc/arm-none-eabi/10.3.1/../../../../arm-none-eabi/lib/thumb/v8-m.base/nofp/crt0.o (exit)
/home/maldus/Local/renesas/e2_studio/toolchains/gcc_arm/10_3_2021_10/gcc-arm-none-eabi-10.3-2021.10/bin/../lib/gcc/arm-none-eabi/10.3.1/../../../../arm-none-eabi/lib/thumb/v8-m.base/nofp/libg_nano.a(lib_a-impure.o)
                              /home/maldus/Local/renesas/e2_studio/toolchains/gcc_arm/10_3_2021_10/gcc-arm-none-eabi-10.3-2021.10/bin/../lib/gcc/arm-none-eabi/10.3.1/../../../../arm-none-eabi/lib/thumb/v8-m.base/nofp/libg_nano.a(lib_a-exit.o) (_global_impure_ptr)
/home/maldus/Local/renesas/e2_studio/toolchains/gcc_arm/10_3_2021_10/gcc-arm-none-eabi-10.3-2021.10/bin/../lib/gcc/arm-none-eabi/10.3.1/../../../../arm-none-eabi/lib/thumb/v8-m.base/nofp/libg_nano.a(lib_a-init.o)
                              /home/maldus/Local/renesas/e2_studio/toolchains/gcc_arm/10_3_2021_10/gcc-arm-none-eabi-10.3-2021.10/bin/../lib/gcc/arm-none-eabi/10.3.1/../../../../arm-none-eabi/lib/thumb/v8-m.base/nofp/crt0.o (__libc_init_array)
/home/maldus/Local/renesas/e2_studio/toolchains/gcc_arm/10_3_2021_10/gcc-arm-none-eabi-10.3-2021.10/bin/../lib/gcc/arm-none-eabi/10.3.1/../../../../arm-none-eabi/lib/thumb/v8-m.base/nofp/libg_nano.a(lib_a-malloc.o)
                              ./src/controller/observer.o (free)
/home/maldus/Local/renesas/e2_studio/toolchains/gcc_arm/10_3_2021_10/gcc-arm-none-eabi-10.3-2021.10/bin/../lib/gcc/arm-none-eabi/10.3.1/../../../../arm-none-eabi/lib/thumb/v8-m.base/nofp/libg_nano.a(lib_a-memcmp.o)
                              ./libs/c-watcher/src/watcher.o (memcmp)
/home/maldus/Local/renesas/e2_studio/toolchains/gcc_arm/10_3_2021_10/gcc-arm-none-eabi-10.3-2021.10/bin/../lib/gcc/arm-none-eabi/10.3.1/../../../../arm-none-eabi/lib/thumb/v8-m.base/nofp/libg_nano.a(lib_a-memcpy-stub.o)
                              ./src/bsp/rs232.o (memcpy)
/home/maldus/Local/renesas/e2_studio/toolchains/gcc_arm/10_3_2021_10/gcc-arm-none-eabi-10.3-2021.10/bin/../lib/gcc/arm-none-eabi/10.3.1/../../../../arm-none-eabi/lib/thumb/v8-m.base/nofp/libg_nano.a(lib_a-memset.o)
[...]
Memory Configuration

Name             Origin             Length             Attributes
ITCM             0x0000000000000000 0x0000000000000000 xr
DTCM             0x0000000000000000 0x0000000000000000 xrw
FLASH            0x0000000000000000 0x0000000000040000 xr
RAM              0x0000000020000000 0x0000000000008000 xrw
DATA_FLASH       0x0000000040100000 0x0000000000002000 xr
QSPI_FLASH       0x0000000060000000 0x0000000000000000 xr
OSPI_DEVICE_0    0x0000000080020000 0x0000000000000000 xr
OSPI_DEVICE_1    0x0000000080030000 0x0000000000000000 xr
OSPI_DEVICE_0_RAM 0x0000000080020000 0x0000000000000000 xrw
OSPI_DEVICE_1_RAM 0x0000000080030000 0x0000000000000000 xrw
SDRAM            0x0000000080010000 0x0000000000000000 xrw
OPTION_SETTING   0x0000000000000000 0x0000000000000000 r
OPTION_SETTING_OFS 0x0000000000000000 0x0000000000000018 r
OPTION_SETTING_SAS 0x0000000000000034 0x0000000000000000 r
OPTION_SETTING_S 0x0000000080000000 0x0000000000000000 r
ID_CODE          0x0000000001010018 0x0000000000000020 xr
*default*        0x0000000000000000 0xffffffffffffffff

Linker script and memory map

LOAD /home/maldus/Local/renesas/e2_studio/toolchains/gcc_arm/10_3_2021_10/gcc-arm-none-eabi-10.3-2021.10/bin/../lib/gcc/arm-none-eabi/10.3.1/thumb/v8-m.base/nofp/crti.o
LOAD /home/maldus/Local/renesas/e2_studio/toolchains/gcc_arm/10_3_2021_10/gcc-arm-none-eabi-10.3-2021.10/bin/../lib/gcc/arm-none-eabi/10.3.1/thumb/v8-m.base/nofp/crtbegin.o
LOAD /home/maldus/Local/renesas/e2_studio/toolchains/gcc_arm/10_3_2021_10/gcc-arm-none-eabi-10.3-2021.10/bin/../lib/gcc/arm-none-eabi/10.3.1/../../../../arm-none-eabi/lib/thumb/v8-m.base/nofp/crt0.o
START GROUP
LOAD ./src/services/crc16-ccitt.o
LOAD ./src/model/cycle.o
LOAD ./src/model/heating.o
LOAD ./src/model/model.o
LOAD ./src/controller/controller.o
LOAD ./src/controller/drum.o
LOAD ./src/controller/fan.o
LOAD ./src/controller/observer.o
LOAD ./src/bsp/adc.o
LOAD ./src/bsp/coin_reader.o
LOAD ./src/bsp/digin.o
LOAD ./src/bsp/heartbit.o
LOAD ./src/bsp/pwm.o
LOAD ./src/bsp/relay.o
LOAD ./src/bsp/rs232.o
LOAD ./src/bsp/system.o
LOAD ./src/adapters/modbus_server.o
LOAD ./src/hal_entry.o
LOAD ./ra_gen/common_data.o
LOAD ./ra_gen/hal_data.o
LOAD ./ra_gen/main.o
LOAD ./ra_gen/pin_data.o
LOAD ./ra_gen/vector_data.o
LOAD ./ra/fsp/src/r_sci_uart/r_sci_uart.o
LOAD ./ra/fsp/src/r_ioport/r_ioport.o
LOAD ./ra/fsp/src/r_agt/r_agt.o
LOAD ./ra/fsp/src/r_adc/r_adc.o
LOAD ./ra/fsp/src/bsp/mcu/ra2l1/bsp_power.o
LOAD ./ra/fsp/src/bsp/mcu/all/bsp_clocks.o
LOAD ./ra/fsp/src/bsp/mcu/all/bsp_common.o
LOAD ./ra/fsp/src/bsp/mcu/all/bsp_delay.o
LOAD ./ra/fsp/src/bsp/mcu/all/bsp_group_irq.o
LOAD ./ra/fsp/src/bsp/mcu/all/bsp_guard.o
LOAD ./ra/fsp/src/bsp/mcu/all/bsp_io.o
LOAD ./ra/fsp/src/bsp/mcu/all/bsp_irq.o
LOAD ./ra/fsp/src/bsp/mcu/all/bsp_macl.o
LOAD ./ra/fsp/src/bsp/mcu/all/bsp_register_protection.o
LOAD ./ra/fsp/src/bsp/mcu/all/bsp_rom_registers.o
LOAD ./ra/fsp/src/bsp/mcu/all/bsp_sbrk.o
LOAD ./ra/fsp/src/bsp/mcu/all/bsp_sdram.o
LOAD ./ra/fsp/src/bsp/mcu/all/bsp_security.o
LOAD ./ra/fsp/src/bsp/cmsis/Device/RENESAS/Source/startup.o
LOAD ./ra/fsp/src/bsp/cmsis/Device/RENESAS/Source/system.o
LOAD ./libs/c-watcher/src/watcher.o
LOAD ./libs/c-stopwatch/src/stopwatch.o
LOAD ./libs/c-stopwatch/src/stopwatch_timer.o
LOAD ./libs/c-debounce/src/debounce.o
LOAD ./libs/c-debounce/src/keypad.o
LOAD ./libs/c-debounce/src/pulsecounter.o
END GROUP
START GROUP
LOAD /home/maldus/Local/renesas/e2_studio/toolchains/gcc_arm/10_3_2021_10/gcc-arm-none-eabi-10.3-2021.10/bin/../lib/gcc/arm-none-eabi/10.3.1/thumb/v8-m.base/nofp/libgcc.a
LOAD /home/maldus/Local/renesas/e2_studio/toolchains/gcc_arm/10_3_2021_10/gcc-arm-none-eabi-10.3-2021.10/bin/../lib/gcc/arm-none-eabi/10.3.1/../../../../arm-none-eabi/lib/thumb/v8-m.base/nofp/libg_nano.a
LOAD /home/maldus/Local/renesas/e2_studio/toolchains/gcc_arm/10_3_2021_10/gcc-arm-none-eabi-10.3-2021.10/bin/../lib/gcc/arm-none-eabi/10.3.1/../../../../arm-none-eabi/lib/thumb/v8-m.base/nofp/libc_nano.a
END GROUP
START GROUP
LOAD /home/maldus/Local/renesas/e2_studio/toolchains/gcc_arm/10_3_2021_10/gcc-arm-none-eabi-10.3-2021.10/bin/../lib/gcc/arm-none-eabi/10.3.1/thumb/v8-m.base/nofp/libgcc.a
LOAD /home/maldus/Local/renesas/e2_studio/toolchains/gcc_arm/10_3_2021_10/gcc-arm-none-eabi-10.3-2021.10/bin/../lib/gcc/arm-none-eabi/10.3.1/../../../../arm-none-eabi/lib/thumb/v8-m.base/nofp/libc_nano.a
END GROUP
LOAD /home/maldus/Local/renesas/e2_studio/toolchains/gcc_arm/10_3_2021_10/gcc-arm-none-eabi-10.3-2021.10/bin/../lib/gcc/arm-none-eabi/10.3.1/thumb/v8-m.base/nofp/crtend.o
LOAD /home/maldus/Local/renesas/e2_studio/toolchains/gcc_arm/10_3_2021_10/gcc-arm-none-eabi-10.3-2021.10/bin/../lib/gcc/arm-none-eabi/10.3.1/thumb/v8-m.base/nofp/crtn.o
                0x0000000020000000                RAM_START = 0x20000000
                0x0000000000008000                RAM_LENGTH = 0x8000
                0x0000000000000000                FLASH_START = 0x0
                0x0000000000040000                FLASH_LENGTH = 0x40000
                0x0000000040100000                DATA_FLASH_START = 0x40100000
                0x0000000000002000                DATA_FLASH_LENGTH = 0x2000
                0x0000000000000000                OPTION_SETTING_START = 0x0
                0x0000000000000000                OPTION_SETTING_LENGTH = 0x0
                0x0000000080000000                OPTION_SETTING_S_START = 0x80000000
                0x0000000000000000                OPTION_SETTING_S_LENGTH = 0x0
                0x0000000001010018                ID_CODE_START = 0x1010018
                0x0000000000000020                ID_CODE_LENGTH = 0x20
                0x0000000080010000                SDRAM_START = 0x80010000
                0x0000000000000000                SDRAM_LENGTH = 0x0
                0x0000000060000000                QSPI_FLASH_START = 0x60000000
                0x0000000000000000                QSPI_FLASH_LENGTH = 0x0
                0x0000000080020000                OSPI_DEVICE_0_START = 0x80020000
                0x0000000000000000                OSPI_DEVICE_0_LENGTH = 0x0
                0x0000000080030000                OSPI_DEVICE_1_START = 0x80030000
                0x0000000000000000                OSPI_DEVICE_1_LENGTH = 0x0
                0x0000000000000000                QSPI_FLASH_PRV_LENGTH = DEFINED (QSPI_FLASH_SIZE)?ABSOLUTE (QSPI_FLASH_SIZE):ABSOLUTE (QSPI_FLASH_LENGTH)
                0x0000000000000000                OSPI_DEVICE_0_PRV_LENGTH = DEFINED (OSPI_DEVICE_0_SIZE)?ABSOLUTE (OSPI_DEVICE_0_SIZE):ABSOLUTE (OSPI_DEVICE_0_LENGTH)
                0x0000000000000000                OSPI_DEVICE_1_PRV_LENGTH = DEFINED (OSPI_DEVICE_1_SIZE)?ABSOLUTE (OSPI_DEVICE_1_SIZE):ABSOLUTE (OSPI_DEVICE_1_LENGTH)
                0x0000000000000000                __RESERVE_NS_RAM = ((! (DEFINED (PROJECT_NONSECURE)) && DEFINED (RAM_NS_BUFFER_LENGTH)) && (OPTION_SETTING_S_LENGTH != 0x0))
                0x0000000000000000                ITCM_START = DEFINED (ITCM_START)?ITCM_START:0x0
                0x0000000000000000                ITCM_LENGTH = DEFINED (ITCM_LENGTH)?ITCM_LENGTH:0x0
                0x0000000000000000                DTCM_START = DEFINED (DTCM_START)?DTCM_START:0x0
                0x0000000000000000                DTCM_LENGTH = DEFINED (DTCM_LENGTH)?DTCM_LENGTH:0x0
                0x0000000000000000                RAM_NS_BUFFER_BLOCK_LENGTH = DEFINED (RAM_NS_BUFFER_LENGTH)?ALIGN (RAM_NS_BUFFER_LENGTH, 0x2000):0x0
                0x0000000000000000                RAM_NS_BUFFER_LENGTH = DEFINED (RAM_NS_BUFFER_LENGTH)?RAM_NS_BUFFER_LENGTH:0x0
                0x0000000020008000                RAM_NS_BUFFER_START = ((RAM_START + RAM_LENGTH) - RAM_NS_BUFFER_LENGTH)
                0x0000000020008000                RAM_NS_BUFFER_BLOCK_START = ((RAM_START + RAM_LENGTH) - RAM_NS_BUFFER_BLOCK_LENGTH)
                0x0000000000000080                OPTION_SETTING_START_NS = DEFINED (PROJECT_NONSECURE)?OPTION_SETTING_START:(OPTION_SETTING_START + 0x80)
                0x0000000000000001                __bl_FSP_BOOTABLE_IMAGE = 0x1
                0x0000000000000001                __bln_FSP_BOOTABLE_IMAGE = 0x1
                0x0000000000000000                PROJECT_SECURE_OR_FLAT = (((! (DEFINED (PROJECT_NONSECURE)) || DEFINED (PROJECT_SECURE)) && OPTION_SETTING_LENGTH) && ! (DEFINED (FSP_BOOTABLE_IMAGE)))
                0x0000000000000000                USE_OPTION_SETTING_NS = (DEFINED (PROJECT_NONSECURE) && ! (DEFINED (FSP_BOOTABLE_IMAGE)))
                0x0000000000000000                __bl_FLASH_IMAGE_START = ! (DEFINED (FLASH_BOOTLOADER_LENGTH))?0x0:(FLASH_APPLICATION_IMAGE_NUMBER == 0x1)?((FLASH_START + FLASH_BOOTLOADER_LENGTH) + FLASH_BOOTLOADER_HEADER_LENGTH):(DEFINED (BOOTLOADER_SECONDARY_USE_QSPI) || DEFINED (BOOTLOADER_SECONDARY_USE_OSPI_B))?(((FLASH_START + FLASH_BOOTLOADER_LENGTH) + FLASH_BOOTLOADER_SCRATCH_LENGTH) + FLASH_BOOTLOADER_HEADER_LENGTH):((((FLASH_START + FLASH_BOOTLOADER_LENGTH) + FLASH_BOOTLOADER_SCRATCH_LENGTH) + FLASH_APPLICATION_S_LENGTH) + FLASH_BOOTLOADER_HEADER_LENGTH)
                0x0000000000000000                __bl_FLASH_IMAGE_LENGTH = ! (DEFINED (FLASH_BOOTLOADER_LENGTH))?0x0:(FLASH_APPLICATION_S_LENGTH - FLASH_BOOTLOADER_HEADER_LENGTH)
                0x0000000000000000                __bl_FLASH_IMAGE_END = (__bl_FLASH_IMAGE_START + __bl_FLASH_IMAGE_LENGTH)
                0x0000000000000000                __bl_XIP_SECONDARY_FLASH_IMAGE_START = ! (DEFINED (FLASH_BOOTLOADER_LENGTH))?0x0:((FLASH_BOOTLOADER_LENGTH + FLASH_APPLICATION_S_LENGTH) + FLASH_BOOTLOADER_HEADER_LENGTH)
                0x0000000000000000                __bl_XIP_SECONDARY_FLASH_IMAGE_END = (__bl_XIP_SECONDARY_FLASH_IMAGE_START + __bl_FLASH_IMAGE_LENGTH)
                0x0000000000000000                __bl_FLASH_NS_START = ! (DEFINED (FLASH_BOOTLOADER_LENGTH))?0x0:(FLASH_APPLICATION_NS_LENGTH == 0x0)?__bl_FLASH_IMAGE_END:((__bl_FLASH_IMAGE_START - FLASH_BOOTLOADER_HEADER_LENGTH) + FLASH_APPLICATION_S_LENGTH)
                0x0000000000000000                __bl_FLASH_NSC_START = ! (DEFINED (FLASH_BOOTLOADER_LENGTH))?0x0:(FLASH_APPLICATION_NS_LENGTH == 0x0)?__bl_FLASH_IMAGE_END:(__bl_FLASH_IMAGE_END - FLASH_APPLICATION_NSC_LENGTH)
                0x0000000000000000                __bl_RAM_NS_START = ! (DEFINED (FLASH_BOOTLOADER_LENGTH))?0x0:(FLASH_APPLICATION_NS_LENGTH == 0x0)?(RAM_START + RAM_LENGTH):((RAM_START + RAM_LENGTH) - RAM_APPLICATION_NS_LENGTH)
                0x0000000000000000                __bl_RAM_NSC_START = ! (DEFINED (FLASH_BOOTLOADER_LENGTH))?0x0:(FLASH_APPLICATION_NS_LENGTH == 0x0)?(RAM_START + RAM_LENGTH):(__bl_RAM_NS_START - RAM_APPLICATION_NSC_LENGTH)
                0x0000000000000000                __bl_FLASH_NS_IMAGE_START = ! (DEFINED (FLASH_BOOTLOADER_LENGTH))?0x0:(FLASH_APPLICATION_NS_LENGTH == 0x0)?__bl_FLASH_IMAGE_END:(__bl_FLASH_NS_START + FLASH_BOOTLOADER_HEADER_LENGTH_2)
                0x0000000000000000                __bln_FLASH_IMAGE_START = (__bl_FLASH_NS_IMAGE_START | ! (DEFINED (NS_OFFSET_START))?0x0:NS_OFFSET_START)
                0x0000000000000000                __bln_FLASH_IMAGE_LENGTH = ! (DEFINED (FLASH_BOOTLOADER_LENGTH))?0x0:(FLASH_APPLICATION_NS_LENGTH == 0x0)?__bl_FLASH_IMAGE_END:(FLASH_APPLICATION_NS_LENGTH - FLASH_BOOTLOADER_HEADER_LENGTH_2)
                0x0000000000000000                XIP_SECONDARY_SLOT_IMAGE = DEFINED (XIP_SECONDARY_SLOT_IMAGE)?XIP_SECONDARY_SLOT_IMAGE:0x0
                0x0000000000000000                FLASH_ORIGIN = ! (DEFINED (FLASH_IMAGE_START))?FLASH_START:(XIP_SECONDARY_SLOT_IMAGE == 0x1)?XIP_SECONDARY_FLASH_IMAGE_START:FLASH_IMAGE_START
                0x0000000000040000                LIMITED_FLASH_LENGTH = DEFINED (FLASH_IMAGE_LENGTH)?FLASH_IMAGE_LENGTH:DEFINED (FLASH_BOOTLOADER_LENGTH)?FLASH_BOOTLOADER_LENGTH:FLASH_LENGTH
                0x0000000000000034                OPTION_SETTING_SAS_SIZE = 0x34
                0x0000000000000000                OPTION_SETTING_SAS_LENGTH = ! (DEFINED (OPTION_SETTING_LENGTH))?0x0:(OPTION_SETTING_LENGTH == 0x0)?0x0:(OPTION_SETTING_LENGTH - OPTION_SETTING_SAS_SIZE)
START GROUP
LOAD /home/maldus/Local/renesas/e2_studio/toolchains/gcc_arm/10_3_2021_10/gcc-arm-none-eabi-10.3-2021.10/bin/../lib/gcc/arm-none-eabi/10.3.1/thumb/v8-m.base/nofp/libgcc.a
LOAD /home/maldus/Local/renesas/e2_studio/toolchains/gcc_arm/10_3_2021_10/gcc-arm-none-eabi-10.3-2021.10/bin/../lib/gcc/arm-none-eabi/10.3.1/../../../../arm-none-eabi/lib/thumb/v8-m.base/nofp/libc.a
LOAD /home/maldus/Local/renesas/e2_studio/toolchains/gcc_arm/10_3_2021_10/gcc-arm-none-eabi-10.3-2021.10/bin/../lib/gcc/arm-none-eabi/10.3.1/../../../../arm-none-eabi/lib/thumb/v8-m.base/nofp/libm.a
END GROUP

.text           0x0000000000000000     0x4554
                0x0000000000000000                __tz_FLASH_S = ABSOLUTE (FLASH_START)
                0x0000000000000000                __ROM_Start = .
 *(.fixed_vectors*)
 .fixed_vectors
                0x0000000000000000       0x40 ./ra/fsp/src/bsp/cmsis/Device/RENESAS/Source/startup.o
                0x0000000000000000                __Vectors
 *(.application_vectors*)
 .application_vectors
                0x0000000000000040       0x80 ./ra_gen/vector_data.o
                0x0000000000000040                g_vector_table
                0x00000000000000c0                __Vectors_End = .
 *(.flash_gap*)
                0x0000000000000400                . = (OPTION_SETTING_LENGTH > 0x0)?.:(__ROM_Start + 0x400)
 *fill*         0x00000000000000c0      0x340 ff
 *(.rom_registers*)
 .rom_registers
                0x0000000000000400       0x3c ./ra/fsp/src/bsp/mcu/all/bsp_rom_registers.o
 *(.mcuboot_sce9_key*)
 *(.text*)
 .text          0x000000000000043c       0x50 /home/maldus/Local/renesas/e2_studio/toolchains/gcc_arm/10_3_2021_10/gcc-arm-none-eabi-10.3-2021.10/bin/../lib/gcc/arm-none-eabi/10.3.1/thumb/v8-m.base/nofp/crtbegin.o
 .text.fix_timer
                0x000000000000048c       0x2c ./src/model/cycle.o
 .text.start_everything
                0x00000000000004b8       0x56 ./src/model/cycle.o
 .text.pause_everything
                0x000000000000050e       0x38 ./src/model/cycle.o
 .text.stop_everything
                0x0000000000000546       0x5c ./src/model/cycle.o
 .text.paused_event_manager
                0x00000000000005a2       0x50 ./src/model/cycle.o
 *fill*         0x00000000000005f2        0x2 ff
 .text.running_event_manager
                0x00000000000005f4       0xe0 ./src/model/cycle.o
 .text.wait_start_event_manager
                0x00000000000006d4       0x66 ./src/model/cycle.o
 .text.active_event_manager
                0x000000000000073a       0x8c ./src/model/cycle.o
 .text.stopped_event_manager
                0x00000000000007c6       0xa0 ./src/model/cycle.o
 .text.cycle_send_event
                0x0000000000000866       0x4c ./src/model/cycle.o
                0x0000000000000866                cycle_send_event
 .text.timer_event_callback
                0x00000000000008b2        0xe ./src/model/cycle.o
 .text.cycle_init
                0x00000000000008c0       0x3a ./src/model/cycle.o
                0x00000000000008c0                cycle_init
 .text.cycle_manage
                0x00000000000008fa       0x28 ./src/model/cycle.o
                0x00000000000008fa                cycle_manage
 .text.ptc_temperature_from_adc_value
                0x0000000000000922       0x2e ./src/model/model.o
 .text.set_drum_timestamp
                0x0000000000000950       0x14 ./src/model/model.o
 .text.model_init
                0x0000000000000964       0x34 ./src/model/model.o
                0x0000000000000964                model_init
 .text.model_manage
                0x0000000000000998       0x28 ./src/model/model.o
                0x0000000000000998                model_manage
 .text.model_is_emergency_alarm_active
                0x00000000000009c0       0x32 ./src/model/model.o
                0x00000000000009c0                model_is_emergency_alarm_active
 .text.model_is_filter_alarm_active
                0x00000000000009f2       0x32 ./src/model/model.o
                0x00000000000009f2                model_is_filter_alarm_active
 .text.model_is_porthole_open
                0x0000000000000a24       0x30 ./src/model/model.o
                0x0000000000000a24                model_is_porthole_open
 .text.model_get_alarms
                0x0000000000000a54       0x50 ./src/model/model.o
                0x0000000000000a54                model_get_alarms
 .text.model_cycle_resume
                0x0000000000000aa4        0xe ./src/model/model.o
                0x0000000000000aa4                model_cycle_resume
 .text.model_cycle_pause
                0x0000000000000ab2        0xe ./src/model/model.o
                0x0000000000000ab2                model_cycle_pause
 .text.model_cycle_stop
                0x0000000000000ac0        0xe ./src/model/model.o
                0x0000000000000ac0                model_cycle_stop
 .text.model_get_step_duration_seconds
                0x0000000000000ace       0x3c ./src/model/model.o
                0x0000000000000ace                model_get_step_duration_seconds
 .text.model_get_relay_map
                0x0000000000000b0a       0x44 ./src/model/model.o
                0x0000000000000b0a                model_get_relay_map
 .text.model_get_pwm1_percentage
                0x0000000000000b4e       0x3c ./src/model/model.o
                0x0000000000000b4e                model_get_pwm1_percentage
 .text.model_get_pwm2_percentage
                0x0000000000000b8a       0x30 ./src/model/model.o
                0x0000000000000b8a                model_get_pwm2_percentage
 .text.model_update_temperature
                0x0000000000000bba       0x46 ./src/model/model.o
                0x0000000000000bba                model_update_temperature
 .text.model_heating_enabled
                0x0000000000000c00       0x2c ./src/model/model.o
                0x0000000000000c00                model_heating_enabled
 .text.model_is_step_unfolding
                0x0000000000000c2c       0x30 ./src/model/model.o
                0x0000000000000c2c                model_is_step_unfolding
 .text.model_ciclo_continuo
                0x0000000000000c5c       0x3c ./src/model/model.o
                0x0000000000000c5c                model_ciclo_continuo
 .text.model_ciclo_fermo
                0x0000000000000c98       0x2e ./src/model/model.o
                0x0000000000000c98                model_ciclo_fermo
 .text.model_get_remaining_seconds
                0x0000000000000cc6       0x4a ./src/model/model.o
                0x0000000000000cc6                model_get_remaining_seconds
 .text.model_get_default_temperature
                0x0000000000000d10       0x3c ./src/model/model.o
                0x0000000000000d10                model_get_default_temperature
 .text.model_add_work_time_ms
                0x0000000000000d4c       0x36 ./src/model/model.o
                0x0000000000000d4c                model_add_work_time_ms
 .text.model_add_rotation_time_ms
                0x0000000000000d82       0x36 ./src/model/model.o
                0x0000000000000d82                model_add_rotation_time_ms
 .text.model_add_ventilation_time_ms
                0x0000000000000db8       0x36 ./src/model/model.o
                0x0000000000000db8                model_add_ventilation_time_ms
 .text.model_drum_forward
                0x0000000000000dee       0x3a ./src/model/model.o
                0x0000000000000dee                model_drum_forward
 .text.model_drum_backward
                0x0000000000000e28       0x3a ./src/model/model.o
                0x0000000000000e28                model_drum_backward
 .text.model_drum_stop
                0x0000000000000e62       0x4c ./src/model/model.o
                0x0000000000000e62                model_drum_stop
 .text.model_is_drum_running_forward
                0x0000000000000eae       0x32 ./src/model/model.o
                0x0000000000000eae                model_is_drum_running_forward
 .text.model_fan_on
                0x0000000000000ee0       0x3c ./src/model/model.o
                0x0000000000000ee0                model_fan_on
 .text.model_fan_off
                0x0000000000000f1c       0x44 ./src/model/model.o
                0x0000000000000f1c                model_fan_off
 .text.controller_init
                0x0000000000000f60       0x14 ./src/controller/controller.o
                0x0000000000000f60                controller_init
 .text.controller_manage
                0x0000000000000f74       0x66 ./src/controller/controller.o
                0x0000000000000f74                controller_manage
 .text.update_alarms
                0x0000000000000fda       0x18 ./src/controller/observer.o
 .text.refresh_relays
                0x0000000000000ff2       0x22 ./src/controller/observer.o
 .text.update_relays
                0x0000000000001014       0x12 ./src/controller/observer.o
 .text.update_pwm
                0x0000000000001026       0x1c ./src/controller/observer.o
 .text.observer_init
                0x0000000000001042       0x7e ./src/controller/observer.o
                0x0000000000001042                observer_init
 .text.observer_manage
                0x00000000000010c0       0x3e ./src/controller/observer.o
                0x00000000000010c0                observer_manage
 .text.bsp_adc_init
                0x00000000000010fe       0x7e ./src/bsp/adc.o
                0x00000000000010fe                bsp_adc_init
 .text.bsp_adc_manage
                0x000000000000117c       0xa2 ./src/bsp/adc.o
                0x000000000000117c                bsp_adc_manage
 .text.bsp_adc_get
                0x000000000000121e       0x38 ./src/bsp/adc.o
                0x000000000000121e                bsp_adc_get
 .text.bsp_adc_callback
                0x0000000000001256        0x2 ./src/bsp/adc.o
                0x0000000000001256                bsp_adc_callback
 .text.bsp_digin_init
                0x0000000000001258       0x10 ./src/bsp/digin.o
                0x0000000000001258                bsp_digin_init
 .text.bsp_digin_manage
                0x0000000000001268       0x8c ./src/bsp/digin.o
                0x0000000000001268                bsp_digin_manage
 .text.bsp_digin_get_bitmap
                0x00000000000012f4        0xc ./src/bsp/digin.o
                0x00000000000012f4                bsp_digin_get_bitmap
 .text.bsp_heartbit_manage
                0x0000000000001300       0xac ./src/bsp/heartbit.o
                0x0000000000001300                bsp_heartbit_manage
 .text.bsp_pwm_init
                0x00000000000013ac       0x20 ./src/bsp/pwm.o
                0x00000000000013ac                bsp_pwm_init
 .text.bsp_pwm_update
                0x00000000000013cc       0x2e ./src/bsp/pwm.o
                0x00000000000013cc                bsp_pwm_update
 .text.bsp_pwm_interrupt_callback
                0x00000000000013fa       0x60 ./src/bsp/pwm.o
                0x00000000000013fa                bsp_pwm_interrupt_callback
 .text.bsp_relay_update
                0x000000000000145a       0x32 ./src/bsp/relay.o
                0x000000000000145a                bsp_relay_update
 .text.bsp_rs232_init
                0x000000000000148c       0x16 ./src/bsp/rs232.o
                0x000000000000148c                bsp_rs232_init
 .text.bsp_rs232_write
                0x00000000000014a2       0x1a ./src/bsp/rs232.o
                0x00000000000014a2                bsp_rs232_write
 .text.bsp_rs232_read
                0x00000000000014bc       0x26 ./src/bsp/rs232.o
                0x00000000000014bc                bsp_rs232_read
 .text.bsp_rs232_flush
                0x00000000000014e2        0xe ./src/bsp/rs232.o
                0x00000000000014e2                bsp_rs232_flush
 .text.rs232_callback
                0x00000000000014f0       0x50 ./src/bsp/rs232.o
                0x00000000000014f0                rs232_callback
 .text.bsp_rs232_timed_out
                0x0000000000001540       0x1c ./src/bsp/rs232.o
                0x0000000000001540                bsp_rs232_timed_out
 .text.SysTick_Handler
                0x000000000000155c       0x10 ./src/bsp/system.o
                0x000000000000155c                SysTick_Handler
 .text.bsp_system_init
                0x000000000000156c       0x56 ./src/bsp/system.o
                0x000000000000156c                bsp_system_init
 .text.bsp_system_get_millis
                0x00000000000015c2        0xc ./src/bsp/system.o
                0x00000000000015c2                bsp_system_get_millis
 .text.static_allocator
                0x00000000000015ce       0x28 ./src/adapters/modbus_server.o
 .text.exception_callback
                0x00000000000015f6        0x4 ./src/adapters/modbus_server.o
 *fill*         0x00000000000015fa        0x2 ff
 .text.register_callback
                0x00000000000015fc      0x248 ./src/adapters/modbus_server.o
 .text.modbusBufferInit
                0x0000000000001844       0x12 ./src/adapters/modbus_server.o
                0x0000000000001844                modbusBufferInit
 .text.modbusBufferAllocateADU
                0x0000000000001856       0x34 ./src/adapters/modbus_server.o
                0x0000000000001856                modbusBufferAllocateADU
 .text.modbusBufferFree
                0x000000000000188a        0xc ./src/adapters/modbus_server.o
                0x000000000000188a                modbusBufferFree
 *fill*         0x0000000000001896        0x2 ff
 .text.modbusCRC
                0x0000000000001898       0x3c ./src/adapters/modbus_server.o
                0x0000000000001898                modbusCRC
 .text.modbusSlaveInit
                0x00000000000018d4       0x1e ./src/adapters/modbus_server.o
                0x00000000000018d4                modbusSlaveInit
 .text.modbusBuildException
                0x00000000000018f2       0x32 ./src/adapters/modbus_server.o
                0x00000000000018f2                modbusBuildException
 .text.modbusParseRequest01020304
                0x0000000000001924      0x1a2 ./src/adapters/modbus_server.o
                0x0000000000001924                modbusParseRequest01020304
 .text.modbusParseRequest1516
                0x0000000000001ac6      0x1b2 ./src/adapters/modbus_server.o
                0x0000000000001ac6                modbusParseRequest1516
 .text.modbusParseRequest
                0x0000000000001c78       0x34 ./src/adapters/modbus_server.o
                0x0000000000001c78                modbusParseRequest
 .text.modbusParseRequestRTU
                0x0000000000001cac       0xe0 ./src/adapters/modbus_server.o
                0x0000000000001cac                modbusParseRequestRTU
 .text.modbus_server_init
                0x0000000000001d8c       0x6e ./src/adapters/modbus_server.o
                0x0000000000001d8c                modbus_server_init
 .text.modbus_server_manage
                0x0000000000001dfa       0x74 ./src/adapters/modbus_server.o
                0x0000000000001dfa                modbus_server_manage
 .text.hal_entry
                0x0000000000001e6e       0x3e ./src/hal_entry.o
                0x0000000000001e6e                hal_entry
 .text.R_BSP_WarmStart
                0x0000000000001eac       0x2e ./src/hal_entry.o
                0x0000000000001eac                R_BSP_WarmStart
 .text.main     0x0000000000001eda        0xa ./ra_gen/main.o
                0x0000000000001eda                main
 .text.R_SCI_UART_Read
                0x0000000000001ee4        0x8 ./ra/fsp/src/r_sci_uart/r_sci_uart.o
                0x0000000000001ee4                R_SCI_UART_Read
 .text.R_SCI_UART_Write
                0x0000000000001eec       0x50 ./ra/fsp/src/r_sci_uart/r_sci_uart.o
                0x0000000000001eec                R_SCI_UART_Write
 .text.R_SCI_UART_CallbackSet
                0x0000000000001f3c        0xa ./ra/fsp/src/r_sci_uart/r_sci_uart.o
                0x0000000000001f3c                R_SCI_UART_CallbackSet
 .text.R_SCI_UART_InfoGet
                0x0000000000001f46        0xc ./ra/fsp/src/r_sci_uart/r_sci_uart.o
                0x0000000000001f46                R_SCI_UART_InfoGet
 .text.R_SCI_UART_Abort
                0x0000000000001f52       0x28 ./ra/fsp/src/r_sci_uart/r_sci_uart.o
                0x0000000000001f52                R_SCI_UART_Abort
 .text.R_SCI_UART_ReadStop
                0x0000000000001f7a        0xc ./ra/fsp/src/r_sci_uart/r_sci_uart.o
                0x0000000000001f7a                R_SCI_UART_ReadStop
 .text.r_sci_uart_baud_set
                0x0000000000001f86       0x2a ./ra/fsp/src/r_sci_uart/r_sci_uart.o
 .text.r_sci_uart_config_set
                0x0000000000001fb0       0x98 ./ra/fsp/src/r_sci_uart/r_sci_uart.o
 .text.R_SCI_UART_BaudSet
                0x0000000000002048       0x24 ./ra/fsp/src/r_sci_uart/r_sci_uart.o
                0x0000000000002048                R_SCI_UART_BaudSet
 .text.r_sci_uart_call_callback
                0x000000000000206c       0x44 ./ra/fsp/src/r_sci_uart/r_sci_uart.o
 .text.R_SCI_UART_Close
                0x00000000000020b0       0x60 ./ra/fsp/src/r_sci_uart/r_sci_uart.o
                0x00000000000020b0                R_SCI_UART_Close
 .text.r_sci_irq_cfg
                0x0000000000002110       0x20 ./ra/fsp/src/r_sci_uart/r_sci_uart.o
 .text.r_sci_irqs_cfg
                0x0000000000002130       0x36 ./ra/fsp/src/r_sci_uart/r_sci_uart.o
 .text.R_SCI_UART_Open
                0x0000000000002166      0x100 ./ra/fsp/src/r_sci_uart/r_sci_uart.o
                0x0000000000002166                R_SCI_UART_Open
 *fill*         0x0000000000002266        0x2 ff
 .text.sci_uart_txi_isr
                0x0000000000002268       0x90 ./ra/fsp/src/r_sci_uart/r_sci_uart.o
                0x0000000000002268                sci_uart_txi_isr
 .text.sci_uart_rxi_isr
                0x00000000000022f8       0x8c ./ra/fsp/src/r_sci_uart/r_sci_uart.o
                0x00000000000022f8                sci_uart_rxi_isr
 .text.sci_uart_tei_isr
                0x0000000000002384       0x38 ./ra/fsp/src/r_sci_uart/r_sci_uart.o
                0x0000000000002384                sci_uart_tei_isr
 .text.sci_uart_eri_isr
                0x00000000000023bc       0x66 ./ra/fsp/src/r_sci_uart/r_sci_uart.o
                0x00000000000023bc                sci_uart_eri_isr
 .text.R_IOPORT_Close
                0x0000000000002422        0x8 ./ra/fsp/src/r_ioport/r_ioport.o
                0x0000000000002422                R_IOPORT_Close
 .text.R_IOPORT_PinRead
                0x000000000000242a       0x22 ./ra/fsp/src/r_ioport/r_ioport.o
                0x000000000000242a                R_IOPORT_PinRead
 .text.R_IOPORT_PortRead
                0x000000000000244c       0x16 ./ra/fsp/src/r_ioport/r_ioport.o
                0x000000000000244c                R_IOPORT_PortRead
 .text.R_IOPORT_PortWrite
                0x0000000000002462       0x1e ./ra/fsp/src/r_ioport/r_ioport.o
                0x0000000000002462                R_IOPORT_PortWrite
 .text.R_IOPORT_PinWrite
                0x0000000000002480       0x2c ./ra/fsp/src/r_ioport/r_ioport.o
                0x0000000000002480                R_IOPORT_PinWrite
 .text.R_IOPORT_PortDirectionSet
                0x00000000000024ac       0x24 ./ra/fsp/src/r_ioport/r_ioport.o
                0x00000000000024ac                R_IOPORT_PortDirectionSet
 .text.R_IOPORT_PortEventInputRead
                0x00000000000024d0       0x18 ./ra/fsp/src/r_ioport/r_ioport.o
                0x00000000000024d0                R_IOPORT_PortEventInputRead
 .text.R_IOPORT_PinEventInputRead
                0x00000000000024e8       0x30 ./ra/fsp/src/r_ioport/r_ioport.o
                0x00000000000024e8                R_IOPORT_PinEventInputRead
 .text.R_IOPORT_PortEventOutputWrite
                0x0000000000002518       0x1e ./ra/fsp/src/r_ioport/r_ioport.o
                0x0000000000002518                R_IOPORT_PortEventOutputWrite
 .text.r_ioport_hw_pin_event_output_data_write
                0x0000000000002536       0x2a ./ra/fsp/src/r_ioport/r_ioport.o
 .text.R_IOPORT_PinEventOutputWrite
                0x0000000000002560       0x12 ./ra/fsp/src/r_ioport/r_ioport.o
                0x0000000000002560                R_IOPORT_PinEventOutputWrite
 *fill*         0x0000000000002572        0x2 ff
 .text.r_ioport_pfs_write
                0x0000000000002574       0x44 ./ra/fsp/src/r_ioport/r_ioport.o
 .text.r_ioport_pins_config
                0x00000000000025b8       0xa0 ./ra/fsp/src/r_ioport/r_ioport.o
 .text.R_IOPORT_Open
                0x0000000000002658       0x16 ./ra/fsp/src/r_ioport/r_ioport.o
                0x0000000000002658                R_IOPORT_Open
 .text.R_IOPORT_PinsCfg
                0x000000000000266e        0xc ./ra/fsp/src/r_ioport/r_ioport.o
                0x000000000000266e                R_IOPORT_PinsCfg
 .text.R_IOPORT_PinCfg
                0x000000000000267a       0x7a ./ra/fsp/src/r_ioport/r_ioport.o
                0x000000000000267a                R_IOPORT_PinCfg
 .text.r_agt_common_preamble
                0x00000000000026f4       0x22 ./ra/fsp/src/r_agt/r_agt.o
 .text.r_agt_hardware_cfg
                0x0000000000002716       0x50 ./ra/fsp/src/r_agt/r_agt.o
 .text.r_agt_period_register_set
                0x0000000000002766       0x26 ./ra/fsp/src/r_agt/r_agt.o
 .text.R_AGT_Start
                0x000000000000278c       0x34 ./ra/fsp/src/r_agt/r_agt.o
                0x000000000000278c                R_AGT_Start
 .text.R_AGT_Open
                0x00000000000027c0       0xa8 ./ra/fsp/src/r_agt/r_agt.o
                0x00000000000027c0                R_AGT_Open
 .text.agt_int_isr
                0x0000000000002868       0x92 ./ra/fsp/src/r_agt/r_agt.o
                0x0000000000002868                agt_int_isr
 .text.R_ADC_ScanStart
                0x00000000000028fa        0xa ./ra/fsp/src/r_adc/r_adc.o
                0x00000000000028fa                R_ADC_ScanStart
 .text.R_ADC_Read
                0x0000000000002904        0xe ./ra/fsp/src/r_adc/r_adc.o
                0x0000000000002904                R_ADC_Read
 .text.r_adc_sensor_sample_state_calculation
                0x0000000000002912       0x48 ./ra/fsp/src/r_adc/r_adc.o
 .text.r_adc_sensor_cfg
                0x000000000000295a       0x6c ./ra/fsp/src/r_adc/r_adc.o
 .text.r_adc_call_callback
                0x00000000000029c6       0x3a ./ra/fsp/src/r_adc/r_adc.o
 .text.r_adc_open_sub
                0x0000000000002a00       0xfc ./ra/fsp/src/r_adc/r_adc.o
 .text.r_adc_irq_enable
                0x0000000000002afc        0xe ./ra/fsp/src/r_adc/r_adc.o
 .text.R_ADC_Open
                0x0000000000002b0a       0x6a ./ra/fsp/src/r_adc/r_adc.o
                0x0000000000002b0a                R_ADC_Open
 .text.r_adc_scan_cfg
                0x0000000000002b74      0x15c ./ra/fsp/src/r_adc/r_adc.o
 .text.R_ADC_ScanCfg
                0x0000000000002cd0       0x12 ./ra/fsp/src/r_adc/r_adc.o
                0x0000000000002cd0                R_ADC_ScanCfg
 .text.r_adc_scan_end_common_isr
                0x0000000000002ce2       0x52 ./ra/fsp/src/r_adc/r_adc.o
 .text.adc_scan_end_isr
                0x0000000000002d34        0xa ./ra/fsp/src/r_adc/r_adc.o
                0x0000000000002d34                adc_scan_end_isr
 .text.bsp_prv_operating_mode_opccr_set
                0x0000000000002d3e       0x5c ./ra/fsp/src/bsp/mcu/all/bsp_clocks.o
 .text.bsp_prv_sosc_init
                0x0000000000002d9a       0x12 ./ra/fsp/src/bsp/mcu/all/bsp_clocks.o
 .text.SystemCoreClockUpdate
                0x0000000000002dac       0x2e ./ra/fsp/src/bsp/mcu/all/bsp_clocks.o
                0x0000000000002dac                SystemCoreClockUpdate
 .text.bsp_clock_freq_var_init
                0x0000000000002dda       0x38 ./ra/fsp/src/bsp/mcu/all/bsp_clocks.o
 .text.bsp_prv_clock_set_hard_reset
                0x0000000000002e12       0x20 ./ra/fsp/src/bsp/mcu/all/bsp_clocks.o
 *fill*         0x0000000000002e32        0x2 ff
 .text.bsp_clock_init
                0x0000000000002e34       0x80 ./ra/fsp/src/bsp/mcu/all/bsp_clocks.o
                0x0000000000002e34                bsp_clock_init
 .text.R_BSP_Init_RTC
                0x0000000000002eb4       0x10 ./ra/fsp/src/bsp/mcu/all/bsp_clocks.o
                0x0000000000002eb4                R_BSP_Init_RTC
 .text.bsp_init_internal
                0x0000000000002ec4        0x2 ./ra/fsp/src/bsp/mcu/all/bsp_common.o
                0x0000000000002ec4                bsp_init
                0x0000000000002ec4                bsp_init_internal
 .text.__assert_func
                0x0000000000002ec6        0x4 ./ra/fsp/src/bsp/mcu/all/bsp_common.o
                0x0000000000002ec6                __assert_func
 .text.bsp_prv_software_delay_loop
                0x0000000000002eca        0x8 ./ra/fsp/src/bsp/mcu/all/bsp_delay.o
                0x0000000000002eca                bsp_prv_software_delay_loop
 .text.R_BSP_SoftwareDelay
                0x0000000000002ed2       0x56 ./ra/fsp/src/bsp/mcu/all/bsp_delay.o
                0x0000000000002ed2                R_BSP_SoftwareDelay
 .text.bsp_group_irq_call
                0x0000000000002f28       0x14 ./ra/fsp/src/bsp/mcu/all/bsp_group_irq.o
 .text.NMI_Handler
                0x0000000000002f3c       0x44 ./ra/fsp/src/bsp/mcu/all/bsp_group_irq.o
                0x0000000000002f3c                NMI_Handler
 .text.R_BSP_IrqStatusClear
                0x0000000000002f80       0x1c ./ra/fsp/src/bsp/mcu/all/bsp_irq.o
                0x0000000000002f80                R_BSP_IrqStatusClear
 .text.R_BSP_IrqClearPending
                0x0000000000002f9c       0x26 ./ra/fsp/src/bsp/mcu/all/bsp_irq.o
                0x0000000000002f9c                R_BSP_IrqClearPending
 .text.R_BSP_IrqCfg
                0x0000000000002fc2       0x44 ./ra/fsp/src/bsp/mcu/all/bsp_irq.o
                0x0000000000002fc2                R_BSP_IrqCfg
 .text.R_BSP_IrqEnableNoClear
                0x0000000000003006       0x18 ./ra/fsp/src/bsp/mcu/all/bsp_irq.o
                0x0000000000003006                R_BSP_IrqEnableNoClear
 .text.R_BSP_IrqEnable
                0x000000000000301e       0x10 ./ra/fsp/src/bsp/mcu/all/bsp_irq.o
                0x000000000000301e                R_BSP_IrqEnable
 .text.R_BSP_IrqDisable
                0x000000000000302e       0x22 ./ra/fsp/src/bsp/mcu/all/bsp_irq.o
                0x000000000000302e                R_BSP_IrqDisable
 .text.R_BSP_IrqCfgEnable
                0x0000000000003050       0x10 ./ra/fsp/src/bsp/mcu/all/bsp_irq.o
                0x0000000000003050                R_BSP_IrqCfgEnable
 .text.bsp_irq_cfg
                0x0000000000003060       0x2c ./ra/fsp/src/bsp/mcu/all/bsp_irq.o
                0x0000000000003060                bsp_irq_cfg
 .text.R_BSP_RegisterProtectEnable
                0x000000000000308c       0x70 ./ra/fsp/src/bsp/mcu/all/bsp_register_protection.o
                0x000000000000308c                R_BSP_RegisterProtectEnable
 .text.R_BSP_RegisterProtectDisable
                0x00000000000030fc       0x5c ./ra/fsp/src/bsp/mcu/all/bsp_register_protection.o
                0x00000000000030fc                R_BSP_RegisterProtectDisable
 .text._sbrk    0x0000000000003158       0x5c ./ra/fsp/src/bsp/mcu/all/bsp_sbrk.o
                0x0000000000003158                _sbrk
 .text.Default_Handler
                0x00000000000031b4        0x4 ./ra/fsp/src/bsp/cmsis/Device/RENESAS/Source/startup.o
                0x00000000000031b4                DebugMon_Handler
                0x00000000000031b4                HardFault_Handler
                0x00000000000031b4                PendSV_Handler
                0x00000000000031b4                UsageFault_Handler
                0x00000000000031b4                SecureFault_Handler
                0x00000000000031b4                Default_Handler
                0x00000000000031b4                MemManage_Handler
                0x00000000000031b4                SVC_Handler
                0x00000000000031b4                BusFault_Handler
 .text.Reset_Handler
                0x00000000000031b8        0xc ./ra/fsp/src/bsp/cmsis/Device/RENESAS/Source/startup.o
                0x00000000000031b8                Reset_Handler
 .text.bsp_reset_trng_circuit
                0x00000000000031c4       0x7c ./ra/fsp/src/bsp/cmsis/Device/RENESAS/Source/system.o
 .text.SystemInit
                0x0000000000003240       0xdc ./ra/fsp/src/bsp/cmsis/Device/RENESAS/Source/system.o
                0x0000000000003240                SystemInit
 .text.add_callback
                0x000000000000331c       0x76 ./libs/c-watcher/src/watcher.o
 .text.add_arg  0x0000000000003392       0x76 ./libs/c-watcher/src/watcher.o
 .text.debouncer_callback
                0x0000000000003408       0x12 ./libs/c-watcher/src/watcher.o
 .text.is_debounced
                0x000000000000341a       0x20 ./libs/c-watcher/src/watcher.o
 .text.trigger_debouncer_entry
                0x000000000000343a       0x3c ./libs/c-watcher/src/watcher.o
 .text.add_entry_static
                0x0000000000003476      0x258 ./libs/c-watcher/src/watcher.o
 .text.watcher_init
                0x00000000000036ce       0x36 ./libs/c-watcher/src/watcher.o
                0x00000000000036ce                watcher_init
 .text.watcher_add_entry
                0x0000000000003704       0x3c ./libs/c-watcher/src/watcher.o
                0x0000000000003704                watcher_add_entry
 .text.watcher_trigger_entry
                0x0000000000003740       0x92 ./libs/c-watcher/src/watcher.o
                0x0000000000003740                watcher_trigger_entry
 .text.watcher_watch
                0x00000000000037d2       0xe8 ./libs/c-watcher/src/watcher.o
                0x00000000000037d2                watcher_watch
 .text.stopwatch_init
                0x00000000000038ba        0xe ./libs/c-stopwatch/src/stopwatch.o
                0x00000000000038ba                stopwatch_init
 .text.stopwatch_resume
                0x00000000000038c8        0xc ./libs/c-stopwatch/src/stopwatch.o
                0x00000000000038c8                stopwatch_resume
 .text.stopwatch_pause
                0x00000000000038d4       0x1c ./libs/c-stopwatch/src/stopwatch.o
                0x00000000000038d4                stopwatch_pause
 .text.stopwatch_reset
                0x00000000000038f0        0x8 ./libs/c-stopwatch/src/stopwatch.o
                0x00000000000038f0                stopwatch_reset
 .text.stopwatch_set
                0x00000000000038f8        0x4 ./libs/c-stopwatch/src/stopwatch.o
                0x00000000000038f8                stopwatch_set
 .text.stopwatch_get_elapsed
                0x00000000000038fc       0x18 ./libs/c-stopwatch/src/stopwatch.o
                0x00000000000038fc                stopwatch_get_elapsed
 .text.stopwatch_get_remaining
                0x0000000000003914       0x16 ./libs/c-stopwatch/src/stopwatch.o
                0x0000000000003914                stopwatch_get_remaining
 .text.stopwatch_is_done
                0x000000000000392a       0x30 ./libs/c-stopwatch/src/stopwatch.o
                0x000000000000392a                stopwatch_is_done
 .text.stopwatch_timer_init
                0x000000000000395a       0x28 ./libs/c-stopwatch/src/stopwatch_timer.o
                0x000000000000395a                stopwatch_timer_init
 .text.stopwatch_timer_set_period
                0x0000000000003982        0x8 ./libs/c-stopwatch/src/stopwatch_timer.o
                0x0000000000003982                stopwatch_timer_set_period
 .text.stopwatch_timer_resume
                0x000000000000398a        0x8 ./libs/c-stopwatch/src/stopwatch_timer.o
                0x000000000000398a                stopwatch_timer_resume
 .text.stopwatch_timer_reset
                0x0000000000003992       0x10 ./libs/c-stopwatch/src/stopwatch_timer.o
                0x0000000000003992                stopwatch_timer_reset
 .text.stopwatch_timer_pause
                0x00000000000039a2        0x8 ./libs/c-stopwatch/src/stopwatch_timer.o
                0x00000000000039a2                stopwatch_timer_pause
 .text.stopwatch_timer_manage
                0x00000000000039aa       0x46 ./libs/c-stopwatch/src/stopwatch_timer.o
                0x00000000000039aa                stopwatch_timer_manage
 .text.stopwatch_timer_set_arg
                0x00000000000039f0        0x4 ./libs/c-stopwatch/src/stopwatch_timer.o
                0x00000000000039f0                stopwatch_timer_set_arg
 .text.debounce_filter_init
                0x00000000000039f4       0x1a ./libs/c-debounce/src/debounce.o
                0x00000000000039f4                debounce_filter_init
 .text.debounce_filter_single
                0x0000000000003a0e       0x68 ./libs/c-debounce/src/debounce.o
                0x0000000000003a0e                debounce_filter_single
 .text.debounce_filter
                0x0000000000003a76       0x34 ./libs/c-debounce/src/debounce.o
                0x0000000000003a76                debounce_filter
 *fill*         0x0000000000003aaa        0x2 ff
 .text          0x0000000000003aac       0x3c /home/maldus/Local/renesas/e2_studio/toolchains/gcc_arm/10_3_2021_10/gcc-arm-none-eabi-10.3-2021.10/bin/../lib/gcc/arm-none-eabi/10.3.1/thumb/v8-m.base/nofp/libgcc.a(_clzsi2.o)
                0x0000000000003aac                __clzsi2
 .text          0x0000000000003ae8       0x5c /home/maldus/Local/renesas/e2_studio/toolchains/gcc_arm/10_3_2021_10/gcc-arm-none-eabi-10.3-2021.10/bin/../lib/gcc/arm-none-eabi/10.3.1/thumb/v8-m.base/nofp/libgcc.a(_muldi3.o)
                0x0000000000003ae8                __aeabi_lmul
                0x0000000000003ae8                __muldi3
 .text.__errno  0x0000000000003b44        0xc /home/maldus/Local/renesas/e2_studio/toolchains/gcc_arm/10_3_2021_10/gcc-arm-none-eabi-10.3-2021.10/bin/../lib/gcc/arm-none-eabi/10.3.1/../../../../arm-none-eabi/lib/thumb/v8-m.base/nofp/libg_nano.a(lib_a-errno.o)
                0x0000000000003b44                __errno
 .text.free     0x0000000000003b50       0x14 /home/maldus/Local/renesas/e2_studio/toolchains/gcc_arm/10_3_2021_10/gcc-arm-none-eabi-10.3-2021.10/bin/../lib/gcc/arm-none-eabi/10.3.1/../../../../arm-none-eabi/lib/thumb/v8-m.base/nofp/libg_nano.a(lib_a-malloc.o)
                0x0000000000003b50                free
 .text.memcmp   0x0000000000003b64       0x1c /home/maldus/Local/renesas/e2_studio/toolchains/gcc_arm/10_3_2021_10/gcc-arm-none-eabi-10.3-2021.10/bin/../lib/gcc/arm-none-eabi/10.3.1/../../../../arm-none-eabi/lib/thumb/v8-m.base/nofp/libg_nano.a(lib_a-memcmp.o)
                0x0000000000003b64                memcmp
 .text.memcpy   0x0000000000003b80       0x12 /home/maldus/Local/renesas/e2_studio/toolchains/gcc_arm/10_3_2021_10/gcc-arm-none-eabi-10.3-2021.10/bin/../lib/gcc/arm-none-eabi/10.3.1/../../../../arm-none-eabi/lib/thumb/v8-m.base/nofp/libg_nano.a(lib_a-memcpy-stub.o)
                0x0000000000003b80                memcpy
 .text.memset   0x0000000000003b92       0x10 /home/maldus/Local/renesas/e2_studio/toolchains/gcc_arm/10_3_2021_10/gcc-arm-none-eabi-10.3-2021.10/bin/../lib/gcc/arm-none-eabi/10.3.1/../../../../arm-none-eabi/lib/thumb/v8-m.base/nofp/libg_nano.a(lib_a-memset.o)
                0x0000000000003b92                memset
 *fill*         0x0000000000003ba2        0x2 ff
 .text._free_r  0x0000000000003ba4       0x8c /home/maldus/Local/renesas/e2_studio/toolchains/gcc_arm/10_3_2021_10/gcc-arm-none-eabi-10.3-2021.10/bin/../lib/gcc/arm-none-eabi/10.3.1/../../../../arm-none-eabi/lib/thumb/v8-m.base/nofp/libg_nano.a(lib_a-nano-freer.o)
                0x0000000000003ba4                _free_r
 .text.sbrk_aligned
                0x0000000000003c30       0x40 /home/maldus/Local/renesas/e2_studio/toolchains/gcc_arm/10_3_2021_10/gcc-arm-none-eabi-10.3-2021.10/bin/../lib/gcc/arm-none-eabi/10.3.1/../../../../arm-none-eabi/lib/thumb/v8-m.base/nofp/libg_nano.a(lib_a-nano-mallocr.o)
 .text._malloc_r
                0x0000000000003c70       0xec /home/maldus/Local/renesas/e2_studio/toolchains/gcc_arm/10_3_2021_10/gcc-arm-none-eabi-10.3-2021.10/bin/../lib/gcc/arm-none-eabi/10.3.1/../../../../arm-none-eabi/lib/thumb/v8-m.base/nofp/libg_nano.a(lib_a-nano-mallocr.o)
                0x0000000000003c70                _malloc_r
 .text.realloc  0x0000000000003d5c       0x14 /home/maldus/Local/renesas/e2_studio/toolchains/gcc_arm/10_3_2021_10/gcc-arm-none-eabi-10.3-2021.10/bin/../lib/gcc/arm-none-eabi/10.3.1/../../../../arm-none-eabi/lib/thumb/v8-m.base/nofp/libg_nano.a(lib_a-realloc.o)
                0x0000000000003d5c                realloc
 .text._sbrk_r  0x0000000000003d70       0x20 /home/maldus/Local/renesas/e2_studio/toolchains/gcc_arm/10_3_2021_10/gcc-arm-none-eabi-10.3-2021.10/bin/../lib/gcc/arm-none-eabi/10.3.1/../../../../arm-none-eabi/lib/thumb/v8-m.base/nofp/libg_nano.a(lib_a-sbrkr.o)
                0x0000000000003d70                _sbrk_r
 .text.__malloc_lock
                0x0000000000003d90       0x10 /home/maldus/Local/renesas/e2_studio/toolchains/gcc_arm/10_3_2021_10/gcc-arm-none-eabi-10.3-2021.10/bin/../lib/gcc/arm-none-eabi/10.3.1/../../../../arm-none-eabi/lib/thumb/v8-m.base/nofp/libg_nano.a(lib_a-mlock.o)
                0x0000000000003d90                __malloc_lock
 .text.__malloc_unlock
                0x0000000000003da0       0x10 /home/maldus/Local/renesas/e2_studio/toolchains/gcc_arm/10_3_2021_10/gcc-arm-none-eabi-10.3-2021.10/bin/../lib/gcc/arm-none-eabi/10.3.1/../../../../arm-none-eabi/lib/thumb/v8-m.base/nofp/libg_nano.a(lib_a-mlock.o)
                0x0000000000003da0                __malloc_unlock
 .text._realloc_r
                0x0000000000003db0       0x5c /home/maldus/Local/renesas/e2_studio/toolchains/gcc_arm/10_3_2021_10/gcc-arm-none-eabi-10.3-2021.10/bin/../lib/gcc/arm-none-eabi/10.3.1/../../../../arm-none-eabi/lib/thumb/v8-m.base/nofp/libg_nano.a(lib_a-nano-reallocr.o)
                0x0000000000003db0                _realloc_r
 .text.__retarget_lock_acquire_recursive
                0x0000000000003e0c        0x2 /home/maldus/Local/renesas/e2_studio/toolchains/gcc_arm/10_3_2021_10/gcc-arm-none-eabi-10.3-2021.10/bin/../lib/gcc/arm-none-eabi/10.3.1/../../../../arm-none-eabi/lib/thumb/v8-m.base/nofp/libg_nano.a(lib_a-lock.o)
                0x0000000000003e0c                __retarget_lock_acquire_recursive
 .text.__retarget_lock_release_recursive
                0x0000000000003e0e        0x2 /home/maldus/Local/renesas/e2_studio/toolchains/gcc_arm/10_3_2021_10/gcc-arm-none-eabi-10.3-2021.10/bin/../lib/gcc/arm-none-eabi/10.3.1/../../../../arm-none-eabi/lib/thumb/v8-m.base/nofp/libg_nano.a(lib_a-lock.o)
                0x0000000000003e0e                __retarget_lock_release_recursive
 .text._malloc_usable_size_r
                0x0000000000003e10       0x10 /home/maldus/Local/renesas/e2_studio/toolchains/gcc_arm/10_3_2021_10/gcc-arm-none-eabi-10.3-2021.10/bin/../lib/gcc/arm-none-eabi/10.3.1/../../../../arm-none-eabi/lib/thumb/v8-m.base/nofp/libg_nano.a(lib_a-nano-msizer.o)
                0x0000000000003e10                _malloc_usable_size_r
 *(.version)
 .version       0x0000000000003e20       0x50 ./ra/fsp/src/bsp/mcu/all/bsp_common.o
 *(.init)
 .init          0x0000000000003e70        0x4 /home/maldus/Local/renesas/e2_studio/toolchains/gcc_arm/10_3_2021_10/gcc-arm-none-eabi-10.3-2021.10/bin/../lib/gcc/arm-none-eabi/10.3.1/thumb/v8-m.base/nofp/crti.o
                0x0000000000003e70                _init
 .init          0x0000000000003e74        0x8 /home/maldus/Local/renesas/e2_studio/toolchains/gcc_arm/10_3_2021_10/gcc-arm-none-eabi-10.3-2021.10/bin/../lib/gcc/arm-none-eabi/10.3.1/thumb/v8-m.base/nofp/crtn.o
 *(.fini)
 .fini          0x0000000000003e7c        0x4 /home/maldus/Local/renesas/e2_studio/toolchains/gcc_arm/10_3_2021_10/gcc-arm-none-eabi-10.3-2021.10/bin/../lib/gcc/arm-none-eabi/10.3.1/thumb/v8-m.base/nofp/crti.o
                0x0000000000003e7c                _fini
 .fini          0x0000000000003e80        0x8 /home/maldus/Local/renesas/e2_studio/toolchains/gcc_arm/10_3_2021_10/gcc-arm-none-eabi-10.3-2021.10/bin/../lib/gcc/arm-none-eabi/10.3.1/thumb/v8-m.base/nofp/crtn.o
 *crtbegin.o(.ctors)
 *crtbegin?.o(.ctors)
 *(EXCLUDE_FILE(*crtend.o *crtend?.o) .ctors)
 *(SORT_BY_NAME(.ctors.*))
 *(.ctors)
 *crtbegin.o(.dtors)
 *crtbegin?.o(.dtors)
 *(EXCLUDE_FILE(*crtend.o *crtend?.o) .dtors)
 *(SORT_BY_NAME(.dtors.*))
 *(.dtors)
 *(.rodata*)
 .rodata.running_event_manager
                0x0000000000003e88       0x24 ./src/model/cycle.o
 .rodata.managers
                0x0000000000003eac       0x3c ./src/model/cycle.o
 .rodata.model_init.str1.4
                0x0000000000003ee8       0x25 ./src/model/model.o
 *fill*         0x0000000000003f0d        0x3 ff
 .rodata.model_pwoff_serialize.str1.4
                0x0000000000003f10       0x2b ./src/model/model.o
 *fill*         0x0000000000003f3b        0x1 ff
 .rodata.__func__.13
                0x0000000000003f3c       0x1e ./src/model/model.o
 *fill*         0x0000000000003f5a        0x2 ff
 .rodata.__func__.14
                0x0000000000003f5c       0x1b ./src/model/model.o
 *fill*         0x0000000000003f77        0x1 ff
 .rodata.__func__.15
                0x0000000000003f78       0x17 ./src/model/model.o
 *fill*         0x0000000000003f8f        0x1 ff
 .rodata.__func__.19
                0x0000000000003f90       0x1e ./src/model/model.o
 *fill*         0x0000000000003fae        0x2 ff
 .rodata.__func__.21
                0x0000000000003fb0       0x1c ./src/model/model.o
 .rodata.__func__.22
                0x0000000000003fcc       0x12 ./src/model/model.o
 *fill*         0x0000000000003fde        0x2 ff
 .rodata.__func__.23
                0x0000000000003fe0       0x15 ./src/model/model.o
 *fill*         0x0000000000003ff5        0x3 ff
 .rodata.__func__.24
                0x0000000000003ff8       0x18 ./src/model/model.o
 .rodata.__func__.25
                0x0000000000004010       0x16 ./src/model/model.o
 *fill*         0x0000000000004026        0x2 ff
 .rodata.__func__.3
                0x0000000000004028        0xe ./src/model/model.o
 *fill*         0x0000000000004036        0x2 ff
 .rodata.__func__.32
                0x0000000000004038       0x19 ./src/model/model.o
 *fill*         0x0000000000004051        0x3 ff
 .rodata.__func__.33
                0x0000000000004054       0x1a ./src/model/model.o
 *fill*         0x000000000000406e        0x2 ff
 .rodata.__func__.34
                0x0000000000004070       0x1a ./src/model/model.o
 *fill*         0x000000000000408a        0x2 ff
 .rodata.__func__.35
                0x000000000000408c       0x14 ./src/model/model.o
 .rodata.__func__.36
                0x00000000000040a0       0x20 ./src/model/model.o
 .rodata.__func__.37
                0x00000000000040c0       0x11 ./src/model/model.o
 *fill*         0x00000000000040d1        0x3 ff
 .rodata.__func__.38
                0x00000000000040d4       0x17 ./src/model/model.o
 *fill*         0x00000000000040eb        0x1 ff
 .rodata.__func__.39
                0x00000000000040ec       0x1d ./src/model/model.o
 *fill*         0x0000000000004109        0x3 ff
 .rodata.__func__.4
                0x000000000000410c        0xd ./src/model/model.o
 *fill*         0x0000000000004119        0x3 ff
 .rodata.__func__.40
                0x000000000000411c       0x20 ./src/model/model.o
 .rodata.__func__.41
                0x000000000000413c        0xd ./src/model/model.o
 *fill*         0x0000000000004149        0x3 ff
 .rodata.__func__.42
                0x000000000000414c        0xb ./src/model/model.o
 *fill*         0x0000000000004157        0x1 ff
 .rodata.__func__.5
                0x0000000000004158       0x1e ./src/model/model.o
 *fill*         0x0000000000004176        0x2 ff
 .rodata.__func__.6
                0x0000000000004178       0x10 ./src/model/model.o
 .rodata.__func__.7
                0x0000000000004188       0x14 ./src/model/model.o
 .rodata.__func__.8
                0x000000000000419c       0x13 ./src/model/model.o
 *fill*         0x00000000000041af        0x1 ff
 .rodata.bsp_adc_init.str1.4
                0x00000000000041b0       0x25 ./src/bsp/adc.o
 *fill*         0x00000000000041d5        0x3 ff
 .rodata        0x00000000000041d8       0x10 ./src/bsp/adc.o
 .rodata.__func__.1
                0x00000000000041e8        0xd ./src/bsp/adc.o
 *fill*         0x00000000000041f5        0x3 ff
 .rodata        0x00000000000041f8        0xe ./src/bsp/digin.o
 *fill*         0x0000000000004206        0x2 ff
 .rodata        0x0000000000004208        0xc ./src/bsp/relay.o
 .rodata.register_callback
                0x0000000000004214       0xb8 ./src/adapters/modbus_server.o
 .rodata.modbus_server_init.str1.4
                0x00000000000042cc       0x50 ./src/adapters/modbus_server.o
 .rodata.__func__.1
                0x000000000000431c       0x13 ./src/adapters/modbus_server.o
 *fill*         0x000000000000432f        0x1 ff
 .rodata.g_ioport
                0x0000000000004330        0xc ./ra_gen/common_data.o
                0x0000000000004330                g_ioport
 .rodata.g_adc0_cfg
                0x000000000000433c       0x18 ./ra_gen/hal_data.o
                0x000000000000433c                g_adc0_cfg
 .rodata.g_adc0_cfg_extend
                0x0000000000004354        0xb ./ra_gen/hal_data.o
                0x0000000000004354                g_adc0_cfg_extend
 *fill*         0x000000000000435f        0x1 ff
 .rodata.g_adc0_channel_cfg
                0x0000000000004360       0x14 ./ra_gen/hal_data.o
                0x0000000000004360                g_adc0_channel_cfg
 .rodata.g_timer0_cfg
                0x0000000000004374       0x20 ./ra_gen/hal_data.o
                0x0000000000004374                g_timer0_cfg
 .rodata.g_timer0_extend
                0x0000000000004394        0x8 ./ra_gen/hal_data.o
                0x0000000000004394                g_timer0_extend
 .rodata.g_uart0
                0x000000000000439c        0xc ./ra_gen/hal_data.o
                0x000000000000439c                g_uart0
 .rodata.g_uart0_cfg
                0x00000000000043a8       0x20 ./ra_gen/hal_data.o
                0x00000000000043a8                g_uart0_cfg
 .rodata.g_uart0_cfg_extend
                0x00000000000043c8       0x14 ./ra_gen/hal_data.o
                0x00000000000043c8                g_uart0_cfg_extend
 .rodata.g_bsp_pin_cfg
                0x00000000000043dc        0xc ./ra_gen/pin_data.o
                0x00000000000043dc                g_bsp_pin_cfg
 .rodata.g_bsp_pin_cfg_data
                0x00000000000043e8       0xe8 ./ra_gen/pin_data.o
                0x00000000000043e8                g_bsp_pin_cfg_data
 .rodata.g_interrupt_event_link_select
                0x00000000000044d0       0x20 ./ra_gen/vector_data.o
                0x00000000000044d0                g_interrupt_event_link_select
 .rodata.g_uart_on_sci
                0x00000000000044f0       0x24 ./ra/fsp/src/r_sci_uart/r_sci_uart.o
                0x00000000000044f0                g_uart_on_sci
 .rodata.g_ioport_on_ioport
                0x0000000000004514       0x34 ./ra/fsp/src/r_ioport/r_ioport.o
                0x0000000000004514                g_ioport_on_ioport
 .rodata.g_prcr_masks
                0x0000000000004548        0x8 ./ra/fsp/src/bsp/mcu/all/bsp_register_protection.o
                0x0000000000004550                __usb_dev_descriptor_start_fs = .
 *(.usb_device_desc_fs*)
                0x0000000000004550                __usb_cfg_descriptor_start_fs = .
 *(.usb_config_desc_fs*)
                0x0000000000004550                __usb_interface_descriptor_start_fs = .
 *(.usb_interface_desc_fs*)
                0x0000000000004550                __usb_descriptor_end_fs = .
                0x0000000000004550                __usb_dev_descriptor_start_hs = .
 *(.usb_device_desc_hs*)
                0x0000000000004550                __usb_cfg_descriptor_start_hs = .
 *(.usb_config_desc_hs*)
                0x0000000000004550                __usb_interface_descriptor_start_hs = .
 *(.usb_interface_desc_hs*)
                0x0000000000004550                __usb_descriptor_end_hs = .
 *(.eh_frame*)
 .eh_frame      0x0000000000004550        0x0 /home/maldus/Local/renesas/e2_studio/toolchains/gcc_arm/10_3_2021_10/gcc-arm-none-eabi-10.3-2021.10/bin/../lib/gcc/arm-none-eabi/10.3.1/thumb/v8-m.base/nofp/crtbegin.o
 .eh_frame      0x0000000000004550        0x4 /home/maldus/Local/renesas/e2_studio/toolchains/gcc_arm/10_3_2021_10/gcc-arm-none-eabi-10.3-2021.10/bin/../lib/gcc/arm-none-eabi/10.3.1/thumb/v8-m.base/nofp/crtend.o
                0x0000000000004554                __ROM_End = .
                0x00000000000000c0                __Vectors_Size = (__Vectors_End - __Vectors)

.glue_7         0x0000000000004554        0x0
 .glue_7        0x0000000000004554        0x0 linker stubs

.glue_7t        0x0000000000004554        0x0
 .glue_7t       0x0000000000004554        0x0 linker stubs

.vfp11_veneer   0x0000000000004554        0x0
 .vfp11_veneer  0x0000000000004554        0x0 linker stubs

.v4_bx          0x0000000000004554        0x0
 .v4_bx         0x0000000000004554        0x0 linker stubs

.iplt           0x0000000000004554        0x0
 .iplt          0x0000000000004554        0x0 /home/maldus/Local/renesas/e2_studio/toolchains/gcc_arm/10_3_2021_10/gcc-arm-none-eabi-10.3-2021.10/bin/../lib/gcc/arm-none-eabi/10.3.1/thumb/v8-m.base/nofp/crtbegin.o
                0x0000000000004554                . = .
                0x0000000000004554                __itcm_data_pre_location = .

.itcm_data      0x0000000000000000        0x0 load address 0x0000000000004560
                0x0000000000000000                __tz_ITCM_S = ABSOLUTE (ITCM_START)
                0x0000000000000000                __itcm_data_start = .
 *(.itcm_data*)
                0x0000000000000000                . = ALIGN (0x8)
                0x0000000000000000                __itcm_data_end = .
                0x0000000000000000                __tz_ITCM_N = DEFINED (ITCM_NS_START)?ABSOLUTE (ITCM_NS_START):ALIGN (__itcm_data_end, 0x2000)
                0x0000000000004560                __itcm_data_init_start = LOADADDR (.itcm_data)
                0x0000000000004560                __itcm_data_init_end = (LOADADDR (.itcm_data) + SIZEOF (.itcm_data))
                0x0000000000000001                ASSERT (((ORIGIN (ITCM) % 0x8) == 0x0), ITCM memory region origin must be aligned to 8 bytes.)
                0x0000000000000001                ASSERT (((LENGTH (ITCM) % 0x8) == 0x0), ITCM memory region length must be a multiple of 8 bytes.)
                0x0000000000000001                ASSERT (((LOADADDR (.itcm_data) % 0x10) == 0x0), .itcm_data section must be aligned to 16 bytes.)
                0x0000000000000001                ASSERT (((SIZEOF (.itcm_data) % 0x8) == 0x0), .itcm_data section size must be a multiple of 8 bytes.)
                0x0000000000004554                . = (SIZEOF (.itcm_data) > 0x0)?__itcm_data_init_end:__itcm_data_pre_location
                0x0000000000004554                __exidx_start = .

/DISCARD/
 *(.ARM.extab* .gnu.linkonce.armextab.*)
 *(.ARM.exidx* .gnu.linkonce.armexidx.*)
                0x0000000000004554                __exidx_end = .
                0x0000000000004554                __etext = .
                0x0000000020000000                __tz_RAM_S = ORIGIN (RAM)

.fsp_dtc_vector_table
                0x0000000020000000        0x0
                0x0000000020000000                . = ORIGIN (RAM)
 *(.fsp_dtc_vector_table)

.data           0x0000000020000000       0x90 load address 0x0000000000004554
                0x0000000020000000                __data_start__ = .
                0x0000000020000000                . = ALIGN (0x4)
                0x0000000020000000                __Code_In_RAM_Start = .
 *(.code_in_ram*)
                0x0000000020000000                __Code_In_RAM_End = .
 *(vtable)
 *(.data.*)
 .data.modbusSlaveDefaultFunctions
                0x0000000020000000       0x20 ./src/adapters/modbus_server.o
                0x0000000020000000                modbusSlaveDefaultFunctions
 .data.g_uart0_baud_setting
                0x0000000020000020        0x4 ./ra_gen/hal_data.o
                0x0000000020000020                g_uart0_baud_setting
 .data._impure_ptr
                0x0000000020000024        0x4 /home/maldus/Local/renesas/e2_studio/toolchains/gcc_arm/10_3_2021_10/gcc-arm-none-eabi-10.3-2021.10/bin/../lib/gcc/arm-none-eabi/10.3.1/../../../../arm-none-eabi/lib/thumb/v8-m.base/nofp/libg_nano.a(lib_a-impure.o)
                0x0000000020000024                _impure_ptr
 .data.impure_data
                0x0000000020000028       0x60 /home/maldus/Local/renesas/e2_studio/toolchains/gcc_arm/10_3_2021_10/gcc-arm-none-eabi-10.3-2021.10/bin/../lib/gcc/arm-none-eabi/10.3.1/../../../../arm-none-eabi/lib/thumb/v8-m.base/nofp/libg_nano.a(lib_a-impure.o)
 *(.data)
                0x0000000020000088                . = ALIGN (0x4)
                0x0000000020000088                PROVIDE (__preinit_array_start = .)
 *(.preinit_array)
                0x0000000020000088                PROVIDE (__preinit_array_end = .)
                0x0000000020000088                . = ALIGN (0x4)
                0x0000000020000088                PROVIDE (__init_array_start = .)
 *(SORT_BY_NAME(.init_array.*))
 *(.init_array)
 .init_array    0x0000000020000088        0x4 /home/maldus/Local/renesas/e2_studio/toolchains/gcc_arm/10_3_2021_10/gcc-arm-none-eabi-10.3-2021.10/bin/../lib/gcc/arm-none-eabi/10.3.1/thumb/v8-m.base/nofp/crtbegin.o
                0x000000002000008c                PROVIDE (__init_array_end = .)
                0x000000002000008c                . = ALIGN (0x4)
                [!provide]                        PROVIDE (__fini_array_start = .)
 *(SORT_BY_NAME(.fini_array.*))
 *(.fini_array)
 .fini_array    0x000000002000008c        0x4 /home/maldus/Local/renesas/e2_studio/toolchains/gcc_arm/10_3_2021_10/gcc-arm-none-eabi-10.3-2021.10/bin/../lib/gcc/arm-none-eabi/10.3.1/thumb/v8-m.base/nofp/crtbegin.o
                [!provide]                        PROVIDE (__fini_array_end = .)
 *(.jcr*)
                0x0000000020000090                . = ALIGN (0x4)
                0x0000000020000090                __data_end__ = .

.igot.plt       0x0000000020000090        0x0 load address 0x00000000000045e4
 .igot.plt      0x0000000020000090        0x0 /home/maldus/Local/renesas/e2_studio/toolchains/gcc_arm/10_3_2021_10/gcc-arm-none-eabi-10.3-2021.10/bin/../lib/gcc/arm-none-eabi/10.3.1/thumb/v8-m.base/nofp/crtbegin.o
                0x0000000020000090                . = .
                0x00000000000045e4                __dtcm_data_pre_location = (LOADADDR (.data) + SIZEOF (.data))

.dtcm_data      0x0000000000000000        0x0 load address 0x00000000000045f0
                0x0000000000000000                __tz_DTCM_S = ABSOLUTE (DTCM_START)
                0x0000000000000000                __dtcm_data_start = .
 *(.dtcm_data*)
                0x0000000000000000                . = ALIGN (0x8)
                0x0000000000000000                __dtcm_data_end = .
                0x0000000000000000                . = __dtcm_data_end

.dtcm_bss       0x0000000000000000        0x0
                0x0000000000000000                __dtcm_bss_start = .
 *(.dtcm_bss*)
                0x0000000000000000                . = ALIGN (0x8)
                0x0000000000000000                __dtcm_bss_end = .
                0x0000000000000000                __tz_DTCM_N = DEFINED (DTCM_NS_START)?ABSOLUTE (DTCM_NS_START):ALIGN (__dtcm_bss_end, 0x2000)
                0x00000000000045f0                __dtcm_data_init_start = LOADADDR (.dtcm_data)
                0x00000000000045f0                __dtcm_data_init_end = (LOADADDR (.dtcm_data) + SIZEOF (.dtcm_data))
                0x0000000000000001                ASSERT (((ORIGIN (DTCM) % 0x8) == 0x0), DTCM memory region origin must be aligned to 8 bytes.)
                0x0000000000000001                ASSERT (((LENGTH (DTCM) % 0x8) == 0x0), DTCM memory region length must be a multiple of 8 bytes.)
                0x0000000000000001                ASSERT ((LOADADDR (.dtcm_bss) == ADDR (.dtcm_bss)), .dtcm_bss has (VMA != LMA) but should be NOLOAD (VMA == LMA).)
                0x0000000000000001                ASSERT (((LOADADDR (.dtcm_data) % 0x10) == 0x0), .dtcm_data section must be aligned to 16 bytes.)
                0x0000000000000001                ASSERT (((SIZEOF (.dtcm_data) % 0x8) == 0x0), .dtcm_data section size must be a multiple of 8 bytes.)
                0x0000000000000001                ASSERT (((LOADADDR (.dtcm_bss) % 0x8) == 0x0), .dtcm_bss section must be aligned to 8 bytes.)
                0x0000000000000001                ASSERT (((SIZEOF (.dtcm_bss) % 0x8) == 0x0), .dtcm_bss section size must be a multiple of 8 bytes.)
                0x0000000000000001                ASSERT ((__dtcm_bss_start == __dtcm_data_end), .dtcm_bss section is not adjacent to .dtcm_data section.)
                0x00000000000045e4                . = (SIZEOF (.dtcm_data) > 0x0)?__dtcm_data_init_end:__dtcm_data_pre_location
                0x00000000000045e4                sgstubs_pre_location = .
                0x0000000000004800                SGSTUBS_LOC = (DEFINED (PROJECT_SECURE) && DEFINED (FLASH_NSC_START))?ABSOLUTE (FLASH_NSC_START):ALIGN (0x400)

.gnu.sgstubs    0x0000000000004800        0x0
                0x0000000000004800                __tz_FLASH_C = DEFINED (FLASH_NSC_START)?ABSOLUTE (FLASH_NSC_START):__RESERVE_NS_RAM?ABSOLUTE ((FLASH_START + FLASH_LENGTH)):ALIGN (0x400)
                0x0000000000004800                _start_sg = .
 *(.gnu.sgstubs*)
                0x0000000000004800                . = ALIGN (0x20)
                0x0000000000004800                _end_sg = .
                0x0000000000008000                __tz_FLASH_N = DEFINED (FLASH_NS_START)?ABSOLUTE (FLASH_NS_START):__RESERVE_NS_RAM?ABSOLUTE ((FLASH_START + FLASH_LENGTH)):(FLASH_LENGTH < 0x8000)?FLASH_LENGTH:ALIGN (0x8000)
                0x0000000000008000                FLASH_NS_IMAGE_START = DEFINED (FLASH_NS_IMAGE_START)?FLASH_NS_IMAGE_START:__tz_FLASH_N
                0x0000000060000000                __tz_QSPI_FLASH_S = ORIGIN (QSPI_FLASH)

.qspi_flash     0x0000000060000000        0x0
                0x0000000060000000                __qspi_flash_start__ = .
 *(.qspi_flash*)
 *(.code_in_qspi*)
                0x0000000060000000                __qspi_flash_end__ = .
                0x0000000000000000                __qspi_flash_code_size__ = (__qspi_flash_end__ - __qspi_flash_start__)
                0x00000000000045e4                __qspi_flash_code_addr__ = sgstubs_pre_location

.qspi_non_retentive
                0x0000000060000000        0x0 load address 0x00000000000045e4
                0x0000000060000000                __qspi_non_retentive_start__ = .
 *(.qspi_non_retentive*)
                0x0000000060000000                __qspi_non_retentive_end__ = .
                0x0000000000000000                __qspi_non_retentive_size__ = (__qspi_non_retentive_end__ - __qspi_non_retentive_start__)
                0x0000000004000000                __qspi_region_max_size__ = 0x4000000
                0x0000000060000000                __qspi_region_start_address__ = __qspi_flash_start__
                0x0000000064000000                __qspi_region_end_address__ = (__qspi_flash_start__ + __qspi_region_max_size__)
                0x0000000060000000                __tz_QSPI_FLASH_N = __qspi_non_retentive_end__

.OSPI_DEVICE_0_NO_LOAD
                0x0000000080020000        0x0
                0x0000000080020000                . = ALIGN (0x4)
                0x0000000080020000                __ospi_device_0_start__ = .
 *(.ospi_device_0_no_load*)
                0x0000000080020000                . = ALIGN (0x4)
                0x0000000080020000                __ospi_device_0_end__ = .

.OSPI_DEVICE_1_NO_LOAD
                0x0000000080030000        0x0
                0x0000000080030000                . = ALIGN (0x4)
                0x0000000080030000                __ospi_device_1_start__ = .
 *(.ospi_device_1_no_load*)
                0x0000000080030000                . = ALIGN (0x4)
                0x0000000080030000                __ospi_device_1_end__ = .
                0x0000000080020000                __tz_OSPI_DEVICE_0_S = ORIGIN (OSPI_DEVICE_0)

.OSPI_DEVICE_0  0x0000000080020000        0x0
                0x0000000080020000                __ospi_device_0_start__ = .
 *(.ospi_device_0*)
 *(.code_in_ospi_device_0*)
                0x0000000080020000                __ospi_device_0_end__ = .
                0x0000000000000000                __ospi_device_0_code_size__ = (__ospi_device_0_end__ - __ospi_device_0_start__)
                0x00000000000045e4                __ospi_device_0_code_addr__ = (sgstubs_pre_location + SIZEOF (.qspi_non_retentive))

.ospi_device_0_non_retentive
                0x0000000080020000        0x0 load address 0x00000000000045e4
                0x0000000080020000                __ospi_device_0_non_retentive_start__ = .
 *(.ospi_device_0_non_retentive*)
                0x0000000080020000                __ospi_device_0_non_retentive_end__ = .
                0x0000000000000000                __ospi_device_0_non_retentive_size__ = (__ospi_device_0_non_retentive_end__ - __ospi_device_0_non_retentive_start__)
                0x0000000008000000                __ospi_device_0_region_max_size__ = 0x8000000
                0x0000000080020000                __ospi_device_0_region_start_address__ = __ospi_device_0_start__
                0x0000000088020000                __ospi_device_0_region_end_address__ = (__ospi_device_0_start__ + __ospi_device_0_region_max_size__)
                0x0000000080020000                __tz_OSPI_DEVICE_0_N = __ospi_device_0_non_retentive_end__
                0x0000000080030000                __tz_OSPI_DEVICE_1_S = ORIGIN (OSPI_DEVICE_1)

.OSPI_DEVICE_1  0x0000000080030000        0x0
                0x0000000080030000                __ospi_device_1_start__ = .
 *(.ospi_device_1*)
 *(.code_in_ospi_device_1*)
                0x0000000080030000                __ospi_device_1_end__ = .
                0x0000000000000000                __ospi_device_1_code_size__ = (__ospi_device_1_end__ - __ospi_device_1_start__)
                0x00000000000045e4                __ospi_device_1_code_addr__ = (sgstubs_pre_location + (SIZEOF (.qspi_non_retentive) + SIZEOF (.ospi_device_0_non_retentive)))

.ospi_device_1_non_retentive
                0x0000000080030000        0x0 load address 0x00000000000045e4
                0x0000000080030000                __ospi_device_1_non_retentive_start__ = .
 *(.ospi_device_1_non_retentive*)
                0x0000000080030000                __ospi_device_1_non_retentive_end__ = .
                0x0000000000000000                __ospi_device_1_non_retentive_size__ = (__ospi_device_1_non_retentive_end__ - __ospi_device_1_non_retentive_start__)
                0x0000000010000000                __ospi_device_1_region_max_size__ = 0x10000000
                0x0000000080030000                __ospi_device_1_region_start_address__ = __ospi_device_1_start__
                0x0000000090030000                __ospi_device_1_region_end_address__ = (__ospi_device_1_start__ + __ospi_device_1_region_max_size__)
                0x0000000080030000                __tz_OSPI_DEVICE_1_N = __ospi_device_1_non_retentive_end__

.noinit         0x0000000020000090       0x18
                0x0000000020000090                . = ALIGN (0x4)
                0x0000000020000090                __noinit_start = .
 *(.noinit*)
 .noinit        0x0000000020000090       0x14 ./ra/fsp/src/bsp/mcu/all/bsp_clocks.o
                0x00000000200000a8                . = ALIGN (0x8)
 *fill*         0x00000000200000a4        0x4 
 *(.heap.*)
                0x00000000200000a8                __noinit_end = .

.bss            0x00000000200000a8      0x590
                0x00000000200000a8                . = ALIGN (0x4)
                0x00000000200000a8                __bss_start__ = .
 *(.bss*)
 .bss           0x00000000200000a8       0x1c /home/maldus/Local/renesas/e2_studio/toolchains/gcc_arm/10_3_2021_10/gcc-arm-none-eabi-10.3-2021.10/bin/../lib/gcc/arm-none-eabi/10.3.1/thumb/v8-m.base/nofp/crtbegin.o
 .bss.ts.0      0x00000000200000c4        0x4 ./src/controller/controller.o
 .bss.state     0x00000000200000c8        0x6 ./src/controller/observer.o
 *fill*         0x00000000200000ce        0x2 
 .bss.watcher   0x00000000200000d0       0x38 ./src/controller/observer.o
 .bss.press1_samples
                0x0000000020000108       0x14 ./src/bsp/adc.o
 .bss.samples_index
                0x000000002000011c        0x2 ./src/bsp/adc.o
 *fill*         0x000000002000011e        0x2 
 .bss.temp1_samples
                0x0000000020000120       0x14 ./src/bsp/adc.o
 .bss.temp_samples
                0x0000000020000134       0x14 ./src/bsp/adc.o
 .bss.ts.0      0x0000000020000148        0x4 ./src/bsp/adc.o
 .bss.filter    0x000000002000014c       0x88 ./src/bsp/digin.o
 .bss.ts.0      0x00000000200001d4        0x4 ./src/bsp/digin.o
 .bss.blink.1   0x00000000200001d8        0x1 ./src/bsp/heartbit.o
 *fill*         0x00000000200001d9        0x3 
 .bss.timestamp.0
                0x00000000200001dc        0x4 ./src/bsp/heartbit.o
 .bss.duty_cycle_1_start
                0x00000000200001e0        0x2 ./src/bsp/pwm.o
 .bss.duty_cycle_2_start
                0x00000000200001e2        0x2 ./src/bsp/pwm.o
 .bss.period_counter
                0x00000000200001e4        0x2 ./src/bsp/pwm.o
 *fill*         0x00000000200001e6        0x2 
 .bss.last_reception_timestamp
                0x00000000200001e8        0x4 ./src/bsp/rs232.o
 .bss.receive_buffer
                0x00000000200001ec       0xff ./src/bsp/rs232.o
 *fill*         0x00000000200002eb        0x1 
 .bss.receive_index
                0x00000000200002ec        0x4 ./src/bsp/rs232.o
 .bss.millis    0x00000000200002f0        0x4 ./src/bsp/system.o
 .bss.modbus_minion
                0x00000000200002f4       0x24 ./src/adapters/modbus_server.o
 .bss.response.0
                0x0000000020000318      0x100 ./src/adapters/modbus_server.o
 .bss.model.0   0x0000000020000418       0xc4 ./src/hal_entry.o
 .bss.g_ioport_ctrl
                0x00000000200004dc        0x8 ./ra_gen/common_data.o
                0x00000000200004dc                g_ioport_ctrl
 .bss.g_adc0_ctrl
                0x00000000200004e4       0x24 ./ra_gen/hal_data.o
                0x00000000200004e4                g_adc0_ctrl
 .bss.g_timer0_ctrl
                0x0000000020000508       0x20 ./ra_gen/hal_data.o
                0x0000000020000508                g_timer0_ctrl
 .bss.g_uart0_ctrl
                0x0000000020000528       0x30 ./ra_gen/hal_data.o
                0x0000000020000528                g_uart0_ctrl
 .bss.gp_prv_agt_periods
                0x0000000020000558        0x8 ./ra/fsp/src/r_agt/r_agt.o
 .bss.g_bsp_group_irq_sources
                0x0000000020000560       0x34 ./ra/fsp/src/bsp/mcu/all/bsp_group_irq.o
                0x0000000020000560                g_bsp_group_irq_sources
 .bss.g_protect_pfswe_counter
                0x0000000020000594        0x4 ./ra/fsp/src/bsp/mcu/all/bsp_io.o
                0x0000000020000594                g_protect_pfswe_counter
 .bss.gp_renesas_isr_context
                0x0000000020000598       0x80 ./ra/fsp/src/bsp/mcu/all/bsp_irq.o
                0x0000000020000598                gp_renesas_isr_context
 .bss.g_protect_counters
                0x0000000020000618        0x8 ./ra/fsp/src/bsp/mcu/all/bsp_register_protection.o
                0x0000000020000618                g_protect_counters
 .bss.current_heap_end.0
                0x0000000020000620        0x4 ./ra/fsp/src/bsp/mcu/all/bsp_sbrk.o
 .bss.SystemCoreClock
                0x0000000020000624        0x4 ./ra/fsp/src/bsp/cmsis/Device/RENESAS/Source/system.o
                0x0000000020000624                SystemCoreClock
 .bss.__malloc_free_list
                0x0000000020000628        0x4 /home/maldus/Local/renesas/e2_studio/toolchains/gcc_arm/10_3_2021_10/gcc-arm-none-eabi-10.3-2021.10/bin/../lib/gcc/arm-none-eabi/10.3.1/../../../../arm-none-eabi/lib/thumb/v8-m.base/nofp/libg_nano.a(lib_a-nano-mallocr.o)
                0x0000000020000628                __malloc_free_list
 .bss.__malloc_sbrk_start
                0x000000002000062c        0x4 /home/maldus/Local/renesas/e2_studio/toolchains/gcc_arm/10_3_2021_10/gcc-arm-none-eabi-10.3-2021.10/bin/../lib/gcc/arm-none-eabi/10.3.1/../../../../arm-none-eabi/lib/thumb/v8-m.base/nofp/libg_nano.a(lib_a-nano-mallocr.o)
                0x000000002000062c                __malloc_sbrk_start
 .bss.errno     0x0000000020000630        0x4 /home/maldus/Local/renesas/e2_studio/toolchains/gcc_arm/10_3_2021_10/gcc-arm-none-eabi-10.3-2021.10/bin/../lib/gcc/arm-none-eabi/10.3.1/../../../../arm-none-eabi/lib/thumb/v8-m.base/nofp/libg_nano.a(lib_a-reent.o)
                0x0000000020000630                errno
 .bss.__lock___malloc_recursive_mutex
                0x0000000020000634        0x1 /home/maldus/Local/renesas/e2_studio/toolchains/gcc_arm/10_3_2021_10/gcc-arm-none-eabi-10.3-2021.10/bin/../lib/gcc/arm-none-eabi/10.3.1/../../../../arm-none-eabi/lib/thumb/v8-m.base/nofp/libg_nano.a(lib_a-lock.o)
                0x0000000020000634                __lock___malloc_recursive_mutex
 *(COMMON)
                0x0000000020000638                . = ALIGN (0x4)
 *fill*         0x0000000020000635        0x3 
                0x0000000020000638                __bss_end__ = .

.heap           0x0000000020000638      0x3e8
                0x0000000020000638                . = ALIGN (0x8)
                0x0000000020000638                __HeapBase = .
 *(.heap)
 .heap          0x0000000020000638      0x3e8 ./ra/fsp/src/bsp/cmsis/Device/RENESAS/Source/startup.o
                0x0000000020000a20                __HeapLimit = .

.stack_dummy    0x0000000020000a20      0x400
                0x0000000020000a20                . = ALIGN (0x8)
                0x0000000020000a20                __StackLimit = .
 *(.stack)
 .stack         0x0000000020000a20      0x400 ./ra/fsp/src/bsp/cmsis/Device/RENESAS/Source/startup.o
                0x0000000020000e20                __StackTop = .
 *(.stack*)
                0x0000000020000e20                __StackTopAll = .
                0x0000000020000e20                PROVIDE (__stack = __StackTopAll)
                0x0000000020000e20                __RAM_segment_used_end__ = ALIGN (__StackTopAll, 0x4)
                0x0000000020001000                __tz_RAM_C = DEFINED (RAM_NSC_START)?ABSOLUTE ((RAM_NSC_START - RAM_NS_BUFFER_BLOCK_LENGTH)):__RESERVE_NS_RAM?ABSOLUTE (RAM_NS_BUFFER_BLOCK_START):ALIGN (__RAM_segment_used_end__, 0x400)
                0x0000000020002000                __tz_RAM_N = DEFINED (RAM_NS_START)?ABSOLUTE ((RAM_NS_START - RAM_NS_BUFFER_BLOCK_LENGTH)):__RESERVE_NS_RAM?ABSOLUTE (RAM_NS_BUFFER_BLOCK_START):ALIGN (__tz_RAM_C, 0x2000)

.ns_buffer      0x0000000020000e20        0x0
                0x0000000020000e20                . = __RESERVE_NS_RAM?ABSOLUTE ((RAM_NS_BUFFER_START & 0xffffffe0)):.
 *(.ns_buffer*)

.data_flash     0x0000000040100000        0x0
                0x0000000040100000                . = ORIGIN (DATA_FLASH)
                0x0000000040100000                __tz_DATA_FLASH_S = .
                0x0000000040100000                __Data_Flash_Start = .
 *(.data_flash*)
                0x0000000040100000                __Data_Flash_End = .
                0x0000000040100000                __tz_DATA_FLASH_N = DEFINED (DATA_FLASH_NS_START)?ABSOLUTE (DATA_FLASH_NS_START):__RESERVE_NS_RAM?ABSOLUTE ((DATA_FLASH_START + DATA_FLASH_LENGTH)):ALIGN (0x400)
                0x0000000080010000                __tz_SDRAM_S = ORIGIN (SDRAM)

.sdram          0x0000000080010000        0x0
                0x0000000080010000                __SDRAM_Start = .
 *(.sdram*)
 *(.frame*)
                0x0000000080010000                __SDRAM_End = .
                0x0000000080010000                __tz_SDRAM_N = __SDRAM_End
                0x0000000001010018                __tz_ID_CODE_S = ORIGIN (ID_CODE)
                0x0000000001010018                __tz_ID_CODE_N = __tz_ID_CODE_S

.id_code        0x0000000001010018       0x1c
                0x0000000001010018                __ID_Code_Start = .
 *(.id_code*)
 .id_code       0x0000000001010018       0x1c ./ra/fsp/src/bsp/mcu/all/bsp_rom_registers.o
                0x0000000001010034                __ID_Code_End = .
                0x0000000000000000                __tz_OPTION_SETTING_S = ORIGIN (OPTION_SETTING_OFS)

.rel.dyn        0x0000000001010034        0x0
 .rel.iplt      0x0000000001010034        0x0 /home/maldus/Local/renesas/e2_studio/toolchains/gcc_arm/10_3_2021_10/gcc-arm-none-eabi-10.3-2021.10/bin/../lib/gcc/arm-none-eabi/10.3.1/thumb/v8-m.base/nofp/crtbegin.o

.option_setting_ofs
                0x0000000000000000        0x0
                0x0000000000000000                __OPTION_SETTING_OFS_Start = .
 *(.option_setting_ofs0)
                0x0000000000000000                . = PROJECT_SECURE_OR_FLAT?(__OPTION_SETTING_OFS_Start + 0x4):__OPTION_SETTING_OFS_Start
 *(.option_setting_ofs2)
                0x0000000000000000                . = PROJECT_SECURE_OR_FLAT?(__OPTION_SETTING_OFS_Start + 0x10):__OPTION_SETTING_OFS_Start
 *(.option_setting_dualsel)
                0x0000000000000000                __OPTION_SETTING_OFS_End = .

.option_setting_sas
                0x0000000000000034        0x0
                0x0000000000000034                __OPTION_SETTING_SAS_Start = .
 *(.option_setting_sas)
                0x0000000000000034                __OPTION_SETTING_SAS_End = .
                0x0000000000000080                __tz_OPTION_SETTING_N = ABSOLUTE (OPTION_SETTING_START_NS)

.option_setting_ns
                0x0000000000000000        0x0
                0x0000000000000000                __OPTION_SETTING_NS_Start = .
 *(.option_setting_ofs1)
                0x0000000000000000                . = USE_OPTION_SETTING_NS?(__OPTION_SETTING_NS_Start + 0x4):__OPTION_SETTING_NS_Start
 *(.option_setting_ofs3)
                0x0000000000000000                . = USE_OPTION_SETTING_NS?(__OPTION_SETTING_NS_Start + 0x10):__OPTION_SETTING_NS_Start
 *(.option_setting_banksel)
                0x0000000000000000                . = USE_OPTION_SETTING_NS?(__OPTION_SETTING_NS_Start + 0x40):__OPTION_SETTING_NS_Start
 *(.option_setting_bps0)
                0x0000000000000000                . = USE_OPTION_SETTING_NS?(__OPTION_SETTING_NS_Start + 0x44):__OPTION_SETTING_NS_Start
 *(.option_setting_bps1)
                0x0000000000000000                . = USE_OPTION_SETTING_NS?(__OPTION_SETTING_NS_Start + 0x48):__OPTION_SETTING_NS_Start
 *(.option_setting_bps2)
                0x0000000000000000                . = USE_OPTION_SETTING_NS?(__OPTION_SETTING_NS_Start + 0x4c):__OPTION_SETTING_NS_Start
 *(.option_setting_bps3)
                0x0000000000000000                . = USE_OPTION_SETTING_NS?(__OPTION_SETTING_NS_Start + 0x60):__OPTION_SETTING_NS_Start
 *(.option_setting_pbps0)
                0x0000000000000000                . = USE_OPTION_SETTING_NS?(__OPTION_SETTING_NS_Start + 0x64):__OPTION_SETTING_NS_Start
 *(.option_setting_pbps1)
                0x0000000000000000                . = USE_OPTION_SETTING_NS?(__OPTION_SETTING_NS_Start + 0x68):__OPTION_SETTING_NS_Start
 *(.option_setting_pbps2)
                0x0000000000000000                . = USE_OPTION_SETTING_NS?(__OPTION_SETTING_NS_Start + 0x6c):__OPTION_SETTING_NS_Start
 *(.option_setting_pbps3)
                0x0000000000000000                __OPTION_SETTING_NS_End = .
                0x0000000080000000                __tz_OPTION_SETTING_S_S = ORIGIN (OPTION_SETTING_S)

.option_setting_s
                0x0000000080000000        0x0
                0x0000000080000000                __OPTION_SETTING_S_Start = .
 *(.option_setting_ofs1_sec)
                0x0000000080000000                . = PROJECT_SECURE_OR_FLAT?(__OPTION_SETTING_S_Start + 0x4):__OPTION_SETTING_S_Start
 *(.option_setting_ofs3_sec)
                0x0000000080000000                . = PROJECT_SECURE_OR_FLAT?(__OPTION_SETTING_S_Start + 0x10):__OPTION_SETTING_S_Start
 *(.option_setting_banksel_sec)
                0x0000000080000000                . = PROJECT_SECURE_OR_FLAT?(__OPTION_SETTING_S_Start + 0x40):__OPTION_SETTING_S_Start
 *(.option_setting_bps_sec0)
                0x0000000080000000                . = PROJECT_SECURE_OR_FLAT?(__OPTION_SETTING_S_Start + 0x44):__OPTION_SETTING_S_Start
 *(.option_setting_bps_sec1)
                0x0000000080000000                . = PROJECT_SECURE_OR_FLAT?(__OPTION_SETTING_S_Start + 0x48):__OPTION_SETTING_S_Start
 *(.option_setting_bps_sec2)
                0x0000000080000000                . = PROJECT_SECURE_OR_FLAT?(__OPTION_SETTING_S_Start + 0x4c):__OPTION_SETTING_S_Start
 *(.option_setting_bps_sec3)
                0x0000000080000000                . = PROJECT_SECURE_OR_FLAT?(__OPTION_SETTING_S_Start + 0x60):__OPTION_SETTING_S_Start
 *(.option_setting_pbps_sec0)
                0x0000000080000000                . = PROJECT_SECURE_OR_FLAT?(__OPTION_SETTING_S_Start + 0x64):__OPTION_SETTING_S_Start
 *(.option_setting_pbps_sec1)
                0x0000000080000000                . = PROJECT_SECURE_OR_FLAT?(__OPTION_SETTING_S_Start + 0x68):__OPTION_SETTING_S_Start
 *(.option_setting_pbps_sec2)
                0x0000000080000000                . = PROJECT_SECURE_OR_FLAT?(__OPTION_SETTING_S_Start + 0x6c):__OPTION_SETTING_S_Start
 *(.option_setting_pbps_sec3)
                0x0000000080000000                . = PROJECT_SECURE_OR_FLAT?(__OPTION_SETTING_S_Start + 0x80):__OPTION_SETTING_S_Start
 *(.option_setting_ofs1_sel)
                0x0000000080000000                . = PROJECT_SECURE_OR_FLAT?(__OPTION_SETTING_S_Start + 0x84):__OPTION_SETTING_S_Start
 *(.option_setting_ofs3_sel)
                0x0000000080000000                . = PROJECT_SECURE_OR_FLAT?(__OPTION_SETTING_S_Start + 0x90):__OPTION_SETTING_S_Start
 *(.option_setting_banksel_sel)
                0x0000000080000000                . = PROJECT_SECURE_OR_FLAT?(__OPTION_SETTING_S_Start + 0xc0):__OPTION_SETTING_S_Start
 *(.option_setting_bps_sel0)
                0x0000000080000000                . = PROJECT_SECURE_OR_FLAT?(__OPTION_SETTING_S_Start + 0xc4):__OPTION_SETTING_S_Start
 *(.option_setting_bps_sel1)
                0x0000000080000000                . = PROJECT_SECURE_OR_FLAT?(__OPTION_SETTING_S_Start + 0xc8):__OPTION_SETTING_S_Start
 *(.option_setting_bps_sel2)
                0x0000000080000000                . = PROJECT_SECURE_OR_FLAT?(__OPTION_SETTING_S_Start + 0xcc):__OPTION_SETTING_S_Start
 *(.option_setting_bps_sel3)
                0x0000000080000000                __OPTION_SETTING_S_End = .
                0x0000000080000000                __tz_OPTION_SETTING_S_N = __OPTION_SETTING_S_End
OUTPUT(minieco_paperoga_b_rotondi.elf elf32-littlearm)
LOAD linker stubs

.ARM.attributes
                0x0000000000000000       0x2c
 .ARM.attributes
                0x0000000000000000       0x22 /home/maldus/Local/renesas/e2_studio/toolchains/gcc_arm/10_3_2021_10/gcc-arm-none-eabi-10.3-2021.10/bin/../lib/gcc/arm-none-eabi/10.3.1/thumb/v8-m.base/nofp/crti.o
 .ARM.attributes
                0x0000000000000022       0x30 /home/maldus/Local/renesas/e2_studio/toolchains/gcc_arm/10_3_2021_10/gcc-arm-none-eabi-10.3-2021.10/bin/../lib/gcc/arm-none-eabi/10.3.1/thumb/v8-m.base/nofp/crtbegin.o
 .ARM.attributes
                0x0000000000000052       0x30 ./src/model/cycle.o
 .ARM.attributes
                0x0000000000000082       0x30 ./src/model/model.o
 .ARM.attributes
                0x00000000000000b2       0x30 ./src/controller/controller.o
 .ARM.attributes
                0x00000000000000e2       0x30 ./src/controller/observer.o
 .ARM.attributes
                0x0000000000000112       0x30 ./src/bsp/adc.o
 .ARM.attributes
                0x0000000000000142       0x30 ./src/bsp/digin.o
 .ARM.attributes
                0x0000000000000172       0x30 ./src/bsp/heartbit.o
 .ARM.attributes
                0x00000000000001a2       0x30 ./src/bsp/pwm.o
 .ARM.attributes
                0x00000000000001d2       0x30 ./src/bsp/relay.o
 .ARM.attributes
                0x0000000000000202       0x30 ./src/bsp/rs232.o
 .ARM.attributes
                0x0000000000000232       0x30 ./src/bsp/system.o
 .ARM.attributes
                0x0000000000000262       0x30 ./src/adapters/modbus_server.o
 .ARM.attributes
                0x0000000000000292       0x30 ./src/hal_entry.o
 .ARM.attributes
                0x00000000000002c2       0x30 ./ra_gen/common_data.o
 .ARM.attributes
                0x00000000000002f2       0x30 ./ra_gen/hal_data.o
 .ARM.attributes
                0x0000000000000322       0x30 ./ra_gen/main.o
 .ARM.attributes
                0x0000000000000352       0x30 ./ra_gen/pin_data.o
 .ARM.attributes
                0x0000000000000382       0x30 ./ra_gen/vector_data.o
 .ARM.attributes
                0x00000000000003b2       0x30 ./ra/fsp/src/r_sci_uart/r_sci_uart.o
 .ARM.attributes
                0x00000000000003e2       0x30 ./ra/fsp/src/r_ioport/r_ioport.o
 .ARM.attributes
                0x0000000000000412       0x30 ./ra/fsp/src/r_agt/r_agt.o
 .ARM.attributes
                0x0000000000000442       0x30 ./ra/fsp/src/r_adc/r_adc.o
 .ARM.attributes
                0x0000000000000472       0x30 ./ra/fsp/src/bsp/mcu/all/bsp_clocks.o
 .ARM.attributes
                0x00000000000004a2       0x30 ./ra/fsp/src/bsp/mcu/all/bsp_common.o
 .ARM.attributes
                0x00000000000004d2       0x30 ./ra/fsp/src/bsp/mcu/all/bsp_delay.o
 .ARM.attributes
                0x0000000000000502       0x30 ./ra/fsp/src/bsp/mcu/all/bsp_group_irq.o
 .ARM.attributes
                0x0000000000000532       0x30 ./ra/fsp/src/bsp/mcu/all/bsp_io.o
 .ARM.attributes
                0x0000000000000562       0x30 ./ra/fsp/src/bsp/mcu/all/bsp_irq.o
 .ARM.attributes
                0x0000000000000592       0x30 ./ra/fsp/src/bsp/mcu/all/bsp_register_protection.o
 .ARM.attributes
                0x00000000000005c2       0x30 ./ra/fsp/src/bsp/mcu/all/bsp_rom_registers.o
 .ARM.attributes
                0x00000000000005f2       0x30 ./ra/fsp/src/bsp/mcu/all/bsp_sbrk.o
 .ARM.attributes